******************************************************************************
                  TI ARM Linker PC v20.2.2                     
******************************************************************************
>> Linked Fri Mar 26 23:00:03 2021

OUTPUT FILE NAME:   <Lab4.out>
ENTRY POINT SYMBOL: "_c_int00_noargs"  address: 00015d3d


MEMORY CONFIGURATION

         name            origin    length      used     unused   attr    fill
----------------------  --------  ---------  --------  --------  ----  --------
  MAIN                  00000000   00040000  00016bb8  00029448  R  X
  INFO                  00200000   00004000  00000000  00004000  R  X
  SRAM_CODE             01000000   00010000  0000d45b  00002ba5  RW X
  SRAM_DATA             20000000   00010000  0000d45b  00002ba5  RW  


SEGMENT ALLOCATION MAP

run origin  load origin   length   init length attrs members
----------  ----------- ---------- ----------- ----- -------
00000000    00000000    00016bc0   00016bc0    r-x
  00000000    00000000    000000e4   000000e4    r-- .intvecs
  000000e4    000000e4    00016262   00016262    r-x .text
  00016348    00016348    000007ea   000007ea    r-- .const
  00016b38    00016b38    00000088   00000088    r-- .cinit
20000000    20000000    0000d25c   00000000    rw-
  20000000    20000000    0000cdaf   00000000    rw- .bss
  2000cdb0    2000cdb0    000004ac   00000000    rw- .data
2000fe00    2000fe00    00000200   00000000    rw-
  2000fe00    2000fe00    00000200   00000000    rw- .stack


SECTION ALLOCATION MAP

 output                                  attributes/
section   page    origin      length       input sections
--------  ----  ----------  ----------   ----------------
.intvecs   0    00000000    000000e4     
                  00000000    000000e4     startup_msp432p401r_ccs.obj (.intvecs:retain)

.text      0    000000e4    00016262     
                  000000e4    0000d5e0     bmi160.obj (.text)
                  0000d6c4    00001810     bme280.obj (.text)
                  0000eed4    00001238     Threads.obj (.text)
                  0001010c    00000c28     bmi160_support.obj (.text)
                  00010d34    00000bec     G8RTOS_Scheduler.obj (.text)
                  00011920    00000a4e     rtsv7M4_T_le_v4SPD16_eabi.lib : _printfi.c.obj (.text:__TI_printfi)
                  0001236e    00000002                                   : _lock.c.obj (.text:_nop)
                  00012370    0000064c     LCDLib.obj (.text)
                  000129bc    00000360     i2c_driver.obj (.text)
                  00012d1c    00000334     system_msp432p401r.obj (.text)
                  00013050    000002f8     BackChannelUart.obj (.text)
                  00013348    000002e0     bme280_support.obj (.text)
                  00013628    00000270     rtsv7M4_T_le_v4SPD16_eabi.lib : _printfi.c.obj (.text:_pconv_a)
                  00013898    00000234     tmp007.obj (.text)
                  00013acc    000001e4     RGBLeds.obj (.text)
                  00013cb0    000001d0     rtsv7M4_T_le_v4SPD16_eabi.lib : _printfi.c.obj (.text:_pconv_g)
                  00013e80    000001b6                                   : fd_add_t2.asm.obj (.text)
                  00014036    00000002                                   : div0.asm.obj (.text)
                  00014038    00000178     Joystick.obj (.text)
                  000141b0    00000160     main.obj (.text)
                  00014310    0000013c     rtsv7M4_T_le_v4SPD16_eabi.lib : _printfi.c.obj (.text:_pconv_e)
                  0001444c    00000136                                   : fd_div_t2.asm.obj (.text)
                  00014582    00000002     --HOLE-- [fill = 0]
                  00014584    00000124                                   : _printfi.c.obj (.text:fcvt)
                  000146a8    00000110                                   : s_scalbn.c.obj (.text:scalbn)
                  000147b8    00000104     msp432p4xx_driverlib.lib : cs.o (.text:CS_getDCOFrequency)
                  000148bc    000000fe     opt3001.obj (.text)
                  000149ba    000000fc     rtsv7M4_T_le_v4SPD16_eabi.lib : fd_mul_t2.asm.obj (.text)
                  00014ab6    00000002     --HOLE-- [fill = 0]
                  00014ab8    000000e0     msp432p4xx_driverlib.lib : cs.o (.text:CS_initClockSignal)
                  00014b98    000000dc                              : pcm.o (.text:__PCM_setPowerModeAdvanced)
                  00014c74    000000b1     rtsv7M4_T_le_v4SPD16_eabi.lib : _printfi.c.obj (.text:_ltostr)
                  00014d25    00000003     --HOLE-- [fill = 0]
                  00014d28    000000b0     msp432p4xx_driverlib.lib : pcm.o (.text:__PCM_setCoreVoltageLevelAdvanced)
                  00014dd8    000000a4     G8RTOS_Semaphores.obj (.text)
                  00014e7c    000000a4     LCDLib.obj (.text:PutChar)
                  00014f20    0000009c     msp432p4xx_driverlib.lib : cs.o (.text:CS_startHFXTWithTimeout)
                  00014fbc    0000009c                              : cs.o (.text:_CSComputeCLKFrequency)
                  00015058    0000009c     rtsv7M4_T_le_v4SPD16_eabi.lib : memcpy_t2.asm.obj (.text)
                  000150f4    00000096                                   : ull_div_t2.asm.obj (.text)
                  0001518a    00000002     --HOLE-- [fill = 0]
                  0001518c    00000094     msp432p4xx_driverlib.lib : uart.o (.text:UART_initModule)
                  00015220    00000086     rtsv7M4_T_le_v4SPD16_eabi.lib : fd_cmp_t2.asm.obj (.text:__aeabi_cdcmple)
                  000152a6    00000086                                   : fd_cmp_t2.asm.obj (.text:__aeabi_cdrcmple)
                  0001532c    00000084     ClockSys.obj (.text)
                  000153b0    0000007a     rtsv7M4_T_le_v4SPD16_eabi.lib : memset_t2.asm.obj (.text)
                  0001542a    00000002     --HOLE-- [fill = 0]
                  0001542c    00000070     msp432p4xx_driverlib.lib : cs.o (.text:_CSGetHFXTFrequency)
                  0001549c    0000006e     rtsv7M4_T_le_v4SPD16_eabi.lib : _printfi.c.obj (.text:_mcpy)
                  0001550a    0000006e                                   : ll_div_t2.asm.obj (.text)
                  00015578    00000068                                   : copy_decompress_lzss.c.obj (.text:decompress:lzss:__TI_decompress_lzss)
                  000155e0    00000064     msp432p4xx_driverlib.lib : interrupt.o (.text:Interrupt_disableInterrupt)
                  00015644    00000064                              : interrupt.o (.text:Interrupt_enableInterrupt)
                  000156a8    00000064     rtsv7M4_T_le_v4SPD16_eabi.lib : s_frexp.c.obj (.text:frexp)
                  0001570c    00000056                                   : _printfi.c.obj (.text:_pconv_f)
                  00015762    00000054                                   : _ltoa.c.obj (.text:__TI_ltoa)
                  000157b6    00000052                                   : _printfi.c.obj (.text:_ecpy)
                  00015808    00000050     msp432p4xx_driverlib.lib : sysctl.o (.text:SysCtl_getTLVInfo)
                  00015858    0000004c                              : gpio.o (.text:GPIO_setAsPeripheralModuleFunctionOutputPin)
                  000158a4    0000004c                              : cs.o (.text:_CSGetDOCFrequency)
                  000158f0    0000004c     rtsv7M4_T_le_v4SPD16_eabi.lib : atoi.c.obj (.text:atoi)
                  0001593c    0000004c                                   : snprintf.c.obj (.text:snprintf)
                  00015988    00000048     G8RTOS_SchedulerASM.obj (.text)
                  000159d0    00000048     msp432p4xx_driverlib.lib : gpio.o (.text:GPIO_setAsPeripheralModuleFunctionInputPin)
                  00015a18    00000048     rtsv7M4_T_le_v4SPD16_eabi.lib : hosttime.c.obj (.text:HOSTtime)
                  00015a60    00000048     msp432p4xx_driverlib.lib : cs.o (.text:_CSGetDividerValue)
                  00015aa8    00000048     rtsv7M4_T_le_v4SPD16_eabi.lib : fd_toi_t2.asm.obj (.text)
                  00015af0    00000044                                   : autoinit.c.obj (.text:__TI_auto_init_nobinit_nopinit:__TI_auto_init_nobinit_nopinit)
                  00015b34    00000040     AsciiLib.obj (.text)
                  00015b74    00000040     LCDLib.obj (.text:LCD_WriteData)
                  00015bb4    0000003e     msp432p4xx_driverlib.lib : i2c.o (.text:I2C_initMaster)
                  00015bf2    0000003e     rtsv7M4_T_le_v4SPD16_eabi.lib : _printfi.c.obj (.text:_fcpy)
                  00015c30    00000038     msp432p4xx_driverlib.lib : i2c.o (.text:I2C_masterSendMultiByteStart)
                  00015c68    00000038     rtsv7M4_T_le_v4SPD16_eabi.lib : trgmsg.c.obj (.text:__TI_writemsg)
                  00015ca0    00000034     BSP.obj (.text)
                  00015cd4    00000034     LCDLib.obj (.text:LCD_WriteIndex)
                  00015d08    00000034     rtsv7M4_T_le_v4SPD16_eabi.lib : trgmsg.c.obj (.text:__TI_readmsg)
                  00015d3c    00000034                                   : boot_cortex_m.c.obj (.text:_c_int00_noargs:_c_int00_noargs)
                  00015d70    00000034                                   : rand.c.obj (.text:rand)
                  00015da4    00000030     msp432p4xx_driverlib.lib : i2c.o (.text:I2C_masterSendMultiByteStop)
                  00015dd4    00000030     rtsv7M4_T_le_v4SPD16_eabi.lib : snprintf.c.obj (.text:_outs)
                  00015e04    00000030     msp432p4xx_driverlib.lib : spi.o (.text:is_A_Module)
                  00015e34    0000002e     rtsv7M4_T_le_v4SPD16_eabi.lib : i_tofd_t2.asm.obj (.text)
                  00015e62    0000002c     msp432p4xx_driverlib.lib : pcm.o (.text:PCM_getCoreVoltageLevel)
                  00015e8e    0000002a                              : pcm.o (.text:PCM_getPowerMode)
                  00015eb8    00000028                              : flash.o (.text:FlashCtl_setWaitState)
                  00015ee0    00000028     LCDLib.obj (.text:SPISendRecvTPByte)
                  00015f08    00000026     demo_sysctl.obj (.text)
                  00015f2e    00000002     --HOLE-- [fill = 0]
                  00015f30    00000024     msp432p4xx_driverlib.lib : cs.o (.text:CS_clearInterruptFlag)
                  00015f54    00000024                              : cs.o (.text:CS_setDCOCenteredFrequency)
                  00015f78    00000024                              : i2c.o (.text:I2C_masterSendMultiByteNext)
                  00015f9c    00000024                              : interrupt.o (.text:Interrupt_setPriority)
                  00015fc0    00000024                              : uart.o (.text:UART_transmitData)
                  00015fe4    00000024     rtsv7M4_T_le_v4SPD16_eabi.lib : rand.c.obj (.text:srand)
                  00016008    00000020     LCDLib.obj (.text:LCD_SetCursor)
                  00016028    00000020     LCDLib.obj (.text:LCD_Write_Data_Only)
                  00016048    00000020     msp432p4xx_driverlib.lib : spi.o (.text:SPI_transmitData)
                  00016068    0000001c     LCDLib.obj (.text:LCD_WriteReg)
                  00016084    0000001c     LCDLib.obj (.text:SPISendRecvByte)
                  000160a0    0000001c     rtsv7M4_T_le_v4SPD16_eabi.lib : memccpy.c.obj (.text:memccpy)
                  000160bc    0000001a     msp432p4xx_driverlib.lib : spi.o (.text:SPI_receiveData)
                  000160d6    0000001a     rtsv7M4_T_le_v4SPD16_eabi.lib : s_copysign.c.obj (.text:copysign)
                  000160f0    00000018     msp432p4xx_driverlib.lib : cs.o (.text:CS_getMCLK)
                  00016108    00000018                              : cs.o (.text:CS_getSMCLK)
                  00016120    00000018                              : wdt_a.o (.text:WDT_A_clearTimer)
                  00016138    00000018                              : wdt_a.o (.text:WDT_A_holdTimer)
                  00016150    00000018     rtsv7M4_T_le_v4SPD16_eabi.lib : snprintf.c.obj (.text:_outc)
                  00016168    00000018                                   : ll_mul_t2.asm.obj (.text)
                  00016180    00000016                                   : strchr.c.obj (.text:strchr)
                  00016196    00000002     --HOLE-- [fill = 0]
                  00016198    00000014     msp432p4xx_driverlib.lib : cs.o (.text:CS_setExternalClockSourceFrequency)
                  000161ac    00000014                              : i2c.o (.text:I2C_isBusBusy)
                  000161c0    00000014                              : systick.o (.text:SysTick_enableInterrupt)
                  000161d4    00000014     rtsv7M4_T_le_v4SPD16_eabi.lib : strcpy.c.obj (.text:strcpy)
                  000161e8    00000014                                   : strlen.c.obj (.text:strlen)
                  000161fc    00000012                                   : wcslen.c.obj (.text:wcslen)
                  0001620e    00000010     msp432p4xx_driverlib.lib : i2c.o (.text:I2C_masterReceiveStart)
                  0001621e    00000002     --HOLE-- [fill = 0]
                  00016220    00000010                              : sysctl.o (.text:SysCtl_disableNMISource)
                  00016230    00000010                              : sysctl.o (.text:SysCtl_enableNMISource)
                  00016240    0000000e     G8RTOS_CriticalSection.obj (.text)
                  0001624e    0000000e     msp432p4xx_driverlib.lib : i2c.o (.text:I2C_clearInterruptFlag)
                  0001625c    0000000e                              : i2c.o (.text:I2C_disableInterrupt)
                  0001626a    0000000e     rtsv7M4_T_le_v4SPD16_eabi.lib : time.c.obj (.text:__time32)
                  00016278    0000000e                                   : copy_decompress_none.c.obj (.text:decompress:none:__TI_decompress_none)
                  00016286    0000000e     startup_msp432p401r_ccs.obj (.text)
                  00016294    0000000c     msp432p4xx_driverlib.lib : i2c.o (.text:I2C_disableModule)
                  000162a0    0000000c                              : i2c.o (.text:I2C_enableModule)
                  000162ac    0000000c                              : pcm.o (.text:PCM_getPowerState)
                  000162b8    0000000c                              : sysctl.o (.text:SysCtl_getNMISourceStatus)
                  000162c4    0000000c                              : uart.o (.text:UART_enableModule)
                  000162d0    0000000c     rtsv7M4_T_le_v4SPD16_eabi.lib : copy_zero_init.c.obj (.text:decompress:ZI:__TI_zero_init)
                  000162dc    0000000a     LCDLib.obj (.text:LCD_Write_Data_Start)
                  000162e6    00000008     msp432p4xx_driverlib.lib : i2c.o (.text:I2C_enableInterrupt)
                  000162ee    00000008                              : pcm.o (.text:PCM_setCoreVoltageLevel)
                  000162f6    00000008                              : pcm.o (.text:PCM_setPowerMode)
                  000162fe    00000002     --HOLE-- [fill = 0]
                  00016300    00000008     rtsv7M4_T_le_v4SPD16_eabi.lib : errno.c.obj (.text:__aeabi_errno_addr)
                  00016308    00000006     msp432p4xx_driverlib.lib : cs.o (.text:CS_startHFXT)
                  0001630e    00000006                              : spi.o (.text:EUSCI_A_SPI_receiveData)
                  00016314    00000006                              : spi.o (.text:EUSCI_B_SPI_receiveData)
                  0001631a    00000006                              : i2c.o (.text:I2C_getEnabledInterruptStatus)
                  00016320    00000006                              : i2c.o (.text:I2C_getInterruptStatus)
                  00016326    00000006                              : i2c.o (.text:I2C_masterReceiveMultiByteNext)
                  0001632c    00000006     demo_sysctl.obj (.text:SysCtlDelay)
                  00016332    00000004     msp432p4xx_driverlib.lib : spi.o (.text:EUSCI_A_SPI_transmitData)
                  00016336    00000004                              : spi.o (.text:EUSCI_B_SPI_transmitData)
                  0001633a    00000004                              : i2c.o (.text:I2C_setSlaveAddress)
                  0001633e    00000004     rtsv7M4_T_le_v4SPD16_eabi.lib : pre_init.c.obj (.text:_system_pre_init)
                  00016342    00000004                                   : exit.c.obj (.text:abort:abort)

.const     0    00016348    000007ea     
                  00016348    000005f0     AsciiLib.obj (.const:AsciiLib)
                  00016938    00000101     rtsv7M4_T_le_v4SPD16_eabi.lib : ctype.c.obj (.const:.string:_ctypes_)
                  00016a39    00000003     bmi160.obj (.const:.string:INVALID_OFFSET)
                  00016a3c    00000050     msp432p4xx_driverlib.lib : interrupt.o (.const:g_pulRegs)
                  00016a8c    00000040                              : interrupt.o (.const)
                  00016acc    00000024     main.obj (.const:Uart115200Config)
                  00016af0    00000024     BackChannelUart.obj (.const:backChannelUart115200Config)
                  00016b14    0000000c     bmi160.obj (.const:yas532_version_ac_coef)
                  00016b20    00000008     bmi160.obj (.const:v_calib_data$2)
                  00016b28    00000005     bme280_support.obj (.const:.string:$P$T0$1)
                  00016b2d    00000005     bmi160.obj (.const:.string:v_correct_u8$1)

.cinit     0    00016b38    00000088     
                  00016b38    0000005e     (.cinit..data.load) [load image, compression = lzss]
                  00016b96    00000002     --HOLE-- [fill = 0]
                  00016b98    0000000c     (__TI_handler_table)
                  00016ba4    00000004     --HOLE-- [fill = 0]
                  00016ba8    00000008     (.cinit..bss.load) [load image, compression = zero_init]
                  00016bb0    00000010     (__TI_cinit_table)

.init_array 
*          0    00000000    00000000     UNINITIALIZED

.binit     0    00000000    00000000     

.bss       0    20000000    0000cdaf     UNINITIALIZED
                  20000000    0000b800     G8RTOS_Scheduler.obj (.bss:threadStacks)
                  2000b800    00000450     G8RTOS_Scheduler.obj (.bss:threadControlBlocks)
                  2000bc50    0000036c     (.common:accel_fifo)
                  2000bfbc    0000036c     (.common:gyro_fifo)
                  2000c328    0000036c     (.common:mag_fifo)
                  2000c694    00000190     (.common:ballArray)
                  2000c824    00000150     G8RTOS_Scheduler.obj (.bss:FIFOs)
                  2000c974    00000120     rtsv7M4_T_le_v4SPD16_eabi.lib : trgmsg.c.obj (.bss:_CIOBUF_)
                  2000ca94    00000100     BackChannelUart.obj (.bss:backChannelStringBuff)
                  2000cb94    00000090     G8RTOS_Scheduler.obj (.bss:periodicEvents)
                  2000cc24    00000070     bmi160.obj (.bss:yas532_data)
                  2000cc94    00000040     (.common:lightData)
                  2000ccd4    0000003c     (.common:bme280)
                  2000cd10    00000014     (.common:s_bmi160)
                  2000cd24    00000010     bmi160.obj (.bss:mag_trim)
                  2000cd34    0000000c     G8RTOS_Scheduler.obj (.bss)
                  2000cd40    00000008     (.common:parmbuf)
                  2000cd48    00000006     (.common:accelxyz)
                  2000cd4e    00000006     (.common:gyroxyz)
                  2000cd54    00000004     bme280.obj (.bss)
                  2000cd58    00000004     bmi160.obj (.bss)
                  2000cd5c    00000004     tmp007.obj (.bss:buf)
                  2000cd60    00000004     (.common:ButtonFunction)
                  2000cd64    00000004     (.common:CurrentlyRunningThread)
                  2000cd68    00000004     (.common:LCDMutex)
                  2000cd6c    00000004     (.common:LEDMutex)
                  2000cd70    00000004     (.common:SystemTime)
                  2000cd74    00000004     (.common:counter0)
                  2000cd78    00000004     (.common:counter1)
                  2000cd7c    00000004     (.common:counter2)
                  2000cd80    00000004     (.common:g_ui32ByteCount)
                  2000cd84    00000004     (.common:hfxtFreq)
                  2000cd88    00000004     (.common:lfxtFreq)
                  2000cd8c    00000004     (.common:pData)
                  2000cd90    00000004     (.common:sem_LED)
                  2000cd94    00000004     (.common:sem_sensor)
                  2000cd98    00000004     (.common:sensorMutex)
                  2000cd9c    00000004     (.common:task0_ID)
                  2000cda0    00000004     (.common:task1_ID)
                  2000cda4    00000004     (.common:task2_ID)
                  2000cda8    00000003     bmi160.obj (.bss:akm_asa_data)
                  2000cdab    00000001     (.common:ui8DummyRead)
                  2000cdac    00000002     tmp007.obj (.bss)
                  2000cdae    00000001     (.common:ui8Status)

.data      0    2000cdb0    000004ac     UNINITIALIZED
                  2000cdb0    00000400     bmi160.obj (.data:v_fifo_data_u8)
                  2000d1b0    00000030     msp432p4xx_driverlib.lib : gpio.o (.data:GPIO_PORT_TO_BASE)
                  2000d1e0    00000024     Threads.obj (.data)
                  2000d204    00000004     Threads.obj (.data:coins)
                  2000d208    00000020     Threads.obj (.data:coins_counter)
                  2000d228    00000014     i2c_driver.obj (.data:i2cConfig)
                  2000d23c    00000008     rtsv7M4_T_le_v4SPD16_eabi.lib : _lock.c.obj (.data:$O1$$)
                  2000d244    00000008     bmi160.obj (.data)
                  2000d24c    00000004     rtsv7M4_T_le_v4SPD16_eabi.lib : errno.c.obj (.data)
                  2000d250    00000004                                   : rand.c.obj (.data)
                  2000d254    00000004     system_msp432p401r.obj (.data)
                  2000d258    00000003     Threads.obj (.data:toggle)
                  2000d25b    00000001     i2c_driver.obj (.data)

.stack     0    2000fe00    00000200     UNINITIALIZED
                  2000fe00    00000004     rtsv7M4_T_le_v4SPD16_eabi.lib : boot_cortex_m.c.obj (.stack)
                  2000fe04    000001fc     --HOLE--

__llvm_prf_cnts 
*          0    20000000    00000000     UNINITIALIZED

MODULE SUMMARY

       Module                        code    ro data   rw data
       ------                        ----    -------   -------
    .\
       LCDLib.obj                    2062    0         0      
       system_msp432p401r.obj        820     0         8      
       main.obj                      352     36        48     
       startup_msp432p401r_ccs.obj   14      228       0      
    +--+-----------------------------+-------+---------+---------+
       Total:                        3248    264       56     
                                                              
    .\BoardSupportPackage\src\
       bmi160.obj                    54752   28        7590   
       bme280.obj                    6160    0         8      
       bmi160_support.obj            3112    0         64     
       AsciiLib.obj                  64      1520      0      
       BackChannelUart.obj           760     36        512    
       i2c_driver.obj                864     0         62     
       bme280_support.obj            736     5         120    
       tmp007.obj                    564     0         12     
       RGBLeds.obj                   484     0         0      
       Joystick.obj                  376     0         8      
       opt3001.obj                   254     0         0      
       ClockSys.obj                  132     0         0      
       BSP.obj                       52      0         0      
       demo_sysctl.obj               44      0         0      
    +--+-----------------------------+-------+---------+---------+
       Total:                        68354   1589      8376   
                                                              
    .\G8RTOS_Empty_Lab2\
       G8RTOS_Scheduler.obj          3052    0         97416  
       Threads.obj                   4664    0         1118   
       G8RTOS_Semaphores.obj         164     0         0      
       G8RTOS_SchedulerASM.obj       72      0         0      
       G8RTOS_CriticalSection.obj    14      0         0      
    +--+-----------------------------+-------+---------+---------+
       Total:                        7966    0         98534  
                                                              
    ../BoardSupportPackage/DriverLib/msp432p4xx_driverlib.lib
       cs.o                          1202    0         16     
       pcm.o                         510     0         0      
       interrupt.o                   236     144       0      
       i2c.o                         320     0         0      
       gpio.o                        148     0         96     
       uart.o                        196     0         0      
       spi.o                         126     0         0      
       sysctl.o                      124     0         0      
       wdt_a.o                       48      0         0      
       flash.o                       40      0         0      
       systick.o                     20      0         0      
    +--+-----------------------------+-------+---------+---------+
       Total:                        2970    144       112    
                                                              
    C:\ti\ccs1020\ccs\tools\compiler\ti-cgt-arm_20.2.2.LTS\lib\rtsv7M4_T_le_v4SPD16_eabi.lib
       _printfi.c.obj                4851    0         0      
       trgmsg.c.obj                  108     0         576    
       fd_add_t2.asm.obj             438     0         0      
       fd_div_t2.asm.obj             310     0         0      
       s_scalbn.c.obj                272     0         0      
       fd_cmp_t2.asm.obj             268     0         0      
       ctype.c.obj                   0       257       0      
       fd_mul_t2.asm.obj             252     0         0      
       memcpy_t2.asm.obj             156     0         0      
       ull_div_t2.asm.obj            150     0         0      
       snprintf.c.obj                148     0         0      
       memset_t2.asm.obj             122     0         0      
       ll_div_t2.asm.obj             110     0         0      
       copy_decompress_lzss.c.obj    104     0         0      
       s_frexp.c.obj                 100     0         0      
       rand.c.obj                    88      0         8      
       _ltoa.c.obj                   84      0         0      
       atoi.c.obj                    76      0         0      
       fd_toi_t2.asm.obj             72      0         0      
       hosttime.c.obj                72      0         0      
       autoinit.c.obj                68      0         0      
       boot_cortex_m.c.obj           52      0         0      
       i_tofd_t2.asm.obj             46      0         0      
       memccpy.c.obj                 28      0         0      
       s_copysign.c.obj              26      0         0      
       ll_mul_t2.asm.obj             24      0         0      
       strchr.c.obj                  22      0         0      
       strcpy.c.obj                  20      0         0      
       strlen.c.obj                  20      0         0      
       _lock.c.obj                   2       0         16     
       wcslen.c.obj                  18      0         0      
       errno.c.obj                   8       0         8      
       hostopen.c.obj                0       0         16     
       copy_decompress_none.c.obj    14      0         0      
       time.c.obj                    14      0         0      
       copy_zero_init.c.obj          12      0         0      
       exit.c.obj                    4       0         0      
       pre_init.c.obj                4       0         0      
       div0.asm.obj                  2       0         0      
    +--+-----------------------------+-------+---------+---------+
       Total:                        8165    257       624    
                                                              
       Stack:                        0       0         1024   
       Linker Generated:             0       130       0      
    +--+-----------------------------+-------+---------+---------+
       Grand Total:                  90703   2384      108726 


LINKER GENERATED COPY TABLES

__TI_cinit_table @ 00016bb0 records: 2, size/record: 8, table size: 16
	.data: load addr=00016b38, load size=0000005e bytes, run addr=2000cdb0, run size=000004ac bytes, compression=lzss
	.bss: load addr=00016ba8, load size=00000008 bytes, run addr=20000000, run size=0000cdaf bytes, compression=zero_init


LINKER GENERATED HANDLER TABLE

__TI_handler_table @ 00016b98 records: 3, size/record: 4, table size: 12
	index: 0, handler: __TI_decompress_lzss
	index: 1, handler: __TI_decompress_none
	index: 2, handler: __TI_zero_init


GLOBAL SYMBOLS: SORTED ALPHABETICALLY BY Name 

address   name                                                  
-------   ----                                                  
00016293  ADC14_IRQHandler                                      
00016293  AES256_IRQHandler                                     
000134e9  BME280_I2C_bus_read                                   
000134bd  BME280_I2C_bus_write                                  
00013515  BME280_SPI_bus_read                                   
0001357b  BME280_SPI_bus_write                                  
000135eb  BME280_delay_msek                                     
00015ca1  BSP_InitBoard                                         
000130f5  BackChannelEventTrigger                               
0001306f  BackChannelInit                                       
0001310d  BackChannelOpt3001PrintRaw                            
0001308b  BackChannelPrint                                      
000130d7  BackChannelPrintIntVariable                           
0000f5d5  BackgroundThread0                                     
0000f63d  BackgroundThread1                                     
0000f689  BackgroundThread2                                     
0000f6e5  BackgroundThread3                                     
0000f7a9  BackgroundThread4                                     
0001314f  BackupChannelBmi160PrintAccel                         
0001317b  BackupChannelBmi160PrintGyro                          
000131a7  BackupChannelBmi160PrintMag                           
00013129  BackupChannelTmp007PrintRaw                           
0000f0e5  Ball                                                  
00016293  BusFault_Handler                                      
2000cd60  ButtonFunction                                        
00016343  C$$EXIT                                               
00015c97  C$$IO$$                                               
00016293  COMP_E0_IRQHandler                                    
00016293  COMP_E1_IRQHandler                                    
00016293  CS_IRQHandler                                         
00015f31  CS_clearInterruptFlag                                 
000147b9  CS_getDCOFrequency                                    
000160f1  CS_getMCLK                                            
00016109  CS_getSMCLK                                           
00014ab9  CS_initClockSignal                                    
00015f55  CS_setDCOCenteredFrequency                            
00016199  CS_setExternalClockSourceFrequency                    
00016309  CS_startHFXT                                          
00014f21  CS_startHFXTWithTimeout                               
0001539b  ClockSys_GetSysFreq                                   
0001532d  ClockSys_SetMaxFreq                                   
2000cd64  CurrentlyRunningThread                                
00016293  DMA_ERR_IRQHandler                                    
00016293  DMA_INT0_IRQHandler                                   
00016293  DMA_INT1_IRQHandler                                   
00016293  DMA_INT2_IRQHandler                                   
00016293  DMA_INT3_IRQHandler                                   
00016293  DebugMon_Handler                                      
00016293  Default_Handler                                       
00015f09  DelayMs                                               
00014119  Disable_Joystick_Interrupt                            
00016293  EUSCIA0_IRQHandler                                    
00016293  EUSCIA1_IRQHandler                                    
00016293  EUSCIA2_IRQHandler                                    
00016293  EUSCIA3_IRQHandler                                    
00016293  EUSCIB0_IRQHandler                                    
00012c55  EUSCIB1_IRQHandler                                    
00012c55  EUSCIB1_IRQHandler                                    
00016293  EUSCIB2_IRQHandler                                    
00016293  EUSCIB3_IRQHandler                                    
0001630f  EUSCI_A_SPI_receiveData                               
00016333  EUSCI_A_SPI_transmitData                              
00016315  EUSCI_B_SPI_receiveData                               
00016337  EUSCI_B_SPI_transmitData                              
00016249  EndCriticalSection                                    
00016293  FLCTL_IRQHandler                                      
00016293  FPU_IRQHandler                                        
00015eb9  FlashCtl_setWaitState                                 
000118ad  G8RTOS_AddAPeriodicEvent                              
000114b1  G8RTOS_AddPeriodicEvent                               
00010fed  G8RTOS_AddThread                                      
0001173d  G8RTOS_GetThreadId                                    
00010f0f  G8RTOS_Init                                           
00014dd9  G8RTOS_InitSemaphore                                  
00011839  G8RTOS_KillSelf                                       
0001176d  G8RTOS_KillThread                                     
00010f47  G8RTOS_Launch                                         
00010e07  G8RTOS_Scheduler                                      
00014e2f  G8RTOS_SignalSemaphore                                
0001598d  G8RTOS_Start                                          
00014df7  G8RTOS_WaitSemaphore                                  
000159d1  GPIO_setAsPeripheralModuleFunctionInputPin            
00015859  GPIO_setAsPeripheralModuleFunctionOutputPin           
00015b35  GetASCIICode                                          
0001412f  GetJoystickCoordinates                                
00015a19  HOSTtime                                              
00016293  HardFault_Handler                                     
0001624f  I2C_clearInterruptFlag                                
0001625d  I2C_disableInterrupt                                  
00016295  I2C_disableModule                                     
000162e7  I2C_enableInterrupt                                   
000162a1  I2C_enableModule                                      
0001631b  I2C_getEnabledInterruptStatus                         
00016321  I2C_getInterruptStatus                                
00015bb5  I2C_initMaster                                        
000161ad  I2C_isBusBusy                                         
00016327  I2C_masterReceiveMultiByteNext                        
0001620f  I2C_masterReceiveStart                                
00015f79  I2C_masterSendMultiByteNext                           
00015c31  I2C_masterSendMultiByteStart                          
00015da5  I2C_masterSendMultiByteStop                           
0001348b  I2C_routine                                           
0001633b  I2C_setSlaveAddress                                   
0000f0b5  Idle                                                  
000155e1  Interrupt_disableInterrupt                            
00015645  Interrupt_enableInterrupt                             
00015f9d  Interrupt_setPriority                                 
00014065  Joystick_Init_Without_Interrupt                       
000140c3  Joystick_Push_Button_Init_With_Interrupt              
2000cd68  LCDMutex                                              
0000ef7d  LCDTap                                                
0001261f  LCD_Clear                                             
00012433  LCD_DrawRectangle                                     
0001269d  LCD_Init                                              
00016009  LCD_SetCursor                                         
0001263b  LCD_SetPoint                                          
00012585  LCD_Text                                              
00015b75  LCD_WriteData                                         
00015cd5  LCD_WriteIndex                                        
00016069  LCD_WriteReg                                          
00016029  LCD_Write_Data_Only                                   
000162dd  LCD_Write_Data_Start                                  
2000cd6c  LEDMutex                                              
00013acd  LP3943_LedModeSet                                     
00016293  MemManage_Handler                                     
00016293  NMI_Handler                                           
0001147b  OS_Sleep                                              
00016293  PCM_IRQHandler                                        
00015e63  PCM_getCoreVoltageLevel                               
00015e8f  PCM_getPowerMode                                      
000162ad  PCM_getPowerState                                     
000162ef  PCM_setCoreVoltageLevel                               
000162f7  PCM_setPowerMode                                      
00016293  PORT1_IRQHandler                                      
00016293  PORT2_IRQHandler                                      
00016293  PORT3_IRQHandler                                      
00014241  PORT4_IRQHandler                                      
00014241  PORT4_IRQHandler                                      
00016293  PORT5_IRQHandler                                      
00016293  PORT6_IRQHandler                                      
00016293  PSS_IRQHandler                                        
0000fd31  PThread_Display                                       
0000fd55  PThread_Enemy_Dir                                     
000159a7  PendSV_Handler                                        
000159a7  PendSV_Handler                                        
0000f8d1  Pthread0                                              
0000f919  Pthread1                                              
00014e7d  PutChar                                               
00016293  RTC_C_IRQHandler                                      
0000ef53  ReadAccel                                             
00016287  Reset_Handler                                         
00016085  SPISendRecvByte                                       
00015ee1  SPISendRecvTPByte                                     
000160bd  SPI_receiveData                                       
000134a7  SPI_routine                                           
00016049  SPI_transmitData                                      
00016293  SVC_Handler                                           
00016241  StartCriticalSection                                  
0001632d  SysCtlDelay                                           
00016221  SysCtl_disableNMISource                               
00016231  SysCtl_enableNMISource                                
000162b9  SysCtl_getNMISourceStatus                             
00015809  SysCtl_getTLVInfo                                     
00010e69  SysTick_Handler                                       
00010e69  SysTick_Handler                                       
000161c1  SysTick_enableInterrupt                               
2000d254  SystemCoreClock                                       
00012d1d  SystemCoreClockUpdate                                 
00012f95  SystemInit                                            
2000cd70  SystemTime                                            
00016293  T32_INT1_IRQHandler                                   
00016293  T32_INT2_IRQHandler                                   
00016293  T32_INTC_IRQHandler                                   
00016293  TA0_0_IRQHandler                                      
00016293  TA0_N_IRQHandler                                      
00016293  TA1_0_IRQHandler                                      
00016293  TA1_N_IRQHandler                                      
00016293  TA2_0_IRQHandler                                      
00016293  TA2_N_IRQHandler                                      
00016293  TA3_0_IRQHandler                                      
00016293  TA3_N_IRQHandler                                      
000128c7  TP_ReadXY                                             
0000fbc1  Thread_Coins                                          
0000fb01  Thread_Enemy                                          
0000fcb1  Thread_LEDs                                           
0000fa99  Thread_Player_Read                                    
0000fa59  Thread_Player_Write                                   
000162c5  UART_enableModule                                     
0001518d  UART_initModule                                       
00015fc1  UART_transmitData                                     
00016293  UsageFault_Handler                                    
2000d244  V_bmm150_maual_auto_condition_u8                      
2000d248  V_fifo_time_U32                                       
4000480c  WDTCTL_SYM                                            
00016293  WDT_A_IRQHandler                                      
00016121  WDT_A_clearTimer                                      
00016139  WDT_A_holdTimer                                       
0000ef97  WaitForTap                                            
0000f8cb  YoloSwag                                              
2000c974  __CIOBUF_                                             
20010000  __STACK_END                                           
00000200  __STACK_SIZE                                          
00016bb0  __TI_CINIT_Base                                       
00016bc0  __TI_CINIT_Limit                                      
00016b98  __TI_Handler_Table_Base                               
00016ba4  __TI_Handler_Table_Limit                              
00015af1  __TI_auto_init_nobinit_nopinit                        
00015579  __TI_decompress_lzss                                  
00016279  __TI_decompress_none                                  
00015763  __TI_ltoa                                             
ffffffff  __TI_pprof_out_hndl                                   
00011921  __TI_printfi                                          
ffffffff  __TI_prof_data_size                                   
ffffffff  __TI_prof_data_start                                  
00015d09  __TI_readmsg                                          
00000000  __TI_static_base__                                    
00015c69  __TI_writemsg                                         
000162d1  __TI_zero_init                                        
00015221  __aeabi_cdcmpeq                                       
00015221  __aeabi_cdcmple                                       
000152a7  __aeabi_cdrcmple                                      
00015aa9  __aeabi_d2iz                                          
00013e8b  __aeabi_dadd                                          
0001444d  __aeabi_ddiv                                          
000149bb  __aeabi_dmul                                          
00013e81  __aeabi_dsub                                          
00016301  __aeabi_errno_addr                                    
00015e35  __aeabi_i2d                                           
00014037  __aeabi_idiv0                                         
00014037  __aeabi_ldiv0                                         
0001550b  __aeabi_ldivmod                                       
00016169  __aeabi_lmul                                          
000153b1  __aeabi_memclr                                        
000153b1  __aeabi_memclr4                                       
000153b1  __aeabi_memclr8                                       
00015059  __aeabi_memcpy                                        
00015059  __aeabi_memcpy4                                       
00015059  __aeabi_memcpy8                                       
000153b3  __aeabi_memset                                        
000153b3  __aeabi_memset4                                       
000153b3  __aeabi_memset8                                       
000150f5  __aeabi_uldivmod                                      
ffffffff  __binit__                                             
ffffffff  __c_args__                                            
UNDEFED   __mpu_init                                            
2000fe00  __stack                                               
20000000  __start___llvm_prf_cnts                               
20000000  __stop___llvm_prf_cnts                                
0001626b  __time32                                              
00015d3d  _c_int00_noargs                                       
00016938  _ctypes_                                              
2000d23c  _lock                                                 
0001236f  _nop                                                  
UNDEFED   _system_post_cinit                                    
0001633f  _system_pre_init                                      
2000d240  _unlock                                               
00016343  abort                                                 
2000d1ee  accelX                                                
2000d1f0  accelY                                                
2000bc50  accel_fifo                                            
2000cd48  accelxyz                                              
000158f1  atoi                                                  
2000c694  ballArray                                             
ffffffff  binit                                                 
2000ccd4  bme280                                                
0000da03  bme280_compensate_humidity_int32                      
0000dab9  bme280_compensate_humidity_int32_sixteen_bit_output   
0000d87d  bme280_compensate_pressure_int32                      
0000ec41  bme280_compensate_pressure_int64                      
0000ee43  bme280_compensate_pressure_int64_twentyfour_bit_output
0000d77b  bme280_compensate_temperature_int32                   
0000d7f3  bme280_compensate_temperature_int32_sixteen_bit_output
0000ee5d  bme280_compute_wait_time                              
00013349  bme280_data_readout_template                          
0000dbd3  bme280_get_calib_param                                
0000e693  bme280_get_filter                                     
0000e9f7  bme280_get_forced_uncomp_pressure_temperature_humidity
0000e0ef  bme280_get_oversamp_humidity                          
0000df37  bme280_get_oversamp_pressure                          
0000dd75  bme280_get_oversamp_temperature                       
0000e2dd  bme280_get_power_mode                                 
0000e4e5  bme280_get_spi3                                       
0000e847  bme280_get_standby_durn                               
0000d6c5  bme280_init                                           
00013435  bme280_initialize_sensor                              
0000db73  bme280_read_pressure_temperature_humidity             
0000ebfb  bme280_read_register                                  
0000d9ad  bme280_read_uncomp_humidity                           
0000d81d  bme280_read_uncomp_pressure                           
0000dae1  bme280_read_uncomp_pressure_temperature_humidity      
0000d71b  bme280_read_uncomp_temperature                        
0000e6e3  bme280_set_filter                                     
0000e149  bme280_set_oversamp_humidity                          
0000df93  bme280_set_oversamp_pressure                          
0000ddd1  bme280_set_oversamp_temperature                       
0000e32b  bme280_set_power_mode                                 
0000e4a5  bme280_set_soft_rst                                   
0000e533  bme280_set_spi3                                       
0000e897  bme280_set_standby_durn                               
0000ebb5  bme280_write_register                                 
00007511  bmi160_accel_foc_trigger_xyz                          
0000ac11  bmi160_bmm150_mag_compensate_X                        
0000acbb  bmi160_bmm150_mag_compensate_Y                        
0000ad65  bmi160_bmm150_mag_compensate_Z                        
0000abb5  bmi160_bmm150_mag_compensate_xyz                      
0000ae05  bmi160_bmm150_mag_interface_init                      
0000b2a7  bmi160_bmm150_mag_set_power_mode                      
0000b0b1  bmi160_bmm150_mag_wakeup                              
0000c00d  bmi160_bst_akm_compensate_X                           
0000c03f  bmi160_bst_akm_compensate_Y                           
0000c071  bmi160_bst_akm_compensate_Z                           
0000c0a3  bmi160_bst_akm_compensate_xyz                         
0000bc05  bmi160_bst_akm_mag_interface_init                     
0000c0f1  bmi160_bst_akm_set_powermode                          
0000caa1  bmi160_bst_yamaha_yas532_calib_values                 
0000c47b  bmi160_bst_yamaha_yas532_mag_interface_init           
0000d4e1  bmi160_bst_yas532_acquisition_command_register        
0000c911  bmi160_bst_yas532_magnetic_measure_set_offset         
0000d069  bmi160_bst_yas532_measurement_xyz_data                
0000cef5  bmi160_bst_yas532_normal_measurement_data             
0000c7b1  bmi160_bst_yas532_set_initial_values                  
0000d5a5  bmi160_bst_yas532_set_offset                          
0000ce59  bmi160_bst_yas532_xy1y2_to_linear                     
000095c1  bmi160_clear_step_counter                             
00010149  bmi160_config_running_mode                            
00010cf9  bmi160_delay_ms                                       
00001805  bmi160_fifo_data                                      
000017a5  bmi160_fifo_length                                    
0000191d  bmi160_get_accel_bw                                   
00000e21  bmi160_get_accel_data_rdy                             
000021f7  bmi160_get_accel_fifo_filter_data                     
000086ab  bmi160_get_accel_offset_compensation_xaxis            
00008791  bmi160_get_accel_offset_compensation_yaxis            
0000887b  bmi160_get_accel_offset_compensation_zaxis            
00008edb  bmi160_get_accel_offset_enable                        
0000183f  bmi160_get_accel_output_data_rate                     
00000481  bmi160_get_accel_power_mode_stat                      
00001ad9  bmi160_get_accel_range                                
0000829d  bmi160_get_accel_selftest_amp                         
000080e7  bmi160_get_accel_selftest_axis                        
000081bf  bmi160_get_accel_selftest_sign                        
000019ff  bmi160_get_accel_under_sampling_parameter             
00000d85  bmi160_get_data_rdy_mag                               
000002b5  bmi160_get_drop_cmd_err                               
00000219  bmi160_get_err_code                                   
00000351  bmi160_get_error_status                               
000001cd  bmi160_get_fatal_err                                  
000028a5  bmi160_get_fifo_accel_enable                          
0000212f  bmi160_get_fifo_down_accel                            
00001f87  bmi160_get_fifo_down_gyro                             
00002985  bmi160_get_fifo_gyro_enable                           
000026f1  bmi160_get_fifo_header_enable                         
000027cb  bmi160_get_fifo_mag_enable                            
0000235f  bmi160_get_fifo_stop_on_full                          
000025ff  bmi160_get_fifo_tag_intr1_enable                      
00002511  bmi160_get_fifo_tag_intr2_enable                      
00002437  bmi160_get_fifo_time_enable                           
000022d1  bmi160_get_fifo_wm                                    
000070db  bmi160_get_foc_accel_x                                
00007001  bmi160_get_foc_accel_y                                
00006f3b  bmi160_get_foc_accel_z                                
0000775b  bmi160_get_foc_gyro_enable                            
00000ce5  bmi160_get_foc_rdy                                    
00001ce5  bmi160_get_gyro_bw                                    
00000dd3  bmi160_get_gyro_data_rdy                              
00002055  bmi160_get_gyro_fifo_filter_data                      
00008961  bmi160_get_gyro_offset_compensation_xaxis             
00008b31  bmi160_get_gyro_offset_compensation_yaxis             
00008d09  bmi160_get_gyro_offset_compensation_zaxis             
00008fab  bmi160_get_gyro_offset_enable                         
00001bc9  bmi160_get_gyro_output_data_rate                      
00000433  bmi160_get_gyro_power_mode_stat                       
00001dbf  bmi160_get_gyro_range                                 
00000c49  bmi160_get_gyro_selftest                              
00008377  bmi160_get_gyro_selftest_start                        
00007f33  bmi160_get_gyro_sleep_state                           
00007d7b  bmi160_get_gyro_sleep_trigger                         
0000800d  bmi160_get_gyro_wakeup_intr                           
00007e53  bmi160_get_gyro_wakeup_trigger                        
00002a5f  bmi160_get_i2c_device_addr                            
00000267  bmi160_get_i2c_fail_err                               
00007bc7  bmi160_get_i2c_wdt_enable                             
00007ae7  bmi160_get_i2c_wdt_select                             
00007ca1  bmi160_get_if_mode                                    
000041f3  bmi160_get_input_enable                               
000046ed  bmi160_get_intr_any_motion                            
00005dbf  bmi160_get_intr_any_motion_durn                       
00005f53  bmi160_get_intr_any_motion_thres                      
00005519  bmi160_get_intr_data_rdy                              
00004a31  bmi160_get_intr_double_tap                            
00003ae5  bmi160_get_intr_edge_ctrl                             
00002f23  bmi160_get_intr_enable_0                              
00003393  bmi160_get_intr_enable_1                              
000037fb  bmi160_get_intr_enable_2                              
000051fd  bmi160_get_intr_fifo_full                             
00005389  bmi160_get_intr_fifo_wm                               
00004ee1  bmi160_get_intr_flat                                  
00006d83  bmi160_get_intr_flat_hold                             
00006e63  bmi160_get_intr_flat_hyst                             
00006cab  bmi160_get_intr_flat_theta                            
00004561  bmi160_get_intr_high_g                                
00005cb3  bmi160_get_intr_high_g_durn                           
00005beb  bmi160_get_intr_high_g_hyst                           
00005d39  bmi160_get_intr_high_g_thres                          
00003c6d  bmi160_get_intr_level                                 
0000437f  bmi160_get_intr_low_g                                 
00005937  bmi160_get_intr_low_g_durn                            
00005a43  bmi160_get_intr_low_g_hyst                            
00005b11  bmi160_get_intr_low_g_mode                            
000059bd  bmi160_get_intr_low_g_thres                           
0000577f  bmi160_get_intr_low_high_source                       
0000585d  bmi160_get_intr_motion_source                         
000048a5  bmi160_get_intr_nomotion                              
00004d4f  bmi160_get_intr_orient                                
00006bd1  bmi160_get_intr_orient_axes_enable                    
00006879  bmi160_get_intr_orient_blocking                       
00006953  bmi160_get_intr_orient_hyst                           
0000679b  bmi160_get_intr_orient_mode                           
00006a1b  bmi160_get_intr_orient_theta                          
00006af3  bmi160_get_intr_orient_ud_enable                      
00003dff  bmi160_get_intr_output_type                           
0000506d  bmi160_get_intr_pmu_trig                              
000062f1  bmi160_get_intr_significant_motion_proof              
0000613d  bmi160_get_intr_significant_motion_select             
00006217  bmi160_get_intr_significant_motion_skip               
00004bc3  bmi160_get_intr_single_tap                            
00005e8b  bmi160_get_intr_slow_no_motion_durn                   
0000605f  bmi160_get_intr_slow_no_motion_select                 
00005fd9  bmi160_get_intr_slow_no_motion_thres                  
000063cb  bmi160_get_intr_tap_durn                              
000065fb  bmi160_get_intr_tap_quiet                             
00006521  bmi160_get_intr_tap_shock                             
000056a5  bmi160_get_intr_tap_source                            
000066d5  bmi160_get_intr_tap_thres                             
0000411b  bmi160_get_latch_intr                                 
00002b27  bmi160_get_mag_burst                                  
00000303  bmi160_get_mag_dada_rdy_err                           
00002cb9  bmi160_get_mag_manual_enable                          
00000c97  bmi160_get_mag_manual_operation_stat                  
00002bed  bmi160_get_mag_offset                                 
00001e97  bmi160_get_mag_output_data_rate                       
000003e1  bmi160_get_mag_power_mode_stat                        
00002d91  bmi160_get_mag_read_addr                              
00002e17  bmi160_get_mag_write_addr                             
00002e9d  bmi160_get_mag_write_data                             
000085e3  bmi160_get_nvm_counter                                
00007935  bmi160_get_nvm_prog_enable                            
00000d33  bmi160_get_nvm_rdy                                    
00003f8b  bmi160_get_output_enable                              
00009701  bmi160_get_paging_enable                              
0000d6ab  bmi160_get_ptr                                        
000097db  bmi160_get_pullup_configuration                       
00000bed  bmi160_get_sensor_time                                
00008517  bmi160_get_spare0_trim                                
00007a0f  bmi160_get_spi3                                       
00008451  bmi160_get_spi_enable                                 
00000f09  bmi160_get_stat0_any_motion_intr                      
00000fa5  bmi160_get_stat0_double_tap_intr                      
00001095  bmi160_get_stat0_flat_intr                            
00001041  bmi160_get_stat0_orient_intr                          
00000f57  bmi160_get_stat0_pmu_trigger_intr                     
00000ebb  bmi160_get_stat0_significant_intr                     
00000ff3  bmi160_get_stat0_single_tap_intr                      
00000e6f  bmi160_get_stat0_step_intr                            
0000117f  bmi160_get_stat1_data_rdy_intr                        
000011cd  bmi160_get_stat1_fifo_full_intr                       
0000121b  bmi160_get_stat1_fifo_wm_intr                         
000010e3  bmi160_get_stat1_high_g_intr                          
00001131  bmi160_get_stat1_low_g_intr                           
00001269  bmi160_get_stat1_nomotion_intr                        
000012b7  bmi160_get_stat2_any_motion_first_x                   
00001303  bmi160_get_stat2_any_motion_first_y                   
00001351  bmi160_get_stat2_any_motion_first_z                   
000013a5  bmi160_get_stat2_any_motion_sign                      
000013f3  bmi160_get_stat2_tap_first_x                          
00001441  bmi160_get_stat2_tap_first_y                          
0000148f  bmi160_get_stat2_tap_first_z                          
000014dd  bmi160_get_stat2_tap_sign                             
00001703  bmi160_get_stat3_flat                                 
0000152b  bmi160_get_stat3_high_g_first_x                       
00001577  bmi160_get_stat3_high_g_first_y                       
000015c5  bmi160_get_stat3_high_g_first_z                       
00001613  bmi160_get_stat3_high_g_sign                          
00001661  bmi160_get_stat3_orient_xy                            
000016b5  bmi160_get_stat3_orient_z                             
000090c7  bmi160_get_step_config                                
00009299  bmi160_get_step_counter_enable                        
00003a15  bmi160_get_step_detector_enable                       
00009627  bmi160_get_target_page                                
00001751  bmi160_get_temp                                       
00010c5f  bmi160_i2c_burst_read                                 
00010c33  bmi160_i2c_bus_read                                   
00010c91  bmi160_i2c_bus_write                                  
000000e5  bmi160_init                                           
0001010d  bmi160_initialize_sensor                              
00010b81  bmi160_interrupt_configuration                        
000093f1  bmi160_map_significant_motion_intr                    
000094d9  bmi160_map_step_detector_intr                         
00000a7d  bmi160_read_accel_x                                   
00000b79  bmi160_read_accel_xyz                                 
00000ad1  bmi160_read_accel_y                                   
00000b25  bmi160_read_accel_z                                   
0000b761  bmi160_read_bmm150_mag_trim                           
0000bf25  bmi160_read_bst_akm_sensitivity_data                  
000098b9  bmi160_read_fifo_header_data                          
0000a289  bmi160_read_fifo_headerless_mode                      
00000909  bmi160_read_gyro_x                                    
00000a05  bmi160_read_gyro_xyz                                  
0000095d  bmi160_read_gyro_y                                    
000009b1  bmi160_read_gyro_z                                    
000006d9  bmi160_read_mag_r                                     
000004cf  bmi160_read_mag_x                                     
00000743  bmi160_read_mag_xyz                                   
0000084d  bmi160_read_mag_xyzr                                  
0000057d  bmi160_read_mag_y                                     
0000062b  bmi160_read_mag_z                                     
00000189  bmi160_read_reg                                       
00009073  bmi160_read_step_count                                
0000196b  bmi160_set_accel_bw                                   
00002245  bmi160_set_accel_fifo_filter_data                     
000071b9  bmi160_set_accel_foc_trigger                          
000086f7  bmi160_set_accel_offset_compensation_xaxis            
000087dd  bmi160_set_accel_offset_compensation_yaxis            
000088c7  bmi160_set_accel_offset_compensation_zaxis            
00008f29  bmi160_set_accel_offset_enable                        
0000188b  bmi160_set_accel_output_data_rate                     
00001b25  bmi160_set_accel_range                                
000082eb  bmi160_set_accel_selftest_amp                         
00008133  bmi160_set_accel_selftest_axis                        
00008211  bmi160_set_accel_selftest_sign                        
00001a4d  bmi160_set_accel_under_sampling_parameter             
0000b181  bmi160_set_bmm150_mag_and_secondary_if_power_mode     
0000b405  bmi160_set_bmm150_mag_presetmode                      
0000c315  bmi160_set_bst_akm_and_secondary_if_powermode         
000095ed  bmi160_set_command_register                           
000028f3  bmi160_set_fifo_accel_enable                          
0000217d  bmi160_set_fifo_down_accel                            
00001fd3  bmi160_set_fifo_down_gyro                             
000029d3  bmi160_set_fifo_gyro_enable                           
0000273f  bmi160_set_fifo_header_enable                         
00002819  bmi160_set_fifo_mag_enable                            
000023ab  bmi160_set_fifo_stop_on_full                          
00002651  bmi160_set_fifo_tag_intr1_enable                      
0000255f  bmi160_set_fifo_tag_intr2_enable                      
00002485  bmi160_set_fifo_time_enable                           
00002325  bmi160_set_fifo_wm                                    
00007129  bmi160_set_foc_accel_x                                
0000704f  bmi160_set_foc_accel_y                                
00006f87  bmi160_set_foc_accel_z                                
000077a9  bmi160_set_foc_gyro_enable                            
00001d33  bmi160_set_gyro_bw                                    
000020a3  bmi160_set_gyro_fifo_filter_data                      
00008a15  bmi160_set_gyro_offset_compensation_xaxis             
00008bed  bmi160_set_gyro_offset_compensation_yaxis             
00008dbf  bmi160_set_gyro_offset_compensation_zaxis             
00008ff9  bmi160_set_gyro_offset_enable                         
00001c15  bmi160_set_gyro_output_data_rate                      
00001e0b  bmi160_set_gyro_range                                 
000083c5  bmi160_set_gyro_selftest_start                        
00007f81  bmi160_set_gyro_sleep_state                           
00007dc7  bmi160_set_gyro_sleep_trigger                         
0000805b  bmi160_set_gyro_wakeup_intr                           
00007ea1  bmi160_set_gyro_wakeup_trigger                        
00002aad  bmi160_set_i2c_device_addr                            
00007c15  bmi160_set_i2c_wdt_enable                             
00007b35  bmi160_set_i2c_wdt_select                             
00007cef  bmi160_set_if_mode                                    
0000428d  bmi160_set_input_enable                               
00004787  bmi160_set_intr_any_motion                            
00005e0b  bmi160_set_intr_any_motion_durn                       
00005f9f  bmi160_set_intr_any_motion_thres                      
000055b3  bmi160_set_intr_data_rdy                              
00004acb  bmi160_set_intr_double_tap                            
00003b7b  bmi160_set_intr_edge_ctrl                             
000030b9  bmi160_set_intr_enable_0                              
00003521  bmi160_set_intr_enable_1                              
000038c3  bmi160_set_intr_enable_2                              
00005297  bmi160_set_intr_fifo_full                             
00005423  bmi160_set_intr_fifo_wm                               
00004f7b  bmi160_set_intr_flat                                  
00006dd1  bmi160_set_intr_flat_hold                             
00006eaf  bmi160_set_intr_flat_hyst                             
00006cf7  bmi160_set_intr_flat_theta                            
000045fb  bmi160_set_intr_high_g                                
00005cff  bmi160_set_intr_high_g_durn                           
00005c39  bmi160_set_intr_high_g_hyst                           
00005d85  bmi160_set_intr_high_g_thres                          
00003d07  bmi160_set_intr_level                                 
00004413  bmi160_set_intr_low_g                                 
00005983  bmi160_set_intr_low_g_durn                            
00005a8f  bmi160_set_intr_low_g_hyst                            
00005b5f  bmi160_set_intr_low_g_mode                            
00005a09  bmi160_set_intr_low_g_thres                           
000057d1  bmi160_set_intr_low_high_source                       
000058ab  bmi160_set_intr_motion_source                         
0000493f  bmi160_set_intr_nomotion                              
00004de9  bmi160_set_intr_orient                                
00006c1f  bmi160_set_intr_orient_axes_enable                    
000068c7  bmi160_set_intr_orient_blocking                       
000069a1  bmi160_set_intr_orient_hyst                           
000067ed  bmi160_set_intr_orient_mode                           
00006a67  bmi160_set_intr_orient_theta                          
00006b45  bmi160_set_intr_orient_ud_enable                      
00003e99  bmi160_set_intr_output_type                           
00005103  bmi160_set_intr_pmu_trig                              
0000633f  bmi160_set_intr_significant_motion_proof              
0000618b  bmi160_set_intr_significant_motion_select             
00006265  bmi160_set_intr_significant_motion_skip               
00004c5d  bmi160_set_intr_single_tap                            
00005ed9  bmi160_set_intr_slow_no_motion_durn                   
000060ab  bmi160_set_intr_slow_no_motion_select                 
00006025  bmi160_set_intr_slow_no_motion_thres                  
00006417  bmi160_set_intr_tap_durn                              
00006649  bmi160_set_intr_tap_quiet                             
0000656f  bmi160_set_intr_tap_shock                             
000056f3  bmi160_set_intr_tap_source                            
00006721  bmi160_set_intr_tap_thres                             
00004167  bmi160_set_latch_intr                                 
00002b73  bmi160_set_mag_burst                                  
00002d07  bmi160_set_mag_manual_enable                          
00002c3b  bmi160_set_mag_offset                                 
00001ee3  bmi160_set_mag_output_data_rate                       
00002ddd  bmi160_set_mag_read_addr                              
00002e63  bmi160_set_mag_write_addr                             
00002ee9  bmi160_set_mag_write_data                             
00008631  bmi160_set_nvm_counter                                
00007983  bmi160_set_nvm_prog_enable                            
00004025  bmi160_set_output_enable                              
0000974f  bmi160_set_paging_enable                              
00009829  bmi160_set_pullup_configuration                       
00008569  bmi160_set_spare0_trim                                
00007a5b  bmi160_set_spi3                                       
0000849d  bmi160_set_spi_enable                                 
00009185  bmi160_set_step_config                                
000092e7  bmi160_set_step_counter_enable                        
00003a6b  bmi160_set_step_detector_enable                       
00009373  bmi160_set_step_mode                                  
00009675  bmi160_set_target_page                                
00010cbd  bmi160_spi_bus_read                                   
00010cdb  bmi160_spi_bus_write                                  
00000145  bmi160_write_reg                                      
2000d25b  burstMode                                             
2000d200  caught                                                
2000d204  coins                                                 
2000d208  coins_counter                                         
000160d7  copysign                                              
000160d7  copysignl                                             
2000cd74  counter0                                              
2000cd78  counter1                                              
2000cd7c  counter2                                              
2000d1e8  decayAve                                              
2000d1f8  enemy_dir                                             
2000d1f6  enemy_pos                                             
2000d24c  errno                                                 
2000d1f2  flagTP                                                
000156a9  frexp                                                 
000156a9  frexpl                                                
2000cd80  g_ui32ByteCount                                       
0000f4e9  genRandColor                                          
00010021  getBLED                                               
0000ff77  getGLED                                               
0000fe99  getRLED                                               
2000bfbc  gyro_fifo                                             
2000cd4e  gyroxyz                                               
2000d228  i2cConfig                                             
00010bfb  i2c_routine                                           
2000d1e0  indexOFLight                                          
00011589  initFIFO                                              
000129fb  initI2C                                               
00013c37  init_RGBLEDs                                          
00000000  interruptVectors                                      
000146a9  ldexp                                                 
000146a9  ldexpl                                                
2000cc94  lightData                                             
2000c328  mag_fifo                                              
00014243  main                                                  
000160a1  memccpy                                               
00015059  memcpy                                                
000153b9  memset                                                
2000cd8c  pData                                                 
2000cd40  parmbuf                                               
2000d1f4  player_pos                                            
2000d1fc  points                                                
00015d71  rand                                                  
00012b7d  readBurstI2C                                          
00011615  readFIFO                                              
00012aaf  readI2C                                               
2000cd10  s_bmi160                                              
000146a9  scalbn                                                
000146a9  scalbnl                                               
2000cd90  sem_LED                                               
2000cd94  sem_sensor                                            
2000cd98  sensorMutex                                           
000148c9  sensorOpt3001Enable                                   
000148bd  sensorOpt3001Init                                     
000148f5  sensorOpt3001Read                                     
00014959  sensorOpt3001Test                                     
000138a3  sensorTmp007Enable                                    
0001390d  sensorTmp007EnableInterruptConversion                 
00013899  sensorTmp007Init                                      
00013957  sensorTmp007Read                                      
00013a15  sensorTmp007Test                                      
2000d1ec  smallRMS                                              
0001593d  snprintf                                              
00010c1d  spi_routine                                           
00015fe5  srand                                                 
00016181  strchr                                                
000161d5  strcpy                                                
000161e9  strlen                                                
000141b1  task0                                                 
2000cd9c  task0_ID                                              
000141c5  task1                                                 
2000cda0  task1_ID                                              
000141f1  task2                                                 
2000cda4  task2_ID                                              
2000d1e4  tempData                                              
0000fd75  thread0                                               
0000fdd5  thread1                                               
0000fe31  thread2                                               
0001626b  time                                                  
2000d258  toggle                                                
0001421d  uartInit                                              
2000cdab  ui8DummyRead                                          
2000cdae  ui8Status                                             
2000cdb0  v_fifo_data_u8                                        
000161fd  wcslen                                                
000116a1  writeFIFO                                             
00012a19  writeI2C                                              


GLOBAL SYMBOLS: SORTED BY Symbol Address 

address   name                                                  
-------   ----                                                  
00000000  __TI_static_base__                                    
00000000  interruptVectors                                      
000000e5  bmi160_init                                           
00000145  bmi160_write_reg                                      
00000189  bmi160_read_reg                                       
000001cd  bmi160_get_fatal_err                                  
00000200  __STACK_SIZE                                          
00000219  bmi160_get_err_code                                   
00000267  bmi160_get_i2c_fail_err                               
000002b5  bmi160_get_drop_cmd_err                               
00000303  bmi160_get_mag_dada_rdy_err                           
00000351  bmi160_get_error_status                               
000003e1  bmi160_get_mag_power_mode_stat                        
00000433  bmi160_get_gyro_power_mode_stat                       
00000481  bmi160_get_accel_power_mode_stat                      
000004cf  bmi160_read_mag_x                                     
0000057d  bmi160_read_mag_y                                     
0000062b  bmi160_read_mag_z                                     
000006d9  bmi160_read_mag_r                                     
00000743  bmi160_read_mag_xyz                                   
0000084d  bmi160_read_mag_xyzr                                  
00000909  bmi160_read_gyro_x                                    
0000095d  bmi160_read_gyro_y                                    
000009b1  bmi160_read_gyro_z                                    
00000a05  bmi160_read_gyro_xyz                                  
00000a7d  bmi160_read_accel_x                                   
00000ad1  bmi160_read_accel_y                                   
00000b25  bmi160_read_accel_z                                   
00000b79  bmi160_read_accel_xyz                                 
00000bed  bmi160_get_sensor_time                                
00000c49  bmi160_get_gyro_selftest                              
00000c97  bmi160_get_mag_manual_operation_stat                  
00000ce5  bmi160_get_foc_rdy                                    
00000d33  bmi160_get_nvm_rdy                                    
00000d85  bmi160_get_data_rdy_mag                               
00000dd3  bmi160_get_gyro_data_rdy                              
00000e21  bmi160_get_accel_data_rdy                             
00000e6f  bmi160_get_stat0_step_intr                            
00000ebb  bmi160_get_stat0_significant_intr                     
00000f09  bmi160_get_stat0_any_motion_intr                      
00000f57  bmi160_get_stat0_pmu_trigger_intr                     
00000fa5  bmi160_get_stat0_double_tap_intr                      
00000ff3  bmi160_get_stat0_single_tap_intr                      
00001041  bmi160_get_stat0_orient_intr                          
00001095  bmi160_get_stat0_flat_intr                            
000010e3  bmi160_get_stat1_high_g_intr                          
[...]
00011921  __TI_printfi                                          
0001236f  _nop                                                  
00012433  LCD_DrawRectangle                                     
00012585  LCD_Text                                              
0001261f  LCD_Clear                                             
0001263b  LCD_SetPoint                                          
0001269d  LCD_Init                                              
000128c7  TP_ReadXY                                             
000129fb  initI2C                                               
00012a19  writeI2C                                              
00012aaf  readI2C                                               
00012b7d  readBurstI2C                                          
00012c55  EUSCIB1_IRQHandler                                    
00012c55  EUSCIB1_IRQHandler                                    
00012d1d  SystemCoreClockUpdate                                 
00012f95  SystemInit                                            
0001306f  BackChannelInit                                       
0001308b  BackChannelPrint                                      
000130d7  BackChannelPrintIntVariable                           
000130f5  BackChannelEventTrigger                               
0001310d  BackChannelOpt3001PrintRaw                            
00013129  BackupChannelTmp007PrintRaw                           
0001314f  BackupChannelBmi160PrintAccel                         
0001317b  BackupChannelBmi160PrintGyro                          
000131a7  BackupChannelBmi160PrintMag                           
00013349  bme280_data_readout_template                          
00013435  bme280_initialize_sensor                              
0001348b  I2C_routine                                           
000134a7  SPI_routine                                           
000134bd  BME280_I2C_bus_write                                  
000134e9  BME280_I2C_bus_read                                   
00013515  BME280_SPI_bus_read                                   
0001357b  BME280_SPI_bus_write                                  
000135eb  BME280_delay_msek                                     
00013899  sensorTmp007Init                                      
000138a3  sensorTmp007Enable                                    
0001390d  sensorTmp007EnableInterruptConversion                 
00013957  sensorTmp007Read                                      
00013a15  sensorTmp007Test                                      
00013acd  LP3943_LedModeSet                                     
00013c37  init_RGBLEDs                                          
00013e81  __aeabi_dsub                                          
00013e8b  __aeabi_dadd                                          
00014037  __aeabi_idiv0                                         
00014037  __aeabi_ldiv0                                         
00014065  Joystick_Init_Without_Interrupt                       
000140c3  Joystick_Push_Button_Init_With_Interrupt              
00014119  Disable_Joystick_Interrupt                            
0001412f  GetJoystickCoordinates                                
000141b1  task0                                                 
000141c5  task1                                                 
000141f1  task2                                                 
0001421d  uartInit                                              
00014241  PORT4_IRQHandler                                      
00014241  PORT4_IRQHandler                                      
00014243  main                                                  
0001444d  __aeabi_ddiv                                          
000146a9  ldexp                                                 
000146a9  ldexpl                                                
000146a9  scalbn                                                
000146a9  scalbnl                                               
000147b9  CS_getDCOFrequency                                    
000148bd  sensorOpt3001Init                                     
000148c9  sensorOpt3001Enable                                   
000148f5  sensorOpt3001Read                                     
00014959  sensorOpt3001Test                                     
000149bb  __aeabi_dmul                                          
00014ab9  CS_initClockSignal                                    
00014dd9  G8RTOS_InitSemaphore                                  
00014df7  G8RTOS_WaitSemaphore                                  
00014e2f  G8RTOS_SignalSemaphore                                
00014e7d  PutChar                                               
00014f21  CS_startHFXTWithTimeout                               
00015059  __aeabi_memcpy                                        
00015059  __aeabi_memcpy4                                       
00015059  __aeabi_memcpy8                                       
00015059  memcpy                                                
000150f5  __aeabi_uldivmod                                      
0001518d  UART_initModule                                       
00015221  __aeabi_cdcmpeq                                       
00015221  __aeabi_cdcmple                                       
000152a7  __aeabi_cdrcmple                                      
0001532d  ClockSys_SetMaxFreq                                   
0001539b  ClockSys_GetSysFreq                                   
000153b1  __aeabi_memclr                                        
000153b1  __aeabi_memclr4                                       
000153b1  __aeabi_memclr8                                       
000153b3  __aeabi_memset                                        
000153b3  __aeabi_memset4                                       
000153b3  __aeabi_memset8                                       
000153b9  memset                                                
0001550b  __aeabi_ldivmod                                       
00015579  __TI_decompress_lzss                                  
000155e1  Interrupt_disableInterrupt                            
00015645  Interrupt_enableInterrupt                             
000156a9  frexp                                                 
000156a9  frexpl                                                
00015763  __TI_ltoa                                             
00015809  SysCtl_getTLVInfo                                     
00015859  GPIO_setAsPeripheralModuleFunctionOutputPin           
000158f1  atoi                                                  
0001593d  snprintf                                              
0001598d  G8RTOS_Start                                          
000159a7  PendSV_Handler                                        
000159a7  PendSV_Handler                                        
000159d1  GPIO_setAsPeripheralModuleFunctionInputPin            
00015a19  HOSTtime                                              
00015aa9  __aeabi_d2iz                                          
00015af1  __TI_auto_init_nobinit_nopinit                        
00015b35  GetASCIICode                                          
00015b75  LCD_WriteData                                         
00015bb5  I2C_initMaster                                        
00015c31  I2C_masterSendMultiByteStart                          
00015c69  __TI_writemsg                                         
00015c97  C$$IO$$                                               
00015ca1  BSP_InitBoard                                         
00015cd5  LCD_WriteIndex                                        
00015d09  __TI_readmsg                                          
00015d3d  _c_int00_noargs                                       
00015d71  rand                                                  
00015da5  I2C_masterSendMultiByteStop                           
00015e35  __aeabi_i2d                                           
00015e63  PCM_getCoreVoltageLevel                               
00015e8f  PCM_getPowerMode                                      
00015eb9  FlashCtl_setWaitState                                 
00015ee1  SPISendRecvTPByte                                     
00015f09  DelayMs                                               
00015f31  CS_clearInterruptFlag                                 
00015f55  CS_setDCOCenteredFrequency                            
00015f79  I2C_masterSendMultiByteNext                           
00015f9d  Interrupt_setPriority                                 
00015fc1  UART_transmitData                                     
00015fe5  srand                                                 
00016009  LCD_SetCursor                                         
00016029  LCD_Write_Data_Only                                   
00016049  SPI_transmitData                                      
00016069  LCD_WriteReg                                          
00016085  SPISendRecvByte                                       
000160a1  memccpy                                               
000160bd  SPI_receiveData                                       
000160d7  copysign                                              
000160d7  copysignl                                             
000160f1  CS_getMCLK                                            
00016109  CS_getSMCLK                                           
00016121  WDT_A_clearTimer                                      
00016139  WDT_A_holdTimer                                       
00016169  __aeabi_lmul                                          
00016181  strchr                                                
00016199  CS_setExternalClockSourceFrequency                    
000161ad  I2C_isBusBusy                                         
000161c1  SysTick_enableInterrupt                               
000161d5  strcpy                                                
000161e9  strlen                                                
000161fd  wcslen                                                
0001620f  I2C_masterReceiveStart                                
00016221  SysCtl_disableNMISource                               
00016231  SysCtl_enableNMISource                                
00016241  StartCriticalSection                                  
00016249  EndCriticalSection                                    
0001624f  I2C_clearInterruptFlag                                
0001625d  I2C_disableInterrupt                                  
0001626b  __time32                                              
0001626b  time                                                  
00016279  __TI_decompress_none                                  
00016287  Reset_Handler                                         
00016293  ADC14_IRQHandler                                      
00016293  AES256_IRQHandler                                     
00016293  BusFault_Handler                                      
00016293  COMP_E0_IRQHandler                                    
00016293  COMP_E1_IRQHandler                                    
00016293  CS_IRQHandler                                         
00016293  DMA_ERR_IRQHandler                                    
00016293  DMA_INT0_IRQHandler                                   
00016293  DMA_INT1_IRQHandler                                   
00016293  DMA_INT2_IRQHandler                                   
00016293  DMA_INT3_IRQHandler                                   
00016293  DebugMon_Handler                                      
00016293  Default_Handler                                       
00016293  EUSCIA0_IRQHandler                                    
00016293  EUSCIA1_IRQHandler                                    
00016293  EUSCIA2_IRQHandler                                    
00016293  EUSCIA3_IRQHandler                                    
00016293  EUSCIB0_IRQHandler                                    
00016293  EUSCIB2_IRQHandler                                    
00016293  EUSCIB3_IRQHandler                                    
00016293  FLCTL_IRQHandler                                      
00016293  FPU_IRQHandler                                        
00016293  HardFault_Handler                                     
00016293  MemManage_Handler                                     
00016293  NMI_Handler                                           
00016293  PCM_IRQHandler                                        
00016293  PORT1_IRQHandler                                      
00016293  PORT2_IRQHandler                                      
00016293  PORT3_IRQHandler                                      
00016293  PORT5_IRQHandler                                      
00016293  PORT6_IRQHandler                                      
00016293  PSS_IRQHandler                                        
00016293  RTC_C_IRQHandler                                      
00016293  SVC_Handler                                           
00016293  T32_INT1_IRQHandler                                   
00016293  T32_INT2_IRQHandler                                   
00016293  T32_INTC_IRQHandler                                   
00016293  TA0_0_IRQHandler                                      
00016293  TA0_N_IRQHandler                                      
00016293  TA1_0_IRQHandler                                      
00016293  TA1_N_IRQHandler                                      
00016293  TA2_0_IRQHandler                                      
00016293  TA2_N_IRQHandler                                      
00016293  TA3_0_IRQHandler                                      
00016293  TA3_N_IRQHandler                                      
00016293  UsageFault_Handler                                    
00016293  WDT_A_IRQHandler                                      
00016295  I2C_disableModule                                     
000162a1  I2C_enableModule                                      
000162ad  PCM_getPowerState                                     
000162b9  SysCtl_getNMISourceStatus                             
000162c5  UART_enableModule                                     
000162d1  __TI_zero_init                                        
000162dd  LCD_Write_Data_Start                                  
000162e7  I2C_enableInterrupt                                   
000162ef  PCM_setCoreVoltageLevel                               
000162f7  PCM_setPowerMode                                      
00016301  __aeabi_errno_addr                                    
00016309  CS_startHFXT                                          
0001630f  EUSCI_A_SPI_receiveData                               
00016315  EUSCI_B_SPI_receiveData                               
0001631b  I2C_getEnabledInterruptStatus                         
00016321  I2C_getInterruptStatus                                
00016327  I2C_masterReceiveMultiByteNext                        
0001632d  SysCtlDelay                                           
00016333  EUSCI_A_SPI_transmitData                              
00016337  EUSCI_B_SPI_transmitData                              
0001633b  I2C_setSlaveAddress                                   
0001633f  _system_pre_init                                      
00016343  C$$EXIT                                               
00016343  abort                                                 
00016938  _ctypes_                                              
00016b98  __TI_Handler_Table_Base                               
00016ba4  __TI_Handler_Table_Limit                              
00016bb0  __TI_CINIT_Base                                       
00016bc0  __TI_CINIT_Limit                                      
20000000  __start___llvm_prf_cnts                               
20000000  __stop___llvm_prf_cnts                                
2000bc50  accel_fifo                                            
2000bfbc  gyro_fifo                                             
2000c328  mag_fifo                                              
2000c694  ballArray                                             
2000c974  __CIOBUF_                                             
2000cc94  lightData                                             
2000ccd4  bme280                                                
2000cd10  s_bmi160                                              
2000cd40  parmbuf                                               
2000cd48  accelxyz                                              
2000cd4e  gyroxyz                                               
2000cd60  ButtonFunction                                        
2000cd64  CurrentlyRunningThread                                
2000cd68  LCDMutex                                              
2000cd6c  LEDMutex                                              
2000cd70  SystemTime                                            
2000cd74  counter0                                              
2000cd78  counter1                                              
2000cd7c  counter2                                              
2000cd80  g_ui32ByteCount                                       
2000cd8c  pData                                                 
2000cd90  sem_LED                                               
2000cd94  sem_sensor                                            
2000cd98  sensorMutex                                           
2000cd9c  task0_ID                                              
2000cda0  task1_ID                                              
2000cda4  task2_ID                                              
2000cdab  ui8DummyRead                                          
2000cdae  ui8Status                                             
2000cdb0  v_fifo_data_u8                                        
2000d1e0  indexOFLight                                          
2000d1e4  tempData                                              
2000d1e8  decayAve                                              
2000d1ec  smallRMS                                              
2000d1ee  accelX                                                
2000d1f0  accelY                                                
2000d1f2  flagTP                                                
2000d1f4  player_pos                                            
2000d1f6  enemy_pos                                             
2000d1f8  enemy_dir                                             
2000d1fc  points                                                
2000d200  caught                                                
2000d204  coins                                                 
2000d208  coins_counter                                         
2000d228  i2cConfig                                             
2000d23c  _lock                                                 
2000d240  _unlock                                               
2000d244  V_bmm150_maual_auto_condition_u8                      
2000d248  V_fifo_time_U32                                       
2000d24c  errno                                                 
2000d254  SystemCoreClock                                       
2000d258  toggle                                                
2000d25b  burstMode                                             
2000fe00  __stack                                               
20010000  __STACK_END                                           
4000480c  WDTCTL_SYM                                            
ffffffff  __TI_pprof_out_hndl                                   
ffffffff  __TI_prof_data_size                                   
ffffffff  __TI_prof_data_start                                  
ffffffff  __binit__                                             
ffffffff  __c_args__                                            
ffffffff  binit                                                 
UNDEFED   __mpu_init                                            
UNDEFED   _system_post_cinit                                    

[728 symbols]
