<?xml version="1.0" encoding="ISO-8859-1" ?>
<link_info>
   <banner>TI ARM Linker PC v20.2.2.LTS</banner>
   <copyright>Copyright (c) 1996-2018 Texas Instruments Incorporated</copyright>
   <link_time>0x605e9fb3</link_time>
   <link_errors>0x0</link_errors>
   <output_file>Lab4.out</output_file>
   <entry_point>
      <name>_c_int00_noargs</name>
      <address>0x15d3d</address>
   </entry_point>
   <input_file_list>
      <input_file id="fl-2">
         <path>.\</path>
         <kind>object</kind>
         <file>LCDLib.obj</file>
         <name>LCDLib.obj</name>
      </input_file>
      <input_file id="fl-3">
         <path>.\</path>
         <kind>object</kind>
         <file>main.obj</file>
         <name>main.obj</name>
      </input_file>
      <input_file id="fl-4">
         <path>.\</path>
         <kind>object</kind>
         <file>startup_msp432p401r_ccs.obj</file>
         <name>startup_msp432p401r_ccs.obj</name>
      </input_file>
      <input_file id="fl-5">
         <path>.\</path>
         <kind>object</kind>
         <file>system_msp432p401r.obj</file>
         <name>system_msp432p401r.obj</name>
      </input_file>
      <input_file id="fl-6">
         <path>.\BoardSupportPackage\src\</path>
         <kind>object</kind>
         <file>AsciiLib.obj</file>
         <name>AsciiLib.obj</name>
      </input_file>
      <input_file id="fl-7">
         <path>.\BoardSupportPackage\src\</path>
         <kind>object</kind>
         <file>BSP.obj</file>
         <name>BSP.obj</name>
      </input_file>
      <input_file id="fl-8">
         <path>.\BoardSupportPackage\src\</path>
         <kind>object</kind>
         <file>BackChannelUart.obj</file>
         <name>BackChannelUart.obj</name>
      </input_file>
      <input_file id="fl-9">
         <path>.\BoardSupportPackage\src\</path>
         <kind>object</kind>
         <file>ClockSys.obj</file>
         <name>ClockSys.obj</name>
      </input_file>
      <input_file id="fl-a">
         <path>.\BoardSupportPackage\src\</path>
         <kind>object</kind>
         <file>Joystick.obj</file>
         <name>Joystick.obj</name>
      </input_file>
      <input_file id="fl-b">
         <path>.\BoardSupportPackage\src\</path>
         <kind>object</kind>
         <file>RGBLeds.obj</file>
         <name>RGBLeds.obj</name>
      </input_file>
      <input_file id="fl-c">
         <path>.\BoardSupportPackage\src\</path>
         <kind>object</kind>
         <file>bme280.obj</file>
         <name>bme280.obj</name>
      </input_file>
      <input_file id="fl-d">
         <path>.\BoardSupportPackage\src\</path>
         <kind>object</kind>
         <file>bme280_support.obj</file>
         <name>bme280_support.obj</name>
      </input_file>
      <input_file id="fl-e">
         <path>.\BoardSupportPackage\src\</path>
         <kind>object</kind>
         <file>bmi160.obj</file>
         <name>bmi160.obj</name>
      </input_file>
      <input_file id="fl-f">
         <path>.\BoardSupportPackage\src\</path>
         <kind>object</kind>
         <file>bmi160_support.obj</file>
         <name>bmi160_support.obj</name>
      </input_file>
      <input_file id="fl-10">
         <path>.\BoardSupportPackage\src\</path>
         <kind>object</kind>
         <file>demo_sysctl.obj</file>
         <name>demo_sysctl.obj</name>
      </input_file>
      <input_file id="fl-11">
         <path>.\BoardSupportPackage\src\</path>
         <kind>object</kind>
         <file>i2c_driver.obj</file>
         <name>i2c_driver.obj</name>
      </input_file>
      <input_file id="fl-12">
         <path>.\BoardSupportPackage\src\</path>
         <kind>object</kind>
         <file>opt3001.obj</file>
         <name>opt3001.obj</name>
      </input_file>
      <input_file id="fl-13">
         <path>.\BoardSupportPackage\src\</path>
         <kind>object</kind>
         <file>tmp007.obj</file>
         <name>tmp007.obj</name>
      </input_file>
      <input_file id="fl-14">
         <path>.\G8RTOS_Empty_Lab2\</path>
         <kind>object</kind>
         <file>G8RTOS_CriticalSection.obj</file>
         <name>G8RTOS_CriticalSection.obj</name>
      </input_file>
      <input_file id="fl-15">
         <path>.\G8RTOS_Empty_Lab2\</path>
         <kind>object</kind>
         <file>G8RTOS_Scheduler.obj</file>
         <name>G8RTOS_Scheduler.obj</name>
      </input_file>
      <input_file id="fl-16">
         <path>.\G8RTOS_Empty_Lab2\</path>
         <kind>object</kind>
         <file>G8RTOS_SchedulerASM.obj</file>
         <name>G8RTOS_SchedulerASM.obj</name>
      </input_file>
      <input_file id="fl-17">
         <path>.\G8RTOS_Empty_Lab2\</path>
         <kind>object</kind>
         <file>G8RTOS_Semaphores.obj</file>
         <name>G8RTOS_Semaphores.obj</name>
      </input_file>
      <input_file id="fl-18">
         <path>.\G8RTOS_Empty_Lab2\</path>
         <kind>object</kind>
         <file>Threads.obj</file>
         <name>Threads.obj</name>
      </input_file>
      <input_file id="fl-1d">
         <kind>object</kind>
         <file>&lt;internal&gt;</file>
         <name>&lt;internal&gt;</name>
      </input_file>
      <input_file id="fl-1e">
         <path>..\BoardSupportPackage\DriverLib\</path>
         <kind>archive</kind>
         <file>msp432p4xx_driverlib.lib</file>
         <name>cs.o</name>
      </input_file>
      <input_file id="fl-1f">
         <path>..\BoardSupportPackage\DriverLib\</path>
         <kind>archive</kind>
         <file>msp432p4xx_driverlib.lib</file>
         <name>flash.o</name>
      </input_file>
      <input_file id="fl-20">
         <path>..\BoardSupportPackage\DriverLib\</path>
         <kind>archive</kind>
         <file>msp432p4xx_driverlib.lib</file>
         <name>gpio.o</name>
      </input_file>
      <input_file id="fl-21">
         <path>..\BoardSupportPackage\DriverLib\</path>
         <kind>archive</kind>
         <file>msp432p4xx_driverlib.lib</file>
         <name>i2c.o</name>
      </input_file>
      <input_file id="fl-22">
         <path>..\BoardSupportPackage\DriverLib\</path>
         <kind>archive</kind>
         <file>msp432p4xx_driverlib.lib</file>
         <name>interrupt.o</name>
      </input_file>
      <input_file id="fl-23">
         <path>..\BoardSupportPackage\DriverLib\</path>
         <kind>archive</kind>
         <file>msp432p4xx_driverlib.lib</file>
         <name>pcm.o</name>
      </input_file>
      <input_file id="fl-24">
         <path>..\BoardSupportPackage\DriverLib\</path>
         <kind>archive</kind>
         <file>msp432p4xx_driverlib.lib</file>
         <name>rtc_c.o</name>
      </input_file>
      <input_file id="fl-25">
         <path>..\BoardSupportPackage\DriverLib\</path>
         <kind>archive</kind>
         <file>msp432p4xx_driverlib.lib</file>
         <name>spi.o</name>
      </input_file>
      <input_file id="fl-26">
         <path>..\BoardSupportPackage\DriverLib\</path>
         <kind>archive</kind>
         <file>msp432p4xx_driverlib.lib</file>
         <name>sysctl.o</name>
      </input_file>
      <input_file id="fl-27">
         <path>..\BoardSupportPackage\DriverLib\</path>
         <kind>archive</kind>
         <file>msp432p4xx_driverlib.lib</file>
         <name>systick.o</name>
      </input_file>
      <input_file id="fl-28">
         <path>..\BoardSupportPackage\DriverLib\</path>
         <kind>archive</kind>
         <file>msp432p4xx_driverlib.lib</file>
         <name>uart.o</name>
      </input_file>
      <input_file id="fl-29">
         <path>..\BoardSupportPackage\DriverLib\</path>
         <kind>archive</kind>
         <file>msp432p4xx_driverlib.lib</file>
         <name>wdt_a.o</name>
      </input_file>
      <input_file id="fl-2a">
         <path>..\BoardSupportPackage\DriverLib\</path>
         <kind>archive</kind>
         <file>msp432p4xx_driverlib.lib</file>
         <name>cpu.o</name>
      </input_file>
      <input_file id="fl-e0">
         <path>C:\ti\ccs1020\ccs\tools\compiler\ti-cgt-arm_20.2.2.LTS\lib\</path>
         <kind>archive</kind>
         <file>rtsv7M4_T_le_v4SPD16_eabi.lib</file>
         <name>snprintf.c.obj</name>
      </input_file>
      <input_file id="fl-e1">
         <path>C:\ti\ccs1020\ccs\tools\compiler\ti-cgt-arm_20.2.2.LTS\lib\</path>
         <kind>archive</kind>
         <file>rtsv7M4_T_le_v4SPD16_eabi.lib</file>
         <name>ll_mul_t2.asm.obj</name>
      </input_file>
      <input_file id="fl-e2">
         <path>C:\ti\ccs1020\ccs\tools\compiler\ti-cgt-arm_20.2.2.LTS\lib\</path>
         <kind>archive</kind>
         <file>rtsv7M4_T_le_v4SPD16_eabi.lib</file>
         <name>memcpy_t2.asm.obj</name>
      </input_file>
      <input_file id="fl-e3">
         <path>C:\ti\ccs1020\ccs\tools\compiler\ti-cgt-arm_20.2.2.LTS\lib\</path>
         <kind>archive</kind>
         <file>rtsv7M4_T_le_v4SPD16_eabi.lib</file>
         <name>ll_div_t2.asm.obj</name>
      </input_file>
      <input_file id="fl-e4">
         <path>C:\ti\ccs1020\ccs\tools\compiler\ti-cgt-arm_20.2.2.LTS\lib\</path>
         <kind>archive</kind>
         <file>rtsv7M4_T_le_v4SPD16_eabi.lib</file>
         <name>ull_div_t2.asm.obj</name>
      </input_file>
      <input_file id="fl-e5">
         <path>C:\ti\ccs1020\ccs\tools\compiler\ti-cgt-arm_20.2.2.LTS\lib\</path>
         <kind>archive</kind>
         <file>rtsv7M4_T_le_v4SPD16_eabi.lib</file>
         <name>memset_t2.asm.obj</name>
      </input_file>
      <input_file id="fl-e6">
         <path>C:\ti\ccs1020\ccs\tools\compiler\ti-cgt-arm_20.2.2.LTS\lib\</path>
         <kind>archive</kind>
         <file>rtsv7M4_T_le_v4SPD16_eabi.lib</file>
         <name>copy_zero_init.c.obj</name>
      </input_file>
      <input_file id="fl-e7">
         <path>C:\ti\ccs1020\ccs\tools\compiler\ti-cgt-arm_20.2.2.LTS\lib\</path>
         <kind>archive</kind>
         <file>rtsv7M4_T_le_v4SPD16_eabi.lib</file>
         <name>copy_decompress_none.c.obj</name>
      </input_file>
      <input_file id="fl-e8">
         <path>C:\ti\ccs1020\ccs\tools\compiler\ti-cgt-arm_20.2.2.LTS\lib\</path>
         <kind>archive</kind>
         <file>rtsv7M4_T_le_v4SPD16_eabi.lib</file>
         <name>copy_decompress_lzss.c.obj</name>
      </input_file>
      <input_file id="fl-e9">
         <path>C:\ti\ccs1020\ccs\tools\compiler\ti-cgt-arm_20.2.2.LTS\lib\</path>
         <kind>archive</kind>
         <file>rtsv7M4_T_le_v4SPD16_eabi.lib</file>
         <name>rand.c.obj</name>
      </input_file>
      <input_file id="fl-ea">
         <path>C:\ti\ccs1020\ccs\tools\compiler\ti-cgt-arm_20.2.2.LTS\lib\</path>
         <kind>archive</kind>
         <file>rtsv7M4_T_le_v4SPD16_eabi.lib</file>
         <name>strcpy.c.obj</name>
      </input_file>
      <input_file id="fl-eb">
         <path>C:\ti\ccs1020\ccs\tools\compiler\ti-cgt-arm_20.2.2.LTS\lib\</path>
         <kind>archive</kind>
         <file>rtsv7M4_T_le_v4SPD16_eabi.lib</file>
         <name>time.c.obj</name>
      </input_file>
      <input_file id="fl-ec">
         <path>C:\ti\ccs1020\ccs\tools\compiler\ti-cgt-arm_20.2.2.LTS\lib\</path>
         <kind>archive</kind>
         <file>rtsv7M4_T_le_v4SPD16_eabi.lib</file>
         <name>boot_cortex_m.c.obj</name>
      </input_file>
      <input_file id="fl-ed">
         <path>C:\ti\ccs1020\ccs\tools\compiler\ti-cgt-arm_20.2.2.LTS\lib\</path>
         <kind>archive</kind>
         <file>rtsv7M4_T_le_v4SPD16_eabi.lib</file>
         <name>_printfi.c.obj</name>
      </input_file>
      <input_file id="fl-ee">
         <path>C:\ti\ccs1020\ccs\tools\compiler\ti-cgt-arm_20.2.2.LTS\lib\</path>
         <kind>archive</kind>
         <file>rtsv7M4_T_le_v4SPD16_eabi.lib</file>
         <name>div0.asm.obj</name>
      </input_file>
      <input_file id="fl-ef">
         <path>C:\ti\ccs1020\ccs\tools\compiler\ti-cgt-arm_20.2.2.LTS\lib\</path>
         <kind>archive</kind>
         <file>rtsv7M4_T_le_v4SPD16_eabi.lib</file>
         <name>fd_add_t2.asm.obj</name>
      </input_file>
      <input_file id="fl-f0">
         <path>C:\ti\ccs1020\ccs\tools\compiler\ti-cgt-arm_20.2.2.LTS\lib\</path>
         <kind>archive</kind>
         <file>rtsv7M4_T_le_v4SPD16_eabi.lib</file>
         <name>fd_cmp_t2.asm.obj</name>
      </input_file>
      <input_file id="fl-f1">
         <path>C:\ti\ccs1020\ccs\tools\compiler\ti-cgt-arm_20.2.2.LTS\lib\</path>
         <kind>archive</kind>
         <file>rtsv7M4_T_le_v4SPD16_eabi.lib</file>
         <name>fd_div_t2.asm.obj</name>
      </input_file>
      <input_file id="fl-f2">
         <path>C:\ti\ccs1020\ccs\tools\compiler\ti-cgt-arm_20.2.2.LTS\lib\</path>
         <kind>archive</kind>
         <file>rtsv7M4_T_le_v4SPD16_eabi.lib</file>
         <name>fd_mul_t2.asm.obj</name>
      </input_file>
      <input_file id="fl-f3">
         <path>C:\ti\ccs1020\ccs\tools\compiler\ti-cgt-arm_20.2.2.LTS\lib\</path>
         <kind>archive</kind>
         <file>rtsv7M4_T_le_v4SPD16_eabi.lib</file>
         <name>fd_toi_t2.asm.obj</name>
      </input_file>
      <input_file id="fl-f4">
         <path>C:\ti\ccs1020\ccs\tools\compiler\ti-cgt-arm_20.2.2.LTS\lib\</path>
         <kind>archive</kind>
         <file>rtsv7M4_T_le_v4SPD16_eabi.lib</file>
         <name>i_tofd_t2.asm.obj</name>
      </input_file>
      <input_file id="fl-f5">
         <path>C:\ti\ccs1020\ccs\tools\compiler\ti-cgt-arm_20.2.2.LTS\lib\</path>
         <kind>archive</kind>
         <file>rtsv7M4_T_le_v4SPD16_eabi.lib</file>
         <name>autoinit.c.obj</name>
      </input_file>
      <input_file id="fl-f6">
         <path>C:\ti\ccs1020\ccs\tools\compiler\ti-cgt-arm_20.2.2.LTS\lib\</path>
         <kind>archive</kind>
         <file>rtsv7M4_T_le_v4SPD16_eabi.lib</file>
         <name>pre_init.c.obj</name>
      </input_file>
      <input_file id="fl-f7">
         <path>C:\ti\ccs1020\ccs\tools\compiler\ti-cgt-arm_20.2.2.LTS\lib\</path>
         <kind>archive</kind>
         <file>rtsv7M4_T_le_v4SPD16_eabi.lib</file>
         <name>cpy_tbl.c.obj</name>
      </input_file>
      <input_file id="fl-f8">
         <path>C:\ti\ccs1020\ccs\tools\compiler\ti-cgt-arm_20.2.2.LTS\lib\</path>
         <kind>archive</kind>
         <file>rtsv7M4_T_le_v4SPD16_eabi.lib</file>
         <name>exit.c.obj</name>
      </input_file>
      <input_file id="fl-f9">
         <path>C:\ti\ccs1020\ccs\tools\compiler\ti-cgt-arm_20.2.2.LTS\lib\</path>
         <kind>archive</kind>
         <file>rtsv7M4_T_le_v4SPD16_eabi.lib</file>
         <name>_lock.c.obj</name>
      </input_file>
      <input_file id="fl-fa">
         <path>C:\ti\ccs1020\ccs\tools\compiler\ti-cgt-arm_20.2.2.LTS\lib\</path>
         <kind>archive</kind>
         <file>rtsv7M4_T_le_v4SPD16_eabi.lib</file>
         <name>_ltoa.c.obj</name>
      </input_file>
      <input_file id="fl-fb">
         <path>C:\ti\ccs1020\ccs\tools\compiler\ti-cgt-arm_20.2.2.LTS\lib\</path>
         <kind>archive</kind>
         <file>rtsv7M4_T_le_v4SPD16_eabi.lib</file>
         <name>args_main.c.obj</name>
      </input_file>
      <input_file id="fl-fc">
         <path>C:\ti\ccs1020\ccs\tools\compiler\ti-cgt-arm_20.2.2.LTS\lib\</path>
         <kind>archive</kind>
         <file>rtsv7M4_T_le_v4SPD16_eabi.lib</file>
         <name>atoi.c.obj</name>
      </input_file>
      <input_file id="fl-fd">
         <path>C:\ti\ccs1020\ccs\tools\compiler\ti-cgt-arm_20.2.2.LTS\lib\</path>
         <kind>archive</kind>
         <file>rtsv7M4_T_le_v4SPD16_eabi.lib</file>
         <name>ctype.c.obj</name>
      </input_file>
      <input_file id="fl-fe">
         <path>C:\ti\ccs1020\ccs\tools\compiler\ti-cgt-arm_20.2.2.LTS\lib\</path>
         <kind>archive</kind>
         <file>rtsv7M4_T_le_v4SPD16_eabi.lib</file>
         <name>memccpy.c.obj</name>
      </input_file>
      <input_file id="fl-ff">
         <path>C:\ti\ccs1020\ccs\tools\compiler\ti-cgt-arm_20.2.2.LTS\lib\</path>
         <kind>archive</kind>
         <file>rtsv7M4_T_le_v4SPD16_eabi.lib</file>
         <name>strchr.c.obj</name>
      </input_file>
      <input_file id="fl-100">
         <path>C:\ti\ccs1020\ccs\tools\compiler\ti-cgt-arm_20.2.2.LTS\lib\</path>
         <kind>archive</kind>
         <file>rtsv7M4_T_le_v4SPD16_eabi.lib</file>
         <name>strlen.c.obj</name>
      </input_file>
      <input_file id="fl-101">
         <path>C:\ti\ccs1020\ccs\tools\compiler\ti-cgt-arm_20.2.2.LTS\lib\</path>
         <kind>archive</kind>
         <file>rtsv7M4_T_le_v4SPD16_eabi.lib</file>
         <name>hosttime.c.obj</name>
      </input_file>
      <input_file id="fl-102">
         <path>C:\ti\ccs1020\ccs\tools\compiler\ti-cgt-arm_20.2.2.LTS\lib\</path>
         <kind>archive</kind>
         <file>rtsv7M4_T_le_v4SPD16_eabi.lib</file>
         <name>trgmsg.c.obj</name>
      </input_file>
      <input_file id="fl-103">
         <path>C:\ti\ccs1020\ccs\tools\compiler\ti-cgt-arm_20.2.2.LTS\lib\</path>
         <kind>archive</kind>
         <file>rtsv7M4_T_le_v4SPD16_eabi.lib</file>
         <name>errno.c.obj</name>
      </input_file>
      <input_file id="fl-104">
         <path>C:\ti\ccs1020\ccs\tools\compiler\ti-cgt-arm_20.2.2.LTS\lib\</path>
         <kind>archive</kind>
         <file>rtsv7M4_T_le_v4SPD16_eabi.lib</file>
         <name>s_frexp.c.obj</name>
      </input_file>
      <input_file id="fl-105">
         <path>C:\ti\ccs1020\ccs\tools\compiler\ti-cgt-arm_20.2.2.LTS\lib\</path>
         <kind>archive</kind>
         <file>rtsv7M4_T_le_v4SPD16_eabi.lib</file>
         <name>s_scalbn.c.obj</name>
      </input_file>
      <input_file id="fl-106">
         <path>C:\ti\ccs1020\ccs\tools\compiler\ti-cgt-arm_20.2.2.LTS\lib\</path>
         <kind>archive</kind>
         <file>rtsv7M4_T_le_v4SPD16_eabi.lib</file>
         <name>wcslen.c.obj</name>
      </input_file>
      <input_file id="fl-107">
         <path>C:\ti\ccs1020\ccs\tools\compiler\ti-cgt-arm_20.2.2.LTS\lib\</path>
         <kind>archive</kind>
         <file>rtsv7M4_T_le_v4SPD16_eabi.lib</file>
         <name>s_copysign.c.obj</name>
      </input_file>
      <input_file id="fl-108">
         <path>C:\ti\ccs1020\ccs\tools\compiler\ti-cgt-arm_20.2.2.LTS\lib\</path>
         <kind>archive</kind>
         <file>rtsv7M4_T_le_v4SPD16_eabi.lib</file>
         <name>hostopen.c.obj</name>
      </input_file>
   </input_file_list>
   <object_component_list>
      <object_component id="oc-26">
         <name>.intvecs:retain</name>
         <load_address>0x0</load_address>
         <run_address>0x0</run_address>
         <size>0xe4</size>
         <input_file_ref idref="fl-4"/>
      </object_component>
      <object_component id="oc-315">
         <name>.text</name>
         <load_address>0xe4</load_address>
         <run_address>0xe4</run_address>
         <size>0xd5e0</size>
         <input_file_ref idref="fl-e"/>
      </object_component>
      <object_component id="oc-331">
         <name>.text</name>
         <load_address>0xd6c4</load_address>
         <run_address>0xd6c4</run_address>
         <size>0x1810</size>
         <input_file_ref idref="fl-c"/>
      </object_component>
      <object_component id="oc-1b4">
         <name>.text</name>
         <load_address>0xeed4</load_address>
         <run_address>0xeed4</run_address>
         <size>0x1238</size>
         <input_file_ref idref="fl-18"/>
      </object_component>
      <object_component id="oc-263">
         <name>.text</name>
         <load_address>0x1010c</load_address>
         <run_address>0x1010c</run_address>
         <size>0xc28</size>
         <input_file_ref idref="fl-f"/>
      </object_component>
      <object_component id="oc-72">
         <name>.text</name>
         <load_address>0x10d34</load_address>
         <run_address>0x10d34</run_address>
         <size>0xbec</size>
         <input_file_ref idref="fl-15"/>
      </object_component>
      <object_component id="oc-47b">
         <name>.text:__TI_printfi</name>
         <load_address>0x11920</load_address>
         <run_address>0x11920</run_address>
         <size>0xa4e</size>
         <input_file_ref idref="fl-ed"/>
      </object_component>
      <object_component id="oc-4ab">
         <name>.text:_nop</name>
         <load_address>0x1236e</load_address>
         <run_address>0x1236e</run_address>
         <size>0x2</size>
         <input_file_ref idref="fl-f9"/>
      </object_component>
      <object_component id="oc-1a3">
         <name>.text</name>
         <load_address>0x12370</load_address>
         <run_address>0x12370</run_address>
         <size>0x64c</size>
         <input_file_ref idref="fl-2"/>
      </object_component>
      <object_component id="oc-78">
         <name>.text</name>
         <load_address>0x129bc</load_address>
         <run_address>0x129bc</run_address>
         <size>0x360</size>
         <input_file_ref idref="fl-11"/>
      </object_component>
      <object_component id="oc-b6">
         <name>.text</name>
         <load_address>0x12d1c</load_address>
         <run_address>0x12d1c</run_address>
         <size>0x334</size>
         <input_file_ref idref="fl-5"/>
      </object_component>
      <object_component id="oc-275">
         <name>.text</name>
         <load_address>0x13050</load_address>
         <run_address>0x13050</run_address>
         <size>0x2f8</size>
         <input_file_ref idref="fl-8"/>
      </object_component>
      <object_component id="oc-26f">
         <name>.text</name>
         <load_address>0x13348</load_address>
         <run_address>0x13348</run_address>
         <size>0x2e0</size>
         <input_file_ref idref="fl-d"/>
      </object_component>
      <object_component id="oc-59e">
         <name>.text:_pconv_a</name>
         <load_address>0x13628</load_address>
         <run_address>0x13628</run_address>
         <size>0x270</size>
         <input_file_ref idref="fl-ed"/>
      </object_component>
      <object_component id="oc-25d">
         <name>.text</name>
         <load_address>0x13898</load_address>
         <run_address>0x13898</run_address>
         <size>0x234</size>
         <input_file_ref idref="fl-13"/>
      </object_component>
      <object_component id="oc-27b">
         <name>.text</name>
         <load_address>0x13acc</load_address>
         <run_address>0x13acc</run_address>
         <size>0x1e4</size>
         <input_file_ref idref="fl-b"/>
      </object_component>
      <object_component id="oc-58c">
         <name>.text:_pconv_g</name>
         <load_address>0x13cb0</load_address>
         <run_address>0x13cb0</run_address>
         <size>0x1d0</size>
         <input_file_ref idref="fl-ed"/>
      </object_component>
      <object_component id="oc-655">
         <name>.text</name>
         <load_address>0x13e80</load_address>
         <run_address>0x13e80</run_address>
         <size>0x1b6</size>
         <input_file_ref idref="fl-ef"/>
      </object_component>
      <object_component id="oc-49f">
         <name>.text</name>
         <load_address>0x14036</load_address>
         <run_address>0x14036</run_address>
         <size>0x2</size>
         <input_file_ref idref="fl-ee"/>
      </object_component>
      <object_component id="oc-269">
         <name>.text</name>
         <load_address>0x14038</load_address>
         <run_address>0x14038</run_address>
         <size>0x178</size>
         <input_file_ref idref="fl-a"/>
      </object_component>
      <object_component id="oc-7e">
         <name>.text</name>
         <load_address>0x141b0</load_address>
         <run_address>0x141b0</run_address>
         <size>0x160</size>
         <input_file_ref idref="fl-3"/>
      </object_component>
      <object_component id="oc-598">
         <name>.text:_pconv_e</name>
         <load_address>0x14310</load_address>
         <run_address>0x14310</run_address>
         <size>0x13c</size>
         <input_file_ref idref="fl-ed"/>
      </object_component>
      <object_component id="oc-63b">
         <name>.text</name>
         <load_address>0x1444c</load_address>
         <run_address>0x1444c</run_address>
         <size>0x136</size>
         <input_file_ref idref="fl-f1"/>
      </object_component>
      <object_component id="oc-667">
         <name>.text:fcvt</name>
         <load_address>0x14584</load_address>
         <run_address>0x14584</run_address>
         <size>0x124</size>
         <input_file_ref idref="fl-ed"/>
      </object_component>
      <object_component id="oc-67b">
         <name>.text:scalbn</name>
         <load_address>0x146a8</load_address>
         <run_address>0x146a8</run_address>
         <size>0x110</size>
         <input_file_ref idref="fl-105"/>
      </object_component>
      <object_component id="oc-3e8">
         <name>.text:CS_getDCOFrequency</name>
         <load_address>0x147b8</load_address>
         <run_address>0x147b8</run_address>
         <size>0x104</size>
         <input_file_ref idref="fl-1e"/>
      </object_component>
      <object_component id="oc-257">
         <name>.text</name>
         <load_address>0x148bc</load_address>
         <run_address>0x148bc</run_address>
         <size>0xfe</size>
         <input_file_ref idref="fl-12"/>
      </object_component>
      <object_component id="oc-636">
         <name>.text</name>
         <load_address>0x149ba</load_address>
         <run_address>0x149ba</run_address>
         <size>0xfc</size>
         <input_file_ref idref="fl-f2"/>
      </object_component>
      <object_component id="oc-393">
         <name>.text:CS_initClockSignal</name>
         <load_address>0x14ab8</load_address>
         <run_address>0x14ab8</run_address>
         <size>0xe0</size>
         <input_file_ref idref="fl-1e"/>
      </object_component>
      <object_component id="oc-6a5">
         <name>.text:__PCM_setPowerModeAdvanced</name>
         <load_address>0x14b98</load_address>
         <run_address>0x14b98</run_address>
         <size>0xdc</size>
         <input_file_ref idref="fl-23"/>
      </object_component>
      <object_component id="oc-581">
         <name>.text:_ltostr</name>
         <load_address>0x14c74</load_address>
         <run_address>0x14c74</run_address>
         <size>0xb1</size>
         <input_file_ref idref="fl-ed"/>
      </object_component>
      <object_component id="oc-4d3">
         <name>.text:__PCM_setCoreVoltageLevelAdvanced</name>
         <load_address>0x14d28</load_address>
         <run_address>0x14d28</run_address>
         <size>0xb0</size>
         <input_file_ref idref="fl-23"/>
      </object_component>
      <object_component id="oc-e9">
         <name>.text</name>
         <load_address>0x14dd8</load_address>
         <run_address>0x14dd8</run_address>
         <size>0xa4</size>
         <input_file_ref idref="fl-17"/>
      </object_component>
      <object_component id="oc-2f7">
         <name>.text:PutChar</name>
         <load_address>0x14e7c</load_address>
         <run_address>0x14e7c</run_address>
         <size>0xa4</size>
         <input_file_ref idref="fl-2"/>
      </object_component>
      <object_component id="oc-4dd">
         <name>.text:CS_startHFXTWithTimeout</name>
         <load_address>0x14f20</load_address>
         <run_address>0x14f20</run_address>
         <size>0x9c</size>
         <input_file_ref idref="fl-1e"/>
      </object_component>
      <object_component id="oc-296">
         <name>.text:_CSComputeCLKFrequency</name>
         <load_address>0x14fbc</load_address>
         <run_address>0x14fbc</run_address>
         <size>0x9c</size>
         <input_file_ref idref="fl-1e"/>
      </object_component>
      <object_component id="oc-37">
         <name>.text</name>
         <load_address>0x15058</load_address>
         <run_address>0x15058</run_address>
         <size>0x9c</size>
         <input_file_ref idref="fl-e2"/>
      </object_component>
      <object_component id="oc-346">
         <name>.text</name>
         <load_address>0x150f4</load_address>
         <run_address>0x150f4</run_address>
         <size>0x96</size>
         <input_file_ref idref="fl-e4"/>
      </object_component>
      <object_component id="oc-197">
         <name>.text:UART_initModule</name>
         <load_address>0x1518c</load_address>
         <run_address>0x1518c</run_address>
         <size>0x94</size>
         <input_file_ref idref="fl-28"/>
      </object_component>
      <object_component id="oc-587">
         <name>.text:__aeabi_cdcmple</name>
         <load_address>0x15220</load_address>
         <run_address>0x15220</run_address>
         <size>0x86</size>
         <input_file_ref idref="fl-f0"/>
      </object_component>
      <object_component id="oc-640">
         <name>.text:__aeabi_cdrcmple</name>
         <load_address>0x152a6</load_address>
         <run_address>0x152a6</run_address>
         <size>0x86</size>
         <input_file_ref idref="fl-f0"/>
      </object_component>
      <object_component id="oc-251">
         <name>.text</name>
         <load_address>0x1532c</load_address>
         <run_address>0x1532c</run_address>
         <size>0x84</size>
         <input_file_ref idref="fl-9"/>
      </object_component>
      <object_component id="oc-9e">
         <name>.text</name>
         <load_address>0x153b0</load_address>
         <run_address>0x153b0</run_address>
         <size>0x7a</size>
         <input_file_ref idref="fl-e5"/>
      </object_component>
      <object_component id="oc-5fe">
         <name>.text:_CSGetHFXTFrequency</name>
         <load_address>0x1542c</load_address>
         <run_address>0x1542c</run_address>
         <size>0x70</size>
         <input_file_ref idref="fl-1e"/>
      </object_component>
      <object_component id="oc-660">
         <name>.text:_mcpy</name>
         <load_address>0x1549c</load_address>
         <run_address>0x1549c</run_address>
         <size>0x6e</size>
         <input_file_ref idref="fl-ed"/>
      </object_component>
      <object_component id="oc-472">
         <name>.text</name>
         <load_address>0x1550a</load_address>
         <run_address>0x1550a</run_address>
         <size>0x6e</size>
         <input_file_ref idref="fl-e3"/>
      </object_component>
      <object_component id="oc-17">
         <name>.text:decompress:lzss:__TI_decompress_lzss</name>
         <load_address>0x15578</load_address>
         <run_address>0x15578</run_address>
         <size>0x68</size>
         <input_file_ref idref="fl-e8"/>
      </object_component>
      <object_component id="oc-149">
         <name>.text:Interrupt_disableInterrupt</name>
         <load_address>0x155e0</load_address>
         <run_address>0x155e0</run_address>
         <size>0x64</size>
         <input_file_ref idref="fl-22"/>
      </object_component>
      <object_component id="oc-13d">
         <name>.text:Interrupt_enableInterrupt</name>
         <load_address>0x15644</load_address>
         <run_address>0x15644</run_address>
         <size>0x64</size>
         <input_file_ref idref="fl-22"/>
      </object_component>
      <object_component id="oc-675">
         <name>.text:frexp</name>
         <load_address>0x156a8</load_address>
         <run_address>0x156a8</run_address>
         <size>0x64</size>
         <input_file_ref idref="fl-104"/>
      </object_component>
      <object_component id="oc-592">
         <name>.text:_pconv_f</name>
         <load_address>0x1570c</load_address>
         <run_address>0x1570c</run_address>
         <size>0x56</size>
         <input_file_ref idref="fl-ed"/>
      </object_component>
      <object_component id="oc-64a">
         <name>.text:__TI_ltoa</name>
         <load_address>0x15762</load_address>
         <run_address>0x15762</run_address>
         <size>0x54</size>
         <input_file_ref idref="fl-fa"/>
      </object_component>
      <object_component id="oc-65a">
         <name>.text:_ecpy</name>
         <load_address>0x157b6</load_address>
         <run_address>0x157b6</run_address>
         <size>0x52</size>
         <input_file_ref idref="fl-ed"/>
      </object_component>
      <object_component id="oc-510">
         <name>.text:SysCtl_getTLVInfo</name>
         <load_address>0x15808</load_address>
         <run_address>0x15808</run_address>
         <size>0x50</size>
         <input_file_ref idref="fl-26"/>
      </object_component>
      <object_component id="oc-10d">
         <name>.text:GPIO_setAsPeripheralModuleFunctionOutputPin</name>
         <load_address>0x15858</load_address>
         <run_address>0x15858</run_address>
         <size>0x4c</size>
         <input_file_ref idref="fl-20"/>
      </object_component>
      <object_component id="oc-50a">
         <name>.text:_CSGetDOCFrequency</name>
         <load_address>0x158a4</load_address>
         <run_address>0x158a4</run_address>
         <size>0x4c</size>
         <input_file_ref idref="fl-1e"/>
      </object_component>
      <object_component id="oc-57b">
         <name>.text:atoi</name>
         <load_address>0x158f0</load_address>
         <run_address>0x158f0</run_address>
         <size>0x4c</size>
         <input_file_ref idref="fl-fc"/>
      </object_component>
      <object_component id="oc-33a">
         <name>.text:snprintf</name>
         <load_address>0x1593c</load_address>
         <run_address>0x1593c</run_address>
         <size>0x4c</size>
         <input_file_ref idref="fl-e0"/>
      </object_component>
      <object_component id="oc-6d">
         <name>.text</name>
         <load_address>0x15988</load_address>
         <run_address>0x15988</run_address>
         <size>0x48</size>
         <input_file_ref idref="fl-16"/>
      </object_component>
      <object_component id="oc-18b">
         <name>.text:GPIO_setAsPeripheralModuleFunctionInputPin</name>
         <load_address>0x159d0</load_address>
         <run_address>0x159d0</run_address>
         <size>0x48</size>
         <input_file_ref idref="fl-20"/>
      </object_component>
      <object_component id="oc-45c">
         <name>.text:HOSTtime</name>
         <load_address>0x15a18</load_address>
         <run_address>0x15a18</run_address>
         <size>0x48</size>
         <input_file_ref idref="fl-101"/>
      </object_component>
      <object_component id="oc-3e2">
         <name>.text:_CSGetDividerValue</name>
         <load_address>0x15a60</load_address>
         <run_address>0x15a60</run_address>
         <size>0x48</size>
         <input_file_ref idref="fl-1e"/>
      </object_component>
      <object_component id="oc-645">
         <name>.text</name>
         <load_address>0x15aa8</load_address>
         <run_address>0x15aa8</run_address>
         <size>0x48</size>
         <input_file_ref idref="fl-f3"/>
      </object_component>
      <object_component id="oc-1e0">
         <name>.text:__TI_auto_init_nobinit_nopinit:__TI_auto_init_nobinit_nopinit</name>
         <load_address>0x15af0</load_address>
         <run_address>0x15af0</run_address>
         <size>0x44</size>
         <input_file_ref idref="fl-f5"/>
      </object_component>
      <object_component id="oc-427">
         <name>.text</name>
         <load_address>0x15b34</load_address>
         <run_address>0x15b34</run_address>
         <size>0x40</size>
         <input_file_ref idref="fl-6"/>
      </object_component>
      <object_component id="oc-419">
         <name>.text:LCD_WriteData</name>
         <load_address>0x15b74</load_address>
         <run_address>0x15b74</run_address>
         <size>0x40</size>
         <input_file_ref idref="fl-2"/>
      </object_component>
      <object_component id="oc-11f">
         <name>.text:I2C_initMaster</name>
         <load_address>0x15bb4</load_address>
         <run_address>0x15bb4</run_address>
         <size>0x3e</size>
         <input_file_ref idref="fl-21"/>
      </object_component>
      <object_component id="oc-66d">
         <name>.text:_fcpy</name>
         <load_address>0x15bf2</load_address>
         <run_address>0x15bf2</run_address>
         <size>0x3e</size>
         <input_file_ref idref="fl-ed"/>
      </object_component>
      <object_component id="oc-137">
         <name>.text:I2C_masterSendMultiByteStart</name>
         <load_address>0x15c30</load_address>
         <run_address>0x15c30</run_address>
         <size>0x38</size>
         <input_file_ref idref="fl-21"/>
      </object_component>
      <object_component id="oc-550">
         <name>.text:__TI_writemsg</name>
         <load_address>0x15c68</load_address>
         <run_address>0x15c68</run_address>
         <size>0x38</size>
         <input_file_ref idref="fl-102"/>
      </object_component>
      <object_component id="oc-cb">
         <name>.text</name>
         <load_address>0x15ca0</load_address>
         <run_address>0x15ca0</run_address>
         <size>0x34</size>
         <input_file_ref idref="fl-7"/>
      </object_component>
      <object_component id="oc-2e2">
         <name>.text:LCD_WriteIndex</name>
         <load_address>0x15cd4</load_address>
         <run_address>0x15cd4</run_address>
         <size>0x34</size>
         <input_file_ref idref="fl-2"/>
      </object_component>
      <object_component id="oc-556">
         <name>.text:__TI_readmsg</name>
         <load_address>0x15d08</load_address>
         <run_address>0x15d08</run_address>
         <size>0x34</size>
         <input_file_ref idref="fl-102"/>
      </object_component>
      <object_component id="oc-55">
         <name>.text:_c_int00_noargs:_c_int00_noargs</name>
         <load_address>0x15d3c</load_address>
         <run_address>0x15d3c</run_address>
         <size>0x34</size>
         <input_file_ref idref="fl-ec"/>
      </object_component>
      <object_component id="oc-32b">
         <name>.text:rand</name>
         <load_address>0x15d70</load_address>
         <run_address>0x15d70</run_address>
         <size>0x34</size>
         <input_file_ref idref="fl-e9"/>
      </object_component>
      <object_component id="oc-167">
         <name>.text:I2C_masterSendMultiByteStop</name>
         <load_address>0x15da4</load_address>
         <run_address>0x15da4</run_address>
         <size>0x30</size>
         <input_file_ref idref="fl-21"/>
      </object_component>
      <object_component id="oc-481">
         <name>.text:_outs</name>
         <load_address>0x15dd4</load_address>
         <run_address>0x15dd4</run_address>
         <size>0x30</size>
         <input_file_ref idref="fl-e0"/>
      </object_component>
      <object_component id="oc-51d">
         <name>.text:is_A_Module</name>
         <load_address>0x15e04</load_address>
         <run_address>0x15e04</run_address>
         <size>0x30</size>
         <input_file_ref idref="fl-25"/>
      </object_component>
      <object_component id="oc-650">
         <name>.text</name>
         <load_address>0x15e34</load_address>
         <run_address>0x15e34</run_address>
         <size>0x2e</size>
         <input_file_ref idref="fl-f4"/>
      </object_component>
      <object_component id="oc-5dc">
         <name>.text:PCM_getCoreVoltageLevel</name>
         <load_address>0x15e62</load_address>
         <run_address>0x15e62</run_address>
         <size>0x2c</size>
         <input_file_ref idref="fl-23"/>
      </object_component>
      <object_component id="oc-5d6">
         <name>.text:PCM_getPowerMode</name>
         <load_address>0x15e8e</load_address>
         <run_address>0x15e8e</run_address>
         <size>0x2a</size>
         <input_file_ref idref="fl-23"/>
      </object_component>
      <object_component id="oc-387">
         <name>.text:FlashCtl_setWaitState</name>
         <load_address>0x15eb8</load_address>
         <run_address>0x15eb8</run_address>
         <size>0x28</size>
         <input_file_ref idref="fl-1f"/>
      </object_component>
      <object_component id="oc-2fe">
         <name>.text:SPISendRecvTPByte</name>
         <load_address>0x15ee0</load_address>
         <run_address>0x15ee0</run_address>
         <size>0x28</size>
         <input_file_ref idref="fl-2"/>
      </object_component>
      <object_component id="oc-3af">
         <name>.text</name>
         <load_address>0x15f08</load_address>
         <run_address>0x15f08</run_address>
         <size>0x26</size>
         <input_file_ref idref="fl-10"/>
      </object_component>
      <object_component id="oc-3ee">
         <name>.text:CS_clearInterruptFlag</name>
         <load_address>0x15f30</load_address>
         <run_address>0x15f30</run_address>
         <size>0x24</size>
         <input_file_ref idref="fl-1e"/>
      </object_component>
      <object_component id="oc-191">
         <name>.text:CS_setDCOCenteredFrequency</name>
         <load_address>0x15f54</load_address>
         <run_address>0x15f54</run_address>
         <size>0x24</size>
         <input_file_ref idref="fl-1e"/>
      </object_component>
      <object_component id="oc-173">
         <name>.text:I2C_masterSendMultiByteNext</name>
         <load_address>0x15f78</load_address>
         <run_address>0x15f78</run_address>
         <size>0x24</size>
         <input_file_ref idref="fl-21"/>
      </object_component>
      <object_component id="oc-3c0">
         <name>.text:Interrupt_setPriority</name>
         <load_address>0x15f9c</load_address>
         <run_address>0x15f9c</run_address>
         <size>0x24</size>
         <input_file_ref idref="fl-22"/>
      </object_component>
      <object_component id="oc-30f">
         <name>.text:UART_transmitData</name>
         <load_address>0x15fc0</load_address>
         <run_address>0x15fc0</run_address>
         <size>0x24</size>
         <input_file_ref idref="fl-28"/>
      </object_component>
      <object_component id="oc-325">
         <name>.text:srand</name>
         <load_address>0x15fe4</load_address>
         <run_address>0x15fe4</run_address>
         <size>0x24</size>
         <input_file_ref idref="fl-e9"/>
      </object_component>
      <object_component id="oc-2db">
         <name>.text:LCD_SetCursor</name>
         <load_address>0x16008</load_address>
         <run_address>0x16008</run_address>
         <size>0x20</size>
         <input_file_ref idref="fl-2"/>
      </object_component>
      <object_component id="oc-2f0">
         <name>.text:LCD_Write_Data_Only</name>
         <load_address>0x16028</load_address>
         <run_address>0x16028</run_address>
         <size>0x20</size>
         <input_file_ref idref="fl-2"/>
      </object_component>
      <object_component id="oc-42d">
         <name>.text:SPI_transmitData</name>
         <load_address>0x16048</load_address>
         <run_address>0x16048</run_address>
         <size>0x20</size>
         <input_file_ref idref="fl-25"/>
      </object_component>
      <object_component id="oc-2d4">
         <name>.text:LCD_WriteReg</name>
         <load_address>0x16068</load_address>
         <run_address>0x16068</run_address>
         <size>0x1c</size>
         <input_file_ref idref="fl-2"/>
      </object_component>
      <object_component id="oc-420">
         <name>.text:SPISendRecvByte</name>
         <load_address>0x16084</load_address>
         <run_address>0x16084</run_address>
         <size>0x1c</size>
         <input_file_ref idref="fl-2"/>
      </object_component>
      <object_component id="oc-5a4">
         <name>.text:memccpy</name>
         <load_address>0x160a0</load_address>
         <run_address>0x160a0</run_address>
         <size>0x1c</size>
         <input_file_ref idref="fl-fe"/>
      </object_component>
      <object_component id="oc-433">
         <name>.text:SPI_receiveData</name>
         <load_address>0x160bc</load_address>
         <run_address>0x160bc</run_address>
         <size>0x1a</size>
         <input_file_ref idref="fl-25"/>
      </object_component>
      <object_component id="oc-6d2">
         <name>.text:copysign</name>
         <load_address>0x160d6</load_address>
         <run_address>0x160d6</run_address>
         <size>0x1a</size>
         <input_file_ref idref="fl-107"/>
      </object_component>
      <object_component id="oc-399">
         <name>.text:CS_getMCLK</name>
         <load_address>0x160f0</load_address>
         <run_address>0x160f0</run_address>
         <size>0x18</size>
         <input_file_ref idref="fl-1e"/>
      </object_component>
      <object_component id="oc-107">
         <name>.text:CS_getSMCLK</name>
         <load_address>0x16108</load_address>
         <run_address>0x16108</run_address>
         <size>0x18</size>
         <input_file_ref idref="fl-1e"/>
      </object_component>
      <object_component id="oc-245">
         <name>.text:WDT_A_clearTimer</name>
         <load_address>0x16120</load_address>
         <run_address>0x16120</run_address>
         <size>0x18</size>
         <input_file_ref idref="fl-29"/>
      </object_component>
      <object_component id="oc-24b">
         <name>.text:WDT_A_holdTimer</name>
         <load_address>0x16138</load_address>
         <run_address>0x16138</run_address>
         <size>0x18</size>
         <input_file_ref idref="fl-29"/>
      </object_component>
      <object_component id="oc-487">
         <name>.text:_outc</name>
         <load_address>0x16150</load_address>
         <run_address>0x16150</run_address>
         <size>0x18</size>
         <input_file_ref idref="fl-e0"/>
      </object_component>
      <object_component id="oc-341">
         <name>.text</name>
         <load_address>0x16168</load_address>
         <run_address>0x16168</run_address>
         <size>0x18</size>
         <input_file_ref idref="fl-e1"/>
      </object_component>
      <object_component id="oc-681">
         <name>.text:strchr</name>
         <load_address>0x16180</load_address>
         <run_address>0x16180</run_address>
         <size>0x16</size>
         <input_file_ref idref="fl-ff"/>
      </object_component>
      <object_component id="oc-381">
         <name>.text:CS_setExternalClockSourceFrequency</name>
         <load_address>0x16198</load_address>
         <run_address>0x16198</run_address>
         <size>0x14</size>
         <input_file_ref idref="fl-1e"/>
      </object_component>
      <object_component id="oc-113">
         <name>.text:I2C_isBusBusy</name>
         <load_address>0x161ac</load_address>
         <run_address>0x161ac</run_address>
         <size>0x14</size>
         <input_file_ref idref="fl-21"/>
      </object_component>
      <object_component id="oc-c5">
         <name>.text:SysTick_enableInterrupt</name>
         <load_address>0x161c0</load_address>
         <run_address>0x161c0</run_address>
         <size>0x14</size>
         <input_file_ref idref="fl-27"/>
      </object_component>
      <object_component id="oc-dd">
         <name>.text:strcpy</name>
         <load_address>0x161d4</load_address>
         <run_address>0x161d4</run_address>
         <size>0x14</size>
         <input_file_ref idref="fl-ea"/>
      </object_component>
      <object_component id="oc-575">
         <name>.text:strlen</name>
         <load_address>0x161e8</load_address>
         <run_address>0x161e8</run_address>
         <size>0x14</size>
         <input_file_ref idref="fl-100"/>
      </object_component>
      <object_component id="oc-5aa">
         <name>.text:wcslen</name>
         <load_address>0x161fc</load_address>
         <run_address>0x161fc</run_address>
         <size>0x12</size>
         <input_file_ref idref="fl-106"/>
      </object_component>
      <object_component id="oc-155">
         <name>.text:I2C_masterReceiveStart</name>
         <load_address>0x1620e</load_address>
         <run_address>0x1620e</run_address>
         <size>0x10</size>
         <input_file_ref idref="fl-21"/>
      </object_component>
      <object_component id="oc-5f8">
         <name>.text:SysCtl_disableNMISource</name>
         <load_address>0x16220</load_address>
         <run_address>0x16220</run_address>
         <size>0x10</size>
         <input_file_ref idref="fl-26"/>
      </object_component>
      <object_component id="oc-604">
         <name>.text:SysCtl_enableNMISource</name>
         <load_address>0x16230</load_address>
         <run_address>0x16230</run_address>
         <size>0x10</size>
         <input_file_ref idref="fl-26"/>
      </object_component>
      <object_component id="oc-d8">
         <name>.text</name>
         <load_address>0x16240</load_address>
         <run_address>0x16240</run_address>
         <size>0xe</size>
         <input_file_ref idref="fl-14"/>
      </object_component>
      <object_component id="oc-161">
         <name>.text:I2C_clearInterruptFlag</name>
         <load_address>0x1624e</load_address>
         <run_address>0x1624e</run_address>
         <size>0xe</size>
         <input_file_ref idref="fl-21"/>
      </object_component>
      <object_component id="oc-143">
         <name>.text:I2C_disableInterrupt</name>
         <load_address>0x1625c</load_address>
         <run_address>0x1625c</run_address>
         <size>0xe</size>
         <input_file_ref idref="fl-21"/>
      </object_component>
      <object_component id="oc-31f">
         <name>.text:__time32</name>
         <load_address>0x1626a</load_address>
         <run_address>0x1626a</run_address>
         <size>0xe</size>
         <input_file_ref idref="fl-eb"/>
      </object_component>
      <object_component id="oc-1d">
         <name>.text:decompress:none:__TI_decompress_none</name>
         <load_address>0x16278</load_address>
         <run_address>0x16278</run_address>
         <size>0xe</size>
         <input_file_ref idref="fl-e7"/>
      </object_component>
      <object_component id="oc-67">
         <name>.text</name>
         <load_address>0x16286</load_address>
         <run_address>0x16286</run_address>
         <size>0xe</size>
         <input_file_ref idref="fl-4"/>
      </object_component>
      <object_component id="oc-119">
         <name>.text:I2C_disableModule</name>
         <load_address>0x16294</load_address>
         <run_address>0x16294</run_address>
         <size>0xc</size>
         <input_file_ref idref="fl-21"/>
      </object_component>
      <object_component id="oc-12b">
         <name>.text:I2C_enableModule</name>
         <load_address>0x162a0</load_address>
         <run_address>0x162a0</run_address>
         <size>0xc</size>
         <input_file_ref idref="fl-21"/>
      </object_component>
      <object_component id="oc-5e2">
         <name>.text:PCM_getPowerState</name>
         <load_address>0x162ac</load_address>
         <run_address>0x162ac</run_address>
         <size>0xc</size>
         <input_file_ref idref="fl-23"/>
      </object_component>
      <object_component id="oc-5f2">
         <name>.text:SysCtl_getNMISourceStatus</name>
         <load_address>0x162b8</load_address>
         <run_address>0x162b8</run_address>
         <size>0xc</size>
         <input_file_ref idref="fl-26"/>
      </object_component>
      <object_component id="oc-19d">
         <name>.text:UART_enableModule</name>
         <load_address>0x162c4</load_address>
         <run_address>0x162c4</run_address>
         <size>0xc</size>
         <input_file_ref idref="fl-28"/>
      </object_component>
      <object_component id="oc-49">
         <name>.text:decompress:ZI:__TI_zero_init</name>
         <load_address>0x162d0</load_address>
         <run_address>0x162d0</run_address>
         <size>0xc</size>
         <input_file_ref idref="fl-e6"/>
      </object_component>
      <object_component id="oc-2e9">
         <name>.text:LCD_Write_Data_Start</name>
         <load_address>0x162dc</load_address>
         <run_address>0x162dc</run_address>
         <size>0xa</size>
         <input_file_ref idref="fl-2"/>
      </object_component>
      <object_component id="oc-131">
         <name>.text:I2C_enableInterrupt</name>
         <load_address>0x162e6</load_address>
         <run_address>0x162e6</run_address>
         <size>0x8</size>
         <input_file_ref idref="fl-21"/>
      </object_component>
      <object_component id="oc-37b">
         <name>.text:PCM_setCoreVoltageLevel</name>
         <load_address>0x162ee</load_address>
         <run_address>0x162ee</run_address>
         <size>0x8</size>
         <input_file_ref idref="fl-23"/>
      </object_component>
      <object_component id="oc-5e8">
         <name>.text:PCM_setPowerMode</name>
         <load_address>0x162f6</load_address>
         <run_address>0x162f6</run_address>
         <size>0x8</size>
         <input_file_ref idref="fl-23"/>
      </object_component>
      <object_component id="oc-5b0">
         <name>.text:__aeabi_errno_addr</name>
         <load_address>0x16300</load_address>
         <run_address>0x16300</run_address>
         <size>0x8</size>
         <input_file_ref idref="fl-103"/>
      </object_component>
      <object_component id="oc-38d">
         <name>.text:CS_startHFXT</name>
         <load_address>0x16308</load_address>
         <run_address>0x16308</run_address>
         <size>0x6</size>
         <input_file_ref idref="fl-1e"/>
      </object_component>
      <object_component id="oc-531">
         <name>.text:EUSCI_A_SPI_receiveData</name>
         <load_address>0x1630e</load_address>
         <run_address>0x1630e</run_address>
         <size>0x6</size>
         <input_file_ref idref="fl-25"/>
      </object_component>
      <object_component id="oc-537">
         <name>.text:EUSCI_B_SPI_receiveData</name>
         <load_address>0x16314</load_address>
         <run_address>0x16314</run_address>
         <size>0x6</size>
         <input_file_ref idref="fl-25"/>
      </object_component>
      <object_component id="oc-15b">
         <name>.text:I2C_getEnabledInterruptStatus</name>
         <load_address>0x1631a</load_address>
         <run_address>0x1631a</run_address>
         <size>0x6</size>
         <input_file_ref idref="fl-21"/>
      </object_component>
      <object_component id="oc-14f">
         <name>.text:I2C_getInterruptStatus</name>
         <load_address>0x16320</load_address>
         <run_address>0x16320</run_address>
         <size>0x6</size>
         <input_file_ref idref="fl-21"/>
      </object_component>
      <object_component id="oc-16d">
         <name>.text:I2C_masterReceiveMultiByteNext</name>
         <load_address>0x16326</load_address>
         <run_address>0x16326</run_address>
         <size>0x6</size>
         <input_file_ref idref="fl-21"/>
      </object_component>
      <object_component id="oc-4f4">
         <name>.text:SysCtlDelay</name>
         <load_address>0x1632c</load_address>
         <run_address>0x1632c</run_address>
         <size>0x6</size>
         <input_file_ref idref="fl-10"/>
      </object_component>
      <object_component id="oc-529">
         <name>.text:EUSCI_A_SPI_transmitData</name>
         <load_address>0x16332</load_address>
         <run_address>0x16332</run_address>
         <size>0x4</size>
         <input_file_ref idref="fl-25"/>
      </object_component>
      <object_component id="oc-523">
         <name>.text:EUSCI_B_SPI_transmitData</name>
         <load_address>0x16336</load_address>
         <run_address>0x16336</run_address>
         <size>0x4</size>
         <input_file_ref idref="fl-25"/>
      </object_component>
      <object_component id="oc-125">
         <name>.text:I2C_setSlaveAddress</name>
         <load_address>0x1633a</load_address>
         <run_address>0x1633a</run_address>
         <size>0x4</size>
         <input_file_ref idref="fl-21"/>
      </object_component>
      <object_component id="oc-a4">
         <name>.text:_system_pre_init</name>
         <load_address>0x1633e</load_address>
         <run_address>0x1633e</run_address>
         <size>0x4</size>
         <input_file_ref idref="fl-f6"/>
      </object_component>
      <object_component id="oc-1d4">
         <name>.text:abort:abort</name>
         <load_address>0x16342</load_address>
         <run_address>0x16342</run_address>
         <size>0x4</size>
         <input_file_ref idref="fl-f8"/>
      </object_component>
      <object_component id="oc-518">
         <name>.const:AsciiLib</name>
         <load_address>0x16348</load_address>
         <run_address>0x16348</run_address>
         <size>0x5f0</size>
         <input_file_ref idref="fl-6"/>
      </object_component>
      <object_component id="oc-62f">
         <name>.const:.string:_ctypes_</name>
         <load_address>0x16938</load_address>
         <run_address>0x16938</run_address>
         <size>0x101</size>
         <input_file_ref idref="fl-fd"/>
      </object_component>
      <object_component id="oc-451">
         <name>.const:.string:INVALID_OFFSET</name>
         <load_address>0x16a39</load_address>
         <run_address>0x16a39</run_address>
         <size>0x3</size>
         <input_file_ref idref="fl-e"/>
      </object_component>
      <object_component id="oc-4f6">
         <name>.const:g_pulRegs</name>
         <load_address>0x16a3c</load_address>
         <run_address>0x16a3c</run_address>
         <size>0x50</size>
         <input_file_ref idref="fl-22"/>
      </object_component>
      <object_component id="oc-2af">
         <name>.const</name>
         <load_address>0x16a8c</load_address>
         <run_address>0x16a8c</run_address>
         <size>0x40</size>
         <input_file_ref idref="fl-22"/>
      </object_component>
      <object_component id="oc-1b1">
         <name>.const:Uart115200Config</name>
         <load_address>0x16acc</load_address>
         <run_address>0x16acc</run_address>
         <size>0x24</size>
         <input_file_ref idref="fl-3"/>
      </object_component>
      <object_component id="oc-3d1">
         <name>.const:backChannelUart115200Config</name>
         <load_address>0x16af0</load_address>
         <run_address>0x16af0</run_address>
         <size>0x24</size>
         <input_file_ref idref="fl-8"/>
      </object_component>
      <object_component id="oc-454">
         <name>.const:yas532_version_ac_coef</name>
         <load_address>0x16b14</load_address>
         <run_address>0x16b14</run_address>
         <size>0xc</size>
         <input_file_ref idref="fl-e"/>
      </object_component>
      <object_component id="oc-458">
         <name>.const:v_calib_data$2</name>
         <load_address>0x16b20</load_address>
         <run_address>0x16b20</run_address>
         <size>0x8</size>
         <input_file_ref idref="fl-e"/>
      </object_component>
      <object_component id="oc-3cd">
         <name>.const:.string:$P$T0$1</name>
         <load_address>0x16b28</load_address>
         <run_address>0x16b28</run_address>
         <size>0x5</size>
         <input_file_ref idref="fl-d"/>
      </object_component>
      <object_component id="oc-457">
         <name>.const:.string:v_correct_u8$1</name>
         <load_address>0x16b2d</load_address>
         <run_address>0x16b2d</run_address>
         <size>0x5</size>
         <input_file_ref idref="fl-e"/>
      </object_component>
      <object_component id="oc-730">
         <name>.cinit..data.load</name>
         <load_address>0x16b38</load_address>
         <run_address>0x16b38</run_address>
         <size>0x5e</size>
      </object_component>
      <object_component id="oc-72e">
         <name>__TI_handler_table</name>
         <load_address>0x16b98</load_address>
         <run_address>0x16b98</run_address>
         <size>0xc</size>
      </object_component>
      <object_component id="oc-731">
         <name>.cinit..bss.load</name>
         <load_address>0x16ba8</load_address>
         <run_address>0x16ba8</run_address>
         <size>0x8</size>
      </object_component>
      <object_component id="oc-72f">
         <name>__TI_cinit_table</name>
         <load_address>0x16bb0</load_address>
         <run_address>0x16bb0</run_address>
         <size>0x10</size>
      </object_component>
      <object_component id="oc-702">
         <name>.binit</name>
         <load_address>0x0</load_address>
         <run_address>0x0</run_address>
         <size>0x0</size>
      </object_component>
      <object_component id="oc-212">
         <name>.data</name>
         <load_address>0x2000d254</load_address>
         <run_address>0x2000d254</run_address>
         <size>0x4</size>
         <input_file_ref idref="fl-5"/>
      </object_component>
      <object_component id="oc-445">
         <name>.data</name>
         <load_address>0x2000d244</load_address>
         <run_address>0x2000d244</run_address>
         <size>0x8</size>
         <input_file_ref idref="fl-e"/>
      </object_component>
      <object_component id="oc-43d">
         <name>.data:v_fifo_data_u8</name>
         <load_address>0x2000cdb0</load_address>
         <run_address>0x2000cdb0</run_address>
         <size>0x400</size>
         <input_file_ref idref="fl-e"/>
      </object_component>
      <object_component id="oc-181">
         <name>.data</name>
         <load_address>0x2000d25b</load_address>
         <run_address>0x2000d25b</run_address>
         <size>0x1</size>
         <input_file_ref idref="fl-11"/>
      </object_component>
      <object_component id="oc-179">
         <name>.data:i2cConfig</name>
         <load_address>0x2000d228</load_address>
         <run_address>0x2000d228</run_address>
         <size>0x14</size>
         <input_file_ref idref="fl-11"/>
      </object_component>
      <object_component id="oc-31b">
         <name>.data</name>
         <load_address>0x2000d1e0</load_address>
         <run_address>0x2000d1e0</run_address>
         <size>0x24</size>
         <input_file_ref idref="fl-18"/>
      </object_component>
      <object_component id="oc-337">
         <name>.data:toggle</name>
         <load_address>0x2000d258</load_address>
         <run_address>0x2000d258</run_address>
         <size>0x3</size>
         <input_file_ref idref="fl-18"/>
      </object_component>
      <object_component id="oc-34c">
         <name>.data:coins</name>
         <load_address>0x2000d204</load_address>
         <run_address>0x2000d204</run_address>
         <size>0x4</size>
         <input_file_ref idref="fl-18"/>
      </object_component>
      <object_component id="oc-34f">
         <name>.data:coins_counter</name>
         <load_address>0x2000d208</load_address>
         <run_address>0x2000d208</run_address>
         <size>0x20</size>
         <input_file_ref idref="fl-18"/>
      </object_component>
      <object_component id="oc-2a2">
         <name>.data:GPIO_PORT_TO_BASE</name>
         <load_address>0x2000d1b0</load_address>
         <run_address>0x2000d1b0</run_address>
         <size>0x30</size>
         <input_file_ref idref="fl-20"/>
      </object_component>
      <object_component id="oc-469">
         <name>.data</name>
         <load_address>0x2000d250</load_address>
         <run_address>0x2000d250</run_address>
         <size>0x4</size>
         <input_file_ref idref="fl-e9"/>
      </object_component>
      <object_component id="oc-359">
         <name>.data:$O1$$</name>
         <load_address>0x2000d23c</load_address>
         <run_address>0x2000d23c</run_address>
         <size>0x8</size>
         <input_file_ref idref="fl-f9"/>
      </object_component>
      <object_component id="oc-691">
         <name>.data</name>
         <load_address>0x2000d24c</load_address>
         <run_address>0x2000d24c</run_address>
         <size>0x4</size>
         <input_file_ref idref="fl-103"/>
      </object_component>
      <object_component id="oc-3d4">
         <name>.bss:backChannelStringBuff</name>
         <uninitialized>true</uninitialized>
         <run_address>0x2000ca94</run_address>
         <size>0x100</size>
         <input_file_ref idref="fl-8"/>
      </object_component>
      <object_component id="oc-46f">
         <name>.bss</name>
         <uninitialized>true</uninitialized>
         <run_address>0x2000cd54</run_address>
         <size>0x4</size>
         <input_file_ref idref="fl-c"/>
      </object_component>
      <object_component id="oc-43a">
         <name>.bss</name>
         <uninitialized>true</uninitialized>
         <run_address>0x2000cd58</run_address>
         <size>0x4</size>
         <input_file_ref idref="fl-e"/>
      </object_component>
      <object_component id="oc-448">
         <name>.bss:mag_trim</name>
         <uninitialized>true</uninitialized>
         <run_address>0x2000cd24</run_address>
         <size>0x10</size>
         <input_file_ref idref="fl-e"/>
      </object_component>
      <object_component id="oc-44b">
         <name>.bss:akm_asa_data</name>
         <uninitialized>true</uninitialized>
         <run_address>0x2000cda8</run_address>
         <size>0x3</size>
         <input_file_ref idref="fl-e"/>
      </object_component>
      <object_component id="oc-44e">
         <name>.bss:yas532_data</name>
         <uninitialized>true</uninitialized>
         <run_address>0x2000cc24</run_address>
         <size>0x70</size>
         <input_file_ref idref="fl-e"/>
      </object_component>
      <object_component id="oc-3a5">
         <name>.bss:buf</name>
         <uninitialized>true</uninitialized>
         <run_address>0x2000cd5c</run_address>
         <size>0x4</size>
         <input_file_ref idref="fl-13"/>
      </object_component>
      <object_component id="oc-3a2">
         <name>.bss</name>
         <uninitialized>true</uninitialized>
         <run_address>0x2000cdac</run_address>
         <size>0x2</size>
         <input_file_ref idref="fl-13"/>
      </object_component>
      <object_component id="oc-e3">
         <name>.bss:threadControlBlocks</name>
         <uninitialized>true</uninitialized>
         <run_address>0x2000b800</run_address>
         <size>0x450</size>
         <input_file_ref idref="fl-15"/>
      </object_component>
      <object_component id="oc-e6">
         <name>.bss:threadStacks</name>
         <uninitialized>true</uninitialized>
         <run_address>0x20000000</run_address>
         <size>0xb800</size>
         <input_file_ref idref="fl-15"/>
      </object_component>
      <object_component id="oc-d2">
         <name>.bss:periodicEvents</name>
         <uninitialized>true</uninitialized>
         <run_address>0x2000cb94</run_address>
         <size>0x90</size>
         <input_file_ref idref="fl-15"/>
      </object_component>
      <object_component id="oc-ef">
         <name>.bss:FIFOs</name>
         <uninitialized>true</uninitialized>
         <run_address>0x2000c824</run_address>
         <size>0x150</size>
         <input_file_ref idref="fl-15"/>
      </object_component>
      <object_component id="oc-d5">
         <name>.bss</name>
         <uninitialized>true</uninitialized>
         <run_address>0x2000cd34</run_address>
         <size>0xc</size>
         <input_file_ref idref="fl-15"/>
      </object_component>
      <object_component id="oc-620">
         <name>.bss:_CIOBUF_</name>
         <uninitialized>true</uninitialized>
         <run_address>0x2000c974</run_address>
         <size>0x120</size>
         <input_file_ref idref="fl-102"/>
      </object_component>
      <object_component id="oc-1ac">
         <name>.common:counter0</name>
         <uninitialized>true</uninitialized>
         <run_address>0x2000cd74</run_address>
         <size>0x4</size>
      </object_component>
      <object_component id="oc-1ae">
         <name>.common:counter1</name>
         <uninitialized>true</uninitialized>
         <run_address>0x2000cd78</run_address>
         <size>0x4</size>
      </object_component>
      <object_component id="oc-1b0">
         <name>.common:counter2</name>
         <uninitialized>true</uninitialized>
         <run_address>0x2000cd7c</run_address>
         <size>0x4</size>
      </object_component>
      <object_component id="oc-1a9">
         <name>.common:task0_ID</name>
         <uninitialized>true</uninitialized>
         <run_address>0x2000cd9c</run_address>
         <size>0x4</size>
      </object_component>
      <object_component id="oc-1ad">
         <name>.common:task1_ID</name>
         <uninitialized>true</uninitialized>
         <run_address>0x2000cda0</run_address>
         <size>0x4</size>
      </object_component>
      <object_component id="oc-1af">
         <name>.common:task2_ID</name>
         <uninitialized>true</uninitialized>
         <run_address>0x2000cda4</run_address>
         <size>0x4</size>
      </object_component>
      <object_component id="oc-3c6">
         <name>.common:ButtonFunction</name>
         <uninitialized>true</uninitialized>
         <run_address>0x2000cd60</run_address>
         <size>0x4</size>
      </object_component>
      <object_component id="oc-3ca">
         <name>.common:bme280</name>
         <uninitialized>true</uninitialized>
         <run_address>0x2000ccd4</run_address>
         <size>0x3c</size>
      </object_component>
      <object_component id="oc-440">
         <name>.common:accel_fifo</name>
         <uninitialized>true</uninitialized>
         <run_address>0x2000bc50</run_address>
         <size>0x36c</size>
      </object_component>
      <object_component id="oc-443">
         <name>.common:gyro_fifo</name>
         <uninitialized>true</uninitialized>
         <run_address>0x2000bfbc</run_address>
         <size>0x36c</size>
      </object_component>
      <object_component id="oc-444">
         <name>.common:mag_fifo</name>
         <uninitialized>true</uninitialized>
         <run_address>0x2000c328</run_address>
         <size>0x36c</size>
      </object_component>
      <object_component id="oc-3aa">
         <name>.common:s_bmi160</name>
         <uninitialized>true</uninitialized>
         <run_address>0x2000cd10</run_address>
         <size>0x14</size>
      </object_component>
      <object_component id="oc-3ad">
         <name>.common:gyroxyz</name>
         <uninitialized>true</uninitialized>
         <run_address>0x2000cd4e</run_address>
         <size>0x6</size>
      </object_component>
      <object_component id="oc-3ae">
         <name>.common:accelxyz</name>
         <uninitialized>true</uninitialized>
         <run_address>0x2000cd48</run_address>
         <size>0x6</size>
      </object_component>
      <object_component id="oc-17f">
         <name>.common:ui8Status</name>
         <uninitialized>true</uninitialized>
         <run_address>0x2000cdae</run_address>
         <size>0x1</size>
      </object_component>
      <object_component id="oc-17c">
         <name>.common:pData</name>
         <uninitialized>true</uninitialized>
         <run_address>0x2000cd8c</run_address>
         <size>0x4</size>
      </object_component>
      <object_component id="oc-184">
         <name>.common:ui8DummyRead</name>
         <uninitialized>true</uninitialized>
         <run_address>0x2000cdab</run_address>
         <size>0x1</size>
      </object_component>
      <object_component id="oc-180">
         <name>.common:g_ui32ByteCount</name>
         <uninitialized>true</uninitialized>
         <run_address>0x2000cd80</run_address>
         <size>0x4</size>
      </object_component>
      <object_component id="oc-bd">
         <name>.common:CurrentlyRunningThread</name>
         <uninitialized>true</uninitialized>
         <run_address>0x2000cd64</run_address>
         <size>0x4</size>
      </object_component>
      <object_component id="oc-d1">
         <name>.common:SystemTime</name>
         <uninitialized>true</uninitialized>
         <run_address>0x2000cd70</run_address>
         <size>0x4</size>
      </object_component>
      <object_component id="oc-352">
         <name>.common:sem_sensor</name>
         <uninitialized>true</uninitialized>
         <run_address>0x2000cd94</run_address>
         <size>0x4</size>
      </object_component>
      <object_component id="oc-353">
         <name>.common:sem_LED</name>
         <uninitialized>true</uninitialized>
         <run_address>0x2000cd90</run_address>
         <size>0x4</size>
      </object_component>
      <object_component id="oc-1ba">
         <name>.common:sensorMutex</name>
         <uninitialized>true</uninitialized>
         <run_address>0x2000cd98</run_address>
         <size>0x4</size>
      </object_component>
      <object_component id="oc-34b">
         <name>.common:LEDMutex</name>
         <uninitialized>true</uninitialized>
         <run_address>0x2000cd6c</run_address>
         <size>0x4</size>
      </object_component>
      <object_component id="oc-1bb">
         <name>.common:LCDMutex</name>
         <uninitialized>true</uninitialized>
         <run_address>0x2000cd68</run_address>
         <size>0x4</size>
      </object_component>
      <object_component id="oc-340">
         <name>.common:lightData</name>
         <uninitialized>true</uninitialized>
         <run_address>0x2000cc94</run_address>
         <size>0x40</size>
      </object_component>
      <object_component id="oc-31e">
         <name>.common:ballArray</name>
         <uninitialized>true</uninitialized>
         <run_address>0x2000c694</run_address>
         <size>0x190</size>
      </object_component>
      <object_component id="oc-3f4">
         <name>.common:hfxtFreq</name>
         <uninitialized>true</uninitialized>
         <run_address>0x2000cd84</run_address>
         <size>0x4</size>
      </object_component>
      <object_component id="oc-3f5">
         <name>.common:lfxtFreq</name>
         <uninitialized>true</uninitialized>
         <run_address>0x2000cd88</run_address>
         <size>0x4</size>
      </object_component>
      <object_component id="oc-55c">
         <name>.common:parmbuf</name>
         <uninitialized>true</uninitialized>
         <run_address>0x2000cd40</run_address>
         <size>0x8</size>
      </object_component>
      <object_component id="oc-29">
         <name>.stack</name>
         <uninitialized>true</uninitialized>
         <run_address>0x2000fe00</run_address>
         <size>0x4</size>
         <input_file_ref idref="fl-ec"/>
      </object_component>
      <object_component id="oc-733">
         <name>.stack</name>
         <uninitialized>true</uninitialized>
         <run_address>0x2000fe00</run_address>
         <size>0x0</size>
      </object_component>
      <object_component id="oc-295">
         <name>.debug_info</name>
         <load_address>0x0</load_address>
         <run_address>0x0</run_address>
         <size>0x5e0</size>
         <input_file_ref idref="fl-2"/>
      </object_component>
      <object_component id="oc-2f8">
         <name>.debug_info</name>
         <load_address>0x5e0</load_address>
         <run_address>0x5e0</run_address>
         <size>0x202</size>
         <input_file_ref idref="fl-2"/>
      </object_component>
      <object_component id="oc-2f1">
         <name>.debug_info</name>
         <load_address>0x7e2</load_address>
         <run_address>0x7e2</run_address>
         <size>0x15e</size>
         <input_file_ref idref="fl-2"/>
      </object_component>
      <object_component id="oc-41a">
         <name>.debug_info</name>
         <load_address>0x940</load_address>
         <run_address>0x940</run_address>
         <size>0x168</size>
         <input_file_ref idref="fl-2"/>
      </object_component>
      <object_component id="oc-2e3">
         <name>.debug_info</name>
         <load_address>0xaa8</load_address>
         <run_address>0xaa8</run_address>
         <size>0x16e</size>
         <input_file_ref idref="fl-2"/>
      </object_component>
      <object_component id="oc-422">
         <name>.debug_info</name>
         <load_address>0xc16</load_address>
         <run_address>0xc16</run_address>
         <size>0x15b</size>
         <input_file_ref idref="fl-2"/>
      </object_component>
      <object_component id="oc-300">
         <name>.debug_info</name>
         <load_address>0xd71</load_address>
         <run_address>0xd71</run_address>
         <size>0x15f</size>
         <input_file_ref idref="fl-2"/>
      </object_component>
      <object_component id="oc-2ea">
         <name>.debug_info</name>
         <load_address>0xed0</load_address>
         <run_address>0xed0</run_address>
         <size>0x127</size>
         <input_file_ref idref="fl-2"/>
      </object_component>
      <object_component id="oc-2d6">
         <name>.debug_info</name>
         <load_address>0xff7</load_address>
         <run_address>0xff7</run_address>
         <size>0x19c</size>
         <input_file_ref idref="fl-2"/>
      </object_component>
      <object_component id="oc-2dd">
         <name>.debug_info</name>
         <load_address>0x1193</load_address>
         <run_address>0x1193</run_address>
         <size>0x16f</size>
         <input_file_ref idref="fl-2"/>
      </object_component>
      <object_component id="oc-1a4">
         <name>.debug_info</name>
         <load_address>0x1302</load_address>
         <run_address>0x1302</run_address>
         <size>0xd2a</size>
         <input_file_ref idref="fl-2"/>
      </object_component>
      <object_component id="oc-102">
         <name>.debug_info</name>
         <load_address>0x202c</load_address>
         <run_address>0x202c</run_address>
         <size>0x37e2</size>
         <input_file_ref idref="fl-2"/>
      </object_component>
      <object_component id="oc-1bf">
         <name>.debug_info</name>
         <load_address>0x580e</load_address>
         <run_address>0x580e</run_address>
         <size>0x26b</size>
         <input_file_ref idref="fl-2"/>
      </object_component>
      <object_component id="oc-218">
         <name>.debug_info</name>
         <load_address>0x5a79</load_address>
         <run_address>0x5a79</run_address>
         <size>0x1055</size>
         <input_file_ref idref="fl-2"/>
      </object_component>
      <object_component id="oc-2c6">
         <name>.debug_info</name>
         <load_address>0x6ace</load_address>
         <run_address>0x6ace</run_address>
         <size>0x9a</size>
         <input_file_ref idref="fl-2"/>
      </object_component>
      <object_component id="oc-23a">
         <name>.debug_info</name>
         <load_address>0x6b68</load_address>
         <run_address>0x6b68</run_address>
         <size>0x62</size>
         <input_file_ref idref="fl-2"/>
      </object_component>
      <object_component id="oc-f8">
         <name>.debug_info</name>
         <load_address>0x6bca</load_address>
         <run_address>0x6bca</run_address>
         <size>0x8b</size>
         <input_file_ref idref="fl-2"/>
      </object_component>
      <object_component id="oc-290">
         <name>.debug_info</name>
         <load_address>0x6c55</load_address>
         <run_address>0x6c55</run_address>
         <size>0x2a4</size>
         <input_file_ref idref="fl-2"/>
      </object_component>
      <object_component id="oc-186">
         <name>.debug_info</name>
         <load_address>0x6ef9</load_address>
         <run_address>0x6ef9</run_address>
         <size>0xef</size>
         <input_file_ref idref="fl-2"/>
      </object_component>
      <object_component id="oc-f3">
         <name>.debug_info</name>
         <load_address>0x6fe8</load_address>
         <run_address>0x6fe8</run_address>
         <size>0xbb</size>
         <input_file_ref idref="fl-2"/>
      </object_component>
      <object_component id="oc-1cb">
         <name>.debug_info</name>
         <load_address>0x70a3</load_address>
         <run_address>0x70a3</run_address>
         <size>0x2c</size>
         <input_file_ref idref="fl-2"/>
      </object_component>
      <object_component id="oc-308">
         <name>.debug_info</name>
         <load_address>0x70cf</load_address>
         <run_address>0x70cf</run_address>
         <size>0xee</size>
         <input_file_ref idref="fl-2"/>
      </object_component>
      <object_component id="oc-1aa">
         <name>.debug_info</name>
         <load_address>0x71bd</load_address>
         <run_address>0x71bd</run_address>
         <size>0x9b9</size>
         <input_file_ref idref="fl-3"/>
      </object_component>
      <object_component id="oc-1b2">
         <name>.debug_info</name>
         <load_address>0x7b76</load_address>
         <run_address>0x7b76</run_address>
         <size>0xd5</size>
         <input_file_ref idref="fl-3"/>
      </object_component>
      <object_component id="oc-7f">
         <name>.debug_info</name>
[...]
         <name>PCM_getCoreVoltageLevel</name>
         <value>0x15e63</value>
         <object_component_ref idref="oc-5dc"/>
      </symbol>
      <symbol id="sm-12bb">
         <name>PCM_getPowerMode</name>
         <value>0x15e8f</value>
         <object_component_ref idref="oc-5d6"/>
      </symbol>
      <symbol id="sm-12bc">
         <name>PCM_getPowerState</name>
         <value>0x162ad</value>
         <object_component_ref idref="oc-5e2"/>
      </symbol>
      <symbol id="sm-12bd">
         <name>PCM_setPowerMode</name>
         <value>0x162f7</value>
         <object_component_ref idref="oc-5e8"/>
      </symbol>
      <symbol id="sm-1309">
         <name>EUSCI_B_SPI_receiveData</name>
         <value>0x16315</value>
         <object_component_ref idref="oc-537"/>
      </symbol>
      <symbol id="sm-130a">
         <name>EUSCI_A_SPI_receiveData</name>
         <value>0x1630f</value>
         <object_component_ref idref="oc-531"/>
      </symbol>
      <symbol id="sm-130b">
         <name>EUSCI_A_SPI_transmitData</name>
         <value>0x16333</value>
         <object_component_ref idref="oc-529"/>
      </symbol>
      <symbol id="sm-130c">
         <name>EUSCI_B_SPI_transmitData</name>
         <value>0x16337</value>
         <object_component_ref idref="oc-523"/>
      </symbol>
      <symbol id="sm-130d">
         <name>SPI_transmitData</name>
         <value>0x16049</value>
         <object_component_ref idref="oc-42d"/>
      </symbol>
      <symbol id="sm-130e">
         <name>SPI_receiveData</name>
         <value>0x160bd</value>
         <object_component_ref idref="oc-433"/>
      </symbol>
      <symbol id="sm-1341">
         <name>SysCtl_getNMISourceStatus</name>
         <value>0x162b9</value>
         <object_component_ref idref="oc-5f2"/>
      </symbol>
      <symbol id="sm-1342">
         <name>SysCtl_enableNMISource</name>
         <value>0x16231</value>
         <object_component_ref idref="oc-604"/>
      </symbol>
      <symbol id="sm-1343">
         <name>SysCtl_disableNMISource</name>
         <value>0x16221</value>
         <object_component_ref idref="oc-5f8"/>
      </symbol>
      <symbol id="sm-1344">
         <name>SysCtl_getTLVInfo</name>
         <value>0x15809</value>
         <object_component_ref idref="oc-510"/>
      </symbol>
      <symbol id="sm-1350">
         <name>SysTick_enableInterrupt</name>
         <value>0x161c1</value>
         <object_component_ref idref="oc-c5"/>
      </symbol>
      <symbol id="sm-137f">
         <name>UART_enableModule</name>
         <value>0x162c5</value>
         <object_component_ref idref="oc-19d"/>
      </symbol>
      <symbol id="sm-1380">
         <name>UART_transmitData</name>
         <value>0x15fc1</value>
         <object_component_ref idref="oc-30f"/>
      </symbol>
      <symbol id="sm-1381">
         <name>UART_initModule</name>
         <value>0x1518d</value>
         <object_component_ref idref="oc-197"/>
      </symbol>
      <symbol id="sm-1397">
         <name>WDT_A_clearTimer</name>
         <value>0x16121</value>
         <object_component_ref idref="oc-245"/>
      </symbol>
      <symbol id="sm-1398">
         <name>WDT_A_holdTimer</name>
         <value>0x16139</value>
         <object_component_ref idref="oc-24b"/>
      </symbol>
      <symbol id="sm-13c8">
         <name>snprintf</name>
         <value>0x1593d</value>
         <object_component_ref idref="oc-33a"/>
      </symbol>
      <symbol id="sm-13d1">
         <name>__aeabi_lmul</name>
         <value>0x16169</value>
         <object_component_ref idref="oc-341"/>
      </symbol>
      <symbol id="sm-13ec">
         <name>memcpy</name>
         <value>0x15059</value>
         <object_component_ref idref="oc-37"/>
      </symbol>
      <symbol id="sm-13ed">
         <name>__aeabi_memcpy</name>
         <value>0x15059</value>
         <object_component_ref idref="oc-37"/>
      </symbol>
      <symbol id="sm-13ee">
         <name>__aeabi_memcpy8</name>
         <value>0x15059</value>
         <object_component_ref idref="oc-37"/>
      </symbol>
      <symbol id="sm-13ef">
         <name>__aeabi_memcpy4</name>
         <value>0x15059</value>
         <object_component_ref idref="oc-37"/>
      </symbol>
      <symbol id="sm-13fd">
         <name>__aeabi_ldivmod</name>
         <value>0x1550b</value>
         <object_component_ref idref="oc-472"/>
      </symbol>
      <symbol id="sm-140a">
         <name>__aeabi_uldivmod</name>
         <value>0x150f5</value>
         <object_component_ref idref="oc-346"/>
      </symbol>
      <symbol id="sm-1419">
         <name>__aeabi_memset</name>
         <value>0x153b3</value>
         <object_component_ref idref="oc-9e"/>
      </symbol>
      <symbol id="sm-141a">
         <name>memset</name>
         <value>0x153b9</value>
         <object_component_ref idref="oc-9e"/>
      </symbol>
      <symbol id="sm-141b">
         <name>__aeabi_memset8</name>
         <value>0x153b3</value>
         <object_component_ref idref="oc-9e"/>
      </symbol>
      <symbol id="sm-141c">
         <name>__aeabi_memset4</name>
         <value>0x153b3</value>
         <object_component_ref idref="oc-9e"/>
      </symbol>
      <symbol id="sm-141d">
         <name>__aeabi_memclr8</name>
         <value>0x153b1</value>
         <object_component_ref idref="oc-9e"/>
      </symbol>
      <symbol id="sm-141e">
         <name>__aeabi_memclr4</name>
         <value>0x153b1</value>
         <object_component_ref idref="oc-9e"/>
      </symbol>
      <symbol id="sm-141f">
         <name>__aeabi_memclr</name>
         <value>0x153b1</value>
         <object_component_ref idref="oc-9e"/>
      </symbol>
      <symbol id="sm-1431">
         <name>__TI_zero_init</name>
         <value>0x162d1</value>
         <object_component_ref idref="oc-49"/>
      </symbol>
      <symbol id="sm-1448">
         <name>__TI_decompress_none</name>
         <value>0x16279</value>
         <object_component_ref idref="oc-1d"/>
      </symbol>
      <symbol id="sm-146b">
         <name>__TI_decompress_lzss</name>
         <value>0x15579</value>
         <object_component_ref idref="oc-17"/>
      </symbol>
      <symbol id="sm-1490">
         <name>rand</name>
         <value>0x15d71</value>
         <object_component_ref idref="oc-32b"/>
      </symbol>
      <symbol id="sm-1491">
         <name>srand</name>
         <value>0x15fe5</value>
         <object_component_ref idref="oc-325"/>
      </symbol>
      <symbol id="sm-149f">
         <name>strcpy</name>
         <value>0x161d5</value>
         <object_component_ref idref="oc-dd"/>
      </symbol>
      <symbol id="sm-14b7">
         <name>__time32</name>
         <value>0x1626b</value>
         <object_component_ref idref="oc-31f"/>
      </symbol>
      <symbol id="sm-14b8">
         <name>time</name>
         <value>0x1626b</value>
         <object_component_ref idref="oc-31f"/>
      </symbol>
      <symbol id="sm-14cb">
         <name>__stack</name>
         <value>0x2000fe00</value>
         <object_component_ref idref="oc-29"/>
      </symbol>
      <symbol id="sm-14cc">
         <name>_c_int00_noargs</name>
         <value>0x15d3d</value>
         <object_component_ref idref="oc-55"/>
      </symbol>
      <symbol id="sm-1631">
         <name>__TI_printfi</name>
         <value>0x11921</value>
         <object_component_ref idref="oc-47b"/>
      </symbol>
      <symbol id="sm-163b">
         <name>__aeabi_idiv0</name>
         <value>0x14037</value>
         <object_component_ref idref="oc-49f"/>
      </symbol>
      <symbol id="sm-163c">
         <name>__aeabi_ldiv0</name>
         <value>0x14037</value>
         <object_component_ref idref="oc-49f"/>
      </symbol>
      <symbol id="sm-1653">
         <name>__aeabi_dsub</name>
         <value>0x13e81</value>
         <object_component_ref idref="oc-655"/>
      </symbol>
      <symbol id="sm-1654">
         <name>__aeabi_dadd</name>
         <value>0x13e8b</value>
         <object_component_ref idref="oc-655"/>
      </symbol>
      <symbol id="sm-1676">
         <name>__aeabi_cdcmpeq</name>
         <value>0x15221</value>
         <object_component_ref idref="oc-587"/>
      </symbol>
      <symbol id="sm-1677">
         <name>__aeabi_cdcmple</name>
         <value>0x15221</value>
         <object_component_ref idref="oc-587"/>
      </symbol>
      <symbol id="sm-1678">
         <name>__aeabi_cdrcmple</name>
         <value>0x152a7</value>
         <object_component_ref idref="oc-640"/>
      </symbol>
      <symbol id="sm-168c">
         <name>__aeabi_ddiv</name>
         <value>0x1444d</value>
         <object_component_ref idref="oc-63b"/>
      </symbol>
      <symbol id="sm-1697">
         <name>__aeabi_dmul</name>
         <value>0x149bb</value>
         <object_component_ref idref="oc-636"/>
      </symbol>
      <symbol id="sm-16a1">
         <name>__aeabi_d2iz</name>
         <value>0x15aa9</value>
         <object_component_ref idref="oc-645"/>
      </symbol>
      <symbol id="sm-16ab">
         <name>__aeabi_i2d</name>
         <value>0x15e35</value>
         <object_component_ref idref="oc-650"/>
      </symbol>
      <symbol id="sm-16d3">
         <name>__TI_auto_init_nobinit_nopinit</name>
         <value>0x15af1</value>
         <object_component_ref idref="oc-1e0"/>
      </symbol>
      <symbol id="sm-16dd">
         <name>_system_pre_init</name>
         <value>0x1633f</value>
         <object_component_ref idref="oc-a4"/>
      </symbol>
      <symbol id="sm-16e9">
         <name>C$$EXIT</name>
         <value>0x16343</value>
         <object_component_ref idref="oc-1d4"/>
      </symbol>
      <symbol id="sm-16ea">
         <name>abort</name>
         <value>0x16343</value>
         <object_component_ref idref="oc-1d4"/>
      </symbol>
      <symbol id="sm-16ff">
         <name>_nop</name>
         <value>0x1236f</value>
         <object_component_ref idref="oc-4ab"/>
      </symbol>
      <symbol id="sm-1700">
         <name>_lock</name>
         <value>0x2000d23c</value>
         <object_component_ref idref="oc-359"/>
      </symbol>
      <symbol id="sm-1701">
         <name>_unlock</name>
         <value>0x2000d240</value>
         <object_component_ref idref="oc-359"/>
      </symbol>
      <symbol id="sm-1710">
         <name>__TI_ltoa</name>
         <value>0x15763</value>
         <object_component_ref idref="oc-64a"/>
      </symbol>
      <symbol id="sm-1727">
         <name>atoi</name>
         <value>0x158f1</value>
         <object_component_ref idref="oc-57b"/>
      </symbol>
      <symbol id="sm-1732">
         <name>_ctypes_</name>
         <value>0x16938</value>
         <object_component_ref idref="oc-62f"/>
      </symbol>
      <symbol id="sm-1742">
         <name>memccpy</name>
         <value>0x160a1</value>
         <object_component_ref idref="oc-5a4"/>
      </symbol>
      <symbol id="sm-1752">
         <name>strchr</name>
         <value>0x16181</value>
         <object_component_ref idref="oc-681"/>
      </symbol>
      <symbol id="sm-1760">
         <name>strlen</name>
         <value>0x161e9</value>
         <object_component_ref idref="oc-575"/>
      </symbol>
      <symbol id="sm-1778">
         <name>HOSTtime</name>
         <value>0x15a19</value>
         <object_component_ref idref="oc-45c"/>
      </symbol>
      <symbol id="sm-179c">
         <name>__TI_readmsg</name>
         <value>0x15d09</value>
         <object_component_ref idref="oc-556"/>
      </symbol>
      <symbol id="sm-179d">
         <name>C$$IO$$</name>
         <value>0x15c97</value>
         <object_component_ref idref="oc-550"/>
      </symbol>
      <symbol id="sm-179e">
         <name>__CIOBUF_</name>
         <value>0x2000c974</value>
         <object_component_ref idref="oc-620"/>
      </symbol>
      <symbol id="sm-179f">
         <name>__TI_writemsg</name>
         <value>0x15c69</value>
         <object_component_ref idref="oc-550"/>
      </symbol>
      <symbol id="sm-17b5">
         <name>__aeabi_errno_addr</name>
         <value>0x16301</value>
         <object_component_ref idref="oc-5b0"/>
      </symbol>
      <symbol id="sm-17b6">
         <name>errno</name>
         <value>0x2000d24c</value>
         <object_component_ref idref="oc-691"/>
      </symbol>
      <symbol id="sm-17d6">
         <name>frexpl</name>
         <value>0x156a9</value>
         <object_component_ref idref="oc-675"/>
      </symbol>
      <symbol id="sm-17d7">
         <name>frexp</name>
         <value>0x156a9</value>
         <object_component_ref idref="oc-675"/>
      </symbol>
      <symbol id="sm-17f4">
         <name>scalbn</name>
         <value>0x146a9</value>
         <object_component_ref idref="oc-67b"/>
      </symbol>
      <symbol id="sm-17f5">
         <name>scalbnl</name>
         <value>0x146a9</value>
         <object_component_ref idref="oc-67b"/>
      </symbol>
      <symbol id="sm-17f6">
         <name>ldexpl</name>
         <value>0x146a9</value>
         <object_component_ref idref="oc-67b"/>
      </symbol>
      <symbol id="sm-17f7">
         <name>ldexp</name>
         <value>0x146a9</value>
         <object_component_ref idref="oc-67b"/>
      </symbol>
      <symbol id="sm-1810">
         <name>wcslen</name>
         <value>0x161fd</value>
         <object_component_ref idref="oc-5aa"/>
      </symbol>
      <symbol id="sm-181a">
         <name>copysign</name>
         <value>0x160d7</value>
         <object_component_ref idref="oc-6d2"/>
      </symbol>
      <symbol id="sm-181b">
         <name>copysignl</name>
         <value>0x160d7</value>
         <object_component_ref idref="oc-6d2"/>
      </symbol>
      <symbol id="sm-1821">
         <name>parmbuf</name>
         <value>0x2000cd40</value>
      </symbol>
      <symbol id="sm-1822">
         <name>__TI_static_base__</name>
         <value>0x0</value>
      </symbol>
      <symbol id="sm-1825">
         <name>__mpu_init</name>
         <value>0x0</value>
      </symbol>
      <symbol id="sm-1826">
         <name>_system_post_cinit</name>
         <value>0x0</value>
      </symbol>
      <symbol id="sm-1827">
         <name>NMI_Handler</name>
         <value>0x16293</value>
      </symbol>
      <symbol id="sm-1828">
         <name>HardFault_Handler</name>
         <value>0x16293</value>
      </symbol>
      <symbol id="sm-1829">
         <name>MemManage_Handler</name>
         <value>0x16293</value>
      </symbol>
      <symbol id="sm-182a">
         <name>BusFault_Handler</name>
         <value>0x16293</value>
      </symbol>
      <symbol id="sm-182b">
         <name>UsageFault_Handler</name>
         <value>0x16293</value>
      </symbol>
      <symbol id="sm-182c">
         <name>SVC_Handler</name>
         <value>0x16293</value>
      </symbol>
      <symbol id="sm-182d">
         <name>DebugMon_Handler</name>
         <value>0x16293</value>
      </symbol>
      <symbol id="sm-182e">
         <name>PendSV_Handler</name>
         <value>0x159a7</value>
      </symbol>
      <symbol id="sm-182f">
         <name>SysTick_Handler</name>
         <value>0x10e69</value>
      </symbol>
      <symbol id="sm-1830">
         <name>PSS_IRQHandler</name>
         <value>0x16293</value>
      </symbol>
      <symbol id="sm-1831">
         <name>CS_IRQHandler</name>
         <value>0x16293</value>
      </symbol>
      <symbol id="sm-1832">
         <name>PCM_IRQHandler</name>
         <value>0x16293</value>
      </symbol>
      <symbol id="sm-1833">
         <name>WDT_A_IRQHandler</name>
         <value>0x16293</value>
      </symbol>
      <symbol id="sm-1834">
         <name>FPU_IRQHandler</name>
         <value>0x16293</value>
      </symbol>
      <symbol id="sm-1835">
         <name>FLCTL_IRQHandler</name>
         <value>0x16293</value>
      </symbol>
      <symbol id="sm-1836">
         <name>COMP_E0_IRQHandler</name>
         <value>0x16293</value>
      </symbol>
      <symbol id="sm-1837">
         <name>COMP_E1_IRQHandler</name>
         <value>0x16293</value>
      </symbol>
      <symbol id="sm-1838">
         <name>TA0_0_IRQHandler</name>
         <value>0x16293</value>
      </symbol>
      <symbol id="sm-1839">
         <name>TA0_N_IRQHandler</name>
         <value>0x16293</value>
      </symbol>
      <symbol id="sm-183a">
         <name>TA1_0_IRQHandler</name>
         <value>0x16293</value>
      </symbol>
      <symbol id="sm-183b">
         <name>TA1_N_IRQHandler</name>
         <value>0x16293</value>
      </symbol>
      <symbol id="sm-183c">
         <name>TA2_0_IRQHandler</name>
         <value>0x16293</value>
      </symbol>
      <symbol id="sm-183d">
         <name>TA2_N_IRQHandler</name>
         <value>0x16293</value>
      </symbol>
      <symbol id="sm-183e">
         <name>TA3_0_IRQHandler</name>
         <value>0x16293</value>
      </symbol>
      <symbol id="sm-183f">
         <name>TA3_N_IRQHandler</name>
         <value>0x16293</value>
      </symbol>
      <symbol id="sm-1840">
         <name>EUSCIA0_IRQHandler</name>
         <value>0x16293</value>
      </symbol>
      <symbol id="sm-1841">
         <name>EUSCIA1_IRQHandler</name>
         <value>0x16293</value>
      </symbol>
      <symbol id="sm-1842">
         <name>EUSCIA2_IRQHandler</name>
         <value>0x16293</value>
      </symbol>
      <symbol id="sm-1843">
         <name>EUSCIA3_IRQHandler</name>
         <value>0x16293</value>
      </symbol>
      <symbol id="sm-1844">
         <name>EUSCIB0_IRQHandler</name>
         <value>0x16293</value>
      </symbol>
      <symbol id="sm-1845">
         <name>EUSCIB1_IRQHandler</name>
         <value>0x12c55</value>
      </symbol>
      <symbol id="sm-1846">
         <name>EUSCIB2_IRQHandler</name>
         <value>0x16293</value>
      </symbol>
      <symbol id="sm-1847">
         <name>EUSCIB3_IRQHandler</name>
         <value>0x16293</value>
      </symbol>
      <symbol id="sm-1848">
         <name>ADC14_IRQHandler</name>
         <value>0x16293</value>
      </symbol>
      <symbol id="sm-1849">
         <name>T32_INT1_IRQHandler</name>
         <value>0x16293</value>
      </symbol>
      <symbol id="sm-184a">
         <name>T32_INT2_IRQHandler</name>
         <value>0x16293</value>
      </symbol>
      <symbol id="sm-184b">
         <name>T32_INTC_IRQHandler</name>
         <value>0x16293</value>
      </symbol>
      <symbol id="sm-184c">
         <name>AES256_IRQHandler</name>
         <value>0x16293</value>
      </symbol>
      <symbol id="sm-184d">
         <name>RTC_C_IRQHandler</name>
         <value>0x16293</value>
      </symbol>
      <symbol id="sm-184e">
         <name>DMA_ERR_IRQHandler</name>
         <value>0x16293</value>
      </symbol>
      <symbol id="sm-184f">
         <name>DMA_INT3_IRQHandler</name>
         <value>0x16293</value>
      </symbol>
      <symbol id="sm-1850">
         <name>DMA_INT2_IRQHandler</name>
         <value>0x16293</value>
      </symbol>
      <symbol id="sm-1851">
         <name>DMA_INT1_IRQHandler</name>
         <value>0x16293</value>
      </symbol>
      <symbol id="sm-1852">
         <name>DMA_INT0_IRQHandler</name>
         <value>0x16293</value>
      </symbol>
      <symbol id="sm-1853">
         <name>PORT1_IRQHandler</name>
         <value>0x16293</value>
      </symbol>
      <symbol id="sm-1854">
         <name>PORT2_IRQHandler</name>
         <value>0x16293</value>
      </symbol>
      <symbol id="sm-1855">
         <name>PORT3_IRQHandler</name>
         <value>0x16293</value>
      </symbol>
      <symbol id="sm-1856">
         <name>PORT4_IRQHandler</name>
         <value>0x14241</value>
      </symbol>
      <symbol id="sm-1857">
         <name>PORT5_IRQHandler</name>
         <value>0x16293</value>
      </symbol>
      <symbol id="sm-1858">
         <name>PORT6_IRQHandler</name>
         <value>0x16293</value>
      </symbol>
   </symbol_table>
   <title>Link successful</title>
</link_info>
