******************************************************************************
                  TI ARM Linker PC v20.2.4                     
******************************************************************************
>> Linked Thu Apr 15 13:12:09 2021

OUTPUT FILE NAME:   <Lab5.out>
ENTRY POINT SYMBOL: "_c_int00_noargs"  address: 0000b1dd


MEMORY CONFIGURATION

         name            origin    length      used     unused   attr    fill
----------------------  --------  ---------  --------  --------  ----  --------
  MAIN                  00000000   00040000  0000c274  00033d8c  R  X
  INFO                  00200000   00004000  00000000  00004000  R  X
  SRAM_CODE             01000000   00010000  0000c40d  00003bf3  RW X
  SRAM_DATA             20000000   00010000  0000c40d  00003bf3  RW  


SEGMENT ALLOCATION MAP

run origin  load origin   length   init length attrs members
----------  ----------- ---------- ----------- ----- -------
00000000    00000000    0000c278   0000c278    r-x
  00000000    00000000    000000e4   000000e4    r-- .intvecs
  000000e4    000000e4    0000b730   0000b730    r-x .text
  0000b814    0000b814    000009e8   000009e8    r-- .const
  0000c200    0000c200    00000078   00000078    r-- .cinit
20000000    20000000    0000c210   00000000    rw-
  20000000    20000000    0000c185   00000000    rw- .bss
  2000c188    2000c188    00000088   00000000    rw- .data
2000fe00    2000fe00    00000200   00000000    rw-
  2000fe00    2000fe00    00000200   00000000    rw- .stack


SECTION ALLOCATION MAP

 output                                  attributes/
section   page    origin      length       input sections
--------  ----  ----------  ----------   ----------------
.intvecs   0    00000000    000000e4     
                  00000000    000000e4     startup_msp432p401r_ccs.obj (.intvecs:retain)

.text      0    000000e4    0000b730     
                  000000e4    00002034     driver.obj (.text)
                  00002118    00000ed4     socket.obj (.text)
                  00002fec    00000c7c     G8RTOS_Scheduler.obj (.text)
                  00003c68    00000ba0     Game.obj (.text)
                  00004808    00000b3c     netapp.obj (.text)
                  00005344    00000ac0     wlan.obj (.text)
                  00005e04    00000a4e     rtsv7M4_T_le_v4SPD16_eabi.lib : _printfi.c.obj (.text:__TI_printfi)
                  00006852    00000002                                   : _lock.c.obj (.text:_nop)
                  00006854    00000690     LCDLib.obj (.text)
                  00006ee4    00000690     cc3100_usage.obj (.text)
                  00007574    000005b4     device.obj (.text)
                  00007b28    00000360     i2c_driver.obj (.text)
                  00007e88    00000350     board.obj (.text)
                  000081d8    00000334     system_msp432p401r.obj (.text)
                  0000850c    000002f8     BackChannelUart.obj (.text)
                  00008804    00000270     rtsv7M4_T_le_v4SPD16_eabi.lib : _printfi.c.obj (.text:_pconv_a)
                  00008a74    00000210     spi_cc3100.obj (.text)
                  00008c84    000001e4     RGBLeds.obj (.text)
                  00008e68    000001d0     rtsv7M4_T_le_v4SPD16_eabi.lib : _printfi.c.obj (.text:_pconv_g)
                  00009038    000001b6                                   : fd_add_t2.asm.obj (.text)
                  000091ee    000001a0     msp432p4xx_driverlib.lib : pcm.o (.text:__PCM_setPowerStateAdvanced)
                  0000938e    00000002     rtsv7M4_T_le_v4SPD16_eabi.lib : div0.asm.obj (.text)
                  00009390    00000178     Joystick.obj (.text)
                  00009508    00000170     main.obj (.text)
                  00009678    0000013c     rtsv7M4_T_le_v4SPD16_eabi.lib : _printfi.c.obj (.text:_pconv_e)
                  000097b4    00000136                                   : fd_div_t2.asm.obj (.text)
                  000098ea    00000002     --HOLE-- [fill = 0]
                  000098ec    00000130     nonos.obj (.text)
                  00009a1c    00000124     rtsv7M4_T_le_v4SPD16_eabi.lib : _printfi.c.obj (.text:fcvt)
                  00009b40    00000110     netcfg.obj (.text)
                  00009c50    00000110     rtsv7M4_T_le_v4SPD16_eabi.lib : s_scalbn.c.obj (.text:scalbn)
                  00009d60    00000104     msp432p4xx_driverlib.lib : cs.o (.text:CS_getDCOFrequency)
                  00009e64    000000fc     rtsv7M4_T_le_v4SPD16_eabi.lib : fd_mul_t2.asm.obj (.text)
                  00009f60    000000e0     msp432p4xx_driverlib.lib : cs.o (.text:CS_initClockSignal)
                  0000a040    000000dc                              : pcm.o (.text:__PCM_setPowerModeAdvanced)
                  0000a11c    000000b1     rtsv7M4_T_le_v4SPD16_eabi.lib : _printfi.c.obj (.text:_ltostr)
                  0000a1cd    00000003     --HOLE-- [fill = 0]
                  0000a1d0    000000b0     msp432p4xx_driverlib.lib : pcm.o (.text:__PCM_setCoreVoltageLevelAdvanced)
                  0000a280    000000a4     G8RTOS_Semaphores.obj (.text)
                  0000a324    000000a4     LCDLib.obj (.text:PutChar)
                  0000a3c8    0000009c     msp432p4xx_driverlib.lib : cs.o (.text:CS_startHFXTWithTimeout)
                  0000a464    0000009c                              : cs.o (.text:_CSComputeCLKFrequency)
                  0000a500    0000009c     rtsv7M4_T_le_v4SPD16_eabi.lib : memcpy_t2.asm.obj (.text)
                  0000a59c    00000096                                   : ull_div_t2.asm.obj (.text)
                  0000a632    00000002     --HOLE-- [fill = 0]
                  0000a634    00000094     msp432p4xx_driverlib.lib : uart.o (.text:UART_initModule)
                  0000a6c8    00000086     rtsv7M4_T_le_v4SPD16_eabi.lib : fd_cmp_t2.asm.obj (.text:__aeabi_cdcmple)
                  0000a74e    00000086                                   : fd_cmp_t2.asm.obj (.text:__aeabi_cdrcmple)
                  0000a7d4    00000084     ClockSys.obj (.text)
                  0000a858    00000080     flowcont.obj (.text)
                  0000a8d8    0000007c     msp432p4xx_driverlib.lib : pcm.o (.text:PCM_gotoLPM3)
                  0000a954    0000007a     rtsv7M4_T_le_v4SPD16_eabi.lib : memset_t2.asm.obj (.text)
                  0000a9ce    00000002     --HOLE-- [fill = 0]
                  0000a9d0    00000070     msp432p4xx_driverlib.lib : cs.o (.text:_CSGetHFXTFrequency)
                  0000aa40    0000006e     rtsv7M4_T_le_v4SPD16_eabi.lib : _printfi.c.obj (.text:_mcpy)
                  0000aaae    00000068                                   : copy_decompress_lzss.c.obj (.text:decompress:lzss:__TI_decompress_lzss)
                  0000ab16    00000002     --HOLE-- [fill = 0]
                  0000ab18    00000064     msp432p4xx_driverlib.lib : interrupt.o (.text:Interrupt_disableInterrupt)
                  0000ab7c    00000064                              : interrupt.o (.text:Interrupt_enableInterrupt)
                  0000abe0    00000064     rtsv7M4_T_le_v4SPD16_eabi.lib : s_frexp.c.obj (.text:frexp)
                  0000ac44    00000056                                   : _printfi.c.obj (.text:_pconv_f)
                  0000ac9a    00000054                                   : _ltoa.c.obj (.text:__TI_ltoa)
                  0000acee    00000052                                   : _printfi.c.obj (.text:_ecpy)
                  0000ad40    00000050     msp432p4xx_driverlib.lib : pcm.o (.text:PCM_shutdownDevice)
                  0000ad90    00000050                              : sysctl.o (.text:SysCtl_getTLVInfo)
                  0000ade0    0000004c                              : gpio.o (.text:GPIO_setAsPeripheralModuleFunctionOutputPin)
                  0000ae2c    0000004c                              : cs.o (.text:_CSGetDOCFrequency)
                  0000ae78    0000004c     rtsv7M4_T_le_v4SPD16_eabi.lib : atoi.c.obj (.text:atoi)
                  0000aec4    0000004c                                   : snprintf.c.obj (.text:snprintf)
                  0000af10    00000048     G8RTOS_SchedulerASM.obj (.text)
                  0000af58    00000048     msp432p4xx_driverlib.lib : gpio.o (.text:GPIO_setAsPeripheralModuleFunctionInputPin)
                  0000afa0    00000048                              : cs.o (.text:_CSGetDividerValue)
                  0000afe8    00000048     rtsv7M4_T_le_v4SPD16_eabi.lib : fd_toi_t2.asm.obj (.text)
                  0000b030    00000044                                   : autoinit.c.obj (.text:__TI_auto_init_nobinit_nopinit:__TI_auto_init_nobinit_nopinit)
                  0000b074    00000040     AsciiLib.obj (.text)
                  0000b0b4    00000040     LCDLib.obj (.text:LCD_WriteData)
                  0000b0f4    0000003e     msp432p4xx_driverlib.lib : i2c.o (.text:I2C_initMaster)
                  0000b132    0000003e     rtsv7M4_T_le_v4SPD16_eabi.lib : _printfi.c.obj (.text:_fcpy)
                  0000b170    00000038     msp432p4xx_driverlib.lib : i2c.o (.text:I2C_masterSendMultiByteStart)
                  0000b1a8    00000034     LCDLib.obj (.text:LCD_WriteIndex)
                  0000b1dc    00000034     rtsv7M4_T_le_v4SPD16_eabi.lib : boot_cortex_m.c.obj (.text:_c_int00_noargs:_c_int00_noargs)
                  0000b210    00000034                                   : rand.c.obj (.text:rand)
                  0000b244    00000030     msp432p4xx_driverlib.lib : i2c.o (.text:I2C_masterSendMultiByteStop)
                  0000b274    00000030     rtsv7M4_T_le_v4SPD16_eabi.lib : snprintf.c.obj (.text:_outs)
                  0000b2a4    00000030     msp432p4xx_driverlib.lib : spi.o (.text:is_A_Module)
                  0000b2d4    0000002e     rtsv7M4_T_le_v4SPD16_eabi.lib : i_tofd_t2.asm.obj (.text)
                  0000b302    0000002c     msp432p4xx_driverlib.lib : pcm.o (.text:PCM_getCoreVoltageLevel)
                  0000b32e    0000002a                              : pcm.o (.text:PCM_getPowerMode)
                  0000b358    00000028                              : flash.o (.text:FlashCtl_setWaitState)
                  0000b380    00000028                              : pcm.o (.text:PCM_gotoLPM0)
                  0000b3a8    00000028     LCDLib.obj (.text:SPISendRecvTPByte)
                  0000b3d0    00000024     msp432p4xx_driverlib.lib : cs.o (.text:CS_clearInterruptFlag)
                  0000b3f4    00000024                              : cs.o (.text:CS_setDCOCenteredFrequency)
                  0000b418    00000024                              : i2c.o (.text:I2C_masterSendMultiByteNext)
                  0000b43c    00000024                              : interrupt.o (.text:Interrupt_setPriority)
                  0000b460    00000024                              : rtc_c.o (.text:RTC_C_holdClock)
                  0000b484    00000024                              : uart.o (.text:UART_transmitData)
                  0000b4a8    00000020     BSP.obj (.text)
                  0000b4c8    00000020     LCDLib.obj (.text:LCD_SetCursor)
                  0000b4e8    00000020     LCDLib.obj (.text:LCD_Write_Data_Only)
                  0000b508    00000020     msp432p4xx_driverlib.lib : spi.o (.text:SPI_transmitData)
                  0000b528    0000001c     LCDLib.obj (.text:LCD_WriteReg)
                  0000b544    0000001c     LCDLib.obj (.text:SPISendRecvByte)
                  0000b560    0000001c     rtsv7M4_T_le_v4SPD16_eabi.lib : memccpy.c.obj (.text:memccpy)
                  0000b57c    0000001a     msp432p4xx_driverlib.lib : spi.o (.text:SPI_receiveData)
                  0000b596    0000001a     rtsv7M4_T_le_v4SPD16_eabi.lib : s_copysign.c.obj (.text:copysign)
                  0000b5b0    00000018     msp432p4xx_driverlib.lib : cs.o (.text:CS_getMCLK)
                  0000b5c8    00000018                              : cs.o (.text:CS_getSMCLK)
                  0000b5e0    00000018                              : wdt_a.o (.text:WDT_A_clearTimer)
                  0000b5f8    00000018                              : wdt_a.o (.text:WDT_A_holdTimer)
                  0000b610    00000018     rtsv7M4_T_le_v4SPD16_eabi.lib : snprintf.c.obj (.text:_outc)
                  0000b628    00000016                                   : strchr.c.obj (.text:strchr)
                  0000b63e    00000002     --HOLE-- [fill = 0]
                  0000b640    00000014     msp432p4xx_driverlib.lib : cs.o (.text:CS_setExternalClockSourceFrequency)
                  0000b654    00000014                              : i2c.o (.text:I2C_isBusBusy)
                  0000b668    00000014                              : systick.o (.text:SysTick_enableInterrupt)
                  0000b67c    00000014     rtsv7M4_T_le_v4SPD16_eabi.lib : strcpy.c.obj (.text:strcpy)
                  0000b690    00000014                                   : strlen.c.obj (.text:strlen)
                  0000b6a4    00000012                                   : wcslen.c.obj (.text:wcslen)
                  0000b6b6    00000010     msp432p4xx_driverlib.lib : i2c.o (.text:I2C_masterReceiveStart)
                  0000b6c6    00000010                              : interrupt.o (.text:Interrupt_enableMaster)
                  0000b6d6    00000010                              : pcm.o (.text:PCM_gotoLPM4)
                  0000b6e6    00000002     --HOLE-- [fill = 0]
                  0000b6e8    00000010                              : sysctl.o (.text:SysCtl_disableNMISource)
                  0000b6f8    00000010                              : sysctl.o (.text:SysCtl_enableNMISource)
                  0000b708    0000000e     G8RTOS_CriticalSection.obj (.text)
                  0000b716    0000000e     msp432p4xx_driverlib.lib : i2c.o (.text:I2C_clearInterruptFlag)
                  0000b724    0000000e                              : i2c.o (.text:I2C_disableInterrupt)
                  0000b732    0000000e     rtsv7M4_T_le_v4SPD16_eabi.lib : copy_decompress_none.c.obj (.text:decompress:none:__TI_decompress_none)
                  0000b740    0000000e     startup_msp432p401r_ccs.obj (.text)
                  0000b74e    0000000c     msp432p4xx_driverlib.lib : cpu.o (.text:CPU_cpsie)
                  0000b75a    0000000c                              : i2c.o (.text:I2C_disableModule)
                  0000b766    0000000c                              : i2c.o (.text:I2C_enableModule)
                  0000b772    00000002     --HOLE-- [fill = 0]
                  0000b774    0000000c                              : pcm.o (.text:PCM_getPowerState)
                  0000b780    0000000c                              : sysctl.o (.text:SysCtl_getNMISourceStatus)
                  0000b78c    0000000c                              : uart.o (.text:UART_enableModule)
                  0000b798    0000000c     rtsv7M4_T_le_v4SPD16_eabi.lib : copy_zero_init.c.obj (.text:decompress:ZI:__TI_zero_init)
                  0000b7a4    0000000a     LCDLib.obj (.text:LCD_Write_Data_Start)
                  0000b7ae    00000008     msp432p4xx_driverlib.lib : i2c.o (.text:I2C_enableInterrupt)
                  0000b7b6    00000008                              : pcm.o (.text:PCM_setCoreVoltageLevel)
                  0000b7be    00000008                              : pcm.o (.text:PCM_setPowerMode)
                  0000b7c6    00000008                              : pcm.o (.text:PCM_setPowerState)
                  0000b7ce    00000002     --HOLE-- [fill = 0]
                  0000b7d0    00000008     rtsv7M4_T_le_v4SPD16_eabi.lib : errno.c.obj (.text:__aeabi_errno_addr)
                  0000b7d8    00000006     msp432p4xx_driverlib.lib : cs.o (.text:CS_startHFXT)
                  0000b7de    00000006                              : spi.o (.text:EUSCI_A_SPI_receiveData)
                  0000b7e4    00000006                              : spi.o (.text:EUSCI_B_SPI_receiveData)
                  0000b7ea    00000006                              : i2c.o (.text:I2C_getEnabledInterruptStatus)
                  0000b7f0    00000006                              : i2c.o (.text:I2C_getInterruptStatus)
                  0000b7f6    00000006                              : i2c.o (.text:I2C_masterReceiveMultiByteNext)
                  0000b7fc    00000004                              : cpu.o (.text:CPU_wfi)
                  0000b800    00000004                              : spi.o (.text:EUSCI_A_SPI_transmitData)
                  0000b804    00000004                              : spi.o (.text:EUSCI_B_SPI_transmitData)
                  0000b808    00000004                              : i2c.o (.text:I2C_setSlaveAddress)
                  0000b80c    00000004     rtsv7M4_T_le_v4SPD16_eabi.lib : pre_init.c.obj (.text:_system_pre_init)
                  0000b810    00000004                                   : exit.c.obj (.text:abort:abort)

.const     0    0000b814    000009e8     
                  0000b814    000005f0     AsciiLib.obj (.const:AsciiLib)
                  0000be04    00000101     rtsv7M4_T_le_v4SPD16_eabi.lib : ctype.c.obj (.const:.string:_ctypes_)
                  0000bf05    00000003     --HOLE-- [fill = 0]
                  0000bf08    000000b0     wlan.obj (.const:$P$T0$1)
                  0000bfb8    00000050     msp432p4xx_driverlib.lib : interrupt.o (.const:g_pulRegs)
                  0000c008    00000040                              : interrupt.o (.const)
                  0000c048    00000038     driver.obj (.const:_SlActionLookupTable)
                  0000c080    0000002c     cc3100_usage.obj (.const:$P$T0$1)
                  0000c0ac    00000024     main.obj (.const:Uart115200Config)
                  0000c0d0    00000024     BackChannelUart.obj (.const:backChannelUart115200Config)
                  0000c0f4    00000014     cc3100_usage.obj (.const:$P$T1$2)
                  0000c108    00000014     Game.obj (.const:.string:$P$T2$2)
                  0000c11c    0000000c     cc3100_usage.obj (.const:$P$T2$3)
                  0000c128    0000000a     Game.obj (.const:$P$T1$1)
                  0000c132    00000002     --HOLE-- [fill = 0]
                  0000c134    00000008     driver.obj (.const:g_H2NCnysPattern)
                  0000c13c    00000008     driver.obj (.const:g_H2NSyncPattern)
                  0000c144    00000004     driver.obj (.const:$P$T0$1)
                  0000c148    00000004     netapp.obj (.const:$P$T0$1)
                  0000c14c    00000004     socket.obj (.const:$P$T0$1)
                  0000c150    00000004     socket.obj (.const:$P$T1$2)
                  0000c154    00000004     wlan.obj (.const:$P$T1$2)
                  0000c158    00000004     socket.obj (.const:$P$T2$3)
                  0000c15c    00000004     wlan.obj (.const:$P$T2$3)
                  0000c160    00000004     wlan.obj (.const:$P$T3$4)
                  0000c164    00000004     socket.obj (.const:_SlAcceptCmdCtrl)
                  0000c168    00000004     device.obj (.const:_SlDeviceGetCmdCtrl)
                  0000c16c    00000004     device.obj (.const:_SlDeviceSetCmdCtrl)
                  0000c170    00000004     device.obj (.const:_SlEventMaskGetCmdCtrl)
                  0000c174    00000004     device.obj (.const:_SlEventMaskSetCmdCtrl)
                  0000c178    00000004     netapp.obj (.const:_SlGetHostByNameCtrl)
                  0000c17c    00000004     netapp.obj (.const:_SlGetHostByServiceCtrl)
                  0000c180    00000004     netapp.obj (.const:_SlGetServiceListeCtrl)
                  0000c184    00000004     socket.obj (.const:_SlGetSockOptCmdCtrl)
                  0000c188    00000004     socket.obj (.const:_SlListenCmdCtrl)
                  0000c18c    00000004     netapp.obj (.const:_SlNetAppGetCmdCtrl)
                  0000c190    00000004     netapp.obj (.const:_SlNetAppSendTokenValueCmdCtrl)
                  0000c194    00000004     netapp.obj (.const:_SlNetAppSetCmdCtrl)
                  0000c198    00000004     netapp.obj (.const:_SlNetAppStartCtrl)
                  0000c19c    00000004     netapp.obj (.const:_SlNetAppStopCtrl)
                  0000c1a0    00000004     netcfg.obj (.const:_SlNetCfgGetCmdCtrl)
                  0000c1a4    00000004     netcfg.obj (.const:_SlNetCfgSetCmdCtrl)
                  0000c1a8    00000004     wlan.obj (.const:_SlPolicyGetCmdCtrl)
                  0000c1ac    00000004     wlan.obj (.const:_SlPolicySetCmdCtrl)
                  0000c1b0    00000004     wlan.obj (.const:_SlProfileDelCmdCtrl)
                  0000c1b4    00000004     wlan.obj (.const:_SlProfileGetCmdCtrl)
                  0000c1b8    00000004     socket.obj (.const:_SlRecvCmdCtrl)
                  0000c1bc    00000004     socket.obj (.const:_SlRecvfomCmdCtrl)
                  0000c1c0    00000004     netapp.obj (.const:_SlRegisterServiceCtrl)
                  0000c1c4    00000004     wlan.obj (.const:_SlRxFilterAddtCmdCtrl)
                  0000c1c8    00000004     wlan.obj (.const:_SlRxFilterGetCmdCtrl)
                  0000c1cc    00000004     wlan.obj (.const:_SlRxFilterSetCmdCtrl)
                  0000c1d0    00000004     socket.obj (.const:_SlSelectCmdCtrl)
                  0000c1d4    00000004     socket.obj (.const:_SlSendCmdCtrl)
                  0000c1d8    00000004     socket.obj (.const:_SlSetSockOptCmdCtrl)
                  0000c1dc    00000004     wlan.obj (.const:_SlSmartConfigStartCmdCtrl)
                  0000c1e0    00000004     socket.obj (.const:_SlSockCloseCmdCtrl)
                  0000c1e4    00000004     socket.obj (.const:_SlSockSocketCmdCtrl)
                  0000c1e8    00000004     device.obj (.const:_SlStopCmdCtrl)
                  0000c1ec    00000004     wlan.obj (.const:_SlWlanCfgGetCmdCtrl)
                  0000c1f0    00000004     wlan.obj (.const:_SlWlanCfgSetCmdCtrl)
                  0000c1f4    00000004     wlan.obj (.const:_SlWlanGetNetworkListCtrl)
                  0000c1f8    00000004     wlan.obj (.const:_SlWlanSetModeCmdCtrl)

.cinit     0    0000c200    00000078     
                  0000c200    00000052     (.cinit..data.load) [load image, compression = lzss]
                  0000c252    00000002     --HOLE-- [fill = 0]
                  0000c254    0000000c     (__TI_handler_table)
                  0000c260    00000008     (.cinit..bss.load) [load image, compression = zero_init]
                  0000c268    00000010     (__TI_cinit_table)

.init_array 
*          0    00000000    00000000     UNINITIALIZED

.binit     0    00000000    00000000     

.bss       0    20000000    0000c185     UNINITIALIZED
                  20000000    0000b800     G8RTOS_Scheduler.obj (.bss:threadStacks)
                  2000b800    00000450     G8RTOS_Scheduler.obj (.bss:threadControlBlocks)
                  2000bc50    00000164     (.common:g_StatMem)
                  2000bdb4    00000150     G8RTOS_Scheduler.obj (.bss:FIFOs)
                  2000bf04    00000100     BackChannelUart.obj (.bss:backChannelStringBuff)
                  2000c004    00000090     G8RTOS_Scheduler.obj (.bss:periodicEvents)
                  2000c094    00000038     (.common:balls)
                  2000c0cc    00000028     (.common:g__SlNonOsCB)
                  2000c0f4    00000020     (.common:prevBalls)
                  2000c114    0000000c     G8RTOS_Scheduler.obj (.bss)
                  2000c120    0000000c     (.common:players)
                  2000c12c    0000000a     (.common:clientPlayer)
                  2000c136    00000001     (.common:IntIsMasked)
                  2000c137    00000001     (.common:ui8DummyRead)
                  2000c138    00000004     cc3100_usage.obj (.bss)
                  2000c13c    00000004     (.common:ButtonFunction)
                  2000c140    00000004     (.common:CurrentlyRunningThread)
                  2000c144    00000004     (.common:LCDMutex)
                  2000c148    00000004     (.common:LEDMutex)
                  2000c14c    00000004     (.common:SystemTime)
                  2000c150    00000004     (.common:ballMutex)
                  2000c154    00000004     (.common:counter0)
                  2000c158    00000004     (.common:counter1)
                  2000c15c    00000004     (.common:counter2)
                  2000c160    00000004     (.common:g_ui32ByteCount)
                  2000c164    00000004     (.common:hfxtFreq)
                  2000c168    00000004     (.common:lfxtFreq)
                  2000c16c    00000004     (.common:pData)
                  2000c170    00000004     (.common:prevPlayers)
                  2000c174    00000004     (.common:sensorMutex)
                  2000c178    00000004     (.common:task0_ID)
                  2000c17c    00000004     (.common:task1_ID)
                  2000c180    00000004     (.common:task2_ID)
                  2000c184    00000001     (.common:ui8Status)

.data      0    2000c188    00000088     UNINITIALIZED
                  2000c188    00000030     msp432p4xx_driverlib.lib : gpio.o (.data:GPIO_PORT_TO_BASE)
                  2000c1b8    00000014     cc3100_usage.obj (.data)
                  2000c1cc    00000014     i2c_driver.obj (.data:i2cConfig)
                  2000c1e0    0000000c     Game.obj (.data)
                  2000c1ec    00000009     driver.obj (.data)
                  2000c1f5    00000001     i2c_driver.obj (.data)
                  2000c1f6    00000002     --HOLE--
                  2000c1f8    00000008     rtsv7M4_T_le_v4SPD16_eabi.lib : _lock.c.obj (.data:$O1$$)
                  2000c200    00000004     board.obj (.data)
                  2000c204    00000004     rtsv7M4_T_le_v4SPD16_eabi.lib : errno.c.obj (.data)
                  2000c208    00000004                                   : rand.c.obj (.data)
                  2000c20c    00000004     system_msp432p401r.obj (.data)

.stack     0    2000fe00    00000200     UNINITIALIZED
                  2000fe00    00000004     rtsv7M4_T_le_v4SPD16_eabi.lib : boot_cortex_m.c.obj (.stack)
                  2000fe04    000001fc     --HOLE--

__llvm_prf_cnts 
*          0    20000000    00000000     UNINITIALIZED

MODULE SUMMARY

       Module                        code    ro data   rw data
       ------                        ----    -------   -------
    .\
       Game.obj                      2976    30        284    
       LCDLib.obj                    2130    0         0      
       system_msp432p401r.obj        820     0         8      
       main.obj                      368     36        48     
       startup_msp432p401r_ccs.obj   14      228       0      
    +--+-----------------------------+-------+---------+---------+
       Total:                        6308    294       340    
                                                              
    .\BoardSupportPackage\src\
       AsciiLib.obj                  64      1520      0      
       BackChannelUart.obj           760     36        512    
       i2c_driver.obj                864     0         62     
       RGBLeds.obj                   484     0         0      
       Joystick.obj                  376     0         8      
       ClockSys.obj                  132     0         0      
       BSP.obj                       32      0         0      
    +--+-----------------------------+-------+---------+---------+
       Total:                        2712    1556      582    
                                                              
    .\CC3100SupportPackage\board\
       board.obj                     848     0         10     
    +--+-----------------------------+-------+---------+---------+
       Total:                        848     0         10     
                                                              
    .\CC3100SupportPackage\cc3100_usage\
       cc3100_usage.obj              1680    76        48     
    +--+-----------------------------+-------+---------+---------+
       Total:                        1680    76        48     
                                                              
    .\CC3100SupportPackage\simplelink\source\
       driver.obj                    8244    76        730    
       socket.obj                    3796    52        0      
       wlan.obj                      2752    236       0      
       netapp.obj                    2876    40        0      
       device.obj                    1460    20        0      
       nonos.obj                     304     0         80     
       netcfg.obj                    272     8         0      
       flowcont.obj                  128     0         0      
    +--+-----------------------------+-------+---------+---------+
       Total:                        19832   432       810    
                                                              
    .\CC3100SupportPackage\spi_cc3100\
       spi_cc3100.obj                528     0         0      
    +--+-----------------------------+-------+---------+---------+
       Total:                        528     0         0      
                                                              
    .\G8RTOS_Empty_Lab2\
       G8RTOS_Scheduler.obj          3196    0         97416  
       G8RTOS_Semaphores.obj         164     0         0      
       G8RTOS_SchedulerASM.obj       72      0         0      
       G8RTOS_CriticalSection.obj    14      0         0      
    +--+-----------------------------+-------+---------+---------+
       Total:                        3446    0         97416  
                                                              
    ../BoardSupportPackage/DriverLib/msp432p4xx_driverlib.lib
       cs.o                          1202    0         16     
       pcm.o                         1194    0         0      
       interrupt.o                   252     144       0      
       i2c.o                         320     0         0      
       gpio.o                        148     0         96     
       uart.o                        196     0         0      
       spi.o                         126     0         0      
       sysctl.o                      124     0         0      
       wdt_a.o                       48      0         0      
       flash.o                       40      0         0      
       rtc_c.o                       36      0         0      
       systick.o                     20      0         0      
       cpu.o                         16      0         0      
    +--+-----------------------------+-------+---------+---------+
       Total:                        3722    144       112    
                                                              
    C:\ti\ccs1011\ccs\tools\compiler\ti-cgt-arm_20.2.4.LTS\lib\rtsv7M4_T_le_v4SPD16_eabi.lib
       _printfi.c.obj                4851    0         0      
       fd_add_t2.asm.obj             438     0         0      
       fd_div_t2.asm.obj             310     0         0      
       s_scalbn.c.obj                272     0         0      
       fd_cmp_t2.asm.obj             268     0         0      
       ctype.c.obj                   0       257       0      
       fd_mul_t2.asm.obj             252     0         0      
       memcpy_t2.asm.obj             156     0         0      
       ull_div_t2.asm.obj            150     0         0      
       snprintf.c.obj                148     0         0      
       memset_t2.asm.obj             122     0         0      
       copy_decompress_lzss.c.obj    104     0         0      
       s_frexp.c.obj                 100     0         0      
       _ltoa.c.obj                   84      0         0      
       atoi.c.obj                    76      0         0      
       fd_toi_t2.asm.obj             72      0         0      
       autoinit.c.obj                68      0         0      
       rand.c.obj                    52      0         8      
       boot_cortex_m.c.obj           52      0         0      
       i_tofd_t2.asm.obj             46      0         0      
       memccpy.c.obj                 28      0         0      
       s_copysign.c.obj              26      0         0      
       strchr.c.obj                  22      0         0      
       strcpy.c.obj                  20      0         0      
       strlen.c.obj                  20      0         0      
       _lock.c.obj                   2       0         16     
       wcslen.c.obj                  18      0         0      
       errno.c.obj                   8       0         8      
       copy_decompress_none.c.obj    14      0         0      
       copy_zero_init.c.obj          12      0         0      
       exit.c.obj                    4       0         0      
       pre_init.c.obj                4       0         0      
       div0.asm.obj                  2       0         0      
    +--+-----------------------------+-------+---------+---------+
       Total:                        7801    257       32     
                                                              
       Stack:                        0       0         1024   
       Linker Generated:             0       118       0      
    +--+-----------------------------+-------+---------+---------+
       Grand Total:                  46877   2877      100374 


LINKER GENERATED COPY TABLES

__TI_cinit_table @ 0000c268 records: 2, size/record: 8, table size: 16
	.data: load addr=0000c200, load size=00000052 bytes, run addr=2000c188, run size=00000088 bytes, compression=lzss
	.bss: load addr=0000c260, load size=00000008 bytes, run addr=20000000, run size=0000c185 bytes, compression=zero_init


LINKER GENERATED HANDLER TABLE

__TI_handler_table @ 0000c254 records: 3, size/record: 4, table size: 12
	index: 0, handler: __TI_decompress_lzss
	index: 1, handler: __TI_decompress_none
	index: 2, handler: __TI_zero_init


GLOBAL SYMBOLS: SORTED ALPHABETICALLY BY Name 

address   name                                       
-------   ----                                       
0000b74d  ADC14_IRQHandler                           
0000b74d  AES256_IRQHandler                          
0000b4a9  BSP_InitBoard                              
000085b1  BackChannelEventTrigger                    
0000852b  BackChannelInit                            
000085c9  BackChannelOpt3001PrintRaw                 
00008547  BackChannelPrint                           
00008593  BackChannelPrintIntVariable                
0000860b  BackupChannelBmi160PrintAccel              
00008637  BackupChannelBmi160PrintGyro               
00008663  BackupChannelBmi160PrintMag                
000085e5  BackupChannelTmp007PrintRaw                
0000b74d  BusFault_Handler                           
2000c13c  ButtonFunction                             
0000b811  C$$EXIT                                    
00007edf  CC3100_InterruptDisable                    
00007eb5  CC3100_InterruptEnable                     
00007e9d  CC3100_disable                             
00007ea9  CC3100_enable                              
0000b74d  COMP_E0_IRQHandler                         
0000b74d  COMP_E1_IRQHandler                         
0000b74f  CPU_cpsie                                  
0000b7fd  CPU_wfi                                    
0000b74d  CS_IRQHandler                              
0000b3d1  CS_clearInterruptFlag                      
00009d61  CS_getDCOFrequency                         
0000b5b1  CS_getMCLK                                 
0000b5c9  CS_getSMCLK                                
00009f61  CS_initClockSignal                         
0000b3f5  CS_setDCOCenteredFrequency                 
0000b641  CS_setExternalClockSourceFrequency         
0000b7d9  CS_startHFXT                               
0000a3c9  CS_startHFXTWithTimeout                    
0000a843  ClockSys_GetSysFreq                        
0000a7d5  ClockSys_SetMaxFreq                        
00004e65  CopyPingResultsToReport                    
00003ced  CreateGame                                 
2000c140  CurrentlyRunningThread                     
0000b74d  DMA_ERR_IRQHandler                         
0000b74d  DMA_INT0_IRQHandler                        
0000b74d  DMA_INT1_IRQHandler                        
0000b74d  DMA_INT2_IRQHandler                        
0000b74d  DMA_INT3_IRQHandler                        
0000b74d  DebugMon_Handler                           
0000b74d  Default_Handler                            
0000813b  Delay                                      
00009471  Disable_Joystick_Interrupt                 
0000435d  DrawObjects                                
00004479  DrawPlayer                                 
00008189  EUSCIA0_IRQHandler                         
00008189  EUSCIA0_IRQHandler                         
0000b74d  EUSCIA1_IRQHandler                         
0000b74d  EUSCIA2_IRQHandler                         
0000b74d  EUSCIA3_IRQHandler                         
0000b74d  EUSCIB0_IRQHandler                         
00007dc1  EUSCIB1_IRQHandler                         
00007dc1  EUSCIB1_IRQHandler                         
0000b74d  EUSCIB2_IRQHandler                         
0000b74d  EUSCIB3_IRQHandler                         
0000b7df  EUSCI_A_SPI_receiveData                    
0000b801  EUSCI_A_SPI_transmitData                   
0000b7e5  EUSCI_B_SPI_receiveData                    
0000b805  EUSCI_B_SPI_transmitData                   
0000b711  EndCriticalSection                         
0000425d  EndOfGameHost                              
0000b74d  FLCTL_IRQHandler                           
0000b74d  FPU_IRQHandler                             
0000b359  FlashCtl_setWaitState                      
00003b65  G8RTOS_AddAPeriodicEvent                   
00003769  G8RTOS_AddPeriodicEvent                    
000032a5  G8RTOS_AddThread                           
000039f5  G8RTOS_GetThreadId                         
000031c7  G8RTOS_Init                                
0000a281  G8RTOS_InitSemaphore                       
00003bb9  G8RTOS_KillOthers                          
00003af1  G8RTOS_KillSelf                            
00003a25  G8RTOS_KillThread                          
000031ff  G8RTOS_Launch                              
000030bf  G8RTOS_Scheduler                           
0000a2d7  G8RTOS_SignalSemaphore                     
0000af15  G8RTOS_Start                               
0000a29f  G8RTOS_WaitSemaphore                       
0000af59  GPIO_setAsPeripheralModuleFunctionInputPin 
0000ade1  GPIO_setAsPeripheralModuleFunctionOutputPin
00003e07  GenerateBall                               
0000b075  GetASCIICode                               
00009487  GetJoystickCoordinates                     
00008087  GetLEDStatus                               
0000b74d  HardFault_Handler                          
0000b717  I2C_clearInterruptFlag                     
0000b725  I2C_disableInterrupt                       
0000b75b  I2C_disableModule                          
0000b7af  I2C_enableInterrupt                        
0000b767  I2C_enableModule                           
0000b7eb  I2C_getEnabledInterruptStatus              
0000b7f1  I2C_getInterruptStatus                     
0000b0f5  I2C_initMaster                             
0000b655  I2C_isBusBusy                              
0000b7f7  I2C_masterReceiveMultiByteNext             
0000b6b7  I2C_masterReceiveStart                     
0000b419  I2C_masterSendMultiByteNext                
0000b171  I2C_masterSendMultiByteStart               
0000b245  I2C_masterSendMultiByteStop                
0000b809  I2C_setSlaveAddress                        
00004353  Idle                                       
2000c136  IntIsMasked                                
0000ab19  Interrupt_disableInterrupt                 
0000ab7d  Interrupt_enableInterrupt                  
0000b6c7  Interrupt_enableMaster                     
0000b43d  Interrupt_setPriority                      
00003c9d  JoinGame                                   
000093bd  Joystick_Init_Without_Interrupt            
0000941b  Joystick_Push_Button_Init_With_Interrupt   
2000c144  LCDMutex                                   
00006b47  LCD_Clear                                  
00006917  LCD_DrawRectangle                          
00006bc5  LCD_Init                                   
0000b4c9  LCD_SetCursor                              
00006b63  LCD_SetPoint                               
00006aad  LCD_Text                                   
0000b0b5  LCD_WriteData                              
0000b1a9  LCD_WriteIndex                             
0000b529  LCD_WriteReg                               
0000b4e9  LCD_Write_Data_Only                        
0000b7a5  LCD_Write_Data_Start                       
2000c148  LEDMutex                                   
00008c85  LP3943_LedModeSet                          
00007efd  MaskIntHdlr                                
0000b74d  MemManage_Handler                          
00003fbd  MoveBall                                   
0000443d  MoveLEDs                                   
0000b74d  NMI_Handler                                
00003733  OS_Sleep                                   
0000b74d  PCM_IRQHandler                             
0000b303  PCM_getCoreVoltageLevel                    
0000b32f  PCM_getPowerMode                           
0000b775  PCM_getPowerState                          
0000b381  PCM_gotoLPM0                               
0000a8d9  PCM_gotoLPM3                               
0000b6d7  PCM_gotoLPM4                               
0000b7b7  PCM_setCoreVoltageLevel                    
0000b7bf  PCM_setPowerMode                           
0000b7c7  PCM_setPowerState                          
0000ad41  PCM_shutdownDevice                         
00008139  PORT1_IRQHandler                           
00008139  PORT1_IRQHandler                           
00008163  PORT2_IRQHandler                           
00008163  PORT2_IRQHandler                           
0000b74d  PORT3_IRQHandler                           
00009599  PORT4_IRQHandler                           
00009599  PORT4_IRQHandler                           
0000b74d  PORT5_IRQHandler                           
0000b74d  PORT6_IRQHandler                           
0000b74d  PSS_IRQHandler                             
0000af2f  PendSV_Handler                             
0000af2f  PendSV_Handler                             
0000a325  PutChar                                    
0000b74d  RTC_C_IRQHandler                           
0000b461  RTC_C_holdClock                            
00003e5d  ReadJoystickHost                           
00007465  ReceiveData                                
00003cd5  ReceiveDataFromHost                        
0000b741  Reset_Handler                              
00002eef  SL_FD_CLR                                  
00002f15  SL_FD_ISSET                                
00002ecd  SL_FD_SET                                  
00002f3d  SL_FD_ZERO                                 
0000b545  SPISendRecvByte                            
0000b3a9  SPISendRecvTPByte                          
0000b57d  SPI_receiveData                            
0000b509  SPI_transmitData                           
0000b74d  SVC_Handler                                
000080f5  SelAntenna                                 
00007445  SendData                                   
00003cd7  SendDataToHost                             
00007529  SimpleLinkGeneralEventHandler              
0000751d  SimpleLinkHttpServerCallback               
000074e5  SimpleLinkNetAppEventHandler               
00007533  SimpleLinkSockEventHandler                 
00007491  SimpleLinkWlanEventHandler                 
2000c1c8  SockIDRx                                   
2000c1ca  SockIDTx                                   
0000b709  StartCriticalSection                       
0000b6e9  SysCtl_disableNMISource                    
0000b6f9  SysCtl_enableNMISource                     
0000b781  SysCtl_getNMISourceStatus                  
0000ad91  SysCtl_getTLVInfo                          
00003121  SysTick_Handler                            
00003121  SysTick_Handler                            
0000b669  SysTick_enableInterrupt                    
2000c20c  SystemCoreClock                            
000081d9  SystemCoreClockUpdate                      
00008451  SystemInit                                 
2000c14c  SystemTime                                 
0000b74d  T32_INT1_IRQHandler                        
0000b74d  T32_INT2_IRQHandler                        
0000b74d  T32_INTC_IRQHandler                        
0000b74d  TA0_0_IRQHandler                           
0000b74d  TA0_N_IRQHandler                           
0000b74d  TA1_0_IRQHandler                           
0000b74d  TA1_N_IRQHandler                           
0000b74d  TA2_0_IRQHandler                           
0000b74d  TA2_N_IRQHandler                           
0000b74d  TA3_0_IRQHandler                           
0000b74d  TA3_N_IRQHandler                           
00006def  TP_ReadXY                                  
0000b78d  UART_enableModule                          
0000a635  UART_initModule                            
0000b485  UART_transmitData                          
00007f05  UnMaskIntHdlr                              
00004611  UpdateBallOnScreen                         
000044dd  UpdatePlayerOnScreen                       
0000b74d  UsageFault_Handler                         
4000480c  WDTCTL_SYM                                 
0000b74d  WDT_A_IRQHandler                           
0000b5e1  WDT_A_clearTimer                           
0000b5f9  WDT_A_holdTimer                            
0000c164  _SlAcceptCmdCtrl                           
0000c048  _SlActionLookupTable                       
00000fb1  _SlAsyncEventGenericHandler                
0000c168  _SlDeviceGetCmdCtrl                        
0000c16c  _SlDeviceSetCmdCtrl                        
000019c9  _SlDrvBasicCmd                             
00001677  _SlDrvClassifyRxMsg                        
000002af  _SlDrvCmdOp                                
0000035f  _SlDrvCmdSend                              
000003b5  _SlDrvDataReadOp                           
000005b9  _SlDrvDataWriteOp                          
00007aa9  _SlDrvDeviceEventHandler                   
000001c9  _SlDrvDriverCBDeinit                       
000000e5  _SlDrvDriverCBInit                         
0000a897  _SlDrvFlowContDeinit                       
0000a859  _SlDrvFlowContInit                         
00000979  _SlDrvMsgRead                              
00001499  _SlDrvMsgReadCmdCtx                        
00001593  _SlDrvMsgReadSpawnCtx                      
00000785  _SlDrvMsgWrite                             
00005235  _SlDrvNetAppEventHandler                   
00001ec1  _SlDrvObjDeInit                            
00001e45  _SlDrvObjInit                              
00001c39  _SlDrvReleasePoolObj                       
000017c5  _SlDrvRxHdrRead                            
0000026d  _SlDrvRxIrqHandler                         
0000177d  _SlDrvShiftDWord                           
00001a31  _SlDrvWaitForPoolObj                       
0000c170  _SlEventMaskGetCmdCtrl                     
0000c174  _SlEventMaskSetCmdCtrl                     
00001f9f  _SlFindAndSetActiveObj                     
0000c178  _SlGetHostByNameCtrl                       
0000c17c  _SlGetHostByServiceCtrl                    
0000c180  _SlGetServiceListeCtrl                     
0000c184  _SlGetSockOptCmdCtrl                       
0000c188  _SlListenCmdCtrl                           
0000c18c  _SlNetAppGetCmdCtrl                        
0000c190  _SlNetAppSendTokenValueCmdCtrl             
0000c194  _SlNetAppSetCmdCtrl                        
0000c198  _SlNetAppStartCtrl                         
0000c19c  _SlNetAppStopCtrl                          
0000c1a0  _SlNetCfgGetCmdCtrl                        
0000c1a4  _SlNetCfgSetCmdCtrl                        
000099b1  _SlNonOsMainLoopTask                       
00009905  _SlNonOsSemGet                             
000098ed  _SlNonOsSemSet                             
00009961  _SlNonOsSpawn                              
0000c1a8  _SlPolicyGetCmdCtrl                        
0000c1ac  _SlPolicySetCmdCtrl                        
0000c1b0  _SlProfileDelCmdCtrl                       
0000c1b4  _SlProfileGetCmdCtrl                       
0000c1b8  _SlRecvCmdCtrl                             
0000c1bc  _SlRecvfomCmdCtrl                          
0000c1c0  _SlRegisterServiceCtrl                     
00001ee1  _SlRemoveFromList                          
0000c1c4  _SlRxFilterAddtCmdCtrl                     
0000c1c8  _SlRxFilterGetCmdCtrl                      
0000c1cc  _SlRxFilterSetCmdCtrl                      
0000c1d0  _SlSelectCmdCtrl                           
0000c1d4  _SlSendCmdCtrl                             
0000c1d8  _SlSetSockOptCmdCtrl                       
0000c1dc  _SlSmartConfigStartCmdCtrl                 
0000c1e0  _SlSockCloseCmdCtrl                        
0000c1e4  _SlSockSocketCmdCtrl                       
0000c1e8  _SlStopCmdCtrl                             
0000c1ec  _SlWlanCfgGetCmdCtrl                       
0000c1f0  _SlWlanCfgSetCmdCtrl                       
0000c1f4  _SlWlanGetNetworkListCtrl                  
0000c1f8  _SlWlanSetModeCmdCtrl                      
20010000  __STACK_END                                
00000200  __STACK_SIZE                               
0000c268  __TI_CINIT_Base                            
0000c278  __TI_CINIT_Limit                           
0000c254  __TI_Handler_Table_Base                    
0000c260  __TI_Handler_Table_Limit                   
0000b031  __TI_auto_init_nobinit_nopinit             
0000aaaf  __TI_decompress_lzss                       
0000b733  __TI_decompress_none                       
0000ac9b  __TI_ltoa                                  
ffffffff  __TI_pprof_out_hndl                        
00005e05  __TI_printfi                               
ffffffff  __TI_prof_data_size                        
ffffffff  __TI_prof_data_start                       
00000000  __TI_static_base__                         
0000b799  __TI_zero_init                             
0000a6c9  __aeabi_cdcmpeq                            
0000a6c9  __aeabi_cdcmple                            
0000a74f  __aeabi_cdrcmple                           
0000afe9  __aeabi_d2iz                               
00009043  __aeabi_dadd                               
000097b5  __aeabi_ddiv                               
00009e65  __aeabi_dmul                               
00009039  __aeabi_dsub                               
0000b7d1  __aeabi_errno_addr                         
0000b2d5  __aeabi_i2d                                
0000938f  __aeabi_idiv0                              
0000938f  __aeabi_ldiv0                              
0000a955  __aeabi_memclr                             
0000a955  __aeabi_memclr4                            
0000a955  __aeabi_memclr8                            
0000a501  __aeabi_memcpy                             
0000a501  __aeabi_memcpy4                            
0000a501  __aeabi_memcpy8                            
0000a957  __aeabi_memset                             
0000a957  __aeabi_memset4                            
0000a957  __aeabi_memset8                            
0000a59d  __aeabi_uldivmod                           
ffffffff  __binit__                                  
ffffffff  __c_args__                                 
UNDEFED   __mpu_init                                 
2000fe00  __stack                                    
20000000  __start___llvm_prf_cnts                    
20000000  __stop___llvm_prf_cnts                     
0000b1dd  _c_int00_noargs                            
0000be04  _ctypes_                                   
2000c1f8  _lock                                      
00006853  _nop                                       
00002119  _sl_BuildAddress                           
00007575  _sl_GetStartResponseConvert                
00002b2d  _sl_HandleAsync_Accept                     
00002727  _sl_HandleAsync_Connect                    
00004c4f  _sl_HandleAsync_DnsGetHostByAddr           
00004d9d  _sl_HandleAsync_DnsGetHostByName           
00004b81  _sl_HandleAsync_DnsGetHostByService        
000076d9  _sl_HandleAsync_InitComplete               
00004ea1  _sl_HandleAsync_PingResponse               
00002f55  _sl_HandleAsync_Select                     
0000778b  _sl_HandleAsync_Stop                       
00002231  _sl_ParseAddress                           
00002169  _sl_TruncatePayloadByProtocol              
UNDEFED   _system_post_cinit                         
0000b80d  _system_pre_init                           
2000c1fc  _unlock                                    
0000b811  abort                                      
0000ae79  atoi                                       
2000c150  ballMutex                                  
2000c094  balls                                      
ffffffff  binit                                      
2000c1e6  blueLED                                    
2000c1f5  burstMode                                  
000047bb  buttonPress                                
000046e1  checkCollision                             
00007f19  clear_rts                                  
2000c12c  clientPlayer                               
0000b597  copysign                                   
0000b597  copysignl                                  
2000c154  counter0                                   
2000c158  counter1                                   
2000c15c  counter2                                   
2000c204  errno                                      
2000c1eb  flagButton                                 
0000abe1  frexp                                      
0000abe1  frexpl                                     
2000c1f4  gFirstCmdMode                              
0000c134  g_H2NCnysPattern                           
0000c13c  g_H2NSyncPattern                           
2000bc50  g_StatMem                                  
2000c1b8  g_Status                                   
2000c0cc  g__SlNonOsCB                               
2000c1ec  g_pCB                                      
2000c160  g_ui32ByteCount                            
2000c1ea  gameOver                                   
000047d5  genRandVelo                                
00007485  getLocalIP                                 
2000c1cc  i2cConfig                                  
000080c1  initAntSelGPIO                             
00007381  initCC3100                                 
00007f25  initClk                                    
00003841  initFIFO                                   
00007b67  initI2C                                    
00007f99  initLEDs                                   
00008def  init_RGBLEDs                               
00000000  interruptVectors                           
00009c51  ldexp                                      
00009c51  ldexpl                                     
0000959b  main                                       
0000b561  memccpy                                    
0000a501  memcpy                                     
0000a95d  memset                                     
2000c16c  pData                                      
2000c200  pIraEventHandler                           
2000c1f0  pPingCallBackFunc                          
2000c120  players                                    
2000c1e4  points_bottom                              
2000c1e5  points_top                                 
2000c0f4  prevBalls                                  
2000c170  prevPlayers                                
0000b211  rand                                       
00007ce9  readBurstI2C                               
000038cd  readFIFO                                   
00007c1b  readI2C                                    
2000c1c0  receivedAlready                            
2000c1e8  redLED                                     
00007e89  registerInterruptHandler                   
2000c1bc  retVal                                     
00009c51  scalbn                                     
00009c51  scalbnl                                    
2000c1e0  scaleX                                     
2000c1e2  scaleY                                     
2000c174  sensorMutex                                
00007f0d  set_rts                                    
00002929  sl_Accept                                  
0000230b  sl_Bind                                    
000022e1  sl_Close                                   
000025d1  sl_Connect                                 
000079a5  sl_DevGet                                  
00007a43  sl_DevSet                                  
00007971  sl_EventMaskGet                            
00007937  sl_EventMaskSet                            
00002cad  sl_GetSockOpt                              
00002aab  sl_Htonl                                   
00002aed  sl_Htons                                   
000028e9  sl_Listen                                  
00004c5d  sl_NetAppDnsGetHostByName                  
00004a51  sl_NetAppDnsGetHostByService               
000051a5  sl_NetAppGet                               
00004851  sl_NetAppGetServiceList                    
000049d5  sl_NetAppMDNSRegisterService               
00004921  sl_NetAppMDNSRegisterUnregisterService     
00004a11  sl_NetAppMDNSUnRegisterService             
00004f65  sl_NetAppPingStart                         
00005141  sl_NetAppSendTokenValue                    
000050d5  sl_NetAppSet                               
00004809  sl_NetAppStart                             
0000482d  sl_NetAppStop                              
00009ba7  sl_NetCfgGet                               
00009b41  sl_NetCfgSet                               
00002bc5  sl_Recv                                    
000024af  sl_RecvFrom                                
00002d47  sl_Select                                  
000027d9  sl_Send                                    
00002393  sl_SendTo                                  
00002c41  sl_SetSockOpt                              
0000228b  sl_Socket                                  
000075d5  sl_Start                                   
0000780f  sl_Stop                                    
000075cd  sl_Task                                    
00005345  sl_WlanConnect                             
0000557d  sl_WlanDisconnect                          
00005d4d  sl_WlanGet                                 
00005a15  sl_WlanGetNetworkList                      
000055f1  sl_WlanPolicyGet                           
00005589  sl_WlanPolicySet                           
00005695  sl_WlanProfileAdd                          
000059e7  sl_WlanProfileDel                          
00005905  sl_WlanProfileGet                          
00005a87  sl_WlanRxFilterAdd                         
00005b49  sl_WlanRxFilterGet                         
00005af5  sl_WlanRxFilterSet                         
00005bd7  sl_WlanRxStatGet                           
00005bbf  sl_WlanRxStatStart                         
00005bcb  sl_WlanRxStatStop                          
00005cd9  sl_WlanSet                                 
00005ca9  sl_WlanSetMode                             
00005c1d  sl_WlanSmartConfigStart                    
00005c0d  sl_WlanSmartConfigStop                     
0000aec5  snprintf                                   
00008a75  spi_Close                                  
00008a81  spi_Open                                   
00008bcb  spi_Read                                   
00008b71  spi_Write                                  
00007f8f  stopWDT                                    
0000b629  strchr                                     
0000b67d  strcpy                                     
0000b691  strlen                                     
00009509  task0                                      
2000c178  task0_ID                                   
0000951d  task1                                      
2000c17c  task1_ID                                   
00009549  task2                                      
2000c180  task2_ID                                   
00008053  toggleLed                                  
2000c1c4  transmitedAlready                          
0000801f  turnLedOff                                 
00007feb  turnLedOn                                  
00009575  uartInit                                   
2000c137  ui8DummyRead                               
2000c184  ui8Status                                  
0000b6a5  wcslen                                     
00003959  writeFIFO                                  
00007b85  writeI2C                                   


GLOBAL SYMBOLS: SORTED BY Symbol Address 

address   name                                       
-------   ----                                       
00000000  __TI_static_base__                         
00000000  interruptVectors                           
000000e5  _SlDrvDriverCBInit                         
000001c9  _SlDrvDriverCBDeinit                       
00000200  __STACK_SIZE                               
0000026d  _SlDrvRxIrqHandler                         
000002af  _SlDrvCmdOp                                
0000035f  _SlDrvCmdSend                              
000003b5  _SlDrvDataReadOp                           
000005b9  _SlDrvDataWriteOp                          
00000785  _SlDrvMsgWrite                             
00000979  _SlDrvMsgRead                              
00000fb1  _SlAsyncEventGenericHandler                
00001499  _SlDrvMsgReadCmdCtx                        
00001593  _SlDrvMsgReadSpawnCtx                      
00001677  _SlDrvClassifyRxMsg                        
0000177d  _SlDrvShiftDWord                           
000017c5  _SlDrvRxHdrRead                            
000019c9  _SlDrvBasicCmd                             
00001a31  _SlDrvWaitForPoolObj                       
00001c39  _SlDrvReleasePoolObj                       
00001e45  _SlDrvObjInit                              
00001ec1  _SlDrvObjDeInit                            
00001ee1  _SlRemoveFromList                          
00001f9f  _SlFindAndSetActiveObj                     
00002119  _sl_BuildAddress                           
00002169  _sl_TruncatePayloadByProtocol              
00002231  _sl_ParseAddress                           
0000228b  sl_Socket                                  
000022e1  sl_Close                                   
0000230b  sl_Bind                                    
00002393  sl_SendTo                                  
000024af  sl_RecvFrom                                
000025d1  sl_Connect                                 
00002727  _sl_HandleAsync_Connect                    
000027d9  sl_Send                                    
000028e9  sl_Listen                                  
00002929  sl_Accept                                  
00002aab  sl_Htonl                                   
00002aed  sl_Htons                                   
00002b2d  _sl_HandleAsync_Accept                     
00002bc5  sl_Recv                                    
00002c41  sl_SetSockOpt                              
00002cad  sl_GetSockOpt                              
00002d47  sl_Select                                  
00002ecd  SL_FD_SET                                  
00002eef  SL_FD_CLR                                  
00002f15  SL_FD_ISSET                                
00002f3d  SL_FD_ZERO                                 
00002f55  _sl_HandleAsync_Select                     
000030bf  G8RTOS_Scheduler                           
00003121  SysTick_Handler                            
00003121  SysTick_Handler                            
000031c7  G8RTOS_Init                                
000031ff  G8RTOS_Launch                              
000032a5  G8RTOS_AddThread                           
00003733  OS_Sleep                                   
00003769  G8RTOS_AddPeriodicEvent                    
00003841  initFIFO                                   
000038cd  readFIFO                                   
00003959  writeFIFO                                  
000039f5  G8RTOS_GetThreadId                         
00003a25  G8RTOS_KillThread                          
00003af1  G8RTOS_KillSelf                            
00003b65  G8RTOS_AddAPeriodicEvent                   
00003bb9  G8RTOS_KillOthers                          
00003c9d  JoinGame                                   
00003cd5  ReceiveDataFromHost                        
00003cd7  SendDataToHost                             
00003ced  CreateGame                                 
00003e07  GenerateBall                               
00003e5d  ReadJoystickHost                           
00003fbd  MoveBall                                   
0000425d  EndOfGameHost                              
00004353  Idle                                       
0000435d  DrawObjects                                
0000443d  MoveLEDs                                   
00004479  DrawPlayer                                 
000044dd  UpdatePlayerOnScreen                       
00004611  UpdateBallOnScreen                         
000046e1  checkCollision                             
000047bb  buttonPress                                
000047d5  genRandVelo                                
00004809  sl_NetAppStart                             
0000482d  sl_NetAppStop                              
00004851  sl_NetAppGetServiceList                    
00004921  sl_NetAppMDNSRegisterUnregisterService     
000049d5  sl_NetAppMDNSRegisterService               
00004a11  sl_NetAppMDNSUnRegisterService             
00004a51  sl_NetAppDnsGetHostByService               
00004b81  _sl_HandleAsync_DnsGetHostByService        
00004c4f  _sl_HandleAsync_DnsGetHostByAddr           
00004c5d  sl_NetAppDnsGetHostByName                  
00004d9d  _sl_HandleAsync_DnsGetHostByName           
00004e65  CopyPingResultsToReport                    
00004ea1  _sl_HandleAsync_PingResponse               
00004f65  sl_NetAppPingStart                         
000050d5  sl_NetAppSet                               
00005141  sl_NetAppSendTokenValue                    
000051a5  sl_NetAppGet                               
00005235  _SlDrvNetAppEventHandler                   
00005345  sl_WlanConnect                             
0000557d  sl_WlanDisconnect                          
00005589  sl_WlanPolicySet                           
000055f1  sl_WlanPolicyGet                           
00005695  sl_WlanProfileAdd                          
00005905  sl_WlanProfileGet                          
000059e7  sl_WlanProfileDel                          
00005a15  sl_WlanGetNetworkList                      
00005a87  sl_WlanRxFilterAdd                         
00005af5  sl_WlanRxFilterSet                         
00005b49  sl_WlanRxFilterGet                         
00005bbf  sl_WlanRxStatStart                         
00005bcb  sl_WlanRxStatStop                          
00005bd7  sl_WlanRxStatGet                           
00005c0d  sl_WlanSmartConfigStop                     
00005c1d  sl_WlanSmartConfigStart                    
00005ca9  sl_WlanSetMode                             
00005cd9  sl_WlanSet                                 
00005d4d  sl_WlanGet                                 
00005e05  __TI_printfi                               
00006853  _nop                                       
00006917  LCD_DrawRectangle                          
00006aad  LCD_Text                                   
00006b47  LCD_Clear                                  
00006b63  LCD_SetPoint                               
00006bc5  LCD_Init                                   
00006def  TP_ReadXY                                  
00007381  initCC3100                                 
00007445  SendData                                   
00007465  ReceiveData                                
00007485  getLocalIP                                 
00007491  SimpleLinkWlanEventHandler                 
000074e5  SimpleLinkNetAppEventHandler               
0000751d  SimpleLinkHttpServerCallback               
00007529  SimpleLinkGeneralEventHandler              
00007533  SimpleLinkSockEventHandler                 
00007575  _sl_GetStartResponseConvert                
000075cd  sl_Task                                    
000075d5  sl_Start                                   
000076d9  _sl_HandleAsync_InitComplete               
0000778b  _sl_HandleAsync_Stop                       
0000780f  sl_Stop                                    
00007937  sl_EventMaskSet                            
00007971  sl_EventMaskGet                            
000079a5  sl_DevGet                                  
00007a43  sl_DevSet                                  
00007aa9  _SlDrvDeviceEventHandler                   
00007b67  initI2C                                    
00007b85  writeI2C                                   
00007c1b  readI2C                                    
00007ce9  readBurstI2C                               
00007dc1  EUSCIB1_IRQHandler                         
00007dc1  EUSCIB1_IRQHandler                         
00007e89  registerInterruptHandler                   
00007e9d  CC3100_disable                             
00007ea9  CC3100_enable                              
00007eb5  CC3100_InterruptEnable                     
00007edf  CC3100_InterruptDisable                    
00007efd  MaskIntHdlr                                
00007f05  UnMaskIntHdlr                              
00007f0d  set_rts                                    
00007f19  clear_rts                                  
00007f25  initClk                                    
00007f8f  stopWDT                                    
00007f99  initLEDs                                   
00007feb  turnLedOn                                  
0000801f  turnLedOff                                 
00008053  toggleLed                                  
00008087  GetLEDStatus                               
000080c1  initAntSelGPIO                             
000080f5  SelAntenna                                 
00008139  PORT1_IRQHandler                           
00008139  PORT1_IRQHandler                           
0000813b  Delay                                      
00008163  PORT2_IRQHandler                           
00008163  PORT2_IRQHandler                           
00008189  EUSCIA0_IRQHandler                         
00008189  EUSCIA0_IRQHandler                         
000081d9  SystemCoreClockUpdate                      
00008451  SystemInit                                 
0000852b  BackChannelInit                            
00008547  BackChannelPrint                           
00008593  BackChannelPrintIntVariable                
000085b1  BackChannelEventTrigger                    
000085c9  BackChannelOpt3001PrintRaw                 
000085e5  BackupChannelTmp007PrintRaw                
0000860b  BackupChannelBmi160PrintAccel              
00008637  BackupChannelBmi160PrintGyro               
00008663  BackupChannelBmi160PrintMag                
00008a75  spi_Close                                  
00008a81  spi_Open                                   
00008b71  spi_Write                                  
00008bcb  spi_Read                                   
00008c85  LP3943_LedModeSet                          
00008def  init_RGBLEDs                               
00009039  __aeabi_dsub                               
00009043  __aeabi_dadd                               
0000938f  __aeabi_idiv0                              
0000938f  __aeabi_ldiv0                              
000093bd  Joystick_Init_Without_Interrupt            
0000941b  Joystick_Push_Button_Init_With_Interrupt   
00009471  Disable_Joystick_Interrupt                 
00009487  GetJoystickCoordinates                     
00009509  task0                                      
0000951d  task1                                      
00009549  task2                                      
00009575  uartInit                                   
00009599  PORT4_IRQHandler                           
00009599  PORT4_IRQHandler                           
0000959b  main                                       
000097b5  __aeabi_ddiv                               
000098ed  _SlNonOsSemSet                             
00009905  _SlNonOsSemGet                             
00009961  _SlNonOsSpawn                              
000099b1  _SlNonOsMainLoopTask                       
00009b41  sl_NetCfgSet                               
00009ba7  sl_NetCfgGet                               
00009c51  ldexp                                      
00009c51  ldexpl                                     
00009c51  scalbn                                     
00009c51  scalbnl                                    
00009d61  CS_getDCOFrequency                         
00009e65  __aeabi_dmul                               
00009f61  CS_initClockSignal                         
0000a281  G8RTOS_InitSemaphore                       
0000a29f  G8RTOS_WaitSemaphore                       
0000a2d7  G8RTOS_SignalSemaphore                     
0000a325  PutChar                                    
0000a3c9  CS_startHFXTWithTimeout                    
0000a501  __aeabi_memcpy                             
0000a501  __aeabi_memcpy4                            
0000a501  __aeabi_memcpy8                            
0000a501  memcpy                                     
0000a59d  __aeabi_uldivmod                           
0000a635  UART_initModule                            
0000a6c9  __aeabi_cdcmpeq                            
0000a6c9  __aeabi_cdcmple                            
0000a74f  __aeabi_cdrcmple                           
0000a7d5  ClockSys_SetMaxFreq                        
0000a843  ClockSys_GetSysFreq                        
0000a859  _SlDrvFlowContInit                         
0000a897  _SlDrvFlowContDeinit                       
0000a8d9  PCM_gotoLPM3                               
0000a955  __aeabi_memclr                             
0000a955  __aeabi_memclr4                            
0000a955  __aeabi_memclr8                            
0000a957  __aeabi_memset                             
0000a957  __aeabi_memset4                            
0000a957  __aeabi_memset8                            
0000a95d  memset                                     
0000aaaf  __TI_decompress_lzss                       
0000ab19  Interrupt_disableInterrupt                 
0000ab7d  Interrupt_enableInterrupt                  
0000abe1  frexp                                      
0000abe1  frexpl                                     
0000ac9b  __TI_ltoa                                  
0000ad41  PCM_shutdownDevice                         
0000ad91  SysCtl_getTLVInfo                          
0000ade1  GPIO_setAsPeripheralModuleFunctionOutputPin
0000ae79  atoi                                       
0000aec5  snprintf                                   
0000af15  G8RTOS_Start                               
0000af2f  PendSV_Handler                             
0000af2f  PendSV_Handler                             
0000af59  GPIO_setAsPeripheralModuleFunctionInputPin 
0000afe9  __aeabi_d2iz                               
0000b031  __TI_auto_init_nobinit_nopinit             
0000b075  GetASCIICode                               
0000b0b5  LCD_WriteData                              
0000b0f5  I2C_initMaster                             
0000b171  I2C_masterSendMultiByteStart               
0000b1a9  LCD_WriteIndex                             
0000b1dd  _c_int00_noargs                            
0000b211  rand                                       
0000b245  I2C_masterSendMultiByteStop                
0000b2d5  __aeabi_i2d                                
0000b303  PCM_getCoreVoltageLevel                    
0000b32f  PCM_getPowerMode                           
0000b359  FlashCtl_setWaitState                      
0000b381  PCM_gotoLPM0                               
0000b3a9  SPISendRecvTPByte                          
0000b3d1  CS_clearInterruptFlag                      
0000b3f5  CS_setDCOCenteredFrequency                 
0000b419  I2C_masterSendMultiByteNext                
0000b43d  Interrupt_setPriority                      
0000b461  RTC_C_holdClock                            
0000b485  UART_transmitData                          
0000b4a9  BSP_InitBoard                              
0000b4c9  LCD_SetCursor                              
0000b4e9  LCD_Write_Data_Only                        
0000b509  SPI_transmitData                           
0000b529  LCD_WriteReg                               
0000b545  SPISendRecvByte                            
0000b561  memccpy                                    
0000b57d  SPI_receiveData                            
0000b597  copysign                                   
0000b597  copysignl                                  
0000b5b1  CS_getMCLK                                 
0000b5c9  CS_getSMCLK                                
0000b5e1  WDT_A_clearTimer                           
0000b5f9  WDT_A_holdTimer                            
0000b629  strchr                                     
0000b641  CS_setExternalClockSourceFrequency         
0000b655  I2C_isBusBusy                              
0000b669  SysTick_enableInterrupt                    
0000b67d  strcpy                                     
0000b691  strlen                                     
0000b6a5  wcslen                                     
0000b6b7  I2C_masterReceiveStart                     
0000b6c7  Interrupt_enableMaster                     
0000b6d7  PCM_gotoLPM4                               
0000b6e9  SysCtl_disableNMISource                    
0000b6f9  SysCtl_enableNMISource                     
0000b709  StartCriticalSection                       
0000b711  EndCriticalSection                         
0000b717  I2C_clearInterruptFlag                     
0000b725  I2C_disableInterrupt                       
0000b733  __TI_decompress_none                       
0000b741  Reset_Handler                              
0000b74d  ADC14_IRQHandler                           
0000b74d  AES256_IRQHandler                          
0000b74d  BusFault_Handler                           
0000b74d  COMP_E0_IRQHandler                         
0000b74d  COMP_E1_IRQHandler                         
0000b74d  CS_IRQHandler                              
0000b74d  DMA_ERR_IRQHandler                         
0000b74d  DMA_INT0_IRQHandler                        
0000b74d  DMA_INT1_IRQHandler                        
0000b74d  DMA_INT2_IRQHandler                        
0000b74d  DMA_INT3_IRQHandler                        
0000b74d  DebugMon_Handler                           
0000b74d  Default_Handler                            
0000b74d  EUSCIA1_IRQHandler                         
0000b74d  EUSCIA2_IRQHandler                         
0000b74d  EUSCIA3_IRQHandler                         
0000b74d  EUSCIB0_IRQHandler                         
0000b74d  EUSCIB2_IRQHandler                         
0000b74d  EUSCIB3_IRQHandler                         
0000b74d  FLCTL_IRQHandler                           
0000b74d  FPU_IRQHandler                             
0000b74d  HardFault_Handler                          
0000b74d  MemManage_Handler                          
0000b74d  NMI_Handler                                
0000b74d  PCM_IRQHandler                             
0000b74d  PORT3_IRQHandler                           
0000b74d  PORT5_IRQHandler                           
0000b74d  PORT6_IRQHandler                           
0000b74d  PSS_IRQHandler                             
0000b74d  RTC_C_IRQHandler                           
0000b74d  SVC_Handler                                
0000b74d  T32_INT1_IRQHandler                        
0000b74d  T32_INT2_IRQHandler                        
0000b74d  T32_INTC_IRQHandler                        
0000b74d  TA0_0_IRQHandler                           
0000b74d  TA0_N_IRQHandler                           
0000b74d  TA1_0_IRQHandler                           
0000b74d  TA1_N_IRQHandler                           
0000b74d  TA2_0_IRQHandler                           
0000b74d  TA2_N_IRQHandler                           
0000b74d  TA3_0_IRQHandler                           
0000b74d  TA3_N_IRQHandler                           
0000b74d  UsageFault_Handler                         
0000b74d  WDT_A_IRQHandler                           
0000b74f  CPU_cpsie                                  
0000b75b  I2C_disableModule                          
0000b767  I2C_enableModule                           
0000b775  PCM_getPowerState                          
0000b781  SysCtl_getNMISourceStatus                  
0000b78d  UART_enableModule                          
0000b799  __TI_zero_init                             
0000b7a5  LCD_Write_Data_Start                       
0000b7af  I2C_enableInterrupt                        
0000b7b7  PCM_setCoreVoltageLevel                    
0000b7bf  PCM_setPowerMode                           
0000b7c7  PCM_setPowerState                          
0000b7d1  __aeabi_errno_addr                         
0000b7d9  CS_startHFXT                               
0000b7df  EUSCI_A_SPI_receiveData                    
0000b7e5  EUSCI_B_SPI_receiveData                    
0000b7eb  I2C_getEnabledInterruptStatus              
0000b7f1  I2C_getInterruptStatus                     
0000b7f7  I2C_masterReceiveMultiByteNext             
0000b7fd  CPU_wfi                                    
0000b801  EUSCI_A_SPI_transmitData                   
0000b805  EUSCI_B_SPI_transmitData                   
0000b809  I2C_setSlaveAddress                        
0000b80d  _system_pre_init                           
0000b811  C$$EXIT                                    
0000b811  abort                                      
0000be04  _ctypes_                                   
0000c048  _SlActionLookupTable                       
0000c134  g_H2NCnysPattern                           
0000c13c  g_H2NSyncPattern                           
0000c164  _SlAcceptCmdCtrl                           
0000c168  _SlDeviceGetCmdCtrl                        
0000c16c  _SlDeviceSetCmdCtrl                        
0000c170  _SlEventMaskGetCmdCtrl                     
0000c174  _SlEventMaskSetCmdCtrl                     
0000c178  _SlGetHostByNameCtrl                       
0000c17c  _SlGetHostByServiceCtrl                    
0000c180  _SlGetServiceListeCtrl                     
0000c184  _SlGetSockOptCmdCtrl                       
0000c188  _SlListenCmdCtrl                           
0000c18c  _SlNetAppGetCmdCtrl                        
0000c190  _SlNetAppSendTokenValueCmdCtrl             
0000c194  _SlNetAppSetCmdCtrl                        
0000c198  _SlNetAppStartCtrl                         
0000c19c  _SlNetAppStopCtrl                          
0000c1a0  _SlNetCfgGetCmdCtrl                        
0000c1a4  _SlNetCfgSetCmdCtrl                        
0000c1a8  _SlPolicyGetCmdCtrl                        
0000c1ac  _SlPolicySetCmdCtrl                        
0000c1b0  _SlProfileDelCmdCtrl                       
0000c1b4  _SlProfileGetCmdCtrl                       
0000c1b8  _SlRecvCmdCtrl                             
0000c1bc  _SlRecvfomCmdCtrl                          
0000c1c0  _SlRegisterServiceCtrl                     
0000c1c4  _SlRxFilterAddtCmdCtrl                     
0000c1c8  _SlRxFilterGetCmdCtrl                      
0000c1cc  _SlRxFilterSetCmdCtrl                      
0000c1d0  _SlSelectCmdCtrl                           
0000c1d4  _SlSendCmdCtrl                             
0000c1d8  _SlSetSockOptCmdCtrl                       
0000c1dc  _SlSmartConfigStartCmdCtrl                 
0000c1e0  _SlSockCloseCmdCtrl                        
0000c1e4  _SlSockSocketCmdCtrl                       
0000c1e8  _SlStopCmdCtrl                             
0000c1ec  _SlWlanCfgGetCmdCtrl                       
0000c1f0  _SlWlanCfgSetCmdCtrl                       
0000c1f4  _SlWlanGetNetworkListCtrl                  
0000c1f8  _SlWlanSetModeCmdCtrl                      
0000c254  __TI_Handler_Table_Base                    
0000c260  __TI_Handler_Table_Limit                   
0000c268  __TI_CINIT_Base                            
0000c278  __TI_CINIT_Limit                           
20000000  __start___llvm_prf_cnts                    
20000000  __stop___llvm_prf_cnts                     
2000bc50  g_StatMem                                  
2000c094  balls                                      
2000c0cc  g__SlNonOsCB                               
2000c0f4  prevBalls                                  
2000c120  players                                    
2000c12c  clientPlayer                               
2000c136  IntIsMasked                                
2000c137  ui8DummyRead                               
2000c13c  ButtonFunction                             
2000c140  CurrentlyRunningThread                     
2000c144  LCDMutex                                   
2000c148  LEDMutex                                   
2000c14c  SystemTime                                 
2000c150  ballMutex                                  
2000c154  counter0                                   
2000c158  counter1                                   
2000c15c  counter2                                   
2000c160  g_ui32ByteCount                            
2000c16c  pData                                      
2000c170  prevPlayers                                
2000c174  sensorMutex                                
2000c178  task0_ID                                   
2000c17c  task1_ID                                   
2000c180  task2_ID                                   
2000c184  ui8Status                                  
2000c1b8  g_Status                                   
2000c1bc  retVal                                     
2000c1c0  receivedAlready                            
2000c1c4  transmitedAlready                          
2000c1c8  SockIDRx                                   
2000c1ca  SockIDTx                                   
2000c1cc  i2cConfig                                  
2000c1e0  scaleX                                     
2000c1e2  scaleY                                     
2000c1e4  points_bottom                              
2000c1e5  points_top                                 
2000c1e6  blueLED                                    
2000c1e8  redLED                                     
2000c1ea  gameOver                                   
2000c1eb  flagButton                                 
2000c1ec  g_pCB                                      
2000c1f0  pPingCallBackFunc                          
2000c1f4  gFirstCmdMode                              
2000c1f5  burstMode                                  
2000c1f8  _lock                                      
2000c1fc  _unlock                                    
2000c200  pIraEventHandler                           
2000c204  errno                                      
2000c20c  SystemCoreClock                            
2000fe00  __stack                                    
20010000  __STACK_END                                
4000480c  WDTCTL_SYM                                 
ffffffff  __TI_pprof_out_hndl                        
ffffffff  __TI_prof_data_size                        
ffffffff  __TI_prof_data_start                       
ffffffff  __binit__                                  
ffffffff  __c_args__                                 
ffffffff  binit                                      
UNDEFED   __mpu_init                                 
UNDEFED   _system_post_cinit                         

[498 symbols]
