<?xml version="1.0" encoding="ISO-8859-1" ?>
<link_info>
   <banner>TI ARM Linker PC v20.2.4.LTS</banner>
   <copyright>Copyright (c) 1996-2018 Texas Instruments Incorporated</copyright>
   <link_time>0x60751078</link_time>
   <link_errors>0x0</link_errors>
   <output_file>Lab5.out</output_file>
   <entry_point>
      <name>_c_int00_noargs</name>
      <address>0x167d5</address>
   </entry_point>
   <input_file_list>
      <input_file id="fl-2">
         <path>.\</path>
         <kind>object</kind>
         <file>Game.obj</file>
         <name>Game.obj</name>
      </input_file>
      <input_file id="fl-3">
         <path>.\</path>
         <kind>object</kind>
         <file>LCDLib.obj</file>
         <name>LCDLib.obj</name>
      </input_file>
      <input_file id="fl-4">
         <path>.\</path>
         <kind>object</kind>
         <file>main.obj</file>
         <name>main.obj</name>
      </input_file>
      <input_file id="fl-5">
         <path>.\</path>
         <kind>object</kind>
         <file>startup_msp432p401r_ccs.obj</file>
         <name>startup_msp432p401r_ccs.obj</name>
      </input_file>
      <input_file id="fl-6">
         <path>.\</path>
         <kind>object</kind>
         <file>system_msp432p401r.obj</file>
         <name>system_msp432p401r.obj</name>
      </input_file>
      <input_file id="fl-7">
         <path>.\BoardSupportPackage\src\</path>
         <kind>object</kind>
         <file>AsciiLib.obj</file>
         <name>AsciiLib.obj</name>
      </input_file>
      <input_file id="fl-8">
         <path>.\BoardSupportPackage\src\</path>
         <kind>object</kind>
         <file>BSP.obj</file>
         <name>BSP.obj</name>
      </input_file>
      <input_file id="fl-9">
         <path>.\BoardSupportPackage\src\</path>
         <kind>object</kind>
         <file>BackChannelUart.obj</file>
         <name>BackChannelUart.obj</name>
      </input_file>
      <input_file id="fl-a">
         <path>.\BoardSupportPackage\src\</path>
         <kind>object</kind>
         <file>ClockSys.obj</file>
         <name>ClockSys.obj</name>
      </input_file>
      <input_file id="fl-b">
         <path>.\BoardSupportPackage\src\</path>
         <kind>object</kind>
         <file>Joystick.obj</file>
         <name>Joystick.obj</name>
      </input_file>
      <input_file id="fl-c">
         <path>.\BoardSupportPackage\src\</path>
         <kind>object</kind>
         <file>RGBLeds.obj</file>
         <name>RGBLeds.obj</name>
      </input_file>
      <input_file id="fl-d">
         <path>.\BoardSupportPackage\src\</path>
         <kind>object</kind>
         <file>bme280.obj</file>
         <name>bme280.obj</name>
      </input_file>
      <input_file id="fl-e">
         <path>.\BoardSupportPackage\src\</path>
         <kind>object</kind>
         <file>bme280_support.obj</file>
         <name>bme280_support.obj</name>
      </input_file>
      <input_file id="fl-f">
         <path>.\BoardSupportPackage\src\</path>
         <kind>object</kind>
         <file>bmi160.obj</file>
         <name>bmi160.obj</name>
      </input_file>
      <input_file id="fl-10">
         <path>.\BoardSupportPackage\src\</path>
         <kind>object</kind>
         <file>bmi160_support.obj</file>
         <name>bmi160_support.obj</name>
      </input_file>
      <input_file id="fl-11">
         <path>.\BoardSupportPackage\src\</path>
         <kind>object</kind>
         <file>demo_sysctl.obj</file>
         <name>demo_sysctl.obj</name>
      </input_file>
      <input_file id="fl-12">
         <path>.\BoardSupportPackage\src\</path>
         <kind>object</kind>
         <file>i2c_driver.obj</file>
         <name>i2c_driver.obj</name>
      </input_file>
      <input_file id="fl-13">
         <path>.\BoardSupportPackage\src\</path>
         <kind>object</kind>
         <file>opt3001.obj</file>
         <name>opt3001.obj</name>
      </input_file>
      <input_file id="fl-14">
         <path>.\BoardSupportPackage\src\</path>
         <kind>object</kind>
         <file>tmp007.obj</file>
         <name>tmp007.obj</name>
      </input_file>
      <input_file id="fl-15">
         <path>.\CC3100SupportPackage\board\</path>
         <kind>object</kind>
         <file>board.obj</file>
         <name>board.obj</name>
      </input_file>
      <input_file id="fl-16">
         <path>.\CC3100SupportPackage\cc3100_usage\</path>
         <kind>object</kind>
         <file>cc3100_usage.obj</file>
         <name>cc3100_usage.obj</name>
      </input_file>
      <input_file id="fl-17">
         <path>.\CC3100SupportPackage\simplelink\source\</path>
         <kind>object</kind>
         <file>device.obj</file>
         <name>device.obj</name>
      </input_file>
      <input_file id="fl-18">
         <path>.\CC3100SupportPackage\simplelink\source\</path>
         <kind>object</kind>
         <file>driver.obj</file>
         <name>driver.obj</name>
      </input_file>
      <input_file id="fl-19">
         <path>.\CC3100SupportPackage\simplelink\source\</path>
         <kind>object</kind>
         <file>flowcont.obj</file>
         <name>flowcont.obj</name>
      </input_file>
      <input_file id="fl-1a">
         <path>.\CC3100SupportPackage\simplelink\source\</path>
         <kind>object</kind>
         <file>fs.obj</file>
         <name>fs.obj</name>
      </input_file>
      <input_file id="fl-1b">
         <path>.\CC3100SupportPackage\simplelink\source\</path>
         <kind>object</kind>
         <file>netapp.obj</file>
         <name>netapp.obj</name>
      </input_file>
      <input_file id="fl-1c">
         <path>.\CC3100SupportPackage\simplelink\source\</path>
         <kind>object</kind>
         <file>netcfg.obj</file>
         <name>netcfg.obj</name>
      </input_file>
      <input_file id="fl-1d">
         <path>.\CC3100SupportPackage\simplelink\source\</path>
         <kind>object</kind>
         <file>nonos.obj</file>
         <name>nonos.obj</name>
      </input_file>
      <input_file id="fl-1e">
         <path>.\CC3100SupportPackage\simplelink\source\</path>
         <kind>object</kind>
         <file>socket.obj</file>
         <name>socket.obj</name>
      </input_file>
      <input_file id="fl-1f">
         <path>.\CC3100SupportPackage\simplelink\source\</path>
         <kind>object</kind>
         <file>spawn.obj</file>
         <name>spawn.obj</name>
      </input_file>
      <input_file id="fl-20">
         <path>.\CC3100SupportPackage\simplelink\source\</path>
         <kind>object</kind>
         <file>wlan.obj</file>
         <name>wlan.obj</name>
      </input_file>
      <input_file id="fl-21">
         <path>.\CC3100SupportPackage\spi_cc3100\</path>
         <kind>object</kind>
         <file>spi_cc3100.obj</file>
         <name>spi_cc3100.obj</name>
      </input_file>
      <input_file id="fl-22">
         <path>.\G8RTOS_Empty_Lab2\</path>
         <kind>object</kind>
         <file>G8RTOS_CriticalSection.obj</file>
         <name>G8RTOS_CriticalSection.obj</name>
      </input_file>
      <input_file id="fl-23">
         <path>.\G8RTOS_Empty_Lab2\</path>
         <kind>object</kind>
         <file>G8RTOS_Scheduler.obj</file>
         <name>G8RTOS_Scheduler.obj</name>
      </input_file>
      <input_file id="fl-24">
         <path>.\G8RTOS_Empty_Lab2\</path>
         <kind>object</kind>
         <file>G8RTOS_SchedulerASM.obj</file>
         <name>G8RTOS_SchedulerASM.obj</name>
      </input_file>
      <input_file id="fl-25">
         <path>.\G8RTOS_Empty_Lab2\</path>
         <kind>object</kind>
         <file>G8RTOS_Semaphores.obj</file>
         <name>G8RTOS_Semaphores.obj</name>
      </input_file>
      <input_file id="fl-26">
         <path>.\G8RTOS_Empty_Lab2\</path>
         <kind>object</kind>
         <file>Threads.obj</file>
         <name>Threads.obj</name>
      </input_file>
      <input_file id="fl-2b">
         <kind>object</kind>
         <file>&lt;internal&gt;</file>
         <name>&lt;internal&gt;</name>
      </input_file>
      <input_file id="fl-2c">
         <path>..\BoardSupportPackage\DriverLib\</path>
         <kind>archive</kind>
         <file>msp432p4xx_driverlib.lib</file>
         <name>cs.o</name>
      </input_file>
      <input_file id="fl-2d">
         <path>..\BoardSupportPackage\DriverLib\</path>
         <kind>archive</kind>
         <file>msp432p4xx_driverlib.lib</file>
         <name>flash.o</name>
      </input_file>
      <input_file id="fl-2e">
         <path>..\BoardSupportPackage\DriverLib\</path>
         <kind>archive</kind>
         <file>msp432p4xx_driverlib.lib</file>
         <name>gpio.o</name>
      </input_file>
      <input_file id="fl-2f">
         <path>..\BoardSupportPackage\DriverLib\</path>
         <kind>archive</kind>
         <file>msp432p4xx_driverlib.lib</file>
         <name>i2c.o</name>
      </input_file>
      <input_file id="fl-30">
         <path>..\BoardSupportPackage\DriverLib\</path>
         <kind>archive</kind>
         <file>msp432p4xx_driverlib.lib</file>
         <name>interrupt.o</name>
      </input_file>
      <input_file id="fl-31">
         <path>..\BoardSupportPackage\DriverLib\</path>
         <kind>archive</kind>
         <file>msp432p4xx_driverlib.lib</file>
         <name>pcm.o</name>
      </input_file>
      <input_file id="fl-32">
         <path>..\BoardSupportPackage\DriverLib\</path>
         <kind>archive</kind>
         <file>msp432p4xx_driverlib.lib</file>
         <name>rtc_c.o</name>
      </input_file>
      <input_file id="fl-33">
         <path>..\BoardSupportPackage\DriverLib\</path>
         <kind>archive</kind>
         <file>msp432p4xx_driverlib.lib</file>
         <name>spi.o</name>
      </input_file>
      <input_file id="fl-34">
         <path>..\BoardSupportPackage\DriverLib\</path>
         <kind>archive</kind>
         <file>msp432p4xx_driverlib.lib</file>
         <name>sysctl.o</name>
      </input_file>
      <input_file id="fl-35">
         <path>..\BoardSupportPackage\DriverLib\</path>
         <kind>archive</kind>
         <file>msp432p4xx_driverlib.lib</file>
         <name>systick.o</name>
      </input_file>
      <input_file id="fl-36">
         <path>..\BoardSupportPackage\DriverLib\</path>
         <kind>archive</kind>
         <file>msp432p4xx_driverlib.lib</file>
         <name>uart.o</name>
      </input_file>
      <input_file id="fl-37">
         <path>..\BoardSupportPackage\DriverLib\</path>
         <kind>archive</kind>
         <file>msp432p4xx_driverlib.lib</file>
         <name>wdt_a.o</name>
      </input_file>
      <input_file id="fl-38">
         <path>..\BoardSupportPackage\DriverLib\</path>
         <kind>archive</kind>
         <file>msp432p4xx_driverlib.lib</file>
         <name>cpu.o</name>
      </input_file>
      <input_file id="fl-ee">
         <path>C:\ti\ccs1011\ccs\tools\compiler\ti-cgt-arm_20.2.4.LTS\lib\</path>
         <kind>archive</kind>
         <file>rtsv7M4_T_le_v4SPD16_eabi.lib</file>
         <name>snprintf.c.obj</name>
      </input_file>
      <input_file id="fl-ef">
         <path>C:\ti\ccs1011\ccs\tools\compiler\ti-cgt-arm_20.2.4.LTS\lib\</path>
         <kind>archive</kind>
         <file>rtsv7M4_T_le_v4SPD16_eabi.lib</file>
         <name>ll_div_t2.asm.obj</name>
      </input_file>
      <input_file id="fl-f0">
         <path>C:\ti\ccs1011\ccs\tools\compiler\ti-cgt-arm_20.2.4.LTS\lib\</path>
         <kind>archive</kind>
         <file>rtsv7M4_T_le_v4SPD16_eabi.lib</file>
         <name>ull_div_t2.asm.obj</name>
      </input_file>
      <input_file id="fl-f1">
         <path>C:\ti\ccs1011\ccs\tools\compiler\ti-cgt-arm_20.2.4.LTS\lib\</path>
         <kind>archive</kind>
         <file>rtsv7M4_T_le_v4SPD16_eabi.lib</file>
         <name>memset_t2.asm.obj</name>
      </input_file>
      <input_file id="fl-f2">
         <path>C:\ti\ccs1011\ccs\tools\compiler\ti-cgt-arm_20.2.4.LTS\lib\</path>
         <kind>archive</kind>
         <file>rtsv7M4_T_le_v4SPD16_eabi.lib</file>
         <name>fd_mul_t2.asm.obj</name>
      </input_file>
      <input_file id="fl-f3">
         <path>C:\ti\ccs1011\ccs\tools\compiler\ti-cgt-arm_20.2.4.LTS\lib\</path>
         <kind>archive</kind>
         <file>rtsv7M4_T_le_v4SPD16_eabi.lib</file>
         <name>fd_toi_t2.asm.obj</name>
      </input_file>
      <input_file id="fl-f4">
         <path>C:\ti\ccs1011\ccs\tools\compiler\ti-cgt-arm_20.2.4.LTS\lib\</path>
         <kind>archive</kind>
         <file>rtsv7M4_T_le_v4SPD16_eabi.lib</file>
         <name>i_tofd_t2.asm.obj</name>
      </input_file>
      <input_file id="fl-f5">
         <path>C:\ti\ccs1011\ccs\tools\compiler\ti-cgt-arm_20.2.4.LTS\lib\</path>
         <kind>archive</kind>
         <file>rtsv7M4_T_le_v4SPD16_eabi.lib</file>
         <name>ll_mul_t2.asm.obj</name>
      </input_file>
      <input_file id="fl-f6">
         <path>C:\ti\ccs1011\ccs\tools\compiler\ti-cgt-arm_20.2.4.LTS\lib\</path>
         <kind>archive</kind>
         <file>rtsv7M4_T_le_v4SPD16_eabi.lib</file>
         <name>memcpy_t2.asm.obj</name>
      </input_file>
      <input_file id="fl-f7">
         <path>C:\ti\ccs1011\ccs\tools\compiler\ti-cgt-arm_20.2.4.LTS\lib\</path>
         <kind>archive</kind>
         <file>rtsv7M4_T_le_v4SPD16_eabi.lib</file>
         <name>copy_zero_init.c.obj</name>
      </input_file>
      <input_file id="fl-f8">
         <path>C:\ti\ccs1011\ccs\tools\compiler\ti-cgt-arm_20.2.4.LTS\lib\</path>
         <kind>archive</kind>
         <file>rtsv7M4_T_le_v4SPD16_eabi.lib</file>
         <name>copy_decompress_none.c.obj</name>
      </input_file>
      <input_file id="fl-f9">
         <path>C:\ti\ccs1011\ccs\tools\compiler\ti-cgt-arm_20.2.4.LTS\lib\</path>
         <kind>archive</kind>
         <file>rtsv7M4_T_le_v4SPD16_eabi.lib</file>
         <name>copy_decompress_lzss.c.obj</name>
      </input_file>
      <input_file id="fl-fa">
         <path>C:\ti\ccs1011\ccs\tools\compiler\ti-cgt-arm_20.2.4.LTS\lib\</path>
         <kind>archive</kind>
         <file>rtsv7M4_T_le_v4SPD16_eabi.lib</file>
         <name>rand.c.obj</name>
      </input_file>
      <input_file id="fl-fb">
         <path>C:\ti\ccs1011\ccs\tools\compiler\ti-cgt-arm_20.2.4.LTS\lib\</path>
         <kind>archive</kind>
         <file>rtsv7M4_T_le_v4SPD16_eabi.lib</file>
         <name>strcpy.c.obj</name>
      </input_file>
      <input_file id="fl-fc">
         <path>C:\ti\ccs1011\ccs\tools\compiler\ti-cgt-arm_20.2.4.LTS\lib\</path>
         <kind>archive</kind>
         <file>rtsv7M4_T_le_v4SPD16_eabi.lib</file>
         <name>strlen.c.obj</name>
      </input_file>
      <input_file id="fl-fd">
         <path>C:\ti\ccs1011\ccs\tools\compiler\ti-cgt-arm_20.2.4.LTS\lib\</path>
         <kind>archive</kind>
         <file>rtsv7M4_T_le_v4SPD16_eabi.lib</file>
         <name>boot_cortex_m.c.obj</name>
      </input_file>
      <input_file id="fl-fe">
         <path>C:\ti\ccs1011\ccs\tools\compiler\ti-cgt-arm_20.2.4.LTS\lib\</path>
         <kind>archive</kind>
         <file>rtsv7M4_T_le_v4SPD16_eabi.lib</file>
         <name>time.c.obj</name>
      </input_file>
      <input_file id="fl-ff">
         <path>C:\ti\ccs1011\ccs\tools\compiler\ti-cgt-arm_20.2.4.LTS\lib\</path>
         <kind>archive</kind>
         <file>rtsv7M4_T_le_v4SPD16_eabi.lib</file>
         <name>_printfi.c.obj</name>
      </input_file>
      <input_file id="fl-100">
         <path>C:\ti\ccs1011\ccs\tools\compiler\ti-cgt-arm_20.2.4.LTS\lib\</path>
         <kind>archive</kind>
         <file>rtsv7M4_T_le_v4SPD16_eabi.lib</file>
         <name>s_frexp.c.obj</name>
      </input_file>
      <input_file id="fl-101">
         <path>C:\ti\ccs1011\ccs\tools\compiler\ti-cgt-arm_20.2.4.LTS\lib\</path>
         <kind>archive</kind>
         <file>rtsv7M4_T_le_v4SPD16_eabi.lib</file>
         <name>s_scalbn.c.obj</name>
      </input_file>
      <input_file id="fl-102">
         <path>C:\ti\ccs1011\ccs\tools\compiler\ti-cgt-arm_20.2.4.LTS\lib\</path>
         <kind>archive</kind>
         <file>rtsv7M4_T_le_v4SPD16_eabi.lib</file>
         <name>s_copysign.c.obj</name>
      </input_file>
      <input_file id="fl-103">
         <path>C:\ti\ccs1011\ccs\tools\compiler\ti-cgt-arm_20.2.4.LTS\lib\</path>
         <kind>archive</kind>
         <file>rtsv7M4_T_le_v4SPD16_eabi.lib</file>
         <name>div0.asm.obj</name>
      </input_file>
      <input_file id="fl-104">
         <path>C:\ti\ccs1011\ccs\tools\compiler\ti-cgt-arm_20.2.4.LTS\lib\</path>
         <kind>archive</kind>
         <file>rtsv7M4_T_le_v4SPD16_eabi.lib</file>
         <name>fd_add_t2.asm.obj</name>
      </input_file>
      <input_file id="fl-105">
         <path>C:\ti\ccs1011\ccs\tools\compiler\ti-cgt-arm_20.2.4.LTS\lib\</path>
         <kind>archive</kind>
         <file>rtsv7M4_T_le_v4SPD16_eabi.lib</file>
         <name>fd_cmp_t2.asm.obj</name>
      </input_file>
      <input_file id="fl-106">
         <path>C:\ti\ccs1011\ccs\tools\compiler\ti-cgt-arm_20.2.4.LTS\lib\</path>
         <kind>archive</kind>
         <file>rtsv7M4_T_le_v4SPD16_eabi.lib</file>
         <name>fd_div_t2.asm.obj</name>
      </input_file>
      <input_file id="fl-107">
         <path>C:\ti\ccs1011\ccs\tools\compiler\ti-cgt-arm_20.2.4.LTS\lib\</path>
         <kind>archive</kind>
         <file>rtsv7M4_T_le_v4SPD16_eabi.lib</file>
         <name>autoinit.c.obj</name>
      </input_file>
      <input_file id="fl-108">
         <path>C:\ti\ccs1011\ccs\tools\compiler\ti-cgt-arm_20.2.4.LTS\lib\</path>
         <kind>archive</kind>
         <file>rtsv7M4_T_le_v4SPD16_eabi.lib</file>
         <name>pre_init.c.obj</name>
      </input_file>
      <input_file id="fl-109">
         <path>C:\ti\ccs1011\ccs\tools\compiler\ti-cgt-arm_20.2.4.LTS\lib\</path>
         <kind>archive</kind>
         <file>rtsv7M4_T_le_v4SPD16_eabi.lib</file>
         <name>cpy_tbl.c.obj</name>
      </input_file>
      <input_file id="fl-10a">
         <path>C:\ti\ccs1011\ccs\tools\compiler\ti-cgt-arm_20.2.4.LTS\lib\</path>
         <kind>archive</kind>
         <file>rtsv7M4_T_le_v4SPD16_eabi.lib</file>
         <name>exit.c.obj</name>
      </input_file>
      <input_file id="fl-10b">
         <path>C:\ti\ccs1011\ccs\tools\compiler\ti-cgt-arm_20.2.4.LTS\lib\</path>
         <kind>archive</kind>
         <file>rtsv7M4_T_le_v4SPD16_eabi.lib</file>
         <name>_lock.c.obj</name>
      </input_file>
      <input_file id="fl-10c">
         <path>C:\ti\ccs1011\ccs\tools\compiler\ti-cgt-arm_20.2.4.LTS\lib\</path>
         <kind>archive</kind>
         <file>rtsv7M4_T_le_v4SPD16_eabi.lib</file>
         <name>_ltoa.c.obj</name>
      </input_file>
      <input_file id="fl-10d">
         <path>C:\ti\ccs1011\ccs\tools\compiler\ti-cgt-arm_20.2.4.LTS\lib\</path>
         <kind>archive</kind>
         <file>rtsv7M4_T_le_v4SPD16_eabi.lib</file>
         <name>args_main.c.obj</name>
      </input_file>
      <input_file id="fl-10e">
         <path>C:\ti\ccs1011\ccs\tools\compiler\ti-cgt-arm_20.2.4.LTS\lib\</path>
         <kind>archive</kind>
         <file>rtsv7M4_T_le_v4SPD16_eabi.lib</file>
         <name>atoi.c.obj</name>
      </input_file>
      <input_file id="fl-10f">
         <path>C:\ti\ccs1011\ccs\tools\compiler\ti-cgt-arm_20.2.4.LTS\lib\</path>
         <kind>archive</kind>
         <file>rtsv7M4_T_le_v4SPD16_eabi.lib</file>
         <name>ctype.c.obj</name>
      </input_file>
      <input_file id="fl-110">
         <path>C:\ti\ccs1011\ccs\tools\compiler\ti-cgt-arm_20.2.4.LTS\lib\</path>
         <kind>archive</kind>
         <file>rtsv7M4_T_le_v4SPD16_eabi.lib</file>
         <name>memccpy.c.obj</name>
      </input_file>
      <input_file id="fl-111">
         <path>C:\ti\ccs1011\ccs\tools\compiler\ti-cgt-arm_20.2.4.LTS\lib\</path>
         <kind>archive</kind>
         <file>rtsv7M4_T_le_v4SPD16_eabi.lib</file>
         <name>strchr.c.obj</name>
      </input_file>
      <input_file id="fl-112">
         <path>C:\ti\ccs1011\ccs\tools\compiler\ti-cgt-arm_20.2.4.LTS\lib\</path>
         <kind>archive</kind>
         <file>rtsv7M4_T_le_v4SPD16_eabi.lib</file>
         <name>errno.c.obj</name>
      </input_file>
      <input_file id="fl-113">
         <path>C:\ti\ccs1011\ccs\tools\compiler\ti-cgt-arm_20.2.4.LTS\lib\</path>
         <kind>archive</kind>
         <file>rtsv7M4_T_le_v4SPD16_eabi.lib</file>
         <name>hosttime.c.obj</name>
      </input_file>
      <input_file id="fl-114">
         <path>C:\ti\ccs1011\ccs\tools\compiler\ti-cgt-arm_20.2.4.LTS\lib\</path>
         <kind>archive</kind>
         <file>rtsv7M4_T_le_v4SPD16_eabi.lib</file>
         <name>trgmsg.c.obj</name>
      </input_file>
      <input_file id="fl-115">
         <path>C:\ti\ccs1011\ccs\tools\compiler\ti-cgt-arm_20.2.4.LTS\lib\</path>
         <kind>archive</kind>
         <file>rtsv7M4_T_le_v4SPD16_eabi.lib</file>
         <name>wcslen.c.obj</name>
      </input_file>
      <input_file id="fl-116">
         <path>C:\ti\ccs1011\ccs\tools\compiler\ti-cgt-arm_20.2.4.LTS\lib\</path>
         <kind>archive</kind>
         <file>rtsv7M4_T_le_v4SPD16_eabi.lib</file>
         <name>hostopen.c.obj</name>
      </input_file>
   </input_file_list>
   <object_component_list>
      <object_component id="oc-26">
         <name>.intvecs:retain</name>
         <load_address>0x0</load_address>
         <run_address>0x0</run_address>
         <size>0xe4</size>
         <input_file_ref idref="fl-5"/>
      </object_component>
      <object_component id="oc-378">
         <name>.text</name>
         <load_address>0xe4</load_address>
         <run_address>0xe4</run_address>
         <size>0xd5e0</size>
         <input_file_ref idref="fl-f"/>
      </object_component>
      <object_component id="oc-399">
         <name>.text</name>
         <load_address>0xd6c4</load_address>
         <run_address>0xd6c4</run_address>
         <size>0x1810</size>
         <input_file_ref idref="fl-d"/>
      </object_component>
      <object_component id="oc-1ea">
         <name>.text</name>
         <load_address>0xeed4</load_address>
         <run_address>0xeed4</run_address>
         <size>0x1644</size>
         <input_file_ref idref="fl-26"/>
      </object_component>
      <object_component id="oc-72">
         <name>.text</name>
         <load_address>0x10518</load_address>
         <run_address>0x10518</run_address>
         <size>0xc7c</size>
         <input_file_ref idref="fl-23"/>
      </object_component>
      <object_component id="oc-2a0">
         <name>.text</name>
         <load_address>0x11194</load_address>
         <run_address>0x11194</run_address>
         <size>0xc28</size>
         <input_file_ref idref="fl-10"/>
      </object_component>
      <object_component id="oc-505">
         <name>.text:__TI_printfi</name>
         <load_address>0x11dbc</load_address>
         <run_address>0x11dbc</run_address>
         <size>0xa4e</size>
         <input_file_ref idref="fl-ff"/>
      </object_component>
      <object_component id="oc-535">
         <name>.text:_nop</name>
         <load_address>0x1280a</load_address>
         <run_address>0x1280a</run_address>
         <size>0x2</size>
         <input_file_ref idref="fl-10b"/>
      </object_component>
      <object_component id="oc-1d9">
         <name>.text</name>
         <load_address>0x1280c</load_address>
         <run_address>0x1280c</run_address>
         <size>0x64c</size>
         <input_file_ref idref="fl-3"/>
      </object_component>
      <object_component id="oc-7e">
         <name>.text</name>
         <load_address>0x12e58</load_address>
         <run_address>0x12e58</run_address>
         <size>0x360</size>
         <input_file_ref idref="fl-12"/>
      </object_component>
      <object_component id="oc-78">
         <name>.text</name>
         <load_address>0x131b8</load_address>
         <run_address>0x131b8</run_address>
         <size>0x350</size>
         <input_file_ref idref="fl-15"/>
      </object_component>
      <object_component id="oc-bc">
         <name>.text</name>
         <load_address>0x13508</load_address>
         <run_address>0x13508</run_address>
         <size>0x334</size>
         <input_file_ref idref="fl-6"/>
      </object_component>
      <object_component id="oc-2b2">
         <name>.text</name>
         <load_address>0x1383c</load_address>
         <run_address>0x1383c</run_address>
         <size>0x2f8</size>
         <input_file_ref idref="fl-9"/>
      </object_component>
      <object_component id="oc-2ac">
         <name>.text</name>
         <load_address>0x13b34</load_address>
         <run_address>0x13b34</run_address>
         <size>0x2e0</size>
         <input_file_ref idref="fl-e"/>
      </object_component>
      <object_component id="oc-63a">
         <name>.text:_pconv_a</name>
         <load_address>0x13e14</load_address>
         <run_address>0x13e14</run_address>
         <size>0x270</size>
         <input_file_ref idref="fl-ff"/>
      </object_component>
      <object_component id="oc-29a">
         <name>.text</name>
         <load_address>0x14084</load_address>
         <run_address>0x14084</run_address>
         <size>0x234</size>
         <input_file_ref idref="fl-14"/>
      </object_component>
      <object_component id="oc-2b8">
         <name>.text</name>
         <load_address>0x142b8</load_address>
         <run_address>0x142b8</run_address>
         <size>0x1e4</size>
         <input_file_ref idref="fl-c"/>
      </object_component>
      <object_component id="oc-628">
         <name>.text:_pconv_g</name>
         <load_address>0x1449c</load_address>
         <run_address>0x1449c</run_address>
         <size>0x1d0</size>
         <input_file_ref idref="fl-ff"/>
      </object_component>
      <object_component id="oc-6d8">
         <name>.text</name>
         <load_address>0x1466c</load_address>
         <run_address>0x1466c</run_address>
         <size>0x1b6</size>
         <input_file_ref idref="fl-104"/>
      </object_component>
      <object_component id="oc-2f5">
         <name>.text:__PCM_setPowerStateAdvanced</name>
         <load_address>0x14822</load_address>
         <run_address>0x14822</run_address>
         <size>0x1a0</size>
         <input_file_ref idref="fl-31"/>
      </object_component>
      <object_component id="oc-529">
         <name>.text</name>
         <load_address>0x149c2</load_address>
         <run_address>0x149c2</run_address>
         <size>0x2</size>
         <input_file_ref idref="fl-103"/>
      </object_component>
      <object_component id="oc-84">
         <name>.text</name>
         <load_address>0x149c4</load_address>
         <run_address>0x149c4</run_address>
         <size>0x1a0</size>
         <input_file_ref idref="fl-4"/>
      </object_component>
      <object_component id="oc-2a6">
         <name>.text</name>
         <load_address>0x14b64</load_address>
         <run_address>0x14b64</run_address>
         <size>0x178</size>
         <input_file_ref idref="fl-b"/>
      </object_component>
      <object_component id="oc-634">
         <name>.text:_pconv_e</name>
         <load_address>0x14cdc</load_address>
         <run_address>0x14cdc</run_address>
         <size>0x13c</size>
         <input_file_ref idref="fl-ff"/>
      </object_component>
      <object_component id="oc-6be">
         <name>.text</name>
         <load_address>0x14e18</load_address>
         <run_address>0x14e18</run_address>
         <size>0x136</size>
         <input_file_ref idref="fl-106"/>
      </object_component>
      <object_component id="oc-6ea">
         <name>.text:fcvt</name>
         <load_address>0x14f50</load_address>
         <run_address>0x14f50</run_address>
         <size>0x124</size>
         <input_file_ref idref="fl-ff"/>
      </object_component>
      <object_component id="oc-6fe">
         <name>.text:scalbn</name>
         <load_address>0x15074</load_address>
         <run_address>0x15074</run_address>
         <size>0x110</size>
         <input_file_ref idref="fl-101"/>
      </object_component>
      <object_component id="oc-486">
         <name>.text:CS_getDCOFrequency</name>
         <load_address>0x15184</load_address>
         <run_address>0x15184</run_address>
         <size>0x104</size>
         <input_file_ref idref="fl-2c"/>
      </object_component>
      <object_component id="oc-294">
         <name>.text</name>
         <load_address>0x15288</load_address>
         <run_address>0x15288</run_address>
         <size>0xfe</size>
         <input_file_ref idref="fl-13"/>
      </object_component>
      <object_component id="oc-6b9">
         <name>.text</name>
         <load_address>0x15386</load_address>
         <run_address>0x15386</run_address>
         <size>0xfc</size>
         <input_file_ref idref="fl-f2"/>
      </object_component>
      <object_component id="oc-143">
         <name>.text:CS_initClockSignal</name>
         <load_address>0x15484</load_address>
         <run_address>0x15484</run_address>
         <size>0xe0</size>
         <input_file_ref idref="fl-2c"/>
      </object_component>
      <object_component id="oc-472">
         <name>.text:__PCM_setPowerModeAdvanced</name>
         <load_address>0x15564</load_address>
         <run_address>0x15564</run_address>
         <size>0xdc</size>
         <input_file_ref idref="fl-31"/>
      </object_component>
      <object_component id="oc-61d">
         <name>.text:_ltostr</name>
         <load_address>0x15640</load_address>
         <run_address>0x15640</run_address>
         <size>0xb1</size>
         <input_file_ref idref="fl-ff"/>
      </object_component>
      <object_component id="oc-46c">
         <name>.text:__PCM_setCoreVoltageLevelAdvanced</name>
         <load_address>0x156f4</load_address>
         <run_address>0x156f4</run_address>
         <size>0xb0</size>
         <input_file_ref idref="fl-31"/>
      </object_component>
      <object_component id="oc-ef">
         <name>.text</name>
         <load_address>0x157a4</load_address>
         <run_address>0x157a4</run_address>
         <size>0xa4</size>
         <input_file_ref idref="fl-25"/>
      </object_component>
      <object_component id="oc-35a">
         <name>.text:PutChar</name>
         <load_address>0x15848</load_address>
         <run_address>0x15848</run_address>
         <size>0xa4</size>
         <input_file_ref idref="fl-3"/>
      </object_component>
      <object_component id="oc-55c">
         <name>.text:CS_startHFXTWithTimeout</name>
         <load_address>0x158ec</load_address>
         <run_address>0x158ec</run_address>
         <size>0x9c</size>
         <input_file_ref idref="fl-2c"/>
      </object_component>
      <object_component id="oc-30c">
         <name>.text:_CSComputeCLKFrequency</name>
         <load_address>0x15988</load_address>
         <run_address>0x15988</run_address>
         <size>0x9c</size>
         <input_file_ref idref="fl-2c"/>
      </object_component>
      <object_component id="oc-37">
         <name>.text</name>
         <load_address>0x15a24</load_address>
         <run_address>0x15a24</run_address>
         <size>0x9c</size>
         <input_file_ref idref="fl-f6"/>
      </object_component>
      <object_component id="oc-3b1">
         <name>.text</name>
         <load_address>0x15ac0</load_address>
         <run_address>0x15ac0</run_address>
         <size>0x96</size>
         <input_file_ref idref="fl-f0"/>
      </object_component>
      <object_component id="oc-1cd">
         <name>.text:UART_initModule</name>
         <load_address>0x15b58</load_address>
         <run_address>0x15b58</run_address>
         <size>0x94</size>
         <input_file_ref idref="fl-36"/>
      </object_component>
      <object_component id="oc-623">
         <name>.text:__aeabi_cdcmple</name>
         <load_address>0x15bec</load_address>
         <run_address>0x15bec</run_address>
         <size>0x86</size>
         <input_file_ref idref="fl-105"/>
      </object_component>
      <object_component id="oc-6c3">
         <name>.text:__aeabi_cdrcmple</name>
         <load_address>0x15c72</load_address>
         <run_address>0x15c72</run_address>
         <size>0x86</size>
         <input_file_ref idref="fl-105"/>
      </object_component>
      <object_component id="oc-28e">
         <name>.text</name>
         <load_address>0x15cf8</load_address>
         <run_address>0x15cf8</run_address>
         <size>0x84</size>
         <input_file_ref idref="fl-a"/>
      </object_component>
      <object_component id="oc-45a">
         <name>.text:PCM_gotoLPM3</name>
         <load_address>0x15d7c</load_address>
         <run_address>0x15d7c</run_address>
         <size>0x7c</size>
         <input_file_ref idref="fl-31"/>
      </object_component>
      <object_component id="oc-a4">
         <name>.text</name>
         <load_address>0x15df8</load_address>
         <run_address>0x15df8</run_address>
         <size>0x7a</size>
         <input_file_ref idref="fl-f1"/>
      </object_component>
      <object_component id="oc-67e">
         <name>.text:_CSGetHFXTFrequency</name>
         <load_address>0x15e74</load_address>
         <run_address>0x15e74</run_address>
         <size>0x70</size>
         <input_file_ref idref="fl-2c"/>
      </object_component>
      <object_component id="oc-6e3">
         <name>.text:_mcpy</name>
         <load_address>0x15ee4</load_address>
         <run_address>0x15ee4</run_address>
         <size>0x6e</size>
         <input_file_ref idref="fl-ff"/>
      </object_component>
      <object_component id="oc-4fc">
         <name>.text</name>
         <load_address>0x15f52</load_address>
         <run_address>0x15f52</run_address>
         <size>0x6e</size>
         <input_file_ref idref="fl-ef"/>
      </object_component>
      <object_component id="oc-17">
         <name>.text:decompress:lzss:__TI_decompress_lzss</name>
         <load_address>0x15fc0</load_address>
         <run_address>0x15fc0</run_address>
         <size>0x68</size>
         <input_file_ref idref="fl-f9"/>
      </object_component>
      <object_component id="oc-11f">
         <name>.text:Interrupt_disableInterrupt</name>
         <load_address>0x16028</load_address>
         <run_address>0x16028</run_address>
         <size>0x64</size>
         <input_file_ref idref="fl-30"/>
      </object_component>
      <object_component id="oc-10d">
         <name>.text:Interrupt_enableInterrupt</name>
         <load_address>0x1608c</load_address>
         <run_address>0x1608c</run_address>
         <size>0x64</size>
         <input_file_ref idref="fl-30"/>
      </object_component>
      <object_component id="oc-6f8">
         <name>.text:frexp</name>
         <load_address>0x160f0</load_address>
         <run_address>0x160f0</run_address>
         <size>0x64</size>
         <input_file_ref idref="fl-100"/>
      </object_component>
      <object_component id="oc-62e">
         <name>.text:_pconv_f</name>
         <load_address>0x16154</load_address>
         <run_address>0x16154</run_address>
         <size>0x56</size>
         <input_file_ref idref="fl-ff"/>
      </object_component>
      <object_component id="oc-6cd">
         <name>.text:__TI_ltoa</name>
         <load_address>0x161aa</load_address>
         <run_address>0x161aa</run_address>
         <size>0x54</size>
         <input_file_ref idref="fl-10c"/>
      </object_component>
      <object_component id="oc-6dd">
         <name>.text:_ecpy</name>
         <load_address>0x161fe</load_address>
         <run_address>0x161fe</run_address>
         <size>0x52</size>
         <input_file_ref idref="fl-ff"/>
      </object_component>
      <object_component id="oc-466">
         <name>.text:PCM_shutdownDevice</name>
         <load_address>0x16250</load_address>
         <run_address>0x16250</run_address>
         <size>0x50</size>
         <input_file_ref idref="fl-31"/>
      </object_component>
      <object_component id="oc-5ac">
         <name>.text:SysCtl_getTLVInfo</name>
         <load_address>0x162a0</load_address>
         <run_address>0x162a0</run_address>
         <size>0x50</size>
         <input_file_ref idref="fl-34"/>
      </object_component>
      <object_component id="oc-125">
         <name>.text:GPIO_setAsPeripheralModuleFunctionOutputPin</name>
         <load_address>0x162f0</load_address>
         <run_address>0x162f0</run_address>
         <size>0x4c</size>
         <input_file_ref idref="fl-2e"/>
      </object_component>
      <object_component id="oc-5a6">
         <name>.text:_CSGetDOCFrequency</name>
         <load_address>0x1633c</load_address>
         <run_address>0x1633c</run_address>
         <size>0x4c</size>
         <input_file_ref idref="fl-2c"/>
      </object_component>
      <object_component id="oc-617">
         <name>.text:atoi</name>
         <load_address>0x16388</load_address>
         <run_address>0x16388</run_address>
         <size>0x4c</size>
         <input_file_ref idref="fl-10e"/>
      </object_component>
      <object_component id="oc-3a5">
         <name>.text:snprintf</name>
         <load_address>0x163d4</load_address>
         <run_address>0x163d4</run_address>
         <size>0x4c</size>
         <input_file_ref idref="fl-ee"/>
      </object_component>
      <object_component id="oc-6d">
         <name>.text</name>
         <load_address>0x16420</load_address>
         <run_address>0x16420</run_address>
         <size>0x48</size>
         <input_file_ref idref="fl-24"/>
      </object_component>
      <object_component id="oc-1c7">
         <name>.text:GPIO_setAsPeripheralModuleFunctionInputPin</name>
         <load_address>0x16468</load_address>
         <run_address>0x16468</run_address>
         <size>0x48</size>
         <input_file_ref idref="fl-2e"/>
      </object_component>
      <object_component id="oc-4e4">
         <name>.text:HOSTtime</name>
         <load_address>0x164b0</load_address>
         <run_address>0x164b0</run_address>
         <size>0x48</size>
         <input_file_ref idref="fl-113"/>
      </object_component>
      <object_component id="oc-480">
         <name>.text:_CSGetDividerValue</name>
         <load_address>0x164f8</load_address>
         <run_address>0x164f8</run_address>
         <size>0x48</size>
         <input_file_ref idref="fl-2c"/>
      </object_component>
      <object_component id="oc-6c8">
         <name>.text</name>
         <load_address>0x16540</load_address>
         <run_address>0x16540</run_address>
         <size>0x48</size>
         <input_file_ref idref="fl-f3"/>
      </object_component>
      <object_component id="oc-218">
         <name>.text:__TI_auto_init_nobinit_nopinit:__TI_auto_init_nobinit_nopinit</name>
         <load_address>0x16588</load_address>
         <run_address>0x16588</run_address>
         <size>0x44</size>
         <input_file_ref idref="fl-107"/>
      </object_component>
      <object_component id="oc-4af">
         <name>.text</name>
         <load_address>0x165cc</load_address>
         <run_address>0x165cc</run_address>
         <size>0x40</size>
         <input_file_ref idref="fl-7"/>
      </object_component>
      <object_component id="oc-4a1">
         <name>.text:LCD_WriteData</name>
         <load_address>0x1660c</load_address>
         <run_address>0x1660c</run_address>
         <size>0x40</size>
         <input_file_ref idref="fl-3"/>
      </object_component>
      <object_component id="oc-167">
         <name>.text:I2C_initMaster</name>
         <load_address>0x1664c</load_address>
         <run_address>0x1664c</run_address>
         <size>0x3e</size>
         <input_file_ref idref="fl-2f"/>
      </object_component>
      <object_component id="oc-6f0">
         <name>.text:_fcpy</name>
         <load_address>0x1668a</load_address>
         <run_address>0x1668a</run_address>
         <size>0x3e</size>
         <input_file_ref idref="fl-ff"/>
      </object_component>
      <object_component id="oc-17f">
         <name>.text:I2C_masterSendMultiByteStart</name>
         <load_address>0x166c8</load_address>
         <run_address>0x166c8</run_address>
         <size>0x38</size>
         <input_file_ref idref="fl-2f"/>
      </object_component>
      <object_component id="oc-5ec">
         <name>.text:__TI_writemsg</name>
         <load_address>0x16700</load_address>
         <run_address>0x16700</run_address>
         <size>0x38</size>
         <input_file_ref idref="fl-114"/>
      </object_component>
      <object_component id="oc-d1">
         <name>.text</name>
         <load_address>0x16738</load_address>
         <run_address>0x16738</run_address>
         <size>0x34</size>
         <input_file_ref idref="fl-8"/>
      </object_component>
      <object_component id="oc-345">
         <name>.text:LCD_WriteIndex</name>
         <load_address>0x1676c</load_address>
         <run_address>0x1676c</run_address>
         <size>0x34</size>
         <input_file_ref idref="fl-3"/>
      </object_component>
      <object_component id="oc-5f2">
         <name>.text:__TI_readmsg</name>
         <load_address>0x167a0</load_address>
         <run_address>0x167a0</run_address>
         <size>0x34</size>
         <input_file_ref idref="fl-114"/>
      </object_component>
      <object_component id="oc-55">
         <name>.text:_c_int00_noargs:_c_int00_noargs</name>
         <load_address>0x167d4</load_address>
         <run_address>0x167d4</run_address>
         <size>0x34</size>
         <input_file_ref idref="fl-fd"/>
      </object_component>
      <object_component id="oc-38e">
         <name>.text:rand</name>
         <load_address>0x16808</load_address>
         <run_address>0x16808</run_address>
         <size>0x34</size>
         <input_file_ref idref="fl-fa"/>
      </object_component>
      <object_component id="oc-1a3">
         <name>.text:I2C_masterSendMultiByteStop</name>
         <load_address>0x1683c</load_address>
         <run_address>0x1683c</run_address>
         <size>0x30</size>
         <input_file_ref idref="fl-2f"/>
      </object_component>
      <object_component id="oc-50b">
         <name>.text:_outs</name>
         <load_address>0x1686c</load_address>
         <run_address>0x1686c</run_address>
         <size>0x30</size>
         <input_file_ref idref="fl-ee"/>
      </object_component>
      <object_component id="oc-5b9">
         <name>.text:is_A_Module</name>
         <load_address>0x1689c</load_address>
         <run_address>0x1689c</run_address>
         <size>0x30</size>
         <input_file_ref idref="fl-33"/>
      </object_component>
      <object_component id="oc-6d3">
         <name>.text</name>
         <load_address>0x168cc</load_address>
         <run_address>0x168cc</run_address>
         <size>0x2e</size>
         <input_file_ref idref="fl-f4"/>
      </object_component>
      <object_component id="oc-59a">
         <name>.text:PCM_getCoreVoltageLevel</name>
         <load_address>0x168fa</load_address>
         <run_address>0x168fa</run_address>
         <size>0x2c</size>
         <input_file_ref idref="fl-31"/>
      </object_component>
      <object_component id="oc-57f">
         <name>.text:PCM_getPowerMode</name>
         <load_address>0x16926</load_address>
         <run_address>0x16926</run_address>
         <size>0x2a</size>
         <input_file_ref idref="fl-31"/>
      </object_component>
      <object_component id="oc-131">
         <name>.text:FlashCtl_setWaitState</name>
         <load_address>0x16950</load_address>
         <run_address>0x16950</run_address>
         <size>0x28</size>
         <input_file_ref idref="fl-2d"/>
      </object_component>
      <object_component id="oc-478">
         <name>.text:PCM_gotoLPM0</name>
         <load_address>0x16978</load_address>
         <run_address>0x16978</run_address>
         <size>0x28</size>
         <input_file_ref idref="fl-31"/>
      </object_component>
      <object_component id="oc-361">
         <name>.text:SPISendRecvTPByte</name>
         <load_address>0x169a0</load_address>
         <run_address>0x169a0</run_address>
         <size>0x28</size>
         <input_file_ref idref="fl-3"/>
      </object_component>
      <object_component id="oc-40e">
         <name>.text</name>
         <load_address>0x169c8</load_address>
         <run_address>0x169c8</run_address>
         <size>0x26</size>
         <input_file_ref idref="fl-11"/>
      </object_component>
      <object_component id="oc-48c">
         <name>.text:CS_clearInterruptFlag</name>
         <load_address>0x169f0</load_address>
         <run_address>0x169f0</run_address>
         <size>0x24</size>
         <input_file_ref idref="fl-2c"/>
      </object_component>
      <object_component id="oc-13d">
         <name>.text:CS_setDCOCenteredFrequency</name>
         <load_address>0x16a14</load_address>
         <run_address>0x16a14</run_address>
         <size>0x24</size>
         <input_file_ref idref="fl-2c"/>
      </object_component>
      <object_component id="oc-1af">
         <name>.text:I2C_masterSendMultiByteNext</name>
         <load_address>0x16a38</load_address>
         <run_address>0x16a38</run_address>
         <size>0x24</size>
         <input_file_ref idref="fl-2f"/>
      </object_component>
      <object_component id="oc-113">
         <name>.text:Interrupt_setPriority</name>
         <load_address>0x16a5c</load_address>
         <run_address>0x16a5c</run_address>
         <size>0x24</size>
         <input_file_ref idref="fl-30"/>
      </object_component>
      <object_component id="oc-592">
         <name>.text:RTC_C_holdClock</name>
         <load_address>0x16a80</load_address>
         <run_address>0x16a80</run_address>
         <size>0x24</size>
         <input_file_ref idref="fl-32"/>
      </object_component>
      <object_component id="oc-372">
         <name>.text:UART_transmitData</name>
         <load_address>0x16aa4</load_address>
         <run_address>0x16aa4</run_address>
         <size>0x24</size>
         <input_file_ref idref="fl-36"/>
      </object_component>
      <object_component id="oc-388">
         <name>.text:srand</name>
         <load_address>0x16ac8</load_address>
         <run_address>0x16ac8</run_address>
         <size>0x24</size>
         <input_file_ref idref="fl-fa"/>
      </object_component>
      <object_component id="oc-33e">
         <name>.text:LCD_SetCursor</name>
         <load_address>0x16aec</load_address>
         <run_address>0x16aec</run_address>
         <size>0x20</size>
         <input_file_ref idref="fl-3"/>
      </object_component>
      <object_component id="oc-353">
         <name>.text:LCD_Write_Data_Only</name>
         <load_address>0x16b0c</load_address>
         <run_address>0x16b0c</run_address>
         <size>0x20</size>
         <input_file_ref idref="fl-3"/>
      </object_component>
      <object_component id="oc-4b5">
         <name>.text:SPI_transmitData</name>
         <load_address>0x16b2c</load_address>
         <run_address>0x16b2c</run_address>
         <size>0x20</size>
         <input_file_ref idref="fl-33"/>
      </object_component>
      <object_component id="oc-337">
         <name>.text:LCD_WriteReg</name>
         <load_address>0x16b4c</load_address>
         <run_address>0x16b4c</run_address>
         <size>0x1c</size>
         <input_file_ref idref="fl-3"/>
      </object_component>
      <object_component id="oc-4a8">
         <name>.text:SPISendRecvByte</name>
         <load_address>0x16b68</load_address>
         <run_address>0x16b68</run_address>
         <size>0x1c</size>
         <input_file_ref idref="fl-3"/>
      </object_component>
      <object_component id="oc-640">
         <name>.text:memccpy</name>
         <load_address>0x16b84</load_address>
         <run_address>0x16b84</run_address>
         <size>0x1c</size>
         <input_file_ref idref="fl-110"/>
      </object_component>
      <object_component id="oc-4bb">
         <name>.text:SPI_receiveData</name>
         <load_address>0x16ba0</load_address>
         <run_address>0x16ba0</run_address>
         <size>0x1a</size>
         <input_file_ref idref="fl-33"/>
      </object_component>
      <object_component id="oc-749">
         <name>.text:copysign</name>
         <load_address>0x16bba</load_address>
         <run_address>0x16bba</run_address>
         <size>0x1a</size>
         <input_file_ref idref="fl-102"/>
      </object_component>
      <object_component id="oc-3f8">
         <name>.text:CS_getMCLK</name>
         <load_address>0x16bd4</load_address>
         <run_address>0x16bd4</run_address>
         <size>0x18</size>
         <input_file_ref idref="fl-2c"/>
      </object_component>
      <object_component id="oc-155">
         <name>.text:CS_getSMCLK</name>
         <load_address>0x16bec</load_address>
         <run_address>0x16bec</run_address>
         <size>0x18</size>
         <input_file_ref idref="fl-2c"/>
      </object_component>
      <object_component id="oc-282">
         <name>.text:WDT_A_clearTimer</name>
         <load_address>0x16c04</load_address>
         <run_address>0x16c04</run_address>
         <size>0x18</size>
         <input_file_ref idref="fl-37"/>
      </object_component>
      <object_component id="oc-288">
         <name>.text:WDT_A_holdTimer</name>
         <load_address>0x16c1c</load_address>
         <run_address>0x16c1c</run_address>
         <size>0x18</size>
         <input_file_ref idref="fl-37"/>
      </object_component>
      <object_component id="oc-511">
         <name>.text:_outc</name>
         <load_address>0x16c34</load_address>
         <run_address>0x16c34</run_address>
         <size>0x18</size>
         <input_file_ref idref="fl-ee"/>
      </object_component>
      <object_component id="oc-3ac">
         <name>.text</name>
         <load_address>0x16c4c</load_address>
         <run_address>0x16c4c</run_address>
         <size>0x18</size>
         <input_file_ref idref="fl-f5"/>
      </object_component>
      <object_component id="oc-704">
         <name>.text:strchr</name>
         <load_address>0x16c64</load_address>
         <run_address>0x16c64</run_address>
         <size>0x16</size>
         <input_file_ref idref="fl-111"/>
      </object_component>
      <object_component id="oc-12b">
         <name>.text:CS_setExternalClockSourceFrequency</name>
         <load_address>0x16c7c</load_address>
         <run_address>0x16c7c</run_address>
         <size>0x14</size>
         <input_file_ref idref="fl-2c"/>
      </object_component>
      <object_component id="oc-15b">
         <name>.text:I2C_isBusBusy</name>
         <load_address>0x16c90</load_address>
         <run_address>0x16c90</run_address>
         <size>0x14</size>
         <input_file_ref idref="fl-2f"/>
      </object_component>
      <object_component id="oc-cb">
         <name>.text:SysTick_enableInterrupt</name>
         <load_address>0x16ca4</load_address>
         <run_address>0x16ca4</run_address>
         <size>0x14</size>
         <input_file_ref idref="fl-35"/>
      </object_component>
      <object_component id="oc-e3">
         <name>.text:strcpy</name>
         <load_address>0x16cb8</load_address>
         <run_address>0x16cb8</run_address>
         <size>0x14</size>
         <input_file_ref idref="fl-fb"/>
      </object_component>
      <object_component id="oc-611">
         <name>.text:strlen</name>
         <load_address>0x16ccc</load_address>
         <run_address>0x16ccc</run_address>
         <size>0x14</size>
         <input_file_ref idref="fl-fc"/>
      </object_component>
      <object_component id="oc-646">
         <name>.text:wcslen</name>
         <load_address>0x16ce0</load_address>
         <run_address>0x16ce0</run_address>
         <size>0x12</size>
         <input_file_ref idref="fl-115"/>
      </object_component>
      <object_component id="oc-191">
         <name>.text:I2C_masterReceiveStart</name>
         <load_address>0x16cf2</load_address>
         <run_address>0x16cf2</run_address>
         <size>0x10</size>
         <input_file_ref idref="fl-2f"/>
      </object_component>
      <object_component id="oc-119">
         <name>.text:Interrupt_enableMaster</name>
         <load_address>0x16d02</load_address>
         <run_address>0x16d02</run_address>
         <size>0x10</size>
         <input_file_ref idref="fl-30"/>
      </object_component>
      <object_component id="oc-460">
         <name>.text:PCM_gotoLPM4</name>
         <load_address>0x16d12</load_address>
         <run_address>0x16d12</run_address>
         <size>0x10</size>
         <input_file_ref idref="fl-31"/>
      </object_component>
      <object_component id="oc-678">
         <name>.text:SysCtl_disableNMISource</name>
         <load_address>0x16d24</load_address>
         <run_address>0x16d24</run_address>
         <size>0x10</size>
         <input_file_ref idref="fl-34"/>
      </object_component>
      <object_component id="oc-684">
         <name>.text:SysCtl_enableNMISource</name>
         <load_address>0x16d34</load_address>
         <run_address>0x16d34</run_address>
         <size>0x10</size>
         <input_file_ref idref="fl-34"/>
      </object_component>
      <object_component id="oc-de">
         <name>.text</name>
         <load_address>0x16d44</load_address>
         <run_address>0x16d44</run_address>
         <size>0xe</size>
         <input_file_ref idref="fl-22"/>
      </object_component>
      <object_component id="oc-19d">
         <name>.text:I2C_clearInterruptFlag</name>
         <load_address>0x16d52</load_address>
         <run_address>0x16d52</run_address>
         <size>0xe</size>
         <input_file_ref idref="fl-2f"/>
      </object_component>
      <object_component id="oc-185">
         <name>.text:I2C_disableInterrupt</name>
         <load_address>0x16d60</load_address>
         <run_address>0x16d60</run_address>
         <size>0xe</size>
         <input_file_ref idref="fl-2f"/>
      </object_component>
      <object_component id="oc-382">
         <name>.text:__time32</name>
         <load_address>0x16d6e</load_address>
         <run_address>0x16d6e</run_address>
         <size>0xe</size>
         <input_file_ref idref="fl-fe"/>
      </object_component>
      <object_component id="oc-1d">
         <name>.text:decompress:none:__TI_decompress_none</name>
         <load_address>0x16d7c</load_address>
         <run_address>0x16d7c</run_address>
         <size>0xe</size>
         <input_file_ref idref="fl-f8"/>
      </object_component>
      <object_component id="oc-67">
         <name>.text</name>
         <load_address>0x16d8a</load_address>
         <run_address>0x16d8a</run_address>
         <size>0xe</size>
         <input_file_ref idref="fl-5"/>
      </object_component>
      <object_component id="oc-2e1">
         <name>.text:CPU_cpsie</name>
         <load_address>0x16d98</load_address>
         <run_address>0x16d98</run_address>
         <size>0xc</size>
         <input_file_ref idref="fl-38"/>
      </object_component>
      <object_component id="oc-161">
         <name>.text:I2C_disableModule</name>
         <load_address>0x16da4</load_address>
         <run_address>0x16da4</run_address>
         <size>0xc</size>
         <input_file_ref idref="fl-2f"/>
      </object_component>
      <object_component id="oc-173">
         <name>.text:I2C_enableModule</name>
         <load_address>0x16db0</load_address>
         <run_address>0x16db0</run_address>
         <size>0xc</size>
         <input_file_ref idref="fl-2f"/>
      </object_component>
      <object_component id="oc-454">
         <name>.text:PCM_getPowerState</name>
         <load_address>0x16dbc</load_address>
         <run_address>0x16dbc</run_address>
         <size>0xc</size>
         <input_file_ref idref="fl-31"/>
      </object_component>
      <object_component id="oc-672">
         <name>.text:SysCtl_getNMISourceStatus</name>
         <load_address>0x16dc8</load_address>
         <run_address>0x16dc8</run_address>
         <size>0xc</size>
         <input_file_ref idref="fl-34"/>
      </object_component>
      <object_component id="oc-1d3">
         <name>.text:UART_enableModule</name>
         <load_address>0x16dd4</load_address>
         <run_address>0x16dd4</run_address>
         <size>0xc</size>
         <input_file_ref idref="fl-36"/>
      </object_component>
      <object_component id="oc-49">
         <name>.text:decompress:ZI:__TI_zero_init</name>
         <load_address>0x16de0</load_address>
         <run_address>0x16de0</run_address>
         <size>0xc</size>
         <input_file_ref idref="fl-f7"/>
      </object_component>
      <object_component id="oc-34c">
         <name>.text:LCD_Write_Data_Start</name>
         <load_address>0x16dec</load_address>
         <run_address>0x16dec</run_address>
         <size>0xa</size>
         <input_file_ref idref="fl-3"/>
      </object_component>
      <object_component id="oc-179">
         <name>.text:I2C_enableInterrupt</name>
         <load_address>0x16df6</load_address>
         <run_address>0x16df6</run_address>
         <size>0x8</size>
         <input_file_ref idref="fl-2f"/>
      </object_component>
      <object_component id="oc-3ec">
         <name>.text:PCM_setCoreVoltageLevel</name>
         <load_address>0x16dfe</load_address>
         <run_address>0x16dfe</run_address>
         <size>0x8</size>
         <input_file_ref idref="fl-31"/>
      </object_component>
      <object_component id="oc-585">
         <name>.text:PCM_setPowerMode</name>
         <load_address>0x16e06</load_address>
         <run_address>0x16e06</run_address>
         <size>0x8</size>
         <input_file_ref idref="fl-31"/>
      </object_component>
      <object_component id="oc-137">
         <name>.text:PCM_setPowerState</name>
         <load_address>0x16e0e</load_address>
         <run_address>0x16e0e</run_address>
         <size>0x8</size>
         <input_file_ref idref="fl-31"/>
      </object_component>
      <object_component id="oc-64c">
         <name>.text:__aeabi_errno_addr</name>
         <load_address>0x16e18</load_address>
         <run_address>0x16e18</run_address>
         <size>0x8</size>
         <input_file_ref idref="fl-112"/>
      </object_component>
      <object_component id="oc-3f2">
         <name>.text:CS_startHFXT</name>
         <load_address>0x16e20</load_address>
         <run_address>0x16e20</run_address>
         <size>0x6</size>
         <input_file_ref idref="fl-2c"/>
      </object_component>
      <object_component id="oc-5cd">
         <name>.text:EUSCI_A_SPI_receiveData</name>
         <load_address>0x16e26</load_address>
         <run_address>0x16e26</run_address>
         <size>0x6</size>
         <input_file_ref idref="fl-33"/>
      </object_component>
      <object_component id="oc-5d3">
         <name>.text:EUSCI_B_SPI_receiveData</name>
         <load_address>0x16e2c</load_address>
         <run_address>0x16e2c</run_address>
         <size>0x6</size>
         <input_file_ref idref="fl-33"/>
      </object_component>
      <object_component id="oc-197">
         <name>.text:I2C_getEnabledInterruptStatus</name>
         <load_address>0x16e32</load_address>
         <run_address>0x16e32</run_address>
         <size>0x6</size>
         <input_file_ref idref="fl-2f"/>
      </object_component>
      <object_component id="oc-18b">
         <name>.text:I2C_getInterruptStatus</name>
         <load_address>0x16e38</load_address>
         <run_address>0x16e38</run_address>
         <size>0x6</size>
         <input_file_ref idref="fl-2f"/>
      </object_component>
      <object_component id="oc-1a9">
         <name>.text:I2C_masterReceiveMultiByteNext</name>
         <load_address>0x16e3e</load_address>
         <run_address>0x16e3e</run_address>
         <size>0x6</size>
         <input_file_ref idref="fl-2f"/>
      </object_component>
      <object_component id="oc-572">
         <name>.text:SysCtlDelay</name>
         <load_address>0x16e44</load_address>
         <run_address>0x16e44</run_address>
         <size>0x6</size>
         <input_file_ref idref="fl-11"/>
      </object_component>
      <object_component id="oc-58b">
         <name>.text:CPU_wfi</name>
         <load_address>0x16e4a</load_address>
         <run_address>0x16e4a</run_address>
         <size>0x4</size>
         <input_file_ref idref="fl-38"/>
      </object_component>
      <object_component id="oc-5c5">
         <name>.text:EUSCI_A_SPI_transmitData</name>
         <load_address>0x16e4e</load_address>
         <run_address>0x16e4e</run_address>
         <size>0x4</size>
         <input_file_ref idref="fl-33"/>
      </object_component>
      <object_component id="oc-5bf">
         <name>.text:EUSCI_B_SPI_transmitData</name>
         <load_address>0x16e52</load_address>
         <run_address>0x16e52</run_address>
         <size>0x4</size>
         <input_file_ref idref="fl-33"/>
      </object_component>
      <object_component id="oc-16d">
         <name>.text:I2C_setSlaveAddress</name>
         <load_address>0x16e56</load_address>
         <run_address>0x16e56</run_address>
         <size>0x4</size>
         <input_file_ref idref="fl-2f"/>
      </object_component>
      <object_component id="oc-aa">
         <name>.text:_system_pre_init</name>
         <load_address>0x16e5a</load_address>
         <run_address>0x16e5a</run_address>
         <size>0x4</size>
         <input_file_ref idref="fl-108"/>
      </object_component>
      <object_component id="oc-20c">
         <name>.text:abort:abort</name>
         <load_address>0x16e5e</load_address>
         <run_address>0x16e5e</run_address>
         <size>0x4</size>
         <input_file_ref idref="fl-10a"/>
      </object_component>
      <object_component id="oc-5b4">
         <name>.const:AsciiLib</name>
         <load_address>0x16e64</load_address>
         <run_address>0x16e64</run_address>
         <size>0x5f0</size>
         <input_file_ref idref="fl-7"/>
      </object_component>
      <object_component id="oc-6b2">
         <name>.const:.string:_ctypes_</name>
         <load_address>0x17454</load_address>
         <run_address>0x17454</run_address>
         <size>0x101</size>
         <input_file_ref idref="fl-10f"/>
      </object_component>
      <object_component id="oc-4d9">
         <name>.const:.string:INVALID_OFFSET</name>
         <load_address>0x17555</load_address>
         <run_address>0x17555</run_address>
         <size>0x3</size>
         <input_file_ref idref="fl-f"/>
      </object_component>
      <object_component id="oc-2dd">
         <name>.const:g_pulRegs</name>
         <load_address>0x17558</load_address>
         <run_address>0x17558</run_address>
         <size>0x50</size>
         <input_file_ref idref="fl-30"/>
      </object_component>
      <object_component id="oc-2d3">
         <name>.const</name>
         <load_address>0x175a8</load_address>
         <run_address>0x175a8</run_address>
         <size>0x40</size>
         <input_file_ref idref="fl-30"/>
      </object_component>
      <object_component id="oc-1e7">
         <name>.const:Uart115200Config</name>
         <load_address>0x175e8</load_address>
         <run_address>0x175e8</run_address>
         <size>0x24</size>
         <input_file_ref idref="fl-4"/>
      </object_component>
      <object_component id="oc-42a">
         <name>.const:backChannelUart115200Config</name>
         <load_address>0x1760c</load_address>
         <run_address>0x1760c</run_address>
         <size>0x24</size>
         <input_file_ref idref="fl-9"/>
      </object_component>
      <object_component id="oc-4dc">
         <name>.const:yas532_version_ac_coef</name>
         <load_address>0x17630</load_address>
         <run_address>0x17630</run_address>
         <size>0xc</size>
         <input_file_ref idref="fl-f"/>
      </object_component>
      <object_component id="oc-4e0">
         <name>.const:v_calib_data$2</name>
         <load_address>0x1763c</load_address>
         <run_address>0x1763c</run_address>
         <size>0x8</size>
         <input_file_ref idref="fl-f"/>
      </object_component>
      <object_component id="oc-396">
         <name>.const:.string:$P$T0$1</name>
         <load_address>0x17644</load_address>
         <run_address>0x17644</run_address>
         <size>0x6</size>
         <input_file_ref idref="fl-26"/>
      </object_component>
      <object_component id="oc-426">
         <name>.const:.string:$P$T0$1</name>
         <load_address>0x1764a</load_address>
         <run_address>0x1764a</run_address>
         <size>0x5</size>
         <input_file_ref idref="fl-e"/>
      </object_component>
      <object_component id="oc-4df">
         <name>.const:.string:v_correct_u8$1</name>
         <load_address>0x1764f</load_address>
         <run_address>0x1764f</run_address>
         <size>0x5</size>
         <input_file_ref idref="fl-f"/>
      </object_component>
      <object_component id="oc-7a6">
         <name>.cinit..data.load</name>
         <load_address>0x17658</load_address>
         <run_address>0x17658</run_address>
         <size>0x5e</size>
      </object_component>
      <object_component id="oc-7a4">
         <name>__TI_handler_table</name>
         <load_address>0x176b8</load_address>
         <run_address>0x176b8</run_address>
         <size>0xc</size>
      </object_component>
      <object_component id="oc-7a7">
         <name>.cinit..bss.load</name>
         <load_address>0x176c8</load_address>
         <run_address>0x176c8</run_address>
         <size>0x8</size>
      </object_component>
      <object_component id="oc-7a5">
         <name>__TI_cinit_table</name>
         <load_address>0x176d0</load_address>
         <run_address>0x176d0</run_address>
         <size>0x10</size>
      </object_component>
      <object_component id="oc-778">
         <name>.binit</name>
         <load_address>0x0</load_address>
         <run_address>0x0</run_address>
         <size>0x0</size>
      </object_component>
      <object_component id="oc-24a">
         <name>.data</name>
         <load_address>0x2000d668</load_address>
         <run_address>0x2000d668</run_address>
         <size>0x4</size>
         <input_file_ref idref="fl-6"/>
      </object_component>
      <object_component id="oc-4cd">
         <name>.data</name>
         <load_address>0x2000d654</load_address>
         <run_address>0x2000d654</run_address>
         <size>0x8</size>
         <input_file_ref idref="fl-f"/>
      </object_component>
      <object_component id="oc-4c5">
         <name>.data:v_fifo_data_u8</name>
         <load_address>0x2000d1c0</load_address>
         <run_address>0x2000d1c0</run_address>
         <size>0x400</size>
         <input_file_ref idref="fl-f"/>
      </object_component>
      <object_component id="oc-1bd">
         <name>.data</name>
         <load_address>0x2000d66f</load_address>
         <run_address>0x2000d66f</run_address>
         <size>0x1</size>
         <input_file_ref idref="fl-12"/>
      </object_component>
      <object_component id="oc-1b5">
         <name>.data:i2cConfig</name>
         <load_address>0x2000d638</load_address>
         <run_address>0x2000d638</run_address>
         <size>0x14</size>
         <input_file_ref idref="fl-12"/>
      </object_component>
      <object_component id="oc-149">
         <name>.data</name>
         <load_address>0x2000d614</load_address>
         <run_address>0x2000d614</run_address>
         <size>0x4</size>
         <input_file_ref idref="fl-15"/>
      </object_component>
      <object_component id="oc-37e">
         <name>.data</name>
         <load_address>0x2000d5f0</load_address>
         <run_address>0x2000d5f0</run_address>
         <size>0x24</size>
         <input_file_ref idref="fl-26"/>
      </object_component>
      <object_component id="oc-3a2">
         <name>.data:toggle</name>
         <load_address>0x2000d66c</load_address>
         <run_address>0x2000d66c</run_address>
         <size>0x3</size>
         <input_file_ref idref="fl-26"/>
      </object_component>
      <object_component id="oc-3b7">
         <name>.data:coins</name>
         <load_address>0x2000d65c</load_address>
         <run_address>0x2000d65c</run_address>
         <size>0x4</size>
         <input_file_ref idref="fl-26"/>
      </object_component>
      <object_component id="oc-3ba">
         <name>.data:coins_counter</name>
         <load_address>0x2000d618</load_address>
         <run_address>0x2000d618</run_address>
         <size>0x20</size>
         <input_file_ref idref="fl-26"/>
      </object_component>
      <object_component id="oc-2e9">
         <name>.data:GPIO_PORT_TO_BASE</name>
         <load_address>0x2000d5c0</load_address>
         <run_address>0x2000d5c0</run_address>
         <size>0x30</size>
         <input_file_ref idref="fl-2e"/>
      </object_component>
      <object_component id="oc-4f1">
         <name>.data</name>
         <load_address>0x2000d664</load_address>
         <run_address>0x2000d664</run_address>
         <size>0x4</size>
         <input_file_ref idref="fl-fa"/>
      </object_component>
      <object_component id="oc-3cb">
         <name>.data:$O1$$</name>
         <load_address>0x2000d64c</load_address>
         <run_address>0x2000d64c</run_address>
         <size>0x8</size>
         <input_file_ref idref="fl-10b"/>
      </object_component>
      <object_component id="oc-714">
         <name>.data</name>
         <load_address>0x2000d660</load_address>
         <run_address>0x2000d660</run_address>
         <size>0x4</size>
         <input_file_ref idref="fl-112"/>
      </object_component>
      <object_component id="oc-42d">
         <name>.bss:backChannelStringBuff</name>
         <uninitialized>true</uninitialized>
         <run_address>0x2000ce94</run_address>
         <size>0x100</size>
         <input_file_ref idref="fl-9"/>
      </object_component>
      <object_component id="oc-4f9">
         <name>.bss</name>
         <uninitialized>true</uninitialized>
         <run_address>0x2000d154</run_address>
         <size>0x4</size>
         <input_file_ref idref="fl-d"/>
      </object_component>
      <object_component id="oc-4c2">
         <name>.bss</name>
         <uninitialized>true</uninitialized>
         <run_address>0x2000d158</run_address>
         <size>0x4</size>
         <input_file_ref idref="fl-f"/>
      </object_component>
      <object_component id="oc-4d0">
         <name>.bss:mag_trim</name>
         <uninitialized>true</uninitialized>
         <run_address>0x2000d124</run_address>
         <size>0x10</size>
         <input_file_ref idref="fl-f"/>
      </object_component>
      <object_component id="oc-4d3">
         <name>.bss:akm_asa_data</name>
         <uninitialized>true</uninitialized>
         <run_address>0x2000d1b0</run_address>
         <size>0x3</size>
         <input_file_ref idref="fl-f"/>
      </object_component>
      <object_component id="oc-4d6">
         <name>.bss:yas532_data</name>
         <uninitialized>true</uninitialized>
         <run_address>0x2000d024</run_address>
         <size>0x70</size>
         <input_file_ref idref="fl-f"/>
      </object_component>
      <object_component id="oc-404">
         <name>.bss:buf</name>
         <uninitialized>true</uninitialized>
         <run_address>0x2000d15c</run_address>
         <size>0x4</size>
         <input_file_ref idref="fl-14"/>
      </object_component>
      <object_component id="oc-401">
         <name>.bss</name>
         <uninitialized>true</uninitialized>
         <run_address>0x2000d1b4</run_address>
         <size>0x2</size>
         <input_file_ref idref="fl-14"/>
      </object_component>
      <object_component id="oc-e9">
         <name>.bss:threadControlBlocks</name>
         <uninitialized>true</uninitialized>
         <run_address>0x2000b800</run_address>
         <size>0x450</size>
         <input_file_ref idref="fl-23"/>
      </object_component>
      <object_component id="oc-ec">
         <name>.bss:threadStacks</name>
         <uninitialized>true</uninitialized>
         <run_address>0x20000000</run_address>
         <size>0xb800</size>
         <input_file_ref idref="fl-23"/>
      </object_component>
      <object_component id="oc-d8">
         <name>.bss:periodicEvents</name>
         <uninitialized>true</uninitialized>
         <run_address>0x2000cf94</run_address>
         <size>0x90</size>
         <input_file_ref idref="fl-23"/>
      </object_component>
      <object_component id="oc-f5">
         <name>.bss:FIFOs</name>
         <uninitialized>true</uninitialized>
         <run_address>0x2000cc24</run_address>
         <size>0x150</size>
         <input_file_ref idref="fl-23"/>
      </object_component>
      <object_component id="oc-db">
         <name>.bss</name>
         <uninitialized>true</uninitialized>
         <run_address>0x2000d134</run_address>
         <size>0xc</size>
         <input_file_ref idref="fl-23"/>
      </object_component>
      <object_component id="oc-6a3">
         <name>.bss:_CIOBUF_</name>
         <uninitialized>true</uninitialized>
         <run_address>0x2000cd74</run_address>
         <size>0x120</size>
         <input_file_ref idref="fl-114"/>
      </object_component>
      <object_component id="oc-1f1">
         <name>.common:LCDMutex</name>
         <uninitialized>true</uninitialized>
         <run_address>0x2000d168</run_address>
         <size>0x4</size>
      </object_component>
      <object_component id="oc-3b6">
         <name>.common:LEDMutex</name>
         <uninitialized>true</uninitialized>
         <run_address>0x2000d16c</run_address>
         <size>0x4</size>
      </object_component>
      <object_component id="oc-1e2">
         <name>.common:counter0</name>
         <uninitialized>true</uninitialized>
         <run_address>0x2000d174</run_address>
         <size>0x4</size>
      </object_component>
      <object_component id="oc-1e4">
         <name>.common:counter1</name>
         <uninitialized>true</uninitialized>
         <run_address>0x2000d178</run_address>
         <size>0x4</size>
      </object_component>
      <object_component id="oc-1e6">
         <name>.common:counter2</name>
         <uninitialized>true</uninitialized>
         <run_address>0x2000d17c</run_address>
         <size>0x4</size>
      </object_component>
      <object_component id="oc-1df">
         <name>.common:task0_ID</name>
         <uninitialized>true</uninitialized>
         <run_address>0x2000d1a4</run_address>
         <size>0x4</size>
      </object_component>
      <object_component id="oc-1e3">
         <name>.common:task1_ID</name>
         <uninitialized>true</uninitialized>
         <run_address>0x2000d1a8</run_address>
         <size>0x4</size>
      </object_component>
      <object_component id="oc-1e5">
         <name>.common:task2_ID</name>
         <uninitialized>true</uninitialized>
         <run_address>0x2000d1ac</run_address>
         <size>0x4</size>
      </object_component>
      <object_component id="oc-41f">
         <name>.common:ButtonFunction</name>
         <uninitialized>true</uninitialized>
         <run_address>0x2000d160</run_address>
         <size>0x4</size>
      </object_component>
      <object_component id="oc-423">
         <name>.common:bme280</name>
         <uninitialized>true</uninitialized>
         <run_address>0x2000d0d4</run_address>
         <size>0x3c</size>
      </object_component>
      <object_component id="oc-4c8">
         <name>.common:accel_fifo</name>
         <uninitialized>true</uninitialized>
         <run_address>0x2000c050</run_address>
         <size>0x36c</size>
      </object_component>
      <object_component id="oc-4cb">
         <name>.common:gyro_fifo</name>
         <uninitialized>true</uninitialized>
         <run_address>0x2000c3bc</run_address>
         <size>0x36c</size>
      </object_component>
      <object_component id="oc-4cc">
         <name>.common:mag_fifo</name>
         <uninitialized>true</uninitialized>
         <run_address>0x2000c728</run_address>
         <size>0x36c</size>
      </object_component>
      <object_component id="oc-409">
         <name>.common:s_bmi160</name>
         <uninitialized>true</uninitialized>
         <run_address>0x2000d110</run_address>
         <size>0x14</size>
      </object_component>
      <object_component id="oc-40c">
         <name>.common:gyroxyz</name>
         <uninitialized>true</uninitialized>
         <run_address>0x2000d14e</run_address>
         <size>0x6</size>
      </object_component>
      <object_component id="oc-40d">
         <name>.common:accelxyz</name>
         <uninitialized>true</uninitialized>
         <run_address>0x2000d148</run_address>
         <size>0x6</size>
      </object_component>
      <object_component id="oc-1bb">
         <name>.common:ui8Status</name>
         <uninitialized>true</uninitialized>
         <run_address>0x2000d1bb</run_address>
         <size>0x1</size>
      </object_component>
      <object_component id="oc-1b8">
         <name>.common:pData</name>
         <uninitialized>true</uninitialized>
         <run_address>0x2000d190</run_address>
         <size>0x4</size>
      </object_component>
      <object_component id="oc-1c0">
         <name>.common:ui8DummyRead</name>
         <uninitialized>true</uninitialized>
         <run_address>0x2000d1ba</run_address>
         <size>0x1</size>
      </object_component>
      <object_component id="oc-1bc">
         <name>.common:g_ui32ByteCount</name>
         <uninitialized>true</uninitialized>
         <run_address>0x2000d180</run_address>
         <size>0x4</size>
      </object_component>
      <object_component id="oc-14c">
         <name>.common:IntIsMasked</name>
         <uninitialized>true</uninitialized>
         <run_address>0x2000d1b3</run_address>
         <size>0x1</size>
      </object_component>
      <object_component id="oc-c3">
         <name>.common:CurrentlyRunningThread</name>
         <uninitialized>true</uninitialized>
         <run_address>0x2000d164</run_address>
         <size>0x4</size>
      </object_component>
      <object_component id="oc-d7">
         <name>.common:SystemTime</name>
         <uninitialized>true</uninitialized>
         <run_address>0x2000d170</run_address>
         <size>0x4</size>
      </object_component>
      <object_component id="oc-3bd">
         <name>.common:sem_sensor</name>
         <uninitialized>true</uninitialized>
         <run_address>0x2000d198</run_address>
         <size>0x4</size>
      </object_component>
      <object_component id="oc-3be">
         <name>.common:sem_LED</name>
         <uninitialized>true</uninitialized>
         <run_address>0x2000d194</run_address>
         <size>0x4</size>
      </object_component>
      <object_component id="oc-1f0">
         <name>.common:sensorMutex</name>
         <uninitialized>true</uninitialized>
         <run_address>0x2000d19c</run_address>
         <size>0x4</size>
      </object_component>
      <object_component id="oc-3ab">
         <name>.common:lightData</name>
         <uninitialized>true</uninitialized>
         <run_address>0x2000d094</run_address>
         <size>0x40</size>
      </object_component>
      <object_component id="oc-381">
         <name>.common:ballArray</name>
         <uninitialized>true</uninitialized>
         <run_address>0x2000ca94</run_address>
         <size>0x190</size>
      </object_component>
      <object_component id="oc-394">
         <name>.common:snakeID</name>
         <uninitialized>true</uninitialized>
         <run_address>0x2000d1a0</run_address>
         <size>0x4</size>
      </object_component>
      <object_component id="oc-395">
         <name>.common:joystickID</name>
         <uninitialized>true</uninitialized>
         <run_address>0x2000d188</run_address>
         <size>0x4</size>
      </object_component>
      <object_component id="oc-3a0">
         <name>.common:joyX</name>
         <uninitialized>true</uninitialized>
         <run_address>0x2000d1b6</run_address>
         <size>0x2</size>
      </object_component>
      <object_component id="oc-3a1">
[...]
      </symbol>
      <symbol id="sm-140b">
         <name>PCM_setPowerMode</name>
         <value>0x16e07</value>
         <object_component_ref idref="oc-585"/>
      </symbol>
      <symbol id="sm-1418">
         <name>RTC_C_holdClock</name>
         <value>0x16a81</value>
         <object_component_ref idref="oc-592"/>
      </symbol>
      <symbol id="sm-1463">
         <name>EUSCI_B_SPI_receiveData</name>
         <value>0x16e2d</value>
         <object_component_ref idref="oc-5d3"/>
      </symbol>
      <symbol id="sm-1464">
         <name>EUSCI_A_SPI_receiveData</name>
         <value>0x16e27</value>
         <object_component_ref idref="oc-5cd"/>
      </symbol>
      <symbol id="sm-1465">
         <name>EUSCI_A_SPI_transmitData</name>
         <value>0x16e4f</value>
         <object_component_ref idref="oc-5c5"/>
      </symbol>
      <symbol id="sm-1466">
         <name>EUSCI_B_SPI_transmitData</name>
         <value>0x16e53</value>
         <object_component_ref idref="oc-5bf"/>
      </symbol>
      <symbol id="sm-1467">
         <name>SPI_transmitData</name>
         <value>0x16b2d</value>
         <object_component_ref idref="oc-4b5"/>
      </symbol>
      <symbol id="sm-1468">
         <name>SPI_receiveData</name>
         <value>0x16ba1</value>
         <object_component_ref idref="oc-4bb"/>
      </symbol>
      <symbol id="sm-149b">
         <name>SysCtl_getNMISourceStatus</name>
         <value>0x16dc9</value>
         <object_component_ref idref="oc-672"/>
      </symbol>
      <symbol id="sm-149c">
         <name>SysCtl_enableNMISource</name>
         <value>0x16d35</value>
         <object_component_ref idref="oc-684"/>
      </symbol>
      <symbol id="sm-149d">
         <name>SysCtl_disableNMISource</name>
         <value>0x16d25</value>
         <object_component_ref idref="oc-678"/>
      </symbol>
      <symbol id="sm-149e">
         <name>SysCtl_getTLVInfo</name>
         <value>0x162a1</value>
         <object_component_ref idref="oc-5ac"/>
      </symbol>
      <symbol id="sm-14aa">
         <name>SysTick_enableInterrupt</name>
         <value>0x16ca5</value>
         <object_component_ref idref="oc-cb"/>
      </symbol>
      <symbol id="sm-14d9">
         <name>UART_enableModule</name>
         <value>0x16dd5</value>
         <object_component_ref idref="oc-1d3"/>
      </symbol>
      <symbol id="sm-14da">
         <name>UART_transmitData</name>
         <value>0x16aa5</value>
         <object_component_ref idref="oc-372"/>
      </symbol>
      <symbol id="sm-14db">
         <name>UART_initModule</name>
         <value>0x15b59</value>
         <object_component_ref idref="oc-1cd"/>
      </symbol>
      <symbol id="sm-14f1">
         <name>WDT_A_clearTimer</name>
         <value>0x16c05</value>
         <object_component_ref idref="oc-282"/>
      </symbol>
      <symbol id="sm-14f2">
         <name>WDT_A_holdTimer</name>
         <value>0x16c1d</value>
         <object_component_ref idref="oc-288"/>
      </symbol>
      <symbol id="sm-1504">
         <name>CPU_wfi</name>
         <value>0x16e4b</value>
         <object_component_ref idref="oc-58b"/>
      </symbol>
      <symbol id="sm-1505">
         <name>CPU_cpsie</name>
         <value>0x16d99</value>
         <object_component_ref idref="oc-2e1"/>
      </symbol>
      <symbol id="sm-1534">
         <name>snprintf</name>
         <value>0x163d5</value>
         <object_component_ref idref="oc-3a5"/>
      </symbol>
      <symbol id="sm-1542">
         <name>__aeabi_ldivmod</name>
         <value>0x15f53</value>
         <object_component_ref idref="oc-4fc"/>
      </symbol>
      <symbol id="sm-154f">
         <name>__aeabi_uldivmod</name>
         <value>0x15ac1</value>
         <object_component_ref idref="oc-3b1"/>
      </symbol>
      <symbol id="sm-155e">
         <name>__aeabi_memset</name>
         <value>0x15dfb</value>
         <object_component_ref idref="oc-a4"/>
      </symbol>
      <symbol id="sm-155f">
         <name>memset</name>
         <value>0x15e01</value>
         <object_component_ref idref="oc-a4"/>
      </symbol>
      <symbol id="sm-1560">
         <name>__aeabi_memset8</name>
         <value>0x15dfb</value>
         <object_component_ref idref="oc-a4"/>
      </symbol>
      <symbol id="sm-1561">
         <name>__aeabi_memset4</name>
         <value>0x15dfb</value>
         <object_component_ref idref="oc-a4"/>
      </symbol>
      <symbol id="sm-1562">
         <name>__aeabi_memclr8</name>
         <value>0x15df9</value>
         <object_component_ref idref="oc-a4"/>
      </symbol>
      <symbol id="sm-1563">
         <name>__aeabi_memclr4</name>
         <value>0x15df9</value>
         <object_component_ref idref="oc-a4"/>
      </symbol>
      <symbol id="sm-1564">
         <name>__aeabi_memclr</name>
         <value>0x15df9</value>
         <object_component_ref idref="oc-a4"/>
      </symbol>
      <symbol id="sm-156f">
         <name>__aeabi_dmul</name>
         <value>0x15387</value>
         <object_component_ref idref="oc-6b9"/>
      </symbol>
      <symbol id="sm-1579">
         <name>__aeabi_d2iz</name>
         <value>0x16541</value>
         <object_component_ref idref="oc-6c8"/>
      </symbol>
      <symbol id="sm-1583">
         <name>__aeabi_i2d</name>
         <value>0x168cd</value>
         <object_component_ref idref="oc-6d3"/>
      </symbol>
      <symbol id="sm-158c">
         <name>__aeabi_lmul</name>
         <value>0x16c4d</value>
         <object_component_ref idref="oc-3ac"/>
      </symbol>
      <symbol id="sm-15a7">
         <name>memcpy</name>
         <value>0x15a25</value>
         <object_component_ref idref="oc-37"/>
      </symbol>
      <symbol id="sm-15a8">
         <name>__aeabi_memcpy</name>
         <value>0x15a25</value>
         <object_component_ref idref="oc-37"/>
      </symbol>
      <symbol id="sm-15a9">
         <name>__aeabi_memcpy8</name>
         <value>0x15a25</value>
         <object_component_ref idref="oc-37"/>
      </symbol>
      <symbol id="sm-15aa">
         <name>__aeabi_memcpy4</name>
         <value>0x15a25</value>
         <object_component_ref idref="oc-37"/>
      </symbol>
      <symbol id="sm-15bc">
         <name>__TI_zero_init</name>
         <value>0x16de1</value>
         <object_component_ref idref="oc-49"/>
      </symbol>
      <symbol id="sm-15d3">
         <name>__TI_decompress_none</name>
         <value>0x16d7d</value>
         <object_component_ref idref="oc-1d"/>
      </symbol>
      <symbol id="sm-15f6">
         <name>__TI_decompress_lzss</name>
         <value>0x15fc1</value>
         <object_component_ref idref="oc-17"/>
      </symbol>
      <symbol id="sm-161b">
         <name>rand</name>
         <value>0x16809</value>
         <object_component_ref idref="oc-38e"/>
      </symbol>
      <symbol id="sm-161c">
         <name>srand</name>
         <value>0x16ac9</value>
         <object_component_ref idref="oc-388"/>
      </symbol>
      <symbol id="sm-162a">
         <name>strcpy</name>
         <value>0x16cb9</value>
         <object_component_ref idref="oc-e3"/>
      </symbol>
      <symbol id="sm-1638">
         <name>strlen</name>
         <value>0x16ccd</value>
         <object_component_ref idref="oc-611"/>
      </symbol>
      <symbol id="sm-164b">
         <name>__stack</name>
         <value>0x2000fe00</value>
         <object_component_ref idref="oc-29"/>
      </symbol>
      <symbol id="sm-164c">
         <name>_c_int00_noargs</name>
         <value>0x167d5</value>
         <object_component_ref idref="oc-55"/>
      </symbol>
      <symbol id="sm-1664">
         <name>__time32</name>
         <value>0x16d6f</value>
         <object_component_ref idref="oc-382"/>
      </symbol>
      <symbol id="sm-1665">
         <name>time</name>
         <value>0x16d6f</value>
         <object_component_ref idref="oc-382"/>
      </symbol>
      <symbol id="sm-17ca">
         <name>__TI_printfi</name>
         <value>0x11dbd</value>
         <object_component_ref idref="oc-505"/>
      </symbol>
      <symbol id="sm-17ea">
         <name>frexpl</name>
         <value>0x160f1</value>
         <object_component_ref idref="oc-6f8"/>
      </symbol>
      <symbol id="sm-17eb">
         <name>frexp</name>
         <value>0x160f1</value>
         <object_component_ref idref="oc-6f8"/>
      </symbol>
      <symbol id="sm-1808">
         <name>scalbn</name>
         <value>0x15075</value>
         <object_component_ref idref="oc-6fe"/>
      </symbol>
      <symbol id="sm-1809">
         <name>scalbnl</name>
         <value>0x15075</value>
         <object_component_ref idref="oc-6fe"/>
      </symbol>
      <symbol id="sm-180a">
         <name>ldexpl</name>
         <value>0x15075</value>
         <object_component_ref idref="oc-6fe"/>
      </symbol>
      <symbol id="sm-180b">
         <name>ldexp</name>
         <value>0x15075</value>
         <object_component_ref idref="oc-6fe"/>
      </symbol>
      <symbol id="sm-1815">
         <name>copysign</name>
         <value>0x16bbb</value>
         <object_component_ref idref="oc-749"/>
      </symbol>
      <symbol id="sm-1816">
         <name>copysignl</name>
         <value>0x16bbb</value>
         <object_component_ref idref="oc-749"/>
      </symbol>
      <symbol id="sm-1820">
         <name>__aeabi_idiv0</name>
         <value>0x149c3</value>
         <object_component_ref idref="oc-529"/>
      </symbol>
      <symbol id="sm-1821">
         <name>__aeabi_ldiv0</name>
         <value>0x149c3</value>
         <object_component_ref idref="oc-529"/>
      </symbol>
      <symbol id="sm-1838">
         <name>__aeabi_dsub</name>
         <value>0x1466d</value>
         <object_component_ref idref="oc-6d8"/>
      </symbol>
      <symbol id="sm-1839">
         <name>__aeabi_dadd</name>
         <value>0x14677</value>
         <object_component_ref idref="oc-6d8"/>
      </symbol>
      <symbol id="sm-185b">
         <name>__aeabi_cdcmpeq</name>
         <value>0x15bed</value>
         <object_component_ref idref="oc-623"/>
      </symbol>
      <symbol id="sm-185c">
         <name>__aeabi_cdcmple</name>
         <value>0x15bed</value>
         <object_component_ref idref="oc-623"/>
      </symbol>
      <symbol id="sm-185d">
         <name>__aeabi_cdrcmple</name>
         <value>0x15c73</value>
         <object_component_ref idref="oc-6c3"/>
      </symbol>
      <symbol id="sm-1871">
         <name>__aeabi_ddiv</name>
         <value>0x14e19</value>
         <object_component_ref idref="oc-6be"/>
      </symbol>
      <symbol id="sm-1899">
         <name>__TI_auto_init_nobinit_nopinit</name>
         <value>0x16589</value>
         <object_component_ref idref="oc-218"/>
      </symbol>
      <symbol id="sm-18a3">
         <name>_system_pre_init</name>
         <value>0x16e5b</value>
         <object_component_ref idref="oc-aa"/>
      </symbol>
      <symbol id="sm-18af">
         <name>C$$EXIT</name>
         <value>0x16e5f</value>
         <object_component_ref idref="oc-20c"/>
      </symbol>
      <symbol id="sm-18b0">
         <name>abort</name>
         <value>0x16e5f</value>
         <object_component_ref idref="oc-20c"/>
      </symbol>
      <symbol id="sm-18c5">
         <name>_nop</name>
         <value>0x1280b</value>
         <object_component_ref idref="oc-535"/>
      </symbol>
      <symbol id="sm-18c6">
         <name>_lock</name>
         <value>0x2000d64c</value>
         <object_component_ref idref="oc-3cb"/>
      </symbol>
      <symbol id="sm-18c7">
         <name>_unlock</name>
         <value>0x2000d650</value>
         <object_component_ref idref="oc-3cb"/>
      </symbol>
      <symbol id="sm-18d6">
         <name>__TI_ltoa</name>
         <value>0x161ab</value>
         <object_component_ref idref="oc-6cd"/>
      </symbol>
      <symbol id="sm-18ed">
         <name>atoi</name>
         <value>0x16389</value>
         <object_component_ref idref="oc-617"/>
      </symbol>
      <symbol id="sm-18f8">
         <name>_ctypes_</name>
         <value>0x17454</value>
         <object_component_ref idref="oc-6b2"/>
      </symbol>
      <symbol id="sm-1908">
         <name>memccpy</name>
         <value>0x16b85</value>
         <object_component_ref idref="oc-640"/>
      </symbol>
      <symbol id="sm-1918">
         <name>strchr</name>
         <value>0x16c65</value>
         <object_component_ref idref="oc-704"/>
      </symbol>
      <symbol id="sm-192e">
         <name>__aeabi_errno_addr</name>
         <value>0x16e19</value>
         <object_component_ref idref="oc-64c"/>
      </symbol>
      <symbol id="sm-192f">
         <name>errno</name>
         <value>0x2000d660</value>
         <object_component_ref idref="oc-714"/>
      </symbol>
      <symbol id="sm-1947">
         <name>HOSTtime</name>
         <value>0x164b1</value>
         <object_component_ref idref="oc-4e4"/>
      </symbol>
      <symbol id="sm-196b">
         <name>__TI_readmsg</name>
         <value>0x167a1</value>
         <object_component_ref idref="oc-5f2"/>
      </symbol>
      <symbol id="sm-196c">
         <name>C$$IO$$</name>
         <value>0x1672f</value>
         <object_component_ref idref="oc-5ec"/>
      </symbol>
      <symbol id="sm-196d">
         <name>__CIOBUF_</name>
         <value>0x2000cd74</value>
         <object_component_ref idref="oc-6a3"/>
      </symbol>
      <symbol id="sm-196e">
         <name>__TI_writemsg</name>
         <value>0x16701</value>
         <object_component_ref idref="oc-5ec"/>
      </symbol>
      <symbol id="sm-1987">
         <name>wcslen</name>
         <value>0x16ce1</value>
         <object_component_ref idref="oc-646"/>
      </symbol>
      <symbol id="sm-198d">
         <name>parmbuf</name>
         <value>0x2000d140</value>
      </symbol>
      <symbol id="sm-198e">
         <name>__TI_static_base__</name>
         <value>0x0</value>
      </symbol>
      <symbol id="sm-1991">
         <name>__mpu_init</name>
         <value>0x0</value>
      </symbol>
      <symbol id="sm-1992">
         <name>_system_post_cinit</name>
         <value>0x0</value>
      </symbol>
      <symbol id="sm-1993">
         <name>NMI_Handler</name>
         <value>0x16d97</value>
      </symbol>
      <symbol id="sm-1994">
         <name>HardFault_Handler</name>
         <value>0x16d97</value>
      </symbol>
      <symbol id="sm-1995">
         <name>MemManage_Handler</name>
         <value>0x16d97</value>
      </symbol>
      <symbol id="sm-1996">
         <name>BusFault_Handler</name>
         <value>0x16d97</value>
      </symbol>
      <symbol id="sm-1997">
         <name>UsageFault_Handler</name>
         <value>0x16d97</value>
      </symbol>
      <symbol id="sm-1998">
         <name>SVC_Handler</name>
         <value>0x16d97</value>
      </symbol>
      <symbol id="sm-1999">
         <name>DebugMon_Handler</name>
         <value>0x16d97</value>
      </symbol>
      <symbol id="sm-199a">
         <name>PendSV_Handler</name>
         <value>0x1643f</value>
      </symbol>
      <symbol id="sm-199b">
         <name>SysTick_Handler</name>
         <value>0x1064d</value>
      </symbol>
      <symbol id="sm-199c">
         <name>PSS_IRQHandler</name>
         <value>0x16d97</value>
      </symbol>
      <symbol id="sm-199d">
         <name>CS_IRQHandler</name>
         <value>0x16d97</value>
      </symbol>
      <symbol id="sm-199e">
         <name>PCM_IRQHandler</name>
         <value>0x16d97</value>
      </symbol>
      <symbol id="sm-199f">
         <name>WDT_A_IRQHandler</name>
         <value>0x16d97</value>
      </symbol>
      <symbol id="sm-19a0">
         <name>FPU_IRQHandler</name>
         <value>0x16d97</value>
      </symbol>
      <symbol id="sm-19a1">
         <name>FLCTL_IRQHandler</name>
         <value>0x16d97</value>
      </symbol>
      <symbol id="sm-19a2">
         <name>COMP_E0_IRQHandler</name>
         <value>0x16d97</value>
      </symbol>
      <symbol id="sm-19a3">
         <name>COMP_E1_IRQHandler</name>
         <value>0x16d97</value>
      </symbol>
      <symbol id="sm-19a4">
         <name>TA0_0_IRQHandler</name>
         <value>0x16d97</value>
      </symbol>
      <symbol id="sm-19a5">
         <name>TA0_N_IRQHandler</name>
         <value>0x16d97</value>
      </symbol>
      <symbol id="sm-19a6">
         <name>TA1_0_IRQHandler</name>
         <value>0x16d97</value>
      </symbol>
      <symbol id="sm-19a7">
         <name>TA1_N_IRQHandler</name>
         <value>0x16d97</value>
      </symbol>
      <symbol id="sm-19a8">
         <name>TA2_0_IRQHandler</name>
         <value>0x16d97</value>
      </symbol>
      <symbol id="sm-19a9">
         <name>TA2_N_IRQHandler</name>
         <value>0x16d97</value>
      </symbol>
      <symbol id="sm-19aa">
         <name>TA3_0_IRQHandler</name>
         <value>0x16d97</value>
      </symbol>
      <symbol id="sm-19ab">
         <name>TA3_N_IRQHandler</name>
         <value>0x16d97</value>
      </symbol>
      <symbol id="sm-19ac">
         <name>EUSCIA0_IRQHandler</name>
         <value>0x134b9</value>
      </symbol>
      <symbol id="sm-19ad">
         <name>EUSCIA1_IRQHandler</name>
         <value>0x16d97</value>
      </symbol>
      <symbol id="sm-19ae">
         <name>EUSCIA2_IRQHandler</name>
         <value>0x16d97</value>
      </symbol>
      <symbol id="sm-19af">
         <name>EUSCIA3_IRQHandler</name>
         <value>0x16d97</value>
      </symbol>
      <symbol id="sm-19b0">
         <name>EUSCIB0_IRQHandler</name>
         <value>0x16d97</value>
      </symbol>
      <symbol id="sm-19b1">
         <name>EUSCIB1_IRQHandler</name>
         <value>0x130f1</value>
      </symbol>
      <symbol id="sm-19b2">
         <name>EUSCIB2_IRQHandler</name>
         <value>0x16d97</value>
      </symbol>
      <symbol id="sm-19b3">
         <name>EUSCIB3_IRQHandler</name>
         <value>0x16d97</value>
      </symbol>
      <symbol id="sm-19b4">
         <name>ADC14_IRQHandler</name>
         <value>0x16d97</value>
      </symbol>
      <symbol id="sm-19b5">
         <name>T32_INT1_IRQHandler</name>
         <value>0x16d97</value>
      </symbol>
      <symbol id="sm-19b6">
         <name>T32_INT2_IRQHandler</name>
         <value>0x16d97</value>
      </symbol>
      <symbol id="sm-19b7">
         <name>T32_INTC_IRQHandler</name>
         <value>0x16d97</value>
      </symbol>
      <symbol id="sm-19b8">
         <name>AES256_IRQHandler</name>
         <value>0x16d97</value>
      </symbol>
      <symbol id="sm-19b9">
         <name>RTC_C_IRQHandler</name>
         <value>0x16d97</value>
      </symbol>
      <symbol id="sm-19ba">
         <name>DMA_ERR_IRQHandler</name>
         <value>0x16d97</value>
      </symbol>
      <symbol id="sm-19bb">
         <name>DMA_INT3_IRQHandler</name>
         <value>0x16d97</value>
      </symbol>
      <symbol id="sm-19bc">
         <name>DMA_INT2_IRQHandler</name>
         <value>0x16d97</value>
      </symbol>
      <symbol id="sm-19bd">
         <name>DMA_INT1_IRQHandler</name>
         <value>0x16d97</value>
      </symbol>
      <symbol id="sm-19be">
         <name>DMA_INT0_IRQHandler</name>
         <value>0x16d97</value>
      </symbol>
      <symbol id="sm-19bf">
         <name>PORT1_IRQHandler</name>
         <value>0x13469</value>
      </symbol>
      <symbol id="sm-19c0">
         <name>PORT2_IRQHandler</name>
         <value>0x13493</value>
      </symbol>
      <symbol id="sm-19c1">
         <name>PORT3_IRQHandler</name>
         <value>0x16d97</value>
      </symbol>
      <symbol id="sm-19c2">
         <name>PORT4_IRQHandler</name>
         <value>0x14a55</value>
      </symbol>
      <symbol id="sm-19c3">
         <name>PORT5_IRQHandler</name>
         <value>0x16d97</value>
      </symbol>
      <symbol id="sm-19c4">
         <name>PORT6_IRQHandler</name>
         <value>0x16d97</value>
      </symbol>
   </symbol_table>
   <title>Link successful</title>
</link_info>
