<?xml version="1.0" encoding="ISO-8859-1" ?>
<link_info>
   <banner>TI ARM Linker PC v20.2.4.LTS</banner>
   <copyright>Copyright (c) 1996-2018 Texas Instruments Incorporated</copyright>
   <link_time>0x6078a5d0</link_time>
   <link_errors>0x0</link_errors>
   <output_file>Lab5.out</output_file>
   <entry_point>
      <name>_c_int00_noargs</name>
      <address>0xa635</address>
   </entry_point>
   <input_file_list>
      <input_file id="fl-2">
         <path>.\</path>
         <kind>object</kind>
         <file>Game.obj</file>
         <name>Game.obj</name>
      </input_file>
      <input_file id="fl-3">
         <path>.\</path>
         <kind>object</kind>
         <file>LCDLib.obj</file>
         <name>LCDLib.obj</name>
      </input_file>
      <input_file id="fl-4">
         <path>.\</path>
         <kind>object</kind>
         <file>main.obj</file>
         <name>main.obj</name>
      </input_file>
      <input_file id="fl-5">
         <path>.\</path>
         <kind>object</kind>
         <file>startup_msp432p401r_ccs.obj</file>
         <name>startup_msp432p401r_ccs.obj</name>
      </input_file>
      <input_file id="fl-6">
         <path>.\</path>
         <kind>object</kind>
         <file>system_msp432p401r.obj</file>
         <name>system_msp432p401r.obj</name>
      </input_file>
      <input_file id="fl-7">
         <path>.\BoardSupportPackage\src\</path>
         <kind>object</kind>
         <file>AsciiLib.obj</file>
         <name>AsciiLib.obj</name>
      </input_file>
      <input_file id="fl-8">
         <path>.\BoardSupportPackage\src\</path>
         <kind>object</kind>
         <file>BSP.obj</file>
         <name>BSP.obj</name>
      </input_file>
      <input_file id="fl-9">
         <path>.\BoardSupportPackage\src\</path>
         <kind>object</kind>
         <file>BackChannelUart.obj</file>
         <name>BackChannelUart.obj</name>
      </input_file>
      <input_file id="fl-a">
         <path>.\BoardSupportPackage\src\</path>
         <kind>object</kind>
         <file>ClockSys.obj</file>
         <name>ClockSys.obj</name>
      </input_file>
      <input_file id="fl-b">
         <path>.\BoardSupportPackage\src\</path>
         <kind>object</kind>
         <file>Joystick.obj</file>
         <name>Joystick.obj</name>
      </input_file>
      <input_file id="fl-c">
         <path>.\BoardSupportPackage\src\</path>
         <kind>object</kind>
         <file>RGBLeds.obj</file>
         <name>RGBLeds.obj</name>
      </input_file>
      <input_file id="fl-d">
         <path>.\BoardSupportPackage\src\</path>
         <kind>object</kind>
         <file>bme280.obj</file>
         <name>bme280.obj</name>
      </input_file>
      <input_file id="fl-e">
         <path>.\BoardSupportPackage\src\</path>
         <kind>object</kind>
         <file>bme280_support.obj</file>
         <name>bme280_support.obj</name>
      </input_file>
      <input_file id="fl-f">
         <path>.\BoardSupportPackage\src\</path>
         <kind>object</kind>
         <file>bmi160.obj</file>
         <name>bmi160.obj</name>
      </input_file>
      <input_file id="fl-10">
         <path>.\BoardSupportPackage\src\</path>
         <kind>object</kind>
         <file>bmi160_support.obj</file>
         <name>bmi160_support.obj</name>
      </input_file>
      <input_file id="fl-11">
         <path>.\BoardSupportPackage\src\</path>
         <kind>object</kind>
         <file>demo_sysctl.obj</file>
         <name>demo_sysctl.obj</name>
      </input_file>
      <input_file id="fl-12">
         <path>.\BoardSupportPackage\src\</path>
         <kind>object</kind>
         <file>i2c_driver.obj</file>
         <name>i2c_driver.obj</name>
      </input_file>
      <input_file id="fl-13">
         <path>.\BoardSupportPackage\src\</path>
         <kind>object</kind>
         <file>opt3001.obj</file>
         <name>opt3001.obj</name>
      </input_file>
      <input_file id="fl-14">
         <path>.\BoardSupportPackage\src\</path>
         <kind>object</kind>
         <file>tmp007.obj</file>
         <name>tmp007.obj</name>
      </input_file>
      <input_file id="fl-15">
         <path>.\CC3100SupportPackage\board\</path>
         <kind>object</kind>
         <file>board.obj</file>
         <name>board.obj</name>
      </input_file>
      <input_file id="fl-16">
         <path>.\CC3100SupportPackage\cc3100_usage\</path>
         <kind>object</kind>
         <file>cc3100_usage.obj</file>
         <name>cc3100_usage.obj</name>
      </input_file>
      <input_file id="fl-17">
         <path>.\CC3100SupportPackage\simplelink\source\</path>
         <kind>object</kind>
         <file>device.obj</file>
         <name>device.obj</name>
      </input_file>
      <input_file id="fl-18">
         <path>.\CC3100SupportPackage\simplelink\source\</path>
         <kind>object</kind>
         <file>driver.obj</file>
         <name>driver.obj</name>
      </input_file>
      <input_file id="fl-19">
         <path>.\CC3100SupportPackage\simplelink\source\</path>
         <kind>object</kind>
         <file>flowcont.obj</file>
         <name>flowcont.obj</name>
      </input_file>
      <input_file id="fl-1a">
         <path>.\CC3100SupportPackage\simplelink\source\</path>
         <kind>object</kind>
         <file>fs.obj</file>
         <name>fs.obj</name>
      </input_file>
      <input_file id="fl-1b">
         <path>.\CC3100SupportPackage\simplelink\source\</path>
         <kind>object</kind>
         <file>netapp.obj</file>
         <name>netapp.obj</name>
      </input_file>
      <input_file id="fl-1c">
         <path>.\CC3100SupportPackage\simplelink\source\</path>
         <kind>object</kind>
         <file>netcfg.obj</file>
         <name>netcfg.obj</name>
      </input_file>
      <input_file id="fl-1d">
         <path>.\CC3100SupportPackage\simplelink\source\</path>
         <kind>object</kind>
         <file>nonos.obj</file>
         <name>nonos.obj</name>
      </input_file>
      <input_file id="fl-1e">
         <path>.\CC3100SupportPackage\simplelink\source\</path>
         <kind>object</kind>
         <file>socket.obj</file>
         <name>socket.obj</name>
      </input_file>
      <input_file id="fl-1f">
         <path>.\CC3100SupportPackage\simplelink\source\</path>
         <kind>object</kind>
         <file>spawn.obj</file>
         <name>spawn.obj</name>
      </input_file>
      <input_file id="fl-20">
         <path>.\CC3100SupportPackage\simplelink\source\</path>
         <kind>object</kind>
         <file>wlan.obj</file>
         <name>wlan.obj</name>
      </input_file>
      <input_file id="fl-21">
         <path>.\CC3100SupportPackage\spi_cc3100\</path>
         <kind>object</kind>
         <file>spi_cc3100.obj</file>
         <name>spi_cc3100.obj</name>
      </input_file>
      <input_file id="fl-22">
         <path>.\G8RTOS_Empty_Lab2\</path>
         <kind>object</kind>
         <file>G8RTOS_CriticalSection.obj</file>
         <name>G8RTOS_CriticalSection.obj</name>
      </input_file>
      <input_file id="fl-23">
         <path>.\G8RTOS_Empty_Lab2\</path>
         <kind>object</kind>
         <file>G8RTOS_Scheduler.obj</file>
         <name>G8RTOS_Scheduler.obj</name>
      </input_file>
      <input_file id="fl-24">
         <path>.\G8RTOS_Empty_Lab2\</path>
         <kind>object</kind>
         <file>G8RTOS_SchedulerASM.obj</file>
         <name>G8RTOS_SchedulerASM.obj</name>
      </input_file>
      <input_file id="fl-25">
         <path>.\G8RTOS_Empty_Lab2\</path>
         <kind>object</kind>
         <file>G8RTOS_Semaphores.obj</file>
         <name>G8RTOS_Semaphores.obj</name>
      </input_file>
      <input_file id="fl-26">
         <path>.\G8RTOS_Empty_Lab2\</path>
         <kind>object</kind>
         <file>Threads.obj</file>
         <name>Threads.obj</name>
      </input_file>
      <input_file id="fl-2b">
         <kind>object</kind>
         <file>&lt;internal&gt;</file>
         <name>&lt;internal&gt;</name>
      </input_file>
      <input_file id="fl-2c">
         <path>..\BoardSupportPackage\DriverLib\</path>
         <kind>archive</kind>
         <file>msp432p4xx_driverlib.lib</file>
         <name>cs.o</name>
      </input_file>
      <input_file id="fl-2d">
         <path>..\BoardSupportPackage\DriverLib\</path>
         <kind>archive</kind>
         <file>msp432p4xx_driverlib.lib</file>
         <name>flash.o</name>
      </input_file>
      <input_file id="fl-2e">
         <path>..\BoardSupportPackage\DriverLib\</path>
         <kind>archive</kind>
         <file>msp432p4xx_driverlib.lib</file>
         <name>gpio.o</name>
      </input_file>
      <input_file id="fl-2f">
         <path>..\BoardSupportPackage\DriverLib\</path>
         <kind>archive</kind>
         <file>msp432p4xx_driverlib.lib</file>
         <name>i2c.o</name>
      </input_file>
      <input_file id="fl-30">
         <path>..\BoardSupportPackage\DriverLib\</path>
         <kind>archive</kind>
         <file>msp432p4xx_driverlib.lib</file>
         <name>interrupt.o</name>
      </input_file>
      <input_file id="fl-31">
         <path>..\BoardSupportPackage\DriverLib\</path>
         <kind>archive</kind>
         <file>msp432p4xx_driverlib.lib</file>
         <name>pcm.o</name>
      </input_file>
      <input_file id="fl-32">
         <path>..\BoardSupportPackage\DriverLib\</path>
         <kind>archive</kind>
         <file>msp432p4xx_driverlib.lib</file>
         <name>rtc_c.o</name>
      </input_file>
      <input_file id="fl-33">
         <path>..\BoardSupportPackage\DriverLib\</path>
         <kind>archive</kind>
         <file>msp432p4xx_driverlib.lib</file>
         <name>spi.o</name>
      </input_file>
      <input_file id="fl-34">
         <path>..\BoardSupportPackage\DriverLib\</path>
         <kind>archive</kind>
         <file>msp432p4xx_driverlib.lib</file>
         <name>sysctl.o</name>
      </input_file>
      <input_file id="fl-35">
         <path>..\BoardSupportPackage\DriverLib\</path>
         <kind>archive</kind>
         <file>msp432p4xx_driverlib.lib</file>
         <name>systick.o</name>
      </input_file>
      <input_file id="fl-36">
         <path>..\BoardSupportPackage\DriverLib\</path>
         <kind>archive</kind>
         <file>msp432p4xx_driverlib.lib</file>
         <name>uart.o</name>
      </input_file>
      <input_file id="fl-37">
         <path>..\BoardSupportPackage\DriverLib\</path>
         <kind>archive</kind>
         <file>msp432p4xx_driverlib.lib</file>
         <name>wdt_a.o</name>
      </input_file>
      <input_file id="fl-38">
         <path>..\BoardSupportPackage\DriverLib\</path>
         <kind>archive</kind>
         <file>msp432p4xx_driverlib.lib</file>
         <name>cpu.o</name>
      </input_file>
      <input_file id="fl-ee">
         <path>C:\ti\ccs1011\ccs\tools\compiler\ti-cgt-arm_20.2.4.LTS\lib\</path>
         <kind>archive</kind>
         <file>rtsv7M4_T_le_v4SPD16_eabi.lib</file>
         <name>snprintf.c.obj</name>
      </input_file>
      <input_file id="fl-ef">
         <path>C:\ti\ccs1011\ccs\tools\compiler\ti-cgt-arm_20.2.4.LTS\lib\</path>
         <kind>archive</kind>
         <file>rtsv7M4_T_le_v4SPD16_eabi.lib</file>
         <name>ll_div_t2.asm.obj</name>
      </input_file>
      <input_file id="fl-f0">
         <path>C:\ti\ccs1011\ccs\tools\compiler\ti-cgt-arm_20.2.4.LTS\lib\</path>
         <kind>archive</kind>
         <file>rtsv7M4_T_le_v4SPD16_eabi.lib</file>
         <name>ull_div_t2.asm.obj</name>
      </input_file>
      <input_file id="fl-f1">
         <path>C:\ti\ccs1011\ccs\tools\compiler\ti-cgt-arm_20.2.4.LTS\lib\</path>
         <kind>archive</kind>
         <file>rtsv7M4_T_le_v4SPD16_eabi.lib</file>
         <name>memset_t2.asm.obj</name>
      </input_file>
      <input_file id="fl-f2">
         <path>C:\ti\ccs1011\ccs\tools\compiler\ti-cgt-arm_20.2.4.LTS\lib\</path>
         <kind>archive</kind>
         <file>rtsv7M4_T_le_v4SPD16_eabi.lib</file>
         <name>ll_mul_t2.asm.obj</name>
      </input_file>
      <input_file id="fl-f3">
         <path>C:\ti\ccs1011\ccs\tools\compiler\ti-cgt-arm_20.2.4.LTS\lib\</path>
         <kind>archive</kind>
         <file>rtsv7M4_T_le_v4SPD16_eabi.lib</file>
         <name>memcpy_t2.asm.obj</name>
      </input_file>
      <input_file id="fl-f4">
         <path>C:\ti\ccs1011\ccs\tools\compiler\ti-cgt-arm_20.2.4.LTS\lib\</path>
         <kind>archive</kind>
         <file>rtsv7M4_T_le_v4SPD16_eabi.lib</file>
         <name>copy_zero_init.c.obj</name>
      </input_file>
      <input_file id="fl-f5">
         <path>C:\ti\ccs1011\ccs\tools\compiler\ti-cgt-arm_20.2.4.LTS\lib\</path>
         <kind>archive</kind>
         <file>rtsv7M4_T_le_v4SPD16_eabi.lib</file>
         <name>copy_decompress_none.c.obj</name>
      </input_file>
      <input_file id="fl-f6">
         <path>C:\ti\ccs1011\ccs\tools\compiler\ti-cgt-arm_20.2.4.LTS\lib\</path>
         <kind>archive</kind>
         <file>rtsv7M4_T_le_v4SPD16_eabi.lib</file>
         <name>copy_decompress_lzss.c.obj</name>
      </input_file>
      <input_file id="fl-f7">
         <path>C:\ti\ccs1011\ccs\tools\compiler\ti-cgt-arm_20.2.4.LTS\lib\</path>
         <kind>archive</kind>
         <file>rtsv7M4_T_le_v4SPD16_eabi.lib</file>
         <name>rand.c.obj</name>
      </input_file>
      <input_file id="fl-f8">
         <path>C:\ti\ccs1011\ccs\tools\compiler\ti-cgt-arm_20.2.4.LTS\lib\</path>
         <kind>archive</kind>
         <file>rtsv7M4_T_le_v4SPD16_eabi.lib</file>
         <name>strcpy.c.obj</name>
      </input_file>
      <input_file id="fl-f9">
         <path>C:\ti\ccs1011\ccs\tools\compiler\ti-cgt-arm_20.2.4.LTS\lib\</path>
         <kind>archive</kind>
         <file>rtsv7M4_T_le_v4SPD16_eabi.lib</file>
         <name>strlen.c.obj</name>
      </input_file>
      <input_file id="fl-fa">
         <path>C:\ti\ccs1011\ccs\tools\compiler\ti-cgt-arm_20.2.4.LTS\lib\</path>
         <kind>archive</kind>
         <file>rtsv7M4_T_le_v4SPD16_eabi.lib</file>
         <name>boot_cortex_m.c.obj</name>
      </input_file>
      <input_file id="fl-fb">
         <path>C:\ti\ccs1011\ccs\tools\compiler\ti-cgt-arm_20.2.4.LTS\lib\</path>
         <kind>archive</kind>
         <file>rtsv7M4_T_le_v4SPD16_eabi.lib</file>
         <name>time.c.obj</name>
      </input_file>
      <input_file id="fl-fc">
         <path>C:\ti\ccs1011\ccs\tools\compiler\ti-cgt-arm_20.2.4.LTS\lib\</path>
         <kind>archive</kind>
         <file>rtsv7M4_T_le_v4SPD16_eabi.lib</file>
         <name>_printfi.c.obj</name>
      </input_file>
      <input_file id="fl-fd">
         <path>C:\ti\ccs1011\ccs\tools\compiler\ti-cgt-arm_20.2.4.LTS\lib\</path>
         <kind>archive</kind>
         <file>rtsv7M4_T_le_v4SPD16_eabi.lib</file>
         <name>s_frexp.c.obj</name>
      </input_file>
      <input_file id="fl-fe">
         <path>C:\ti\ccs1011\ccs\tools\compiler\ti-cgt-arm_20.2.4.LTS\lib\</path>
         <kind>archive</kind>
         <file>rtsv7M4_T_le_v4SPD16_eabi.lib</file>
         <name>s_scalbn.c.obj</name>
      </input_file>
      <input_file id="fl-ff">
         <path>C:\ti\ccs1011\ccs\tools\compiler\ti-cgt-arm_20.2.4.LTS\lib\</path>
         <kind>archive</kind>
         <file>rtsv7M4_T_le_v4SPD16_eabi.lib</file>
         <name>s_copysign.c.obj</name>
      </input_file>
      <input_file id="fl-100">
         <path>C:\ti\ccs1011\ccs\tools\compiler\ti-cgt-arm_20.2.4.LTS\lib\</path>
         <kind>archive</kind>
         <file>rtsv7M4_T_le_v4SPD16_eabi.lib</file>
         <name>div0.asm.obj</name>
      </input_file>
      <input_file id="fl-101">
         <path>C:\ti\ccs1011\ccs\tools\compiler\ti-cgt-arm_20.2.4.LTS\lib\</path>
         <kind>archive</kind>
         <file>rtsv7M4_T_le_v4SPD16_eabi.lib</file>
         <name>fd_add_t2.asm.obj</name>
      </input_file>
      <input_file id="fl-102">
         <path>C:\ti\ccs1011\ccs\tools\compiler\ti-cgt-arm_20.2.4.LTS\lib\</path>
         <kind>archive</kind>
         <file>rtsv7M4_T_le_v4SPD16_eabi.lib</file>
         <name>fd_cmp_t2.asm.obj</name>
      </input_file>
      <input_file id="fl-103">
         <path>C:\ti\ccs1011\ccs\tools\compiler\ti-cgt-arm_20.2.4.LTS\lib\</path>
         <kind>archive</kind>
         <file>rtsv7M4_T_le_v4SPD16_eabi.lib</file>
         <name>fd_div_t2.asm.obj</name>
      </input_file>
      <input_file id="fl-104">
         <path>C:\ti\ccs1011\ccs\tools\compiler\ti-cgt-arm_20.2.4.LTS\lib\</path>
         <kind>archive</kind>
         <file>rtsv7M4_T_le_v4SPD16_eabi.lib</file>
         <name>fd_mul_t2.asm.obj</name>
      </input_file>
      <input_file id="fl-105">
         <path>C:\ti\ccs1011\ccs\tools\compiler\ti-cgt-arm_20.2.4.LTS\lib\</path>
         <kind>archive</kind>
         <file>rtsv7M4_T_le_v4SPD16_eabi.lib</file>
         <name>fd_toi_t2.asm.obj</name>
      </input_file>
      <input_file id="fl-106">
         <path>C:\ti\ccs1011\ccs\tools\compiler\ti-cgt-arm_20.2.4.LTS\lib\</path>
         <kind>archive</kind>
         <file>rtsv7M4_T_le_v4SPD16_eabi.lib</file>
         <name>i_tofd_t2.asm.obj</name>
      </input_file>
      <input_file id="fl-107">
         <path>C:\ti\ccs1011\ccs\tools\compiler\ti-cgt-arm_20.2.4.LTS\lib\</path>
         <kind>archive</kind>
         <file>rtsv7M4_T_le_v4SPD16_eabi.lib</file>
         <name>autoinit.c.obj</name>
      </input_file>
      <input_file id="fl-108">
         <path>C:\ti\ccs1011\ccs\tools\compiler\ti-cgt-arm_20.2.4.LTS\lib\</path>
         <kind>archive</kind>
         <file>rtsv7M4_T_le_v4SPD16_eabi.lib</file>
         <name>pre_init.c.obj</name>
      </input_file>
      <input_file id="fl-109">
         <path>C:\ti\ccs1011\ccs\tools\compiler\ti-cgt-arm_20.2.4.LTS\lib\</path>
         <kind>archive</kind>
         <file>rtsv7M4_T_le_v4SPD16_eabi.lib</file>
         <name>cpy_tbl.c.obj</name>
      </input_file>
      <input_file id="fl-10a">
         <path>C:\ti\ccs1011\ccs\tools\compiler\ti-cgt-arm_20.2.4.LTS\lib\</path>
         <kind>archive</kind>
         <file>rtsv7M4_T_le_v4SPD16_eabi.lib</file>
         <name>exit.c.obj</name>
      </input_file>
      <input_file id="fl-10b">
         <path>C:\ti\ccs1011\ccs\tools\compiler\ti-cgt-arm_20.2.4.LTS\lib\</path>
         <kind>archive</kind>
         <file>rtsv7M4_T_le_v4SPD16_eabi.lib</file>
         <name>_lock.c.obj</name>
      </input_file>
      <input_file id="fl-10c">
         <path>C:\ti\ccs1011\ccs\tools\compiler\ti-cgt-arm_20.2.4.LTS\lib\</path>
         <kind>archive</kind>
         <file>rtsv7M4_T_le_v4SPD16_eabi.lib</file>
         <name>_ltoa.c.obj</name>
      </input_file>
      <input_file id="fl-10d">
         <path>C:\ti\ccs1011\ccs\tools\compiler\ti-cgt-arm_20.2.4.LTS\lib\</path>
         <kind>archive</kind>
         <file>rtsv7M4_T_le_v4SPD16_eabi.lib</file>
         <name>args_main.c.obj</name>
      </input_file>
      <input_file id="fl-10e">
         <path>C:\ti\ccs1011\ccs\tools\compiler\ti-cgt-arm_20.2.4.LTS\lib\</path>
         <kind>archive</kind>
         <file>rtsv7M4_T_le_v4SPD16_eabi.lib</file>
         <name>atoi.c.obj</name>
      </input_file>
      <input_file id="fl-10f">
         <path>C:\ti\ccs1011\ccs\tools\compiler\ti-cgt-arm_20.2.4.LTS\lib\</path>
         <kind>archive</kind>
         <file>rtsv7M4_T_le_v4SPD16_eabi.lib</file>
         <name>ctype.c.obj</name>
      </input_file>
      <input_file id="fl-110">
         <path>C:\ti\ccs1011\ccs\tools\compiler\ti-cgt-arm_20.2.4.LTS\lib\</path>
         <kind>archive</kind>
         <file>rtsv7M4_T_le_v4SPD16_eabi.lib</file>
         <name>memccpy.c.obj</name>
      </input_file>
      <input_file id="fl-111">
         <path>C:\ti\ccs1011\ccs\tools\compiler\ti-cgt-arm_20.2.4.LTS\lib\</path>
         <kind>archive</kind>
         <file>rtsv7M4_T_le_v4SPD16_eabi.lib</file>
         <name>strchr.c.obj</name>
      </input_file>
      <input_file id="fl-112">
         <path>C:\ti\ccs1011\ccs\tools\compiler\ti-cgt-arm_20.2.4.LTS\lib\</path>
         <kind>archive</kind>
         <file>rtsv7M4_T_le_v4SPD16_eabi.lib</file>
         <name>errno.c.obj</name>
      </input_file>
      <input_file id="fl-113">
         <path>C:\ti\ccs1011\ccs\tools\compiler\ti-cgt-arm_20.2.4.LTS\lib\</path>
         <kind>archive</kind>
         <file>rtsv7M4_T_le_v4SPD16_eabi.lib</file>
         <name>hosttime.c.obj</name>
      </input_file>
      <input_file id="fl-114">
         <path>C:\ti\ccs1011\ccs\tools\compiler\ti-cgt-arm_20.2.4.LTS\lib\</path>
         <kind>archive</kind>
         <file>rtsv7M4_T_le_v4SPD16_eabi.lib</file>
         <name>trgmsg.c.obj</name>
      </input_file>
      <input_file id="fl-115">
         <path>C:\ti\ccs1011\ccs\tools\compiler\ti-cgt-arm_20.2.4.LTS\lib\</path>
         <kind>archive</kind>
         <file>rtsv7M4_T_le_v4SPD16_eabi.lib</file>
         <name>wcslen.c.obj</name>
      </input_file>
      <input_file id="fl-116">
         <path>C:\ti\ccs1011\ccs\tools\compiler\ti-cgt-arm_20.2.4.LTS\lib\</path>
         <kind>archive</kind>
         <file>rtsv7M4_T_le_v4SPD16_eabi.lib</file>
         <name>hostopen.c.obj</name>
      </input_file>
   </input_file_list>
   <object_component_list>
      <object_component id="oc-26">
         <name>.intvecs:retain</name>
         <load_address>0x0</load_address>
         <run_address>0x0</run_address>
         <size>0xe4</size>
         <input_file_ref idref="fl-5"/>
      </object_component>
      <object_component id="oc-491">
         <name>.text</name>
         <load_address>0xe4</load_address>
         <run_address>0xe4</run_address>
         <size>0x2034</size>
         <input_file_ref idref="fl-18"/>
      </object_component>
      <object_component id="oc-349">
         <name>.text</name>
         <load_address>0x2118</load_address>
         <run_address>0x2118</run_address>
         <size>0xed4</size>
         <input_file_ref idref="fl-1e"/>
      </object_component>
      <object_component id="oc-72">
         <name>.text</name>
         <load_address>0x2fec</load_address>
         <run_address>0x2fec</run_address>
         <size>0xc7c</size>
         <input_file_ref idref="fl-23"/>
      </object_component>
      <object_component id="oc-36a">
         <name>.text</name>
         <load_address>0x3c68</load_address>
         <run_address>0x3c68</run_address>
         <size>0xb3c</size>
         <input_file_ref idref="fl-1b"/>
      </object_component>
      <object_component id="oc-35e">
         <name>.text</name>
         <load_address>0x47a4</load_address>
         <run_address>0x47a4</run_address>
         <size>0xac0</size>
         <input_file_ref idref="fl-20"/>
      </object_component>
      <object_component id="oc-5a0">
         <name>.text:__TI_printfi</name>
         <load_address>0x5264</load_address>
         <run_address>0x5264</run_address>
         <size>0xa4e</size>
         <input_file_ref idref="fl-fc"/>
      </object_component>
      <object_component id="oc-7eb">
         <name>.text</name>
         <load_address>0x5cb2</load_address>
         <run_address>0x5cb2</run_address>
         <size>0x2</size>
         <input_file_ref idref="fl-100"/>
      </object_component>
      <object_component id="oc-1df">
         <name>.text</name>
         <load_address>0x5cb4</load_address>
         <run_address>0x5cb4</run_address>
         <size>0x698</size>
         <input_file_ref idref="fl-16"/>
      </object_component>
      <object_component id="oc-1d9">
         <name>.text</name>
         <load_address>0x634c</load_address>
         <run_address>0x634c</run_address>
         <size>0x690</size>
         <input_file_ref idref="fl-3"/>
      </object_component>
      <object_component id="oc-352">
         <name>.text</name>
         <load_address>0x69dc</load_address>
         <run_address>0x69dc</run_address>
         <size>0x5b4</size>
         <input_file_ref idref="fl-17"/>
      </object_component>
      <object_component id="oc-7e">
         <name>.text</name>
         <load_address>0x6f90</load_address>
         <run_address>0x6f90</run_address>
         <size>0x360</size>
         <input_file_ref idref="fl-12"/>
      </object_component>
      <object_component id="oc-78">
         <name>.text</name>
         <load_address>0x72f0</load_address>
         <run_address>0x72f0</run_address>
         <size>0x350</size>
         <input_file_ref idref="fl-15"/>
      </object_component>
      <object_component id="oc-bc">
         <name>.text</name>
         <load_address>0x7640</load_address>
         <run_address>0x7640</run_address>
         <size>0x334</size>
         <input_file_ref idref="fl-6"/>
      </object_component>
      <object_component id="oc-292">
         <name>.text</name>
         <load_address>0x7974</load_address>
         <run_address>0x7974</run_address>
         <size>0x2f8</size>
         <input_file_ref idref="fl-9"/>
      </object_component>
      <object_component id="oc-717">
         <name>.text:_pconv_a</name>
         <load_address>0x7c6c</load_address>
         <run_address>0x7c6c</run_address>
         <size>0x270</size>
         <input_file_ref idref="fl-fc"/>
      </object_component>
      <object_component id="oc-4d9">
         <name>.text</name>
         <load_address>0x7edc</load_address>
         <run_address>0x7edc</run_address>
         <size>0x210</size>
         <input_file_ref idref="fl-21"/>
      </object_component>
      <object_component id="oc-298">
         <name>.text</name>
         <load_address>0x80ec</load_address>
         <run_address>0x80ec</run_address>
         <size>0x1e4</size>
         <input_file_ref idref="fl-c"/>
      </object_component>
      <object_component id="oc-705">
         <name>.text:_pconv_g</name>
         <load_address>0x82d0</load_address>
         <run_address>0x82d0</run_address>
         <size>0x1d0</size>
         <input_file_ref idref="fl-fc"/>
      </object_component>
      <object_component id="oc-795">
         <name>.text</name>
         <load_address>0x84a0</load_address>
         <run_address>0x84a0</run_address>
         <size>0x1b6</size>
         <input_file_ref idref="fl-101"/>
      </object_component>
      <object_component id="oc-2d5">
         <name>.text:__PCM_setPowerStateAdvanced</name>
         <load_address>0x8656</load_address>
         <run_address>0x8656</run_address>
         <size>0x1a0</size>
         <input_file_ref idref="fl-31"/>
      </object_component>
      <object_component id="oc-28c">
         <name>.text</name>
         <load_address>0x87f8</load_address>
         <run_address>0x87f8</run_address>
         <size>0x178</size>
         <input_file_ref idref="fl-b"/>
      </object_component>
      <object_component id="oc-84">
         <name>.text</name>
         <load_address>0x8970</load_address>
         <run_address>0x8970</run_address>
         <size>0x160</size>
         <input_file_ref idref="fl-4"/>
      </object_component>
      <object_component id="oc-711">
         <name>.text:_pconv_e</name>
         <load_address>0x8ad0</load_address>
         <run_address>0x8ad0</run_address>
         <size>0x13c</size>
         <input_file_ref idref="fl-fc"/>
      </object_component>
      <object_component id="oc-77b">
         <name>.text</name>
         <load_address>0x8c0c</load_address>
         <run_address>0x8c0c</run_address>
         <size>0x136</size>
         <input_file_ref idref="fl-103"/>
      </object_component>
      <object_component id="oc-358">
         <name>.text</name>
         <load_address>0x8d44</load_address>
         <run_address>0x8d44</run_address>
         <size>0x130</size>
         <input_file_ref idref="fl-1d"/>
      </object_component>
      <object_component id="oc-7a7">
         <name>.text:fcvt</name>
         <load_address>0x8e74</load_address>
         <run_address>0x8e74</run_address>
         <size>0x124</size>
         <input_file_ref idref="fl-fc"/>
      </object_component>
      <object_component id="oc-364">
         <name>.text</name>
         <load_address>0x8f98</load_address>
         <run_address>0x8f98</run_address>
         <size>0x110</size>
         <input_file_ref idref="fl-1c"/>
      </object_component>
      <object_component id="oc-7bb">
         <name>.text:scalbn</name>
         <load_address>0x90a8</load_address>
         <run_address>0x90a8</run_address>
         <size>0x110</size>
         <input_file_ref idref="fl-fe"/>
      </object_component>
      <object_component id="oc-456">
         <name>.text:CS_getDCOFrequency</name>
         <load_address>0x91b8</load_address>
         <run_address>0x91b8</run_address>
         <size>0x104</size>
         <input_file_ref idref="fl-2c"/>
      </object_component>
      <object_component id="oc-776">
         <name>.text</name>
         <load_address>0x92bc</load_address>
         <run_address>0x92bc</run_address>
         <size>0xfc</size>
         <input_file_ref idref="fl-104"/>
      </object_component>
      <object_component id="oc-143">
         <name>.text:CS_initClockSignal</name>
         <load_address>0x93b8</load_address>
         <run_address>0x93b8</run_address>
         <size>0xe0</size>
         <input_file_ref idref="fl-2c"/>
      </object_component>
      <object_component id="oc-442">
         <name>.text:__PCM_setPowerModeAdvanced</name>
         <load_address>0x9498</load_address>
         <run_address>0x9498</run_address>
         <size>0xdc</size>
         <input_file_ref idref="fl-31"/>
      </object_component>
      <object_component id="oc-6fa">
         <name>.text:_ltostr</name>
         <load_address>0x9574</load_address>
         <run_address>0x9574</run_address>
         <size>0xb1</size>
         <input_file_ref idref="fl-fc"/>
      </object_component>
      <object_component id="oc-43c">
         <name>.text:__PCM_setCoreVoltageLevelAdvanced</name>
         <load_address>0x9628</load_address>
         <run_address>0x9628</run_address>
         <size>0xb0</size>
         <input_file_ref idref="fl-31"/>
      </object_component>
      <object_component id="oc-ef">
         <name>.text</name>
         <load_address>0x96d8</load_address>
         <run_address>0x96d8</run_address>
         <size>0xa4</size>
         <input_file_ref idref="fl-25"/>
      </object_component>
      <object_component id="oc-33a">
         <name>.text:PutChar</name>
         <load_address>0x977c</load_address>
         <run_address>0x977c</run_address>
         <size>0xa4</size>
         <input_file_ref idref="fl-3"/>
      </object_component>
      <object_component id="oc-595">
         <name>.text:CS_startHFXTWithTimeout</name>
         <load_address>0x9820</load_address>
         <run_address>0x9820</run_address>
         <size>0x9c</size>
         <input_file_ref idref="fl-2c"/>
      </object_component>
      <object_component id="oc-2ec">
         <name>.text:_CSComputeCLKFrequency</name>
         <load_address>0x98bc</load_address>
         <run_address>0x98bc</run_address>
         <size>0x9c</size>
         <input_file_ref idref="fl-2c"/>
      </object_component>
      <object_component id="oc-37">
         <name>.text</name>
         <load_address>0x9958</load_address>
         <run_address>0x9958</run_address>
         <size>0x9c</size>
         <input_file_ref idref="fl-f3"/>
      </object_component>
      <object_component id="oc-76f">
         <name>.text</name>
         <load_address>0x99f4</load_address>
         <run_address>0x99f4</run_address>
         <size>0x96</size>
         <input_file_ref idref="fl-f0"/>
      </object_component>
      <object_component id="oc-1cd">
         <name>.text:UART_initModule</name>
         <load_address>0x9a8c</load_address>
         <run_address>0x9a8c</run_address>
         <size>0x94</size>
         <input_file_ref idref="fl-36"/>
      </object_component>
      <object_component id="oc-700">
         <name>.text:__aeabi_cdcmple</name>
         <load_address>0x9b20</load_address>
         <run_address>0x9b20</run_address>
         <size>0x86</size>
         <input_file_ref idref="fl-102"/>
      </object_component>
      <object_component id="oc-780">
         <name>.text:__aeabi_cdrcmple</name>
         <load_address>0x9ba6</load_address>
         <run_address>0x9ba6</run_address>
         <size>0x86</size>
         <input_file_ref idref="fl-102"/>
      </object_component>
      <object_component id="oc-286">
         <name>.text</name>
         <load_address>0x9c2c</load_address>
         <run_address>0x9c2c</run_address>
         <size>0x84</size>
         <input_file_ref idref="fl-a"/>
      </object_component>
      <object_component id="oc-62f">
         <name>.text</name>
         <load_address>0x9cb0</load_address>
         <run_address>0x9cb0</run_address>
         <size>0x80</size>
         <input_file_ref idref="fl-19"/>
      </object_component>
      <object_component id="oc-42a">
         <name>.text:PCM_gotoLPM3</name>
         <load_address>0x9d30</load_address>
         <run_address>0x9d30</run_address>
         <size>0x7c</size>
         <input_file_ref idref="fl-31"/>
      </object_component>
      <object_component id="oc-a4">
         <name>.text</name>
         <load_address>0x9dac</load_address>
         <run_address>0x9dac</run_address>
         <size>0x7a</size>
         <input_file_ref idref="fl-f1"/>
      </object_component>
      <object_component id="oc-6e7">
         <name>.text:_CSGetHFXTFrequency</name>
         <load_address>0x9e28</load_address>
         <run_address>0x9e28</run_address>
         <size>0x70</size>
         <input_file_ref idref="fl-2c"/>
      </object_component>
      <object_component id="oc-7a0">
         <name>.text:_mcpy</name>
         <load_address>0x9e98</load_address>
         <run_address>0x9e98</run_address>
         <size>0x6e</size>
         <input_file_ref idref="fl-fc"/>
      </object_component>
      <object_component id="oc-17">
         <name>.text:decompress:lzss:__TI_decompress_lzss</name>
         <load_address>0x9f06</load_address>
         <run_address>0x9f06</run_address>
         <size>0x68</size>
         <input_file_ref idref="fl-f6"/>
      </object_component>
      <object_component id="oc-11f">
         <name>.text:Interrupt_disableInterrupt</name>
         <load_address>0x9f70</load_address>
         <run_address>0x9f70</run_address>
         <size>0x64</size>
         <input_file_ref idref="fl-30"/>
      </object_component>
      <object_component id="oc-10d">
         <name>.text:Interrupt_enableInterrupt</name>
         <load_address>0x9fd4</load_address>
         <run_address>0x9fd4</run_address>
         <size>0x64</size>
         <input_file_ref idref="fl-30"/>
      </object_component>
      <object_component id="oc-7b5">
         <name>.text:frexp</name>
         <load_address>0xa038</load_address>
         <run_address>0xa038</run_address>
         <size>0x64</size>
         <input_file_ref idref="fl-fd"/>
      </object_component>
      <object_component id="oc-70b">
         <name>.text:_pconv_f</name>
         <load_address>0xa09c</load_address>
         <run_address>0xa09c</run_address>
         <size>0x56</size>
         <input_file_ref idref="fl-fc"/>
      </object_component>
      <object_component id="oc-78a">
         <name>.text:__TI_ltoa</name>
         <load_address>0xa0f2</load_address>
         <run_address>0xa0f2</run_address>
         <size>0x54</size>
         <input_file_ref idref="fl-10c"/>
      </object_component>
      <object_component id="oc-79a">
         <name>.text:_ecpy</name>
         <load_address>0xa146</load_address>
         <run_address>0xa146</run_address>
         <size>0x52</size>
         <input_file_ref idref="fl-fc"/>
      </object_component>
      <object_component id="oc-436">
         <name>.text:PCM_shutdownDevice</name>
         <load_address>0xa198</load_address>
         <run_address>0xa198</run_address>
         <size>0x50</size>
         <input_file_ref idref="fl-31"/>
      </object_component>
      <object_component id="oc-601">
         <name>.text:SysCtl_getTLVInfo</name>
         <load_address>0xa1e8</load_address>
         <run_address>0xa1e8</run_address>
         <size>0x50</size>
         <input_file_ref idref="fl-34"/>
      </object_component>
      <object_component id="oc-125">
         <name>.text:GPIO_setAsPeripheralModuleFunctionOutputPin</name>
         <load_address>0xa238</load_address>
         <run_address>0xa238</run_address>
         <size>0x4c</size>
         <input_file_ref idref="fl-2e"/>
      </object_component>
      <object_component id="oc-5fb">
         <name>.text:_CSGetDOCFrequency</name>
         <load_address>0xa284</load_address>
         <run_address>0xa284</run_address>
         <size>0x4c</size>
         <input_file_ref idref="fl-2c"/>
      </object_component>
      <object_component id="oc-6f4">
         <name>.text:atoi</name>
         <load_address>0xa2d0</load_address>
         <run_address>0xa2d0</run_address>
         <size>0x4c</size>
         <input_file_ref idref="fl-10e"/>
      </object_component>
      <object_component id="oc-3f3">
         <name>.text:snprintf</name>
         <load_address>0xa31c</load_address>
         <run_address>0xa31c</run_address>
         <size>0x4c</size>
         <input_file_ref idref="fl-ee"/>
      </object_component>
      <object_component id="oc-6d">
         <name>.text</name>
         <load_address>0xa368</load_address>
         <run_address>0xa368</run_address>
         <size>0x48</size>
         <input_file_ref idref="fl-24"/>
      </object_component>
      <object_component id="oc-1c7">
         <name>.text:GPIO_setAsPeripheralModuleFunctionInputPin</name>
         <load_address>0xa3b0</load_address>
         <run_address>0xa3b0</run_address>
         <size>0x48</size>
         <input_file_ref idref="fl-2e"/>
      </object_component>
      <object_component id="oc-450">
         <name>.text:_CSGetDividerValue</name>
         <load_address>0xa3f8</load_address>
         <run_address>0xa3f8</run_address>
         <size>0x48</size>
         <input_file_ref idref="fl-2c"/>
      </object_component>
      <object_component id="oc-785">
         <name>.text</name>
         <load_address>0xa440</load_address>
         <run_address>0xa440</run_address>
         <size>0x48</size>
         <input_file_ref idref="fl-105"/>
      </object_component>
      <object_component id="oc-21a">
         <name>.text:__TI_auto_init_nobinit_nopinit:__TI_auto_init_nobinit_nopinit</name>
         <load_address>0xa488</load_address>
         <run_address>0xa488</run_address>
         <size>0x44</size>
         <input_file_ref idref="fl-107"/>
      </object_component>
      <object_component id="oc-47f">
         <name>.text</name>
         <load_address>0xa4cc</load_address>
         <run_address>0xa4cc</run_address>
         <size>0x40</size>
         <input_file_ref idref="fl-7"/>
      </object_component>
      <object_component id="oc-471">
         <name>.text:LCD_WriteData</name>
         <load_address>0xa50c</load_address>
         <run_address>0xa50c</run_address>
         <size>0x40</size>
         <input_file_ref idref="fl-3"/>
      </object_component>
      <object_component id="oc-167">
         <name>.text:I2C_initMaster</name>
         <load_address>0xa54c</load_address>
         <run_address>0xa54c</run_address>
         <size>0x3e</size>
         <input_file_ref idref="fl-2f"/>
      </object_component>
      <object_component id="oc-7ad">
         <name>.text:_fcpy</name>
         <load_address>0xa58a</load_address>
         <run_address>0xa58a</run_address>
         <size>0x3e</size>
         <input_file_ref idref="fl-fc"/>
      </object_component>
      <object_component id="oc-17f">
         <name>.text:I2C_masterSendMultiByteStart</name>
         <load_address>0xa5c8</load_address>
         <run_address>0xa5c8</run_address>
         <size>0x38</size>
         <input_file_ref idref="fl-2f"/>
      </object_component>
      <object_component id="oc-325">
         <name>.text:LCD_WriteIndex</name>
         <load_address>0xa600</load_address>
         <run_address>0xa600</run_address>
         <size>0x34</size>
         <input_file_ref idref="fl-3"/>
      </object_component>
      <object_component id="oc-55">
         <name>.text:_c_int00_noargs:_c_int00_noargs</name>
         <load_address>0xa634</load_address>
         <run_address>0xa634</run_address>
         <size>0x34</size>
         <input_file_ref idref="fl-fa"/>
      </object_component>
      <object_component id="oc-1a3">
         <name>.text:I2C_masterSendMultiByteStop</name>
         <load_address>0xa668</load_address>
         <run_address>0xa668</run_address>
         <size>0x30</size>
         <input_file_ref idref="fl-2f"/>
      </object_component>
      <object_component id="oc-5a6">
         <name>.text:_outs</name>
         <load_address>0xa698</load_address>
         <run_address>0xa698</run_address>
         <size>0x30</size>
         <input_file_ref idref="fl-ee"/>
      </object_component>
      <object_component id="oc-60e">
         <name>.text:is_A_Module</name>
         <load_address>0xa6c8</load_address>
         <run_address>0xa6c8</run_address>
         <size>0x30</size>
         <input_file_ref idref="fl-33"/>
      </object_component>
      <object_component id="oc-790">
         <name>.text</name>
         <load_address>0xa6f8</load_address>
         <run_address>0xa6f8</run_address>
         <size>0x2e</size>
         <input_file_ref idref="fl-106"/>
      </object_component>
      <object_component id="oc-5ef">
         <name>.text:PCM_getCoreVoltageLevel</name>
         <load_address>0xa726</load_address>
         <run_address>0xa726</run_address>
         <size>0x2c</size>
         <input_file_ref idref="fl-31"/>
      </object_component>
      <object_component id="oc-5d4">
         <name>.text:PCM_getPowerMode</name>
         <load_address>0xa752</load_address>
         <run_address>0xa752</run_address>
         <size>0x2a</size>
         <input_file_ref idref="fl-31"/>
      </object_component>
      <object_component id="oc-131">
         <name>.text:FlashCtl_setWaitState</name>
         <load_address>0xa77c</load_address>
         <run_address>0xa77c</run_address>
         <size>0x28</size>
         <input_file_ref idref="fl-2d"/>
      </object_component>
      <object_component id="oc-448">
         <name>.text:PCM_gotoLPM0</name>
         <load_address>0xa7a4</load_address>
         <run_address>0xa7a4</run_address>
         <size>0x28</size>
         <input_file_ref idref="fl-31"/>
      </object_component>
      <object_component id="oc-341">
         <name>.text:SPISendRecvTPByte</name>
         <load_address>0xa7cc</load_address>
         <run_address>0xa7cc</run_address>
         <size>0x28</size>
         <input_file_ref idref="fl-3"/>
      </object_component>
      <object_component id="oc-45c">
         <name>.text:CS_clearInterruptFlag</name>
         <load_address>0xa7f4</load_address>
         <run_address>0xa7f4</run_address>
         <size>0x24</size>
         <input_file_ref idref="fl-2c"/>
      </object_component>
      <object_component id="oc-13d">
         <name>.text:CS_setDCOCenteredFrequency</name>
         <load_address>0xa818</load_address>
         <run_address>0xa818</run_address>
         <size>0x24</size>
         <input_file_ref idref="fl-2c"/>
      </object_component>
      <object_component id="oc-1af">
         <name>.text:I2C_masterSendMultiByteNext</name>
         <load_address>0xa83c</load_address>
         <run_address>0xa83c</run_address>
         <size>0x24</size>
         <input_file_ref idref="fl-2f"/>
      </object_component>
      <object_component id="oc-113">
         <name>.text:Interrupt_setPriority</name>
         <load_address>0xa860</load_address>
         <run_address>0xa860</run_address>
         <size>0x24</size>
         <input_file_ref idref="fl-30"/>
      </object_component>
      <object_component id="oc-5e7">
         <name>.text:RTC_C_holdClock</name>
         <load_address>0xa884</load_address>
         <run_address>0xa884</run_address>
         <size>0x24</size>
         <input_file_ref idref="fl-32"/>
      </object_component>
      <object_component id="oc-3ed">
         <name>.text:UART_transmitData</name>
         <load_address>0xa8a8</load_address>
         <run_address>0xa8a8</run_address>
         <size>0x24</size>
         <input_file_ref idref="fl-36"/>
      </object_component>
      <object_component id="oc-d1">
         <name>.text</name>
         <load_address>0xa8cc</load_address>
         <run_address>0xa8cc</run_address>
         <size>0x20</size>
         <input_file_ref idref="fl-8"/>
      </object_component>
      <object_component id="oc-31e">
         <name>.text:LCD_SetCursor</name>
         <load_address>0xa8ec</load_address>
         <run_address>0xa8ec</run_address>
         <size>0x20</size>
         <input_file_ref idref="fl-3"/>
      </object_component>
      <object_component id="oc-333">
         <name>.text:LCD_Write_Data_Only</name>
         <load_address>0xa90c</load_address>
         <run_address>0xa90c</run_address>
         <size>0x20</size>
         <input_file_ref idref="fl-3"/>
      </object_component>
      <object_component id="oc-485">
         <name>.text:SPI_transmitData</name>
         <load_address>0xa92c</load_address>
         <run_address>0xa92c</run_address>
         <size>0x20</size>
         <input_file_ref idref="fl-33"/>
      </object_component>
      <object_component id="oc-317">
         <name>.text:LCD_WriteReg</name>
         <load_address>0xa94c</load_address>
         <run_address>0xa94c</run_address>
         <size>0x1c</size>
         <input_file_ref idref="fl-3"/>
      </object_component>
      <object_component id="oc-478">
         <name>.text:SPISendRecvByte</name>
         <load_address>0xa968</load_address>
         <run_address>0xa968</run_address>
         <size>0x1c</size>
         <input_file_ref idref="fl-3"/>
      </object_component>
      <object_component id="oc-71d">
         <name>.text:memccpy</name>
         <load_address>0xa984</load_address>
         <run_address>0xa984</run_address>
         <size>0x1c</size>
         <input_file_ref idref="fl-110"/>
      </object_component>
      <object_component id="oc-48b">
         <name>.text:SPI_receiveData</name>
         <load_address>0xa9a0</load_address>
         <run_address>0xa9a0</run_address>
         <size>0x1a</size>
         <input_file_ref idref="fl-33"/>
      </object_component>
      <object_component id="oc-804">
         <name>.text:copysign</name>
         <load_address>0xa9ba</load_address>
         <run_address>0xa9ba</run_address>
         <size>0x1a</size>
         <input_file_ref idref="fl-ff"/>
      </object_component>
      <object_component id="oc-3e2">
         <name>.text:CS_getMCLK</name>
         <load_address>0xa9d4</load_address>
         <run_address>0xa9d4</run_address>
         <size>0x18</size>
         <input_file_ref idref="fl-2c"/>
      </object_component>
      <object_component id="oc-155">
         <name>.text:CS_getSMCLK</name>
         <load_address>0xa9ec</load_address>
         <run_address>0xa9ec</run_address>
         <size>0x18</size>
         <input_file_ref idref="fl-2c"/>
      </object_component>
      <object_component id="oc-27a">
         <name>.text:WDT_A_clearTimer</name>
         <load_address>0xaa04</load_address>
         <run_address>0xaa04</run_address>
         <size>0x18</size>
         <input_file_ref idref="fl-37"/>
      </object_component>
      <object_component id="oc-280">
         <name>.text:WDT_A_holdTimer</name>
         <load_address>0xaa1c</load_address>
         <run_address>0xaa1c</run_address>
         <size>0x18</size>
         <input_file_ref idref="fl-37"/>
      </object_component>
      <object_component id="oc-5ac">
         <name>.text:_outc</name>
         <load_address>0xaa34</load_address>
         <run_address>0xaa34</run_address>
         <size>0x18</size>
         <input_file_ref idref="fl-ee"/>
      </object_component>
      <object_component id="oc-7c1">
         <name>.text:strchr</name>
         <load_address>0xaa4c</load_address>
         <run_address>0xaa4c</run_address>
         <size>0x16</size>
         <input_file_ref idref="fl-111"/>
      </object_component>
      <object_component id="oc-12b">
         <name>.text:CS_setExternalClockSourceFrequency</name>
         <load_address>0xaa64</load_address>
         <run_address>0xaa64</run_address>
         <size>0x14</size>
         <input_file_ref idref="fl-2c"/>
      </object_component>
      <object_component id="oc-15b">
         <name>.text:I2C_isBusBusy</name>
         <load_address>0xaa78</load_address>
         <run_address>0xaa78</run_address>
         <size>0x14</size>
         <input_file_ref idref="fl-2f"/>
      </object_component>
      <object_component id="oc-cb">
         <name>.text:SysTick_enableInterrupt</name>
         <load_address>0xaa8c</load_address>
         <run_address>0xaa8c</run_address>
         <size>0x14</size>
         <input_file_ref idref="fl-35"/>
      </object_component>
      <object_component id="oc-e3">
         <name>.text:strcpy</name>
         <load_address>0xaaa0</load_address>
         <run_address>0xaaa0</run_address>
         <size>0x14</size>
         <input_file_ref idref="fl-f8"/>
      </object_component>
      <object_component id="oc-370">
         <name>.text:strlen</name>
         <load_address>0xaab4</load_address>
         <run_address>0xaab4</run_address>
         <size>0x14</size>
         <input_file_ref idref="fl-f9"/>
      </object_component>
      <object_component id="oc-723">
         <name>.text:wcslen</name>
         <load_address>0xaac8</load_address>
         <run_address>0xaac8</run_address>
         <size>0x12</size>
         <input_file_ref idref="fl-115"/>
      </object_component>
      <object_component id="oc-191">
         <name>.text:I2C_masterReceiveStart</name>
         <load_address>0xaada</load_address>
         <run_address>0xaada</run_address>
         <size>0x10</size>
         <input_file_ref idref="fl-2f"/>
      </object_component>
      <object_component id="oc-119">
         <name>.text:Interrupt_enableMaster</name>
         <load_address>0xaaea</load_address>
         <run_address>0xaaea</run_address>
         <size>0x10</size>
         <input_file_ref idref="fl-30"/>
      </object_component>
      <object_component id="oc-430">
         <name>.text:PCM_gotoLPM4</name>
         <load_address>0xaafa</load_address>
         <run_address>0xaafa</run_address>
         <size>0x10</size>
         <input_file_ref idref="fl-31"/>
      </object_component>
      <object_component id="oc-6e1">
         <name>.text:SysCtl_disableNMISource</name>
         <load_address>0xab0c</load_address>
         <run_address>0xab0c</run_address>
         <size>0x10</size>
         <input_file_ref idref="fl-34"/>
      </object_component>
      <object_component id="oc-6ed">
         <name>.text:SysCtl_enableNMISource</name>
         <load_address>0xab1c</load_address>
         <run_address>0xab1c</run_address>
         <size>0x10</size>
         <input_file_ref idref="fl-34"/>
      </object_component>
      <object_component id="oc-de">
         <name>.text</name>
         <load_address>0xab2c</load_address>
         <run_address>0xab2c</run_address>
         <size>0xe</size>
         <input_file_ref idref="fl-22"/>
      </object_component>
      <object_component id="oc-19d">
         <name>.text:I2C_clearInterruptFlag</name>
         <load_address>0xab3a</load_address>
         <run_address>0xab3a</run_address>
         <size>0xe</size>
         <input_file_ref idref="fl-2f"/>
      </object_component>
      <object_component id="oc-185">
         <name>.text:I2C_disableInterrupt</name>
         <load_address>0xab48</load_address>
         <run_address>0xab48</run_address>
         <size>0xe</size>
         <input_file_ref idref="fl-2f"/>
      </object_component>
      <object_component id="oc-1d">
         <name>.text:decompress:none:__TI_decompress_none</name>
         <load_address>0xab56</load_address>
         <run_address>0xab56</run_address>
         <size>0xe</size>
         <input_file_ref idref="fl-f5"/>
      </object_component>
      <object_component id="oc-67">
         <name>.text</name>
         <load_address>0xab64</load_address>
         <run_address>0xab64</run_address>
         <size>0xe</size>
         <input_file_ref idref="fl-5"/>
      </object_component>
      <object_component id="oc-2c1">
         <name>.text:CPU_cpsie</name>
         <load_address>0xab72</load_address>
         <run_address>0xab72</run_address>
         <size>0xc</size>
         <input_file_ref idref="fl-38"/>
      </object_component>
      <object_component id="oc-161">
         <name>.text:I2C_disableModule</name>
         <load_address>0xab7e</load_address>
         <run_address>0xab7e</run_address>
         <size>0xc</size>
         <input_file_ref idref="fl-2f"/>
      </object_component>
      <object_component id="oc-173">
         <name>.text:I2C_enableModule</name>
         <load_address>0xab8a</load_address>
         <run_address>0xab8a</run_address>
         <size>0xc</size>
         <input_file_ref idref="fl-2f"/>
      </object_component>
      <object_component id="oc-424">
         <name>.text:PCM_getPowerState</name>
         <load_address>0xab98</load_address>
         <run_address>0xab98</run_address>
         <size>0xc</size>
         <input_file_ref idref="fl-31"/>
      </object_component>
      <object_component id="oc-6db">
         <name>.text:SysCtl_getNMISourceStatus</name>
         <load_address>0xaba4</load_address>
         <run_address>0xaba4</run_address>
         <size>0xc</size>
         <input_file_ref idref="fl-34"/>
      </object_component>
      <object_component id="oc-1d3">
         <name>.text:UART_enableModule</name>
         <load_address>0xabb0</load_address>
         <run_address>0xabb0</run_address>
         <size>0xc</size>
         <input_file_ref idref="fl-36"/>
      </object_component>
      <object_component id="oc-49">
         <name>.text:decompress:ZI:__TI_zero_init</name>
         <load_address>0xabbc</load_address>
         <run_address>0xabbc</run_address>
         <size>0xc</size>
         <input_file_ref idref="fl-f4"/>
      </object_component>
      <object_component id="oc-32c">
         <name>.text:LCD_Write_Data_Start</name>
         <load_address>0xabc8</load_address>
         <run_address>0xabc8</run_address>
         <size>0xa</size>
         <input_file_ref idref="fl-3"/>
      </object_component>
      <object_component id="oc-179">
         <name>.text:I2C_enableInterrupt</name>
         <load_address>0xabd2</load_address>
         <run_address>0xabd2</run_address>
         <size>0x8</size>
         <input_file_ref idref="fl-2f"/>
      </object_component>
      <object_component id="oc-3d6">
         <name>.text:PCM_setCoreVoltageLevel</name>
         <load_address>0xabda</load_address>
         <run_address>0xabda</run_address>
         <size>0x8</size>
         <input_file_ref idref="fl-31"/>
      </object_component>
      <object_component id="oc-5da">
         <name>.text:PCM_setPowerMode</name>
         <load_address>0xabe2</load_address>
         <run_address>0xabe2</run_address>
         <size>0x8</size>
         <input_file_ref idref="fl-31"/>
      </object_component>
      <object_component id="oc-137">
         <name>.text:PCM_setPowerState</name>
         <load_address>0xabea</load_address>
         <run_address>0xabea</run_address>
         <size>0x8</size>
         <input_file_ref idref="fl-31"/>
      </object_component>
      <object_component id="oc-729">
         <name>.text:__aeabi_errno_addr</name>
         <load_address>0xabf4</load_address>
         <run_address>0xabf4</run_address>
         <size>0x8</size>
         <input_file_ref idref="fl-112"/>
      </object_component>
      <object_component id="oc-3dc">
         <name>.text:CS_startHFXT</name>
         <load_address>0xabfc</load_address>
         <run_address>0xabfc</run_address>
         <size>0x6</size>
         <input_file_ref idref="fl-2c"/>
      </object_component>
      <object_component id="oc-622">
         <name>.text:EUSCI_A_SPI_receiveData</name>
         <load_address>0xac02</load_address>
         <run_address>0xac02</run_address>
         <size>0x6</size>
         <input_file_ref idref="fl-33"/>
      </object_component>
      <object_component id="oc-628">
         <name>.text:EUSCI_B_SPI_receiveData</name>
         <load_address>0xac08</load_address>
         <run_address>0xac08</run_address>
         <size>0x6</size>
         <input_file_ref idref="fl-33"/>
      </object_component>
      <object_component id="oc-197">
         <name>.text:I2C_getEnabledInterruptStatus</name>
         <load_address>0xac0e</load_address>
         <run_address>0xac0e</run_address>
         <size>0x6</size>
         <input_file_ref idref="fl-2f"/>
      </object_component>
      <object_component id="oc-18b">
         <name>.text:I2C_getInterruptStatus</name>
         <load_address>0xac14</load_address>
         <run_address>0xac14</run_address>
         <size>0x6</size>
         <input_file_ref idref="fl-2f"/>
      </object_component>
      <object_component id="oc-1a9">
         <name>.text:I2C_masterReceiveMultiByteNext</name>
         <load_address>0xac1a</load_address>
         <run_address>0xac1a</run_address>
         <size>0x6</size>
         <input_file_ref idref="fl-2f"/>
      </object_component>
      <object_component id="oc-5e0">
         <name>.text:CPU_wfi</name>
         <load_address>0xac20</load_address>
         <run_address>0xac20</run_address>
         <size>0x4</size>
         <input_file_ref idref="fl-38"/>
      </object_component>
      <object_component id="oc-61a">
         <name>.text:EUSCI_A_SPI_transmitData</name>
         <load_address>0xac24</load_address>
         <run_address>0xac24</run_address>
         <size>0x4</size>
         <input_file_ref idref="fl-33"/>
      </object_component>
      <object_component id="oc-614">
         <name>.text:EUSCI_B_SPI_transmitData</name>
         <load_address>0xac28</load_address>
         <run_address>0xac28</run_address>
         <size>0x4</size>
         <input_file_ref idref="fl-33"/>
      </object_component>
      <object_component id="oc-16d">
         <name>.text:I2C_setSlaveAddress</name>
         <load_address>0xac2c</load_address>
         <run_address>0xac2c</run_address>
         <size>0x4</size>
         <input_file_ref idref="fl-2f"/>
      </object_component>
      <object_component id="oc-aa">
         <name>.text:_system_pre_init</name>
         <load_address>0xac30</load_address>
         <run_address>0xac30</run_address>
         <size>0x4</size>
         <input_file_ref idref="fl-108"/>
      </object_component>
      <object_component id="oc-20e">
         <name>.text:abort:abort</name>
         <load_address>0xac34</load_address>
         <run_address>0xac34</run_address>
         <size>0x4</size>
         <input_file_ref idref="fl-10a"/>
      </object_component>
      <object_component id="oc-609">
         <name>.const:AsciiLib</name>
         <load_address>0xac38</load_address>
         <run_address>0xac38</run_address>
         <size>0x5f0</size>
         <input_file_ref idref="fl-7"/>
      </object_component>
      <object_component id="oc-76a">
         <name>.const:.string:_ctypes_</name>
         <load_address>0xb228</load_address>
         <run_address>0xb228</run_address>
         <size>0x101</size>
         <input_file_ref idref="fl-10f"/>
      </object_component>
      <object_component id="oc-4fe">
         <name>.const:$P$T0$1</name>
         <load_address>0xb32c</load_address>
         <run_address>0xb32c</run_address>
         <size>0xb0</size>
         <input_file_ref idref="fl-20"/>
      </object_component>
      <object_component id="oc-2bd">
         <name>.const:g_pulRegs</name>
         <load_address>0xb3dc</load_address>
         <run_address>0xb3dc</run_address>
         <size>0x50</size>
         <input_file_ref idref="fl-30"/>
      </object_component>
      <object_component id="oc-2b3">
         <name>.const</name>
         <load_address>0xb42c</load_address>
         <run_address>0xb42c</run_address>
         <size>0x40</size>
         <input_file_ref idref="fl-30"/>
      </object_component>
      <object_component id="oc-641">
         <name>.const:_SlActionLookupTable</name>
         <load_address>0xb46c</load_address>
         <run_address>0xb46c</run_address>
         <size>0x38</size>
         <input_file_ref idref="fl-18"/>
      </object_component>
      <object_component id="oc-376">
         <name>.const:$P$T0$1</name>
         <load_address>0xb4a4</load_address>
         <run_address>0xb4a4</run_address>
         <size>0x2c</size>
         <input_file_ref idref="fl-16"/>
      </object_component>
      <object_component id="oc-1ed">
         <name>.const:Uart115200Config</name>
         <load_address>0xb4d0</load_address>
         <run_address>0xb4d0</run_address>
         <size>0x24</size>
         <input_file_ref idref="fl-4"/>
      </object_component>
      <object_component id="oc-3f9">
         <name>.const:backChannelUart115200Config</name>
         <load_address>0xb4f4</load_address>
         <run_address>0xb4f4</run_address>
         <size>0x24</size>
         <input_file_ref idref="fl-9"/>
      </object_component>
      <object_component id="oc-379">
         <name>.const:$P$T1$2</name>
         <load_address>0xb518</load_address>
         <run_address>0xb518</run_address>
         <size>0x14</size>
         <input_file_ref idref="fl-16"/>
      </object_component>
      <object_component id="oc-37c">
         <name>.const:$P$T2$3</name>
         <load_address>0xb52c</load_address>
         <run_address>0xb52c</run_address>
         <size>0xc</size>
         <input_file_ref idref="fl-16"/>
      </object_component>
      <object_component id="oc-63b">
         <name>.const:g_H2NCnysPattern</name>
         <load_address>0xb538</load_address>
         <run_address>0xb538</run_address>
         <size>0x8</size>
         <input_file_ref idref="fl-18"/>
      </object_component>
      <object_component id="oc-638">
         <name>.const:g_H2NSyncPattern</name>
         <load_address>0xb540</load_address>
         <run_address>0xb540</run_address>
         <size>0x8</size>
         <input_file_ref idref="fl-18"/>
      </object_component>
      <object_component id="oc-63e">
         <name>.const:$P$T0$1</name>
         <load_address>0xb548</load_address>
         <run_address>0xb548</run_address>
         <size>0x4</size>
         <input_file_ref idref="fl-18"/>
      </object_component>
      <object_component id="oc-554">
         <name>.const:$P$T0$1</name>
         <load_address>0xb54c</load_address>
         <run_address>0xb54c</run_address>
         <size>0x4</size>
         <input_file_ref idref="fl-1b"/>
      </object_component>
      <object_component id="oc-49d">
         <name>.const:$P$T0$1</name>
         <load_address>0xb550</load_address>
         <run_address>0xb550</run_address>
         <size>0x4</size>
         <input_file_ref idref="fl-1e"/>
      </object_component>
      <object_component id="oc-4a0">
         <name>.const:$P$T1$2</name>
         <load_address>0xb554</load_address>
         <run_address>0xb554</run_address>
         <size>0x4</size>
         <input_file_ref idref="fl-1e"/>
      </object_component>
      <object_component id="oc-501">
         <name>.const:$P$T1$2</name>
         <load_address>0xb558</load_address>
         <run_address>0xb558</run_address>
         <size>0x4</size>
         <input_file_ref idref="fl-20"/>
      </object_component>
      <object_component id="oc-4a6">
         <name>.const:$P$T2$3</name>
         <load_address>0xb55c</load_address>
         <run_address>0xb55c</run_address>
         <size>0x4</size>
         <input_file_ref idref="fl-1e"/>
      </object_component>
      <object_component id="oc-50a">
         <name>.const:$P$T2$3</name>
         <load_address>0xb560</load_address>
         <run_address>0xb560</run_address>
         <size>0x4</size>
         <input_file_ref idref="fl-20"/>
      </object_component>
      <object_component id="oc-51f">
         <name>.const:$P$T3$4</name>
         <load_address>0xb564</load_address>
         <run_address>0xb564</run_address>
         <size>0x4</size>
         <input_file_ref idref="fl-20"/>
      </object_component>
      <object_component id="oc-4b2">
         <name>.const:_SlAcceptCmdCtrl</name>
         <load_address>0xb568</load_address>
         <run_address>0xb568</run_address>
         <size>0x4</size>
         <input_file_ref idref="fl-1e"/>
      </object_component>
      <object_component id="oc-4e8">
         <name>.const:_SlDeviceGetCmdCtrl</name>
         <load_address>0xb56c</load_address>
         <run_address>0xb56c</run_address>
         <size>0x4</size>
         <input_file_ref idref="fl-17"/>
      </object_component>
      <object_component id="oc-4eb">
         <name>.const:_SlDeviceSetCmdCtrl</name>
         <load_address>0xb570</load_address>
         <run_address>0xb570</run_address>
         <size>0x4</size>
         <input_file_ref idref="fl-17"/>
      </object_component>
      <object_component id="oc-4e5">
         <name>.const:_SlEventMaskGetCmdCtrl</name>
         <load_address>0xb574</load_address>
         <run_address>0xb574</run_address>
         <size>0x4</size>
         <input_file_ref idref="fl-17"/>
      </object_component>
      <object_component id="oc-4e2">
         <name>.const:_SlEventMaskSetCmdCtrl</name>
         <load_address>0xb578</load_address>
         <run_address>0xb578</run_address>
         <size>0x4</size>
         <input_file_ref idref="fl-17"/>
      </object_component>
      <object_component id="oc-551">
         <name>.const:_SlGetHostByNameCtrl</name>
         <load_address>0xb57c</load_address>
         <run_address>0xb57c</run_address>
         <size>0x4</size>
         <input_file_ref idref="fl-1b"/>
      </object_component>
      <object_component id="oc-54e">
         <name>.const:_SlGetHostByServiceCtrl</name>
         <load_address>0xb580</load_address>
         <run_address>0xb580</run_address>
         <size>0x4</size>
         <input_file_ref idref="fl-1b"/>
      </object_component>
      <object_component id="oc-548">
         <name>.const:_SlGetServiceListeCtrl</name>
         <load_address>0xb584</load_address>
         <run_address>0xb584</run_address>
         <size>0x4</size>
         <input_file_ref idref="fl-1b"/>
      </object_component>
      <object_component id="oc-4bb">
         <name>.const:_SlGetSockOptCmdCtrl</name>
         <load_address>0xb588</load_address>
         <run_address>0xb588</run_address>
         <size>0x4</size>
         <input_file_ref idref="fl-1e"/>
      </object_component>
      <object_component id="oc-4af">
         <name>.const:_SlListenCmdCtrl</name>
         <load_address>0xb58c</load_address>
         <run_address>0xb58c</run_address>
         <size>0x4</size>
         <input_file_ref idref="fl-1e"/>
      </object_component>
      <object_component id="oc-55d">
         <name>.const:_SlNetAppGetCmdCtrl</name>
         <load_address>0xb590</load_address>
         <run_address>0xb590</run_address>
         <size>0x4</size>
         <input_file_ref idref="fl-1b"/>
      </object_component>
      <object_component id="oc-55a">
         <name>.const:_SlNetAppSendTokenValueCmdCtrl</name>
         <load_address>0xb594</load_address>
         <run_address>0xb594</run_address>
         <size>0x4</size>
         <input_file_ref idref="fl-1b"/>
      </object_component>
      <object_component id="oc-557">
         <name>.const:_SlNetAppSetCmdCtrl</name>
         <load_address>0xb598</load_address>
         <run_address>0xb598</run_address>
         <size>0x4</size>
         <input_file_ref idref="fl-1b"/>
      </object_component>
      <object_component id="oc-542">
         <name>.const:_SlNetAppStartCtrl</name>
         <load_address>0xb59c</load_address>
         <run_address>0xb59c</run_address>
         <size>0x4</size>
         <input_file_ref idref="fl-1b"/>
      </object_component>
      <object_component id="oc-545">
         <name>.const:_SlNetAppStopCtrl</name>
         <load_address>0xb5a0</load_address>
         <run_address>0xb5a0</run_address>
         <size>0x4</size>
         <input_file_ref idref="fl-1b"/>
      </object_component>
      <object_component id="oc-538">
         <name>.const:_SlNetCfgGetCmdCtrl</name>
         <load_address>0xb5a4</load_address>
         <run_address>0xb5a4</run_address>
         <size>0x4</size>
         <input_file_ref idref="fl-1c"/>
      </object_component>
      <object_component id="oc-535">
         <name>.const:_SlNetCfgSetCmdCtrl</name>
         <load_address>0xb5a8</load_address>
         <run_address>0xb5a8</run_address>
         <size>0x4</size>
         <input_file_ref idref="fl-1c"/>
      </object_component>
      <object_component id="oc-507">
         <name>.const:_SlPolicyGetCmdCtrl</name>
         <load_address>0xb5ac</load_address>
         <run_address>0xb5ac</run_address>
         <size>0x4</size>
         <input_file_ref idref="fl-20"/>
      </object_component>
      <object_component id="oc-504">
         <name>.const:_SlPolicySetCmdCtrl</name>
         <load_address>0xb5b0</load_address>
         <run_address>0xb5b0</run_address>
         <size>0x4</size>
         <input_file_ref idref="fl-20"/>
      </object_component>
      <object_component id="oc-510">
         <name>.const:_SlProfileDelCmdCtrl</name>
         <load_address>0xb5b4</load_address>
         <run_address>0xb5b4</run_address>
         <size>0x4</size>
         <input_file_ref idref="fl-20"/>
      </object_component>
      <object_component id="oc-50d">
         <name>.const:_SlProfileGetCmdCtrl</name>
         <load_address>0xb5b8</load_address>
         <run_address>0xb5b8</run_address>
         <size>0x4</size>
         <input_file_ref idref="fl-20"/>
      </object_component>
      <object_component id="oc-4b5">
         <name>.const:_SlRecvCmdCtrl</name>
         <load_address>0xb5bc</load_address>
         <run_address>0xb5bc</run_address>
         <size>0x4</size>
         <input_file_ref idref="fl-1e"/>
      </object_component>
      <object_component id="oc-4a3">
         <name>.const:_SlRecvfomCmdCtrl</name>
         <load_address>0xb5c0</load_address>
         <run_address>0xb5c0</run_address>
         <size>0x4</size>
         <input_file_ref idref="fl-1e"/>
      </object_component>
      <object_component id="oc-54b">
         <name>.const:_SlRegisterServiceCtrl</name>
         <load_address>0xb5c4</load_address>
         <run_address>0xb5c4</run_address>
         <size>0x4</size>
         <input_file_ref idref="fl-1b"/>
      </object_component>
      <object_component id="oc-516">
         <name>.const:_SlRxFilterAddtCmdCtrl</name>
         <load_address>0xb5c8</load_address>
         <run_address>0xb5c8</run_address>
         <size>0x4</size>
         <input_file_ref idref="fl-20"/>
      </object_component>
      <object_component id="oc-51c">
         <name>.const:_SlRxFilterGetCmdCtrl</name>
         <load_address>0xb5cc</load_address>
         <run_address>0xb5cc</run_address>
         <size>0x4</size>
         <input_file_ref idref="fl-20"/>
      </object_component>
      <object_component id="oc-519">
         <name>.const:_SlRxFilterSetCmdCtrl</name>
         <load_address>0xb5d0</load_address>
         <run_address>0xb5d0</run_address>
         <size>0x4</size>
         <input_file_ref idref="fl-20"/>
      </object_component>
      <object_component id="oc-4be">
         <name>.const:_SlSelectCmdCtrl</name>
         <load_address>0xb5d4</load_address>
         <run_address>0xb5d4</run_address>
         <size>0x4</size>
         <input_file_ref idref="fl-1e"/>
      </object_component>
      <object_component id="oc-4ac">
         <name>.const:_SlSendCmdCtrl</name>
         <load_address>0xb5d8</load_address>
         <run_address>0xb5d8</run_address>
         <size>0x4</size>
         <input_file_ref idref="fl-1e"/>
      </object_component>
      <object_component id="oc-4b8">
         <name>.const:_SlSetSockOptCmdCtrl</name>
         <load_address>0xb5dc</load_address>
         <run_address>0xb5dc</run_address>
         <size>0x4</size>
         <input_file_ref idref="fl-1e"/>
      </object_component>
      <object_component id="oc-522">
         <name>.const:_SlSmartConfigStartCmdCtrl</name>
         <load_address>0xb5e0</load_address>
         <run_address>0xb5e0</run_address>
         <size>0x4</size>
         <input_file_ref idref="fl-20"/>
      </object_component>
      <object_component id="oc-49a">
         <name>.const:_SlSockCloseCmdCtrl</name>
         <load_address>0xb5e4</load_address>
         <run_address>0xb5e4</run_address>
         <size>0x4</size>
         <input_file_ref idref="fl-1e"/>
      </object_component>
      <object_component id="oc-497">
         <name>.const:_SlSockSocketCmdCtrl</name>
         <load_address>0xb5e8</load_address>
         <run_address>0xb5e8</run_address>
         <size>0x4</size>
         <input_file_ref idref="fl-1e"/>
      </object_component>
      <object_component id="oc-4df">
         <name>.const:_SlStopCmdCtrl</name>
         <load_address>0xb5ec</load_address>
         <run_address>0xb5ec</run_address>
         <size>0x4</size>
         <input_file_ref idref="fl-17"/>
      </object_component>
      <object_component id="oc-52b">
         <name>.const:_SlWlanCfgGetCmdCtrl</name>
         <load_address>0xb5f0</load_address>
         <run_address>0xb5f0</run_address>
         <size>0x4</size>
         <input_file_ref idref="fl-20"/>
      </object_component>
      <object_component id="oc-528">
         <name>.const:_SlWlanCfgSetCmdCtrl</name>
         <load_address>0xb5f4</load_address>
         <run_address>0xb5f4</run_address>
         <size>0x4</size>
         <input_file_ref idref="fl-20"/>
      </object_component>
      <object_component id="oc-513">
         <name>.const:_SlWlanGetNetworkListCtrl</name>
         <load_address>0xb5f8</load_address>
         <run_address>0xb5f8</run_address>
         <size>0x4</size>
         <input_file_ref idref="fl-20"/>
      </object_component>
      <object_component id="oc-525">
         <name>.const:_SlWlanSetModeCmdCtrl</name>
         <load_address>0xb5fc</load_address>
         <run_address>0xb5fc</run_address>
         <size>0x4</size>
         <input_file_ref idref="fl-20"/>
      </object_component>
      <object_component id="oc-862">
         <name>.cinit..data.load</name>
         <load_address>0xb600</load_address>
         <run_address>0xb600</run_address>
         <size>0x45</size>
      </object_component>
      <object_component id="oc-860">
         <name>__TI_handler_table</name>
         <load_address>0xb648</load_address>
         <run_address>0xb648</run_address>
         <size>0xc</size>
      </object_component>
      <object_component id="oc-863">
         <name>.cinit..bss.load</name>
         <load_address>0xb658</load_address>
         <run_address>0xb658</run_address>
         <size>0x8</size>
      </object_component>
      <object_component id="oc-861">
         <name>__TI_cinit_table</name>
         <load_address>0xb660</load_address>
         <run_address>0xb660</run_address>
         <size>0x10</size>
      </object_component>
      <object_component id="oc-834">
         <name>.binit</name>
         <load_address>0x0</load_address>
         <run_address>0x0</run_address>
         <size>0x0</size>
      </object_component>
      <object_component id="oc-24c">
         <name>.data</name>
         <load_address>0x2000c180</load_address>
         <run_address>0x2000c180</run_address>
         <size>0x4</size>
         <input_file_ref idref="fl-6"/>
      </object_component>
      <object_component id="oc-1bd">
         <name>.data</name>
         <load_address>0x2000c175</load_address>
         <run_address>0x2000c175</run_address>
         <size>0x1</size>
         <input_file_ref idref="fl-12"/>
      </object_component>
      <object_component id="oc-1b5">
         <name>.data:i2cConfig</name>
         <load_address>0x2000c158</load_address>
         <run_address>0x2000c158</run_address>
         <size>0x14</size>
         <input_file_ref idref="fl-12"/>
      </object_component>
      <object_component id="oc-149">
         <name>.data</name>
         <load_address>0x2000c178</load_address>
         <run_address>0x2000c178</run_address>
         <size>0x4</size>
         <input_file_ref idref="fl-15"/>
      </object_component>
      <object_component id="oc-34f">
         <name>.data</name>
         <load_address>0x2000c144</load_address>
         <run_address>0x2000c144</run_address>
         <size>0x14</size>
         <input_file_ref idref="fl-16"/>
      </object_component>
      <object_component id="oc-4a9">
         <name>.data</name>
         <load_address>0x2000c16c</load_address>
         <run_address>0x2000c16c</run_address>
         <size>0x9</size>
         <input_file_ref idref="fl-18"/>
      </object_component>
      <object_component id="oc-2c9">
         <name>.data:GPIO_PORT_TO_BASE</name>
         <load_address>0x2000c114</load_address>
         <run_address>0x2000c114</run_address>
         <size>0x30</size>
         <input_file_ref idref="fl-2e"/>
      </object_component>
      <object_component id="oc-7d1">
         <name>.data</name>
         <load_address>0x2000c17c</load_address>
         <run_address>0x2000c17c</run_address>
         <size>0x4</size>
         <input_file_ref idref="fl-112"/>
      </object_component>
      <object_component id="oc-3fc">
         <name>.bss:backChannelStringBuff</name>
         <uninitialized>true</uninitialized>
         <run_address>0x2000bf04</run_address>
         <size>0x100</size>
         <input_file_ref idref="fl-9"/>
      </object_component>
      <object_component id="oc-37f">
         <name>.bss</name>
         <uninitialized>true</uninitialized>
         <run_address>0x2000c0c8</run_address>
         <size>0x4</size>
         <input_file_ref idref="fl-16"/>
      </object_component>
      <object_component id="oc-e9">
         <name>.bss:threadControlBlocks</name>
         <uninitialized>true</uninitialized>
         <run_address>0x2000b800</run_address>
         <size>0x450</size>
         <input_file_ref idref="fl-23"/>
      </object_component>
      <object_component id="oc-ec">
         <name>.bss:threadStacks</name>
         <uninitialized>true</uninitialized>
         <run_address>0x20000000</run_address>
         <size>0xb800</size>
         <input_file_ref idref="fl-23"/>
      </object_component>
      <object_component id="oc-d8">
         <name>.bss:periodicEvents</name>
         <uninitialized>true</uninitialized>
         <run_address>0x2000c004</run_address>
         <size>0x90</size>
         <input_file_ref idref="fl-23"/>
      </object_component>
      <object_component id="oc-f5">
         <name>.bss:FIFOs</name>
         <uninitialized>true</uninitialized>
         <run_address>0x2000bdb4</run_address>
         <size>0x150</size>
         <input_file_ref idref="fl-23"/>
      </object_component>
      <object_component id="oc-db">
         <name>.bss</name>
         <uninitialized>true</uninitialized>
         <run_address>0x2000c0bc</run_address>
         <size>0xc</size>
         <input_file_ref idref="fl-23"/>
      </object_component>
      <object_component id="oc-1f4">
         <name>.common:LCDMutex</name>
         <uninitialized>true</uninitialized>
         <run_address>0x2000c0d4</run_address>
         <size>0x4</size>
[...]
         <name>I2C_enableInterrupt</name>
         <value>0xabd3</value>
         <object_component_ref idref="oc-179"/>
      </symbol>
      <symbol id="sm-e10">
         <name>I2C_disableModule</name>
         <value>0xab7f</value>
         <object_component_ref idref="oc-161"/>
      </symbol>
      <symbol id="sm-e64">
         <name>Interrupt_disableInterrupt</name>
         <value>0x9f71</value>
         <object_component_ref idref="oc-11f"/>
      </symbol>
      <symbol id="sm-e65">
         <name>Interrupt_setPriority</name>
         <value>0xa861</value>
         <object_component_ref idref="oc-113"/>
      </symbol>
      <symbol id="sm-e66">
         <name>Interrupt_enableMaster</name>
         <value>0xaaeb</value>
         <object_component_ref idref="oc-119"/>
      </symbol>
      <symbol id="sm-e67">
         <name>Interrupt_enableInterrupt</name>
         <value>0x9fd5</value>
         <object_component_ref idref="oc-10d"/>
      </symbol>
      <symbol id="sm-f2c">
         <name>PCM_setCoreVoltageLevel</name>
         <value>0xabdb</value>
         <object_component_ref idref="oc-3d6"/>
      </symbol>
      <symbol id="sm-f2d">
         <name>PCM_getCoreVoltageLevel</name>
         <value>0xa727</value>
         <object_component_ref idref="oc-5ef"/>
      </symbol>
      <symbol id="sm-f2e">
         <name>PCM_shutdownDevice</name>
         <value>0xa199</value>
         <object_component_ref idref="oc-436"/>
      </symbol>
      <symbol id="sm-f2f">
         <name>PCM_setPowerState</name>
         <value>0xabeb</value>
         <object_component_ref idref="oc-137"/>
      </symbol>
      <symbol id="sm-f30">
         <name>PCM_getPowerMode</name>
         <value>0xa753</value>
         <object_component_ref idref="oc-5d4"/>
      </symbol>
      <symbol id="sm-f31">
         <name>PCM_getPowerState</name>
         <value>0xab99</value>
         <object_component_ref idref="oc-424"/>
      </symbol>
      <symbol id="sm-f32">
         <name>PCM_gotoLPM4</name>
         <value>0xaafb</value>
         <object_component_ref idref="oc-430"/>
      </symbol>
      <symbol id="sm-f33">
         <name>PCM_gotoLPM3</name>
         <value>0x9d31</value>
         <object_component_ref idref="oc-42a"/>
      </symbol>
      <symbol id="sm-f34">
         <name>PCM_gotoLPM0</name>
         <value>0xa7a5</value>
         <object_component_ref idref="oc-448"/>
      </symbol>
      <symbol id="sm-f35">
         <name>PCM_setPowerMode</name>
         <value>0xabe3</value>
         <object_component_ref idref="oc-5da"/>
      </symbol>
      <symbol id="sm-f42">
         <name>RTC_C_holdClock</name>
         <value>0xa885</value>
         <object_component_ref idref="oc-5e7"/>
      </symbol>
      <symbol id="sm-f8d">
         <name>EUSCI_B_SPI_receiveData</name>
         <value>0xac09</value>
         <object_component_ref idref="oc-628"/>
      </symbol>
      <symbol id="sm-f8e">
         <name>EUSCI_A_SPI_receiveData</name>
         <value>0xac03</value>
         <object_component_ref idref="oc-622"/>
      </symbol>
      <symbol id="sm-f8f">
         <name>EUSCI_A_SPI_transmitData</name>
         <value>0xac25</value>
         <object_component_ref idref="oc-61a"/>
      </symbol>
      <symbol id="sm-f90">
         <name>EUSCI_B_SPI_transmitData</name>
         <value>0xac29</value>
         <object_component_ref idref="oc-614"/>
      </symbol>
      <symbol id="sm-f91">
         <name>SPI_transmitData</name>
         <value>0xa92d</value>
         <object_component_ref idref="oc-485"/>
      </symbol>
      <symbol id="sm-f92">
         <name>SPI_receiveData</name>
         <value>0xa9a1</value>
         <object_component_ref idref="oc-48b"/>
      </symbol>
      <symbol id="sm-fc5">
         <name>SysCtl_getNMISourceStatus</name>
         <value>0xaba5</value>
         <object_component_ref idref="oc-6db"/>
      </symbol>
      <symbol id="sm-fc6">
         <name>SysCtl_enableNMISource</name>
         <value>0xab1d</value>
         <object_component_ref idref="oc-6ed"/>
      </symbol>
      <symbol id="sm-fc7">
         <name>SysCtl_disableNMISource</name>
         <value>0xab0d</value>
         <object_component_ref idref="oc-6e1"/>
      </symbol>
      <symbol id="sm-fc8">
         <name>SysCtl_getTLVInfo</name>
         <value>0xa1e9</value>
         <object_component_ref idref="oc-601"/>
      </symbol>
      <symbol id="sm-fd4">
         <name>SysTick_enableInterrupt</name>
         <value>0xaa8d</value>
         <object_component_ref idref="oc-cb"/>
      </symbol>
      <symbol id="sm-1003">
         <name>UART_enableModule</name>
         <value>0xabb1</value>
         <object_component_ref idref="oc-1d3"/>
      </symbol>
      <symbol id="sm-1004">
         <name>UART_transmitData</name>
         <value>0xa8a9</value>
         <object_component_ref idref="oc-3ed"/>
      </symbol>
      <symbol id="sm-1005">
         <name>UART_initModule</name>
         <value>0x9a8d</value>
         <object_component_ref idref="oc-1cd"/>
      </symbol>
      <symbol id="sm-101b">
         <name>WDT_A_clearTimer</name>
         <value>0xaa05</value>
         <object_component_ref idref="oc-27a"/>
      </symbol>
      <symbol id="sm-101c">
         <name>WDT_A_holdTimer</name>
         <value>0xaa1d</value>
         <object_component_ref idref="oc-280"/>
      </symbol>
      <symbol id="sm-102e">
         <name>CPU_wfi</name>
         <value>0xac21</value>
         <object_component_ref idref="oc-5e0"/>
      </symbol>
      <symbol id="sm-102f">
         <name>CPU_cpsie</name>
         <value>0xab73</value>
         <object_component_ref idref="oc-2c1"/>
      </symbol>
      <symbol id="sm-105e">
         <name>snprintf</name>
         <value>0xa31d</value>
         <object_component_ref idref="oc-3f3"/>
      </symbol>
      <symbol id="sm-106c">
         <name>__aeabi_uldivmod</name>
         <value>0x99f5</value>
         <object_component_ref idref="oc-76f"/>
      </symbol>
      <symbol id="sm-107b">
         <name>__aeabi_memset</name>
         <value>0x9daf</value>
         <object_component_ref idref="oc-a4"/>
      </symbol>
      <symbol id="sm-107c">
         <name>memset</name>
         <value>0x9db5</value>
         <object_component_ref idref="oc-a4"/>
      </symbol>
      <symbol id="sm-107d">
         <name>__aeabi_memset8</name>
         <value>0x9daf</value>
         <object_component_ref idref="oc-a4"/>
      </symbol>
      <symbol id="sm-107e">
         <name>__aeabi_memset4</name>
         <value>0x9daf</value>
         <object_component_ref idref="oc-a4"/>
      </symbol>
      <symbol id="sm-107f">
         <name>__aeabi_memclr8</name>
         <value>0x9dad</value>
         <object_component_ref idref="oc-a4"/>
      </symbol>
      <symbol id="sm-1080">
         <name>__aeabi_memclr4</name>
         <value>0x9dad</value>
         <object_component_ref idref="oc-a4"/>
      </symbol>
      <symbol id="sm-1081">
         <name>__aeabi_memclr</name>
         <value>0x9dad</value>
         <object_component_ref idref="oc-a4"/>
      </symbol>
      <symbol id="sm-109d">
         <name>memcpy</name>
         <value>0x9959</value>
         <object_component_ref idref="oc-37"/>
      </symbol>
      <symbol id="sm-109e">
         <name>__aeabi_memcpy</name>
         <value>0x9959</value>
         <object_component_ref idref="oc-37"/>
      </symbol>
      <symbol id="sm-109f">
         <name>__aeabi_memcpy8</name>
         <value>0x9959</value>
         <object_component_ref idref="oc-37"/>
      </symbol>
      <symbol id="sm-10a0">
         <name>__aeabi_memcpy4</name>
         <value>0x9959</value>
         <object_component_ref idref="oc-37"/>
      </symbol>
      <symbol id="sm-10b2">
         <name>__TI_zero_init</name>
         <value>0xabbd</value>
         <object_component_ref idref="oc-49"/>
      </symbol>
      <symbol id="sm-10c9">
         <name>__TI_decompress_none</name>
         <value>0xab57</value>
         <object_component_ref idref="oc-1d"/>
      </symbol>
      <symbol id="sm-10ec">
         <name>__TI_decompress_lzss</name>
         <value>0x9f07</value>
         <object_component_ref idref="oc-17"/>
      </symbol>
      <symbol id="sm-10fb">
         <name>strcpy</name>
         <value>0xaaa1</value>
         <object_component_ref idref="oc-e3"/>
      </symbol>
      <symbol id="sm-1109">
         <name>strlen</name>
         <value>0xaab5</value>
         <object_component_ref idref="oc-370"/>
      </symbol>
      <symbol id="sm-111c">
         <name>__stack</name>
         <value>0x2000fe00</value>
         <object_component_ref idref="oc-29"/>
      </symbol>
      <symbol id="sm-111d">
         <name>_c_int00_noargs</name>
         <value>0xa635</value>
         <object_component_ref idref="oc-55"/>
      </symbol>
      <symbol id="sm-1283">
         <name>__TI_printfi</name>
         <value>0x5265</value>
         <object_component_ref idref="oc-5a0"/>
      </symbol>
      <symbol id="sm-12a3">
         <name>frexpl</name>
         <value>0xa039</value>
         <object_component_ref idref="oc-7b5"/>
      </symbol>
      <symbol id="sm-12a4">
         <name>frexp</name>
         <value>0xa039</value>
         <object_component_ref idref="oc-7b5"/>
      </symbol>
      <symbol id="sm-12c1">
         <name>scalbn</name>
         <value>0x90a9</value>
         <object_component_ref idref="oc-7bb"/>
      </symbol>
      <symbol id="sm-12c2">
         <name>scalbnl</name>
         <value>0x90a9</value>
         <object_component_ref idref="oc-7bb"/>
      </symbol>
      <symbol id="sm-12c3">
         <name>ldexpl</name>
         <value>0x90a9</value>
         <object_component_ref idref="oc-7bb"/>
      </symbol>
      <symbol id="sm-12c4">
         <name>ldexp</name>
         <value>0x90a9</value>
         <object_component_ref idref="oc-7bb"/>
      </symbol>
      <symbol id="sm-12ce">
         <name>copysign</name>
         <value>0xa9bb</value>
         <object_component_ref idref="oc-804"/>
      </symbol>
      <symbol id="sm-12cf">
         <name>copysignl</name>
         <value>0xa9bb</value>
         <object_component_ref idref="oc-804"/>
      </symbol>
      <symbol id="sm-12d9">
         <name>__aeabi_idiv0</name>
         <value>0x5cb3</value>
         <object_component_ref idref="oc-7eb"/>
      </symbol>
      <symbol id="sm-12da">
         <name>__aeabi_ldiv0</name>
         <value>0x5cb3</value>
         <object_component_ref idref="oc-7eb"/>
      </symbol>
      <symbol id="sm-12f1">
         <name>__aeabi_dsub</name>
         <value>0x84a1</value>
         <object_component_ref idref="oc-795"/>
      </symbol>
      <symbol id="sm-12f2">
         <name>__aeabi_dadd</name>
         <value>0x84ab</value>
         <object_component_ref idref="oc-795"/>
      </symbol>
      <symbol id="sm-1314">
         <name>__aeabi_cdcmpeq</name>
         <value>0x9b21</value>
         <object_component_ref idref="oc-700"/>
      </symbol>
      <symbol id="sm-1315">
         <name>__aeabi_cdcmple</name>
         <value>0x9b21</value>
         <object_component_ref idref="oc-700"/>
      </symbol>
      <symbol id="sm-1316">
         <name>__aeabi_cdrcmple</name>
         <value>0x9ba7</value>
         <object_component_ref idref="oc-780"/>
      </symbol>
      <symbol id="sm-132a">
         <name>__aeabi_ddiv</name>
         <value>0x8c0d</value>
         <object_component_ref idref="oc-77b"/>
      </symbol>
      <symbol id="sm-1335">
         <name>__aeabi_dmul</name>
         <value>0x92bd</value>
         <object_component_ref idref="oc-776"/>
      </symbol>
      <symbol id="sm-133f">
         <name>__aeabi_d2iz</name>
         <value>0xa441</value>
         <object_component_ref idref="oc-785"/>
      </symbol>
      <symbol id="sm-1349">
         <name>__aeabi_i2d</name>
         <value>0xa6f9</value>
         <object_component_ref idref="oc-790"/>
      </symbol>
      <symbol id="sm-1371">
         <name>__TI_auto_init_nobinit_nopinit</name>
         <value>0xa489</value>
         <object_component_ref idref="oc-21a"/>
      </symbol>
      <symbol id="sm-137b">
         <name>_system_pre_init</name>
         <value>0xac31</value>
         <object_component_ref idref="oc-aa"/>
      </symbol>
      <symbol id="sm-1387">
         <name>C$$EXIT</name>
         <value>0xac35</value>
         <object_component_ref idref="oc-20e"/>
      </symbol>
      <symbol id="sm-1388">
         <name>abort</name>
         <value>0xac35</value>
         <object_component_ref idref="oc-20e"/>
      </symbol>
      <symbol id="sm-1398">
         <name>__TI_ltoa</name>
         <value>0xa0f3</value>
         <object_component_ref idref="oc-78a"/>
      </symbol>
      <symbol id="sm-13af">
         <name>atoi</name>
         <value>0xa2d1</value>
         <object_component_ref idref="oc-6f4"/>
      </symbol>
      <symbol id="sm-13ba">
         <name>_ctypes_</name>
         <value>0xb228</value>
         <object_component_ref idref="oc-76a"/>
      </symbol>
      <symbol id="sm-13ca">
         <name>memccpy</name>
         <value>0xa985</value>
         <object_component_ref idref="oc-71d"/>
      </symbol>
      <symbol id="sm-13da">
         <name>strchr</name>
         <value>0xaa4d</value>
         <object_component_ref idref="oc-7c1"/>
      </symbol>
      <symbol id="sm-13f0">
         <name>__aeabi_errno_addr</name>
         <value>0xabf5</value>
         <object_component_ref idref="oc-729"/>
      </symbol>
      <symbol id="sm-13f1">
         <name>errno</name>
         <value>0x2000c17c</value>
         <object_component_ref idref="oc-7d1"/>
      </symbol>
      <symbol id="sm-140c">
         <name>wcslen</name>
         <value>0xaac9</value>
         <object_component_ref idref="oc-723"/>
      </symbol>
      <symbol id="sm-140e">
         <name>__TI_static_base__</name>
         <value>0x0</value>
      </symbol>
      <symbol id="sm-1411">
         <name>__mpu_init</name>
         <value>0x0</value>
      </symbol>
      <symbol id="sm-1412">
         <name>_system_post_cinit</name>
         <value>0x0</value>
      </symbol>
      <symbol id="sm-1413">
         <name>NMI_Handler</name>
         <value>0xab71</value>
      </symbol>
      <symbol id="sm-1414">
         <name>HardFault_Handler</name>
         <value>0xab71</value>
      </symbol>
      <symbol id="sm-1415">
         <name>MemManage_Handler</name>
         <value>0xab71</value>
      </symbol>
      <symbol id="sm-1416">
         <name>BusFault_Handler</name>
         <value>0xab71</value>
      </symbol>
      <symbol id="sm-1417">
         <name>UsageFault_Handler</name>
         <value>0xab71</value>
      </symbol>
      <symbol id="sm-1418">
         <name>SVC_Handler</name>
         <value>0xab71</value>
      </symbol>
      <symbol id="sm-1419">
         <name>DebugMon_Handler</name>
         <value>0xab71</value>
      </symbol>
      <symbol id="sm-141a">
         <name>PendSV_Handler</name>
         <value>0xa387</value>
      </symbol>
      <symbol id="sm-141b">
         <name>SysTick_Handler</name>
         <value>0x3121</value>
      </symbol>
      <symbol id="sm-141c">
         <name>PSS_IRQHandler</name>
         <value>0xab71</value>
      </symbol>
      <symbol id="sm-141d">
         <name>CS_IRQHandler</name>
         <value>0xab71</value>
      </symbol>
      <symbol id="sm-141e">
         <name>PCM_IRQHandler</name>
         <value>0xab71</value>
      </symbol>
      <symbol id="sm-141f">
         <name>WDT_A_IRQHandler</name>
         <value>0xab71</value>
      </symbol>
      <symbol id="sm-1420">
         <name>FPU_IRQHandler</name>
         <value>0xab71</value>
      </symbol>
      <symbol id="sm-1421">
         <name>FLCTL_IRQHandler</name>
         <value>0xab71</value>
      </symbol>
      <symbol id="sm-1422">
         <name>COMP_E0_IRQHandler</name>
         <value>0xab71</value>
      </symbol>
      <symbol id="sm-1423">
         <name>COMP_E1_IRQHandler</name>
         <value>0xab71</value>
      </symbol>
      <symbol id="sm-1424">
         <name>TA0_0_IRQHandler</name>
         <value>0xab71</value>
      </symbol>
      <symbol id="sm-1425">
         <name>TA0_N_IRQHandler</name>
         <value>0xab71</value>
      </symbol>
      <symbol id="sm-1426">
         <name>TA1_0_IRQHandler</name>
         <value>0xab71</value>
      </symbol>
      <symbol id="sm-1427">
         <name>TA1_N_IRQHandler</name>
         <value>0xab71</value>
      </symbol>
      <symbol id="sm-1428">
         <name>TA2_0_IRQHandler</name>
         <value>0xab71</value>
      </symbol>
      <symbol id="sm-1429">
         <name>TA2_N_IRQHandler</name>
         <value>0xab71</value>
      </symbol>
      <symbol id="sm-142a">
         <name>TA3_0_IRQHandler</name>
         <value>0xab71</value>
      </symbol>
      <symbol id="sm-142b">
         <name>TA3_N_IRQHandler</name>
         <value>0xab71</value>
      </symbol>
      <symbol id="sm-142c">
         <name>EUSCIA0_IRQHandler</name>
         <value>0x75f1</value>
      </symbol>
      <symbol id="sm-142d">
         <name>EUSCIA1_IRQHandler</name>
         <value>0xab71</value>
      </symbol>
      <symbol id="sm-142e">
         <name>EUSCIA2_IRQHandler</name>
         <value>0xab71</value>
      </symbol>
      <symbol id="sm-142f">
         <name>EUSCIA3_IRQHandler</name>
         <value>0xab71</value>
      </symbol>
      <symbol id="sm-1430">
         <name>EUSCIB0_IRQHandler</name>
         <value>0xab71</value>
      </symbol>
      <symbol id="sm-1431">
         <name>EUSCIB1_IRQHandler</name>
         <value>0x7229</value>
      </symbol>
      <symbol id="sm-1432">
         <name>EUSCIB2_IRQHandler</name>
         <value>0xab71</value>
      </symbol>
      <symbol id="sm-1433">
         <name>EUSCIB3_IRQHandler</name>
         <value>0xab71</value>
      </symbol>
      <symbol id="sm-1434">
         <name>ADC14_IRQHandler</name>
         <value>0xab71</value>
      </symbol>
      <symbol id="sm-1435">
         <name>T32_INT1_IRQHandler</name>
         <value>0xab71</value>
      </symbol>
      <symbol id="sm-1436">
         <name>T32_INT2_IRQHandler</name>
         <value>0xab71</value>
      </symbol>
      <symbol id="sm-1437">
         <name>T32_INTC_IRQHandler</name>
         <value>0xab71</value>
      </symbol>
      <symbol id="sm-1438">
         <name>AES256_IRQHandler</name>
         <value>0xab71</value>
      </symbol>
      <symbol id="sm-1439">
         <name>RTC_C_IRQHandler</name>
         <value>0xab71</value>
      </symbol>
      <symbol id="sm-143a">
         <name>DMA_ERR_IRQHandler</name>
         <value>0xab71</value>
      </symbol>
      <symbol id="sm-143b">
         <name>DMA_INT3_IRQHandler</name>
         <value>0xab71</value>
      </symbol>
      <symbol id="sm-143c">
         <name>DMA_INT2_IRQHandler</name>
         <value>0xab71</value>
      </symbol>
      <symbol id="sm-143d">
         <name>DMA_INT1_IRQHandler</name>
         <value>0xab71</value>
      </symbol>
      <symbol id="sm-143e">
         <name>DMA_INT0_IRQHandler</name>
         <value>0xab71</value>
      </symbol>
      <symbol id="sm-143f">
         <name>PORT1_IRQHandler</name>
         <value>0x75a1</value>
      </symbol>
      <symbol id="sm-1440">
         <name>PORT2_IRQHandler</name>
         <value>0x75cb</value>
      </symbol>
      <symbol id="sm-1441">
         <name>PORT3_IRQHandler</name>
         <value>0xab71</value>
      </symbol>
      <symbol id="sm-1442">
         <name>PORT4_IRQHandler</name>
         <value>0x8a01</value>
      </symbol>
      <symbol id="sm-1443">
         <name>PORT5_IRQHandler</name>
         <value>0xab71</value>
      </symbol>
      <symbol id="sm-1444">
         <name>PORT6_IRQHandler</name>
         <value>0xab71</value>
      </symbol>
   </symbol_table>
   <title>Link successful</title>
</link_info>
