******************************************************************************
                  TI ARM Linker PC v20.2.4                     
******************************************************************************
>> Linked Thu Apr 15 16:45:04 2021

OUTPUT FILE NAME:   <Lab5.out>
ENTRY POINT SYMBOL: "_c_int00_noargs"  address: 0000a635


MEMORY CONFIGURATION

         name            origin    length      used     unused   attr    fill
----------------------  --------  ---------  --------  --------  ----  --------
  MAIN                  00000000   00040000  0000b670  00034990  R  X
  INFO                  00200000   00004000  00000000  00004000  R  X
  SRAM_CODE             01000000   00010000  0000c383  00003c7d  RW X
  SRAM_DATA             20000000   00010000  0000c383  00003c7d  RW  


SEGMENT ALLOCATION MAP

run origin  load origin   length   init length attrs members
----------  ----------- ---------- ----------- ----- -------
00000000    00000000    0000b670   0000b670    r-x
  00000000    00000000    000000e4   000000e4    r-- .intvecs
  000000e4    000000e4    0000ab54   0000ab54    r-x .text
  0000ac38    0000ac38    000009c8   000009c8    r-- .const
  0000b600    0000b600    00000070   00000070    r-- .cinit
20000000    20000000    0000c184   00000000    rw-
  20000000    20000000    0000c113   00000000    rw- .bss
  2000c114    2000c114    00000070   00000000    rw- .data
2000fe00    2000fe00    00000200   00000000    rw-
  2000fe00    2000fe00    00000200   00000000    rw- .stack


SECTION ALLOCATION MAP

 output                                  attributes/
section   page    origin      length       input sections
--------  ----  ----------  ----------   ----------------
.intvecs   0    00000000    000000e4     
                  00000000    000000e4     startup_msp432p401r_ccs.obj (.intvecs:retain)

.text      0    000000e4    0000ab54     
                  000000e4    00002034     driver.obj (.text)
                  00002118    00000ed4     socket.obj (.text)
                  00002fec    00000c7c     G8RTOS_Scheduler.obj (.text)
                  00003c68    00000b3c     netapp.obj (.text)
                  000047a4    00000ac0     wlan.obj (.text)
                  00005264    00000a4e     rtsv7M4_T_le_v4SPD16_eabi.lib : _printfi.c.obj (.text:__TI_printfi)
                  00005cb2    00000002                                   : div0.asm.obj (.text)
                  00005cb4    00000698     cc3100_usage.obj (.text)
                  0000634c    00000690     LCDLib.obj (.text)
                  000069dc    000005b4     device.obj (.text)
                  00006f90    00000360     i2c_driver.obj (.text)
                  000072f0    00000350     board.obj (.text)
                  00007640    00000334     system_msp432p401r.obj (.text)
                  00007974    000002f8     BackChannelUart.obj (.text)
                  00007c6c    00000270     rtsv7M4_T_le_v4SPD16_eabi.lib : _printfi.c.obj (.text:_pconv_a)
                  00007edc    00000210     spi_cc3100.obj (.text)
                  000080ec    000001e4     RGBLeds.obj (.text)
                  000082d0    000001d0     rtsv7M4_T_le_v4SPD16_eabi.lib : _printfi.c.obj (.text:_pconv_g)
                  000084a0    000001b6                                   : fd_add_t2.asm.obj (.text)
                  00008656    000001a0     msp432p4xx_driverlib.lib : pcm.o (.text:__PCM_setPowerStateAdvanced)
                  000087f6    00000002     --HOLE-- [fill = 0]
                  000087f8    00000178     Joystick.obj (.text)
                  00008970    00000160     main.obj (.text)
                  00008ad0    0000013c     rtsv7M4_T_le_v4SPD16_eabi.lib : _printfi.c.obj (.text:_pconv_e)
                  00008c0c    00000136                                   : fd_div_t2.asm.obj (.text)
                  00008d42    00000002     --HOLE-- [fill = 0]
                  00008d44    00000130     nonos.obj (.text)
                  00008e74    00000124     rtsv7M4_T_le_v4SPD16_eabi.lib : _printfi.c.obj (.text:fcvt)
                  00008f98    00000110     netcfg.obj (.text)
                  000090a8    00000110     rtsv7M4_T_le_v4SPD16_eabi.lib : s_scalbn.c.obj (.text:scalbn)
                  000091b8    00000104     msp432p4xx_driverlib.lib : cs.o (.text:CS_getDCOFrequency)
                  000092bc    000000fc     rtsv7M4_T_le_v4SPD16_eabi.lib : fd_mul_t2.asm.obj (.text)
                  000093b8    000000e0     msp432p4xx_driverlib.lib : cs.o (.text:CS_initClockSignal)
                  00009498    000000dc                              : pcm.o (.text:__PCM_setPowerModeAdvanced)
                  00009574    000000b1     rtsv7M4_T_le_v4SPD16_eabi.lib : _printfi.c.obj (.text:_ltostr)
                  00009625    00000003     --HOLE-- [fill = 0]
                  00009628    000000b0     msp432p4xx_driverlib.lib : pcm.o (.text:__PCM_setCoreVoltageLevelAdvanced)
                  000096d8    000000a4     G8RTOS_Semaphores.obj (.text)
                  0000977c    000000a4     LCDLib.obj (.text:PutChar)
                  00009820    0000009c     msp432p4xx_driverlib.lib : cs.o (.text:CS_startHFXTWithTimeout)
                  000098bc    0000009c                              : cs.o (.text:_CSComputeCLKFrequency)
                  00009958    0000009c     rtsv7M4_T_le_v4SPD16_eabi.lib : memcpy_t2.asm.obj (.text)
                  000099f4    00000096                                   : ull_div_t2.asm.obj (.text)
                  00009a8a    00000002     --HOLE-- [fill = 0]
                  00009a8c    00000094     msp432p4xx_driverlib.lib : uart.o (.text:UART_initModule)
                  00009b20    00000086     rtsv7M4_T_le_v4SPD16_eabi.lib : fd_cmp_t2.asm.obj (.text:__aeabi_cdcmple)
                  00009ba6    00000086                                   : fd_cmp_t2.asm.obj (.text:__aeabi_cdrcmple)
                  00009c2c    00000084     ClockSys.obj (.text)
                  00009cb0    00000080     flowcont.obj (.text)
                  00009d30    0000007c     msp432p4xx_driverlib.lib : pcm.o (.text:PCM_gotoLPM3)
                  00009dac    0000007a     rtsv7M4_T_le_v4SPD16_eabi.lib : memset_t2.asm.obj (.text)
                  00009e26    00000002     --HOLE-- [fill = 0]
                  00009e28    00000070     msp432p4xx_driverlib.lib : cs.o (.text:_CSGetHFXTFrequency)
                  00009e98    0000006e     rtsv7M4_T_le_v4SPD16_eabi.lib : _printfi.c.obj (.text:_mcpy)
                  00009f06    00000068                                   : copy_decompress_lzss.c.obj (.text:decompress:lzss:__TI_decompress_lzss)
                  00009f6e    00000002     --HOLE-- [fill = 0]
                  00009f70    00000064     msp432p4xx_driverlib.lib : interrupt.o (.text:Interrupt_disableInterrupt)
                  00009fd4    00000064                              : interrupt.o (.text:Interrupt_enableInterrupt)
                  0000a038    00000064     rtsv7M4_T_le_v4SPD16_eabi.lib : s_frexp.c.obj (.text:frexp)
                  0000a09c    00000056                                   : _printfi.c.obj (.text:_pconv_f)
                  0000a0f2    00000054                                   : _ltoa.c.obj (.text:__TI_ltoa)
                  0000a146    00000052                                   : _printfi.c.obj (.text:_ecpy)
                  0000a198    00000050     msp432p4xx_driverlib.lib : pcm.o (.text:PCM_shutdownDevice)
                  0000a1e8    00000050                              : sysctl.o (.text:SysCtl_getTLVInfo)
                  0000a238    0000004c                              : gpio.o (.text:GPIO_setAsPeripheralModuleFunctionOutputPin)
                  0000a284    0000004c                              : cs.o (.text:_CSGetDOCFrequency)
                  0000a2d0    0000004c     rtsv7M4_T_le_v4SPD16_eabi.lib : atoi.c.obj (.text:atoi)
                  0000a31c    0000004c                                   : snprintf.c.obj (.text:snprintf)
                  0000a368    00000048     G8RTOS_SchedulerASM.obj (.text)
                  0000a3b0    00000048     msp432p4xx_driverlib.lib : gpio.o (.text:GPIO_setAsPeripheralModuleFunctionInputPin)
                  0000a3f8    00000048                              : cs.o (.text:_CSGetDividerValue)
                  0000a440    00000048     rtsv7M4_T_le_v4SPD16_eabi.lib : fd_toi_t2.asm.obj (.text)
                  0000a488    00000044                                   : autoinit.c.obj (.text:__TI_auto_init_nobinit_nopinit:__TI_auto_init_nobinit_nopinit)
                  0000a4cc    00000040     AsciiLib.obj (.text)
                  0000a50c    00000040     LCDLib.obj (.text:LCD_WriteData)
                  0000a54c    0000003e     msp432p4xx_driverlib.lib : i2c.o (.text:I2C_initMaster)
                  0000a58a    0000003e     rtsv7M4_T_le_v4SPD16_eabi.lib : _printfi.c.obj (.text:_fcpy)
                  0000a5c8    00000038     msp432p4xx_driverlib.lib : i2c.o (.text:I2C_masterSendMultiByteStart)
                  0000a600    00000034     LCDLib.obj (.text:LCD_WriteIndex)
                  0000a634    00000034     rtsv7M4_T_le_v4SPD16_eabi.lib : boot_cortex_m.c.obj (.text:_c_int00_noargs:_c_int00_noargs)
                  0000a668    00000030     msp432p4xx_driverlib.lib : i2c.o (.text:I2C_masterSendMultiByteStop)
                  0000a698    00000030     rtsv7M4_T_le_v4SPD16_eabi.lib : snprintf.c.obj (.text:_outs)
                  0000a6c8    00000030     msp432p4xx_driverlib.lib : spi.o (.text:is_A_Module)
                  0000a6f8    0000002e     rtsv7M4_T_le_v4SPD16_eabi.lib : i_tofd_t2.asm.obj (.text)
                  0000a726    0000002c     msp432p4xx_driverlib.lib : pcm.o (.text:PCM_getCoreVoltageLevel)
                  0000a752    0000002a                              : pcm.o (.text:PCM_getPowerMode)
                  0000a77c    00000028                              : flash.o (.text:FlashCtl_setWaitState)
                  0000a7a4    00000028                              : pcm.o (.text:PCM_gotoLPM0)
                  0000a7cc    00000028     LCDLib.obj (.text:SPISendRecvTPByte)
                  0000a7f4    00000024     msp432p4xx_driverlib.lib : cs.o (.text:CS_clearInterruptFlag)
                  0000a818    00000024                              : cs.o (.text:CS_setDCOCenteredFrequency)
                  0000a83c    00000024                              : i2c.o (.text:I2C_masterSendMultiByteNext)
                  0000a860    00000024                              : interrupt.o (.text:Interrupt_setPriority)
                  0000a884    00000024                              : rtc_c.o (.text:RTC_C_holdClock)
                  0000a8a8    00000024                              : uart.o (.text:UART_transmitData)
                  0000a8cc    00000020     BSP.obj (.text)
                  0000a8ec    00000020     LCDLib.obj (.text:LCD_SetCursor)
                  0000a90c    00000020     LCDLib.obj (.text:LCD_Write_Data_Only)
                  0000a92c    00000020     msp432p4xx_driverlib.lib : spi.o (.text:SPI_transmitData)
                  0000a94c    0000001c     LCDLib.obj (.text:LCD_WriteReg)
                  0000a968    0000001c     LCDLib.obj (.text:SPISendRecvByte)
                  0000a984    0000001c     rtsv7M4_T_le_v4SPD16_eabi.lib : memccpy.c.obj (.text:memccpy)
                  0000a9a0    0000001a     msp432p4xx_driverlib.lib : spi.o (.text:SPI_receiveData)
                  0000a9ba    0000001a     rtsv7M4_T_le_v4SPD16_eabi.lib : s_copysign.c.obj (.text:copysign)
                  0000a9d4    00000018     msp432p4xx_driverlib.lib : cs.o (.text:CS_getMCLK)
                  0000a9ec    00000018                              : cs.o (.text:CS_getSMCLK)
                  0000aa04    00000018                              : wdt_a.o (.text:WDT_A_clearTimer)
                  0000aa1c    00000018                              : wdt_a.o (.text:WDT_A_holdTimer)
                  0000aa34    00000018     rtsv7M4_T_le_v4SPD16_eabi.lib : snprintf.c.obj (.text:_outc)
                  0000aa4c    00000016                                   : strchr.c.obj (.text:strchr)
                  0000aa62    00000002     --HOLE-- [fill = 0]
                  0000aa64    00000014     msp432p4xx_driverlib.lib : cs.o (.text:CS_setExternalClockSourceFrequency)
                  0000aa78    00000014                              : i2c.o (.text:I2C_isBusBusy)
                  0000aa8c    00000014                              : systick.o (.text:SysTick_enableInterrupt)
                  0000aaa0    00000014     rtsv7M4_T_le_v4SPD16_eabi.lib : strcpy.c.obj (.text:strcpy)
                  0000aab4    00000014                                   : strlen.c.obj (.text:strlen)
                  0000aac8    00000012                                   : wcslen.c.obj (.text:wcslen)
                  0000aada    00000010     msp432p4xx_driverlib.lib : i2c.o (.text:I2C_masterReceiveStart)
                  0000aaea    00000010                              : interrupt.o (.text:Interrupt_enableMaster)
                  0000aafa    00000010                              : pcm.o (.text:PCM_gotoLPM4)
                  0000ab0a    00000002     --HOLE-- [fill = 0]
                  0000ab0c    00000010                              : sysctl.o (.text:SysCtl_disableNMISource)
                  0000ab1c    00000010                              : sysctl.o (.text:SysCtl_enableNMISource)
                  0000ab2c    0000000e     G8RTOS_CriticalSection.obj (.text)
                  0000ab3a    0000000e     msp432p4xx_driverlib.lib : i2c.o (.text:I2C_clearInterruptFlag)
                  0000ab48    0000000e                              : i2c.o (.text:I2C_disableInterrupt)
                  0000ab56    0000000e     rtsv7M4_T_le_v4SPD16_eabi.lib : copy_decompress_none.c.obj (.text:decompress:none:__TI_decompress_none)
                  0000ab64    0000000e     startup_msp432p401r_ccs.obj (.text)
                  0000ab72    0000000c     msp432p4xx_driverlib.lib : cpu.o (.text:CPU_cpsie)
                  0000ab7e    0000000c                              : i2c.o (.text:I2C_disableModule)
                  0000ab8a    0000000c                              : i2c.o (.text:I2C_enableModule)
                  0000ab96    00000002     --HOLE-- [fill = 0]
                  0000ab98    0000000c                              : pcm.o (.text:PCM_getPowerState)
                  0000aba4    0000000c                              : sysctl.o (.text:SysCtl_getNMISourceStatus)
                  0000abb0    0000000c                              : uart.o (.text:UART_enableModule)
                  0000abbc    0000000c     rtsv7M4_T_le_v4SPD16_eabi.lib : copy_zero_init.c.obj (.text:decompress:ZI:__TI_zero_init)
                  0000abc8    0000000a     LCDLib.obj (.text:LCD_Write_Data_Start)
                  0000abd2    00000008     msp432p4xx_driverlib.lib : i2c.o (.text:I2C_enableInterrupt)
                  0000abda    00000008                              : pcm.o (.text:PCM_setCoreVoltageLevel)
                  0000abe2    00000008                              : pcm.o (.text:PCM_setPowerMode)
                  0000abea    00000008                              : pcm.o (.text:PCM_setPowerState)
                  0000abf2    00000002     --HOLE-- [fill = 0]
                  0000abf4    00000008     rtsv7M4_T_le_v4SPD16_eabi.lib : errno.c.obj (.text:__aeabi_errno_addr)
                  0000abfc    00000006     msp432p4xx_driverlib.lib : cs.o (.text:CS_startHFXT)
                  0000ac02    00000006                              : spi.o (.text:EUSCI_A_SPI_receiveData)
                  0000ac08    00000006                              : spi.o (.text:EUSCI_B_SPI_receiveData)
                  0000ac0e    00000006                              : i2c.o (.text:I2C_getEnabledInterruptStatus)
                  0000ac14    00000006                              : i2c.o (.text:I2C_getInterruptStatus)
                  0000ac1a    00000006                              : i2c.o (.text:I2C_masterReceiveMultiByteNext)
                  0000ac20    00000004                              : cpu.o (.text:CPU_wfi)
                  0000ac24    00000004                              : spi.o (.text:EUSCI_A_SPI_transmitData)
                  0000ac28    00000004                              : spi.o (.text:EUSCI_B_SPI_transmitData)
                  0000ac2c    00000004                              : i2c.o (.text:I2C_setSlaveAddress)
                  0000ac30    00000004     rtsv7M4_T_le_v4SPD16_eabi.lib : pre_init.c.obj (.text:_system_pre_init)
                  0000ac34    00000004                                   : exit.c.obj (.text:abort:abort)

.const     0    0000ac38    000009c8     
                  0000ac38    000005f0     AsciiLib.obj (.const:AsciiLib)
                  0000b228    00000101     rtsv7M4_T_le_v4SPD16_eabi.lib : ctype.c.obj (.const:.string:_ctypes_)
                  0000b329    00000003     --HOLE-- [fill = 0]
                  0000b32c    000000b0     wlan.obj (.const:$P$T0$1)
                  0000b3dc    00000050     msp432p4xx_driverlib.lib : interrupt.o (.const:g_pulRegs)
                  0000b42c    00000040                              : interrupt.o (.const)
                  0000b46c    00000038     driver.obj (.const:_SlActionLookupTable)
                  0000b4a4    0000002c     cc3100_usage.obj (.const:$P$T0$1)
                  0000b4d0    00000024     main.obj (.const:Uart115200Config)
                  0000b4f4    00000024     BackChannelUart.obj (.const:backChannelUart115200Config)
                  0000b518    00000014     cc3100_usage.obj (.const:$P$T1$2)
                  0000b52c    0000000c     cc3100_usage.obj (.const:$P$T2$3)
                  0000b538    00000008     driver.obj (.const:g_H2NCnysPattern)
                  0000b540    00000008     driver.obj (.const:g_H2NSyncPattern)
                  0000b548    00000004     driver.obj (.const:$P$T0$1)
                  0000b54c    00000004     netapp.obj (.const:$P$T0$1)
                  0000b550    00000004     socket.obj (.const:$P$T0$1)
                  0000b554    00000004     socket.obj (.const:$P$T1$2)
                  0000b558    00000004     wlan.obj (.const:$P$T1$2)
                  0000b55c    00000004     socket.obj (.const:$P$T2$3)
                  0000b560    00000004     wlan.obj (.const:$P$T2$3)
                  0000b564    00000004     wlan.obj (.const:$P$T3$4)
                  0000b568    00000004     socket.obj (.const:_SlAcceptCmdCtrl)
                  0000b56c    00000004     device.obj (.const:_SlDeviceGetCmdCtrl)
                  0000b570    00000004     device.obj (.const:_SlDeviceSetCmdCtrl)
                  0000b574    00000004     device.obj (.const:_SlEventMaskGetCmdCtrl)
                  0000b578    00000004     device.obj (.const:_SlEventMaskSetCmdCtrl)
                  0000b57c    00000004     netapp.obj (.const:_SlGetHostByNameCtrl)
                  0000b580    00000004     netapp.obj (.const:_SlGetHostByServiceCtrl)
                  0000b584    00000004     netapp.obj (.const:_SlGetServiceListeCtrl)
                  0000b588    00000004     socket.obj (.const:_SlGetSockOptCmdCtrl)
                  0000b58c    00000004     socket.obj (.const:_SlListenCmdCtrl)
                  0000b590    00000004     netapp.obj (.const:_SlNetAppGetCmdCtrl)
                  0000b594    00000004     netapp.obj (.const:_SlNetAppSendTokenValueCmdCtrl)
                  0000b598    00000004     netapp.obj (.const:_SlNetAppSetCmdCtrl)
                  0000b59c    00000004     netapp.obj (.const:_SlNetAppStartCtrl)
                  0000b5a0    00000004     netapp.obj (.const:_SlNetAppStopCtrl)
                  0000b5a4    00000004     netcfg.obj (.const:_SlNetCfgGetCmdCtrl)
                  0000b5a8    00000004     netcfg.obj (.const:_SlNetCfgSetCmdCtrl)
                  0000b5ac    00000004     wlan.obj (.const:_SlPolicyGetCmdCtrl)
                  0000b5b0    00000004     wlan.obj (.const:_SlPolicySetCmdCtrl)
                  0000b5b4    00000004     wlan.obj (.const:_SlProfileDelCmdCtrl)
                  0000b5b8    00000004     wlan.obj (.const:_SlProfileGetCmdCtrl)
                  0000b5bc    00000004     socket.obj (.const:_SlRecvCmdCtrl)
                  0000b5c0    00000004     socket.obj (.const:_SlRecvfomCmdCtrl)
                  0000b5c4    00000004     netapp.obj (.const:_SlRegisterServiceCtrl)
                  0000b5c8    00000004     wlan.obj (.const:_SlRxFilterAddtCmdCtrl)
                  0000b5cc    00000004     wlan.obj (.const:_SlRxFilterGetCmdCtrl)
                  0000b5d0    00000004     wlan.obj (.const:_SlRxFilterSetCmdCtrl)
                  0000b5d4    00000004     socket.obj (.const:_SlSelectCmdCtrl)
                  0000b5d8    00000004     socket.obj (.const:_SlSendCmdCtrl)
                  0000b5dc    00000004     socket.obj (.const:_SlSetSockOptCmdCtrl)
                  0000b5e0    00000004     wlan.obj (.const:_SlSmartConfigStartCmdCtrl)
                  0000b5e4    00000004     socket.obj (.const:_SlSockCloseCmdCtrl)
                  0000b5e8    00000004     socket.obj (.const:_SlSockSocketCmdCtrl)
                  0000b5ec    00000004     device.obj (.const:_SlStopCmdCtrl)
                  0000b5f0    00000004     wlan.obj (.const:_SlWlanCfgGetCmdCtrl)
                  0000b5f4    00000004     wlan.obj (.const:_SlWlanCfgSetCmdCtrl)
                  0000b5f8    00000004     wlan.obj (.const:_SlWlanGetNetworkListCtrl)
                  0000b5fc    00000004     wlan.obj (.const:_SlWlanSetModeCmdCtrl)

.cinit     0    0000b600    00000070     
                  0000b600    00000045     (.cinit..data.load) [load image, compression = lzss]
                  0000b645    00000003     --HOLE-- [fill = 0]
                  0000b648    0000000c     (__TI_handler_table)
                  0000b654    00000004     --HOLE-- [fill = 0]
                  0000b658    00000008     (.cinit..bss.load) [load image, compression = zero_init]
                  0000b660    00000010     (__TI_cinit_table)

.init_array 
*          0    00000000    00000000     UNINITIALIZED

.binit     0    00000000    00000000     

.bss       0    20000000    0000c113     UNINITIALIZED
                  20000000    0000b800     G8RTOS_Scheduler.obj (.bss:threadStacks)
                  2000b800    00000450     G8RTOS_Scheduler.obj (.bss:threadControlBlocks)
                  2000bc50    00000164     (.common:g_StatMem)
                  2000bdb4    00000150     G8RTOS_Scheduler.obj (.bss:FIFOs)
                  2000bf04    00000100     BackChannelUart.obj (.bss:backChannelStringBuff)
                  2000c004    00000090     G8RTOS_Scheduler.obj (.bss:periodicEvents)
                  2000c094    00000028     (.common:g__SlNonOsCB)
                  2000c0bc    0000000c     G8RTOS_Scheduler.obj (.bss)
                  2000c0c8    00000004     cc3100_usage.obj (.bss)
                  2000c0cc    00000004     (.common:ButtonFunction)
                  2000c0d0    00000004     (.common:CurrentlyRunningThread)
                  2000c0d4    00000004     (.common:LCDMutex)
                  2000c0d8    00000004     (.common:LEDMutex)
                  2000c0dc    00000004     (.common:SystemTime)
                  2000c0e0    00000004     (.common:ballMutex)
                  2000c0e4    00000004     (.common:counter0)
                  2000c0e8    00000004     (.common:counter1)
                  2000c0ec    00000004     (.common:counter2)
                  2000c0f0    00000004     (.common:g_ui32ByteCount)
                  2000c0f4    00000004     (.common:hfxtFreq)
                  2000c0f8    00000004     (.common:lfxtFreq)
                  2000c0fc    00000004     (.common:pData)
                  2000c100    00000004     (.common:sensorMutex)
                  2000c104    00000004     (.common:task0_ID)
                  2000c108    00000004     (.common:task1_ID)
                  2000c10c    00000004     (.common:task2_ID)
                  2000c110    00000001     (.common:IntIsMasked)
                  2000c111    00000001     (.common:ui8DummyRead)
                  2000c112    00000001     (.common:ui8Status)

.data      0    2000c114    00000070     UNINITIALIZED
                  2000c114    00000030     msp432p4xx_driverlib.lib : gpio.o (.data:GPIO_PORT_TO_BASE)
                  2000c144    00000014     cc3100_usage.obj (.data)
                  2000c158    00000014     i2c_driver.obj (.data:i2cConfig)
                  2000c16c    00000009     driver.obj (.data)
                  2000c175    00000001     i2c_driver.obj (.data)
                  2000c176    00000002     --HOLE--
                  2000c178    00000004     board.obj (.data)
                  2000c17c    00000004     rtsv7M4_T_le_v4SPD16_eabi.lib : errno.c.obj (.data)
                  2000c180    00000004     system_msp432p401r.obj (.data)

.stack     0    2000fe00    00000200     UNINITIALIZED
                  2000fe00    00000004     rtsv7M4_T_le_v4SPD16_eabi.lib : boot_cortex_m.c.obj (.stack)
                  2000fe04    000001fc     --HOLE--

__llvm_prf_cnts 
*          0    20000000    00000000     UNINITIALIZED

MODULE SUMMARY

       Module                        code    ro data   rw data
       ------                        ----    -------   -------
    .\
       LCDLib.obj                    2130    0         0      
       system_msp432p401r.obj        820     0         8      
       main.obj                      352     36        48     
       startup_msp432p401r_ccs.obj   14      228       0      
       Game.obj                      0       0         32     
    +--+-----------------------------+-------+---------+---------+
       Total:                        3316    264       88     
                                                              
    .\BoardSupportPackage\src\
       AsciiLib.obj                  64      1520      0      
       BackChannelUart.obj           760     36        512    
       i2c_driver.obj                864     0         62     
       RGBLeds.obj                   484     0         0      
       Joystick.obj                  376     0         8      
       ClockSys.obj                  132     0         0      
       BSP.obj                       32      0         0      
    +--+-----------------------------+-------+---------+---------+
       Total:                        2712    1556      582    
                                                              
    .\CC3100SupportPackage\board\
       board.obj                     848     0         10     
    +--+-----------------------------+-------+---------+---------+
       Total:                        848     0         10     
                                                              
    .\CC3100SupportPackage\cc3100_usage\
       cc3100_usage.obj              1688    76        48     
    +--+-----------------------------+-------+---------+---------+
       Total:                        1688    76        48     
                                                              
    .\CC3100SupportPackage\simplelink\source\
       driver.obj                    8244    76        730    
       socket.obj                    3796    52        0      
       wlan.obj                      2752    236       0      
       netapp.obj                    2876    40        0      
       device.obj                    1460    20        0      
       nonos.obj                     304     0         80     
       netcfg.obj                    272     8         0      
       flowcont.obj                  128     0         0      
    +--+-----------------------------+-------+---------+---------+
       Total:                        19832   432       810    
                                                              
    .\CC3100SupportPackage\spi_cc3100\
       spi_cc3100.obj                528     0         0      
    +--+-----------------------------+-------+---------+---------+
       Total:                        528     0         0      
                                                              
    .\G8RTOS_Empty_Lab2\
       G8RTOS_Scheduler.obj          3196    0         97416  
       G8RTOS_Semaphores.obj         164     0         0      
       G8RTOS_SchedulerASM.obj       72      0         0      
       G8RTOS_CriticalSection.obj    14      0         0      
    +--+-----------------------------+-------+---------+---------+
       Total:                        3446    0         97416  
                                                              
    ../BoardSupportPackage/DriverLib/msp432p4xx_driverlib.lib
       cs.o                          1202    0         16     
       pcm.o                         1194    0         0      
       interrupt.o                   252     144       0      
       i2c.o                         320     0         0      
       gpio.o                        148     0         96     
       uart.o                        196     0         0      
       spi.o                         126     0         0      
       sysctl.o                      124     0         0      
       wdt_a.o                       48      0         0      
       flash.o                       40      0         0      
       rtc_c.o                       36      0         0      
       systick.o                     20      0         0      
       cpu.o                         16      0         0      
    +--+-----------------------------+-------+---------+---------+
       Total:                        3722    144       112    
                                                              
    C:\ti\ccs1011\ccs\tools\compiler\ti-cgt-arm_20.2.4.LTS\lib\rtsv7M4_T_le_v4SPD16_eabi.lib
       _printfi.c.obj                4851    0         0      
       fd_add_t2.asm.obj             438     0         0      
       fd_div_t2.asm.obj             310     0         0      
       s_scalbn.c.obj                272     0         0      
       fd_cmp_t2.asm.obj             268     0         0      
       ctype.c.obj                   0       257       0      
       fd_mul_t2.asm.obj             252     0         0      
       memcpy_t2.asm.obj             156     0         0      
       ull_div_t2.asm.obj            150     0         0      
       snprintf.c.obj                148     0         0      
       memset_t2.asm.obj             122     0         0      
       copy_decompress_lzss.c.obj    104     0         0      
       s_frexp.c.obj                 100     0         0      
       _ltoa.c.obj                   84      0         0      
       atoi.c.obj                    76      0         0      
       fd_toi_t2.asm.obj             72      0         0      
       autoinit.c.obj                68      0         0      
       boot_cortex_m.c.obj           52      0         0      
       i_tofd_t2.asm.obj             46      0         0      
       memccpy.c.obj                 28      0         0      
       s_copysign.c.obj              26      0         0      
       strchr.c.obj                  22      0         0      
       strcpy.c.obj                  20      0         0      
       strlen.c.obj                  20      0         0      
       wcslen.c.obj                  18      0         0      
       errno.c.obj                   8       0         8      
       copy_decompress_none.c.obj    14      0         0      
       copy_zero_init.c.obj          12      0         0      
       exit.c.obj                    4       0         0      
       pre_init.c.obj                4       0         0      
       div0.asm.obj                  2       0         0      
    +--+-----------------------------+-------+---------+---------+
       Total:                        7747    257       8      
                                                              
       Stack:                        0       0         1024   
       Linker Generated:             0       105       0      
    +--+-----------------------------+-------+---------+---------+
       Grand Total:                  43839   2834      100098 


LINKER GENERATED COPY TABLES

__TI_cinit_table @ 0000b660 records: 2, size/record: 8, table size: 16
	.data: load addr=0000b600, load size=00000045 bytes, run addr=2000c114, run size=00000070 bytes, compression=lzss
	.bss: load addr=0000b658, load size=00000008 bytes, run addr=20000000, run size=0000c113 bytes, compression=zero_init


LINKER GENERATED HANDLER TABLE

__TI_handler_table @ 0000b648 records: 3, size/record: 4, table size: 12
	index: 0, handler: __TI_decompress_lzss
	index: 1, handler: __TI_decompress_none
	index: 2, handler: __TI_zero_init


GLOBAL SYMBOLS: SORTED ALPHABETICALLY BY Name 

address   name                                       
-------   ----                                       
0000ab71  ADC14_IRQHandler                           
0000ab71  AES256_IRQHandler                          
0000a8cd  BSP_InitBoard                              
00007a19  BackChannelEventTrigger                    
00007993  BackChannelInit                            
00007a31  BackChannelOpt3001PrintRaw                 
000079af  BackChannelPrint                           
000079fb  BackChannelPrintIntVariable                
00007a73  BackupChannelBmi160PrintAccel              
00007a9f  BackupChannelBmi160PrintGyro               
00007acb  BackupChannelBmi160PrintMag                
00007a4d  BackupChannelTmp007PrintRaw                
0000ab71  BusFault_Handler                           
2000c0cc  ButtonFunction                             
0000ac35  C$$EXIT                                    
00007347  CC3100_InterruptDisable                    
0000731d  CC3100_InterruptEnable                     
00007305  CC3100_disable                             
00007311  CC3100_enable                              
0000ab71  COMP_E0_IRQHandler                         
0000ab71  COMP_E1_IRQHandler                         
0000ab73  CPU_cpsie                                  
0000ac21  CPU_wfi                                    
0000ab71  CS_IRQHandler                              
0000a7f5  CS_clearInterruptFlag                      
000091b9  CS_getDCOFrequency                         
0000a9d5  CS_getMCLK                                 
0000a9ed  CS_getSMCLK                                
000093b9  CS_initClockSignal                         
0000a819  CS_setDCOCenteredFrequency                 
0000aa65  CS_setExternalClockSourceFrequency         
0000abfd  CS_startHFXT                               
00009821  CS_startHFXTWithTimeout                    
00009c9b  ClockSys_GetSysFreq                        
00009c2d  ClockSys_SetMaxFreq                        
000042c5  CopyPingResultsToReport                    
2000c0d0  CurrentlyRunningThread                     
0000ab71  DMA_ERR_IRQHandler                         
0000ab71  DMA_INT0_IRQHandler                        
0000ab71  DMA_INT1_IRQHandler                        
0000ab71  DMA_INT2_IRQHandler                        
0000ab71  DMA_INT3_IRQHandler                        
0000ab71  DebugMon_Handler                           
0000ab71  Default_Handler                            
000075a3  Delay                                      
000088d9  Disable_Joystick_Interrupt                 
000075f1  EUSCIA0_IRQHandler                         
000075f1  EUSCIA0_IRQHandler                         
0000ab71  EUSCIA1_IRQHandler                         
0000ab71  EUSCIA2_IRQHandler                         
0000ab71  EUSCIA3_IRQHandler                         
0000ab71  EUSCIB0_IRQHandler                         
00007229  EUSCIB1_IRQHandler                         
00007229  EUSCIB1_IRQHandler                         
0000ab71  EUSCIB2_IRQHandler                         
0000ab71  EUSCIB3_IRQHandler                         
0000ac03  EUSCI_A_SPI_receiveData                    
0000ac25  EUSCI_A_SPI_transmitData                   
0000ac09  EUSCI_B_SPI_receiveData                    
0000ac29  EUSCI_B_SPI_transmitData                   
0000ab35  EndCriticalSection                         
0000ab71  FLCTL_IRQHandler                           
0000ab71  FPU_IRQHandler                             
0000a77d  FlashCtl_setWaitState                      
00003b65  G8RTOS_AddAPeriodicEvent                   
00003769  G8RTOS_AddPeriodicEvent                    
000032a5  G8RTOS_AddThread                           
000039f5  G8RTOS_GetThreadId                         
000031c7  G8RTOS_Init                                
000096d9  G8RTOS_InitSemaphore                       
00003bb9  G8RTOS_KillOthers                          
00003af1  G8RTOS_KillSelf                            
00003a25  G8RTOS_KillThread                          
000031ff  G8RTOS_Launch                              
000030bf  G8RTOS_Scheduler                           
0000972f  G8RTOS_SignalSemaphore                     
0000a36d  G8RTOS_Start                               
000096f7  G8RTOS_WaitSemaphore                       
0000a3b1  GPIO_setAsPeripheralModuleFunctionInputPin 
0000a239  GPIO_setAsPeripheralModuleFunctionOutputPin
0000a4cd  GetASCIICode                               
000088ef  GetJoystickCoordinates                     
000074ef  GetLEDStatus                               
0000ab71  HardFault_Handler                          
0000ab3b  I2C_clearInterruptFlag                     
0000ab49  I2C_disableInterrupt                       
0000ab7f  I2C_disableModule                          
0000abd3  I2C_enableInterrupt                        
0000ab8b  I2C_enableModule                           
0000ac0f  I2C_getEnabledInterruptStatus              
0000ac15  I2C_getInterruptStatus                     
0000a54d  I2C_initMaster                             
0000aa79  I2C_isBusBusy                              
0000ac1b  I2C_masterReceiveMultiByteNext             
0000aadb  I2C_masterReceiveStart                     
0000a83d  I2C_masterSendMultiByteNext                
0000a5c9  I2C_masterSendMultiByteStart               
0000a669  I2C_masterSendMultiByteStop                
0000ac2d  I2C_setSlaveAddress                        
2000c110  IntIsMasked                                
00009f71  Interrupt_disableInterrupt                 
00009fd5  Interrupt_enableInterrupt                  
0000aaeb  Interrupt_enableMaster                     
0000a861  Interrupt_setPriority                      
00008825  Joystick_Init_Without_Interrupt            
00008883  Joystick_Push_Button_Init_With_Interrupt   
2000c0d4  LCDMutex                                   
0000663f  LCD_Clear                                  
0000640f  LCD_DrawRectangle                          
000066bd  LCD_Init                                   
0000a8ed  LCD_SetCursor                              
0000665b  LCD_SetPoint                               
000065a5  LCD_Text                                   
0000a50d  LCD_WriteData                              
0000a601  LCD_WriteIndex                             
0000a94d  LCD_WriteReg                               
0000a90d  LCD_Write_Data_Only                        
0000abc9  LCD_Write_Data_Start                       
2000c0d8  LEDMutex                                   
000080ed  LP3943_LedModeSet                          
00007365  MaskIntHdlr                                
0000ab71  MemManage_Handler                          
0000ab71  NMI_Handler                                
00003733  OS_Sleep                                   
0000ab71  PCM_IRQHandler                             
0000a727  PCM_getCoreVoltageLevel                    
0000a753  PCM_getPowerMode                           
0000ab99  PCM_getPowerState                          
0000a7a5  PCM_gotoLPM0                               
00009d31  PCM_gotoLPM3                               
0000aafb  PCM_gotoLPM4                               
0000abdb  PCM_setCoreVoltageLevel                    
0000abe3  PCM_setPowerMode                           
0000abeb  PCM_setPowerState                          
0000a199  PCM_shutdownDevice                         
000075a1  PORT1_IRQHandler                           
000075a1  PORT1_IRQHandler                           
000075cb  PORT2_IRQHandler                           
000075cb  PORT2_IRQHandler                           
0000ab71  PORT3_IRQHandler                           
00008a01  PORT4_IRQHandler                           
00008a01  PORT4_IRQHandler                           
0000ab71  PORT5_IRQHandler                           
0000ab71  PORT6_IRQHandler                           
0000ab71  PSS_IRQHandler                             
0000a387  PendSV_Handler                             
0000a387  PendSV_Handler                             
0000977d  PutChar                                    
0000ab71  RTC_C_IRQHandler                           
0000a885  RTC_C_holdClock                            
00006239  ReceiveData                                
0000ab65  Reset_Handler                              
00002eef  SL_FD_CLR                                  
00002f15  SL_FD_ISSET                                
00002ecd  SL_FD_SET                                  
00002f3d  SL_FD_ZERO                                 
0000a969  SPISendRecvByte                            
0000a7cd  SPISendRecvTPByte                          
0000a9a1  SPI_receiveData                            
0000a92d  SPI_transmitData                           
0000ab71  SVC_Handler                                
0000755d  SelAntenna                                 
00006215  SendData                                   
000062f7  SimpleLinkGeneralEventHandler              
000062eb  SimpleLinkHttpServerCallback               
000062b3  SimpleLinkNetAppEventHandler               
00006301  SimpleLinkSockEventHandler                 
0000625f  SimpleLinkWlanEventHandler                 
2000c154  SockIDRx                                   
2000c156  SockIDTx                                   
0000ab2d  StartCriticalSection                       
0000ab0d  SysCtl_disableNMISource                    
0000ab1d  SysCtl_enableNMISource                     
0000aba5  SysCtl_getNMISourceStatus                  
0000a1e9  SysCtl_getTLVInfo                          
00003121  SysTick_Handler                            
00003121  SysTick_Handler                            
0000aa8d  SysTick_enableInterrupt                    
2000c180  SystemCoreClock                            
00007641  SystemCoreClockUpdate                      
000078b9  SystemInit                                 
2000c0dc  SystemTime                                 
0000ab71  T32_INT1_IRQHandler                        
0000ab71  T32_INT2_IRQHandler                        
0000ab71  T32_INTC_IRQHandler                        
0000ab71  TA0_0_IRQHandler                           
0000ab71  TA0_N_IRQHandler                           
0000ab71  TA1_0_IRQHandler                           
0000ab71  TA1_N_IRQHandler                           
0000ab71  TA2_0_IRQHandler                           
0000ab71  TA2_N_IRQHandler                           
0000ab71  TA3_0_IRQHandler                           
0000ab71  TA3_N_IRQHandler                           
000068e7  TP_ReadXY                                  
0000abb1  UART_enableModule                          
00009a8d  UART_initModule                            
0000a8a9  UART_transmitData                          
0000736d  UnMaskIntHdlr                              
0000ab71  UsageFault_Handler                         
4000480c  WDTCTL_SYM                                 
0000ab71  WDT_A_IRQHandler                           
0000aa05  WDT_A_clearTimer                           
0000aa1d  WDT_A_holdTimer                            
0000b568  _SlAcceptCmdCtrl                           
0000b46c  _SlActionLookupTable                       
00000fb1  _SlAsyncEventGenericHandler                
0000b56c  _SlDeviceGetCmdCtrl                        
0000b570  _SlDeviceSetCmdCtrl                        
000019c9  _SlDrvBasicCmd                             
00001677  _SlDrvClassifyRxMsg                        
000002af  _SlDrvCmdOp                                
0000035f  _SlDrvCmdSend                              
000003b5  _SlDrvDataReadOp                           
000005b9  _SlDrvDataWriteOp                          
00006f11  _SlDrvDeviceEventHandler                   
000001c9  _SlDrvDriverCBDeinit                       
000000e5  _SlDrvDriverCBInit                         
00009cef  _SlDrvFlowContDeinit                       
00009cb1  _SlDrvFlowContInit                         
00000979  _SlDrvMsgRead                              
00001499  _SlDrvMsgReadCmdCtx                        
00001593  _SlDrvMsgReadSpawnCtx                      
00000785  _SlDrvMsgWrite                             
00004695  _SlDrvNetAppEventHandler                   
00001ec1  _SlDrvObjDeInit                            
00001e45  _SlDrvObjInit                              
00001c39  _SlDrvReleasePoolObj                       
000017c5  _SlDrvRxHdrRead                            
0000026d  _SlDrvRxIrqHandler                         
0000177d  _SlDrvShiftDWord                           
00001a31  _SlDrvWaitForPoolObj                       
0000b574  _SlEventMaskGetCmdCtrl                     
0000b578  _SlEventMaskSetCmdCtrl                     
00001f9f  _SlFindAndSetActiveObj                     
0000b57c  _SlGetHostByNameCtrl                       
0000b580  _SlGetHostByServiceCtrl                    
0000b584  _SlGetServiceListeCtrl                     
0000b588  _SlGetSockOptCmdCtrl                       
0000b58c  _SlListenCmdCtrl                           
0000b590  _SlNetAppGetCmdCtrl                        
0000b594  _SlNetAppSendTokenValueCmdCtrl             
0000b598  _SlNetAppSetCmdCtrl                        
0000b59c  _SlNetAppStartCtrl                         
0000b5a0  _SlNetAppStopCtrl                          
0000b5a4  _SlNetCfgGetCmdCtrl                        
0000b5a8  _SlNetCfgSetCmdCtrl                        
00008e09  _SlNonOsMainLoopTask                       
00008d5d  _SlNonOsSemGet                             
00008d45  _SlNonOsSemSet                             
00008db9  _SlNonOsSpawn                              
0000b5ac  _SlPolicyGetCmdCtrl                        
0000b5b0  _SlPolicySetCmdCtrl                        
0000b5b4  _SlProfileDelCmdCtrl                       
0000b5b8  _SlProfileGetCmdCtrl                       
0000b5bc  _SlRecvCmdCtrl                             
0000b5c0  _SlRecvfomCmdCtrl                          
0000b5c4  _SlRegisterServiceCtrl                     
00001ee1  _SlRemoveFromList                          
0000b5c8  _SlRxFilterAddtCmdCtrl                     
0000b5cc  _SlRxFilterGetCmdCtrl                      
0000b5d0  _SlRxFilterSetCmdCtrl                      
0000b5d4  _SlSelectCmdCtrl                           
0000b5d8  _SlSendCmdCtrl                             
0000b5dc  _SlSetSockOptCmdCtrl                       
0000b5e0  _SlSmartConfigStartCmdCtrl                 
0000b5e4  _SlSockCloseCmdCtrl                        
0000b5e8  _SlSockSocketCmdCtrl                       
0000b5ec  _SlStopCmdCtrl                             
0000b5f0  _SlWlanCfgGetCmdCtrl                       
0000b5f4  _SlWlanCfgSetCmdCtrl                       
0000b5f8  _SlWlanGetNetworkListCtrl                  
0000b5fc  _SlWlanSetModeCmdCtrl                      
20010000  __STACK_END                                
00000200  __STACK_SIZE                               
0000b660  __TI_CINIT_Base                            
0000b670  __TI_CINIT_Limit                           
0000b648  __TI_Handler_Table_Base                    
0000b654  __TI_Handler_Table_Limit                   
0000a489  __TI_auto_init_nobinit_nopinit             
00009f07  __TI_decompress_lzss                       
0000ab57  __TI_decompress_none                       
0000a0f3  __TI_ltoa                                  
ffffffff  __TI_pprof_out_hndl                        
00005265  __TI_printfi                               
ffffffff  __TI_prof_data_size                        
ffffffff  __TI_prof_data_start                       
00000000  __TI_static_base__                         
0000abbd  __TI_zero_init                             
00009b21  __aeabi_cdcmpeq                            
00009b21  __aeabi_cdcmple                            
00009ba7  __aeabi_cdrcmple                           
0000a441  __aeabi_d2iz                               
000084ab  __aeabi_dadd                               
00008c0d  __aeabi_ddiv                               
000092bd  __aeabi_dmul                               
000084a1  __aeabi_dsub                               
0000abf5  __aeabi_errno_addr                         
0000a6f9  __aeabi_i2d                                
00005cb3  __aeabi_idiv0                              
00005cb3  __aeabi_ldiv0                              
00009dad  __aeabi_memclr                             
00009dad  __aeabi_memclr4                            
00009dad  __aeabi_memclr8                            
00009959  __aeabi_memcpy                             
00009959  __aeabi_memcpy4                            
00009959  __aeabi_memcpy8                            
00009daf  __aeabi_memset                             
00009daf  __aeabi_memset4                            
00009daf  __aeabi_memset8                            
000099f5  __aeabi_uldivmod                           
ffffffff  __binit__                                  
ffffffff  __c_args__                                 
UNDEFED   __mpu_init                                 
2000fe00  __stack                                    
20000000  __start___llvm_prf_cnts                    
20000000  __stop___llvm_prf_cnts                     
0000a635  _c_int00_noargs                            
0000b228  _ctypes_                                   
00002119  _sl_BuildAddress                           
000069dd  _sl_GetStartResponseConvert                
00002b2d  _sl_HandleAsync_Accept                     
00002727  _sl_HandleAsync_Connect                    
000040af  _sl_HandleAsync_DnsGetHostByAddr           
000041fd  _sl_HandleAsync_DnsGetHostByName           
00003fe1  _sl_HandleAsync_DnsGetHostByService        
00006b41  _sl_HandleAsync_InitComplete               
00004301  _sl_HandleAsync_PingResponse               
00002f55  _sl_HandleAsync_Select                     
00006bf3  _sl_HandleAsync_Stop                       
00002231  _sl_ParseAddress                           
00002169  _sl_TruncatePayloadByProtocol              
UNDEFED   _system_post_cinit                         
0000ac31  _system_pre_init                           
0000ac35  abort                                      
0000a2d1  atoi                                       
2000c0e0  ballMutex                                  
ffffffff  binit                                      
2000c175  burstMode                                  
00007381  clear_rts                                  
0000a9bb  copysign                                   
0000a9bb  copysignl                                  
2000c0e4  counter0                                   
2000c0e8  counter1                                   
2000c0ec  counter2                                   
2000c17c  errno                                      
0000a039  frexp                                      
0000a039  frexpl                                     
2000c174  gFirstCmdMode                              
0000b538  g_H2NCnysPattern                           
0000b540  g_H2NSyncPattern                           
2000bc50  g_StatMem                                  
2000c144  g_Status                                   
2000c094  g__SlNonOsCB                               
2000c16c  g_pCB                                      
2000c0f0  g_ui32ByteCount                            
00006259  getLocalIP                                 
2000c158  i2cConfig                                  
00007529  initAntSelGPIO                             
00006151  initCC3100                                 
0000738d  initClk                                    
00003841  initFIFO                                   
00006fcf  initI2C                                    
00007401  initLEDs                                   
00008257  init_RGBLEDs                               
00000000  interruptVectors                           
000090a9  ldexp                                      
000090a9  ldexpl                                     
00008a03  main                                       
0000a985  memccpy                                    
00009959  memcpy                                     
00009db5  memset                                     
2000c0fc  pData                                      
2000c178  pIraEventHandler                           
2000c170  pPingCallBackFunc                          
00007151  readBurstI2C                               
000038cd  readFIFO                                   
00007083  readI2C                                    
2000c14c  receivedAlready                            
000072f1  registerInterruptHandler                   
2000c148  retVal                                     
000090a9  scalbn                                     
000090a9  scalbnl                                    
2000c100  sensorMutex                                
00007375  set_rts                                    
00002929  sl_Accept                                  
0000230b  sl_Bind                                    
000022e1  sl_Close                                   
000025d1  sl_Connect                                 
00006e0d  sl_DevGet                                  
00006eab  sl_DevSet                                  
00006dd9  sl_EventMaskGet                            
00006d9f  sl_EventMaskSet                            
00002cad  sl_GetSockOpt                              
00002aab  sl_Htonl                                   
00002aed  sl_Htons                                   
000028e9  sl_Listen                                  
000040bd  sl_NetAppDnsGetHostByName                  
00003eb1  sl_NetAppDnsGetHostByService               
00004605  sl_NetAppGet                               
00003cb1  sl_NetAppGetServiceList                    
00003e35  sl_NetAppMDNSRegisterService               
00003d81  sl_NetAppMDNSRegisterUnregisterService     
00003e71  sl_NetAppMDNSUnRegisterService             
000043c5  sl_NetAppPingStart                         
000045a1  sl_NetAppSendTokenValue                    
00004535  sl_NetAppSet                               
00003c69  sl_NetAppStart                             
00003c8d  sl_NetAppStop                              
00008fff  sl_NetCfgGet                               
00008f99  sl_NetCfgSet                               
00002bc5  sl_Recv                                    
000024af  sl_RecvFrom                                
00002d47  sl_Select                                  
000027d9  sl_Send                                    
00002393  sl_SendTo                                  
00002c41  sl_SetSockOpt                              
0000228b  sl_Socket                                  
00006a3d  sl_Start                                   
00006c77  sl_Stop                                    
00006a35  sl_Task                                    
000047a5  sl_WlanConnect                             
000049dd  sl_WlanDisconnect                          
000051ad  sl_WlanGet                                 
00004e75  sl_WlanGetNetworkList                      
00004a51  sl_WlanPolicyGet                           
000049e9  sl_WlanPolicySet                           
00004af5  sl_WlanProfileAdd                          
00004e47  sl_WlanProfileDel                          
00004d65  sl_WlanProfileGet                          
00004ee7  sl_WlanRxFilterAdd                         
00004fa9  sl_WlanRxFilterGet                         
00004f55  sl_WlanRxFilterSet                         
00005037  sl_WlanRxStatGet                           
0000501f  sl_WlanRxStatStart                         
0000502b  sl_WlanRxStatStop                          
00005139  sl_WlanSet                                 
00005109  sl_WlanSetMode                             
0000507d  sl_WlanSmartConfigStart                    
0000506d  sl_WlanSmartConfigStop                     
0000a31d  snprintf                                   
00007edd  spi_Close                                  
00007ee9  spi_Open                                   
00008033  spi_Read                                   
00007fd9  spi_Write                                  
000073f7  stopWDT                                    
0000aa4d  strchr                                     
0000aaa1  strcpy                                     
0000aab5  strlen                                     
00008971  task0                                      
2000c104  task0_ID                                   
00008985  task1                                      
2000c108  task1_ID                                   
000089b1  task2                                      
2000c10c  task2_ID                                   
000074bb  toggleLed                                  
2000c150  transmitedAlready                          
00007487  turnLedOff                                 
00007453  turnLedOn                                  
000089dd  uartInit                                   
2000c111  ui8DummyRead                               
2000c112  ui8Status                                  
0000aac9  wcslen                                     
00003959  writeFIFO                                  
00006fed  writeI2C                                   


GLOBAL SYMBOLS: SORTED BY Symbol Address 

address   name                                       
-------   ----                                       
00000000  __TI_static_base__                         
00000000  interruptVectors                           
000000e5  _SlDrvDriverCBInit                         
000001c9  _SlDrvDriverCBDeinit                       
00000200  __STACK_SIZE                               
0000026d  _SlDrvRxIrqHandler                         
000002af  _SlDrvCmdOp                                
0000035f  _SlDrvCmdSend                              
000003b5  _SlDrvDataReadOp                           
000005b9  _SlDrvDataWriteOp                          
00000785  _SlDrvMsgWrite                             
00000979  _SlDrvMsgRead                              
00000fb1  _SlAsyncEventGenericHandler                
00001499  _SlDrvMsgReadCmdCtx                        
00001593  _SlDrvMsgReadSpawnCtx                      
00001677  _SlDrvClassifyRxMsg                        
0000177d  _SlDrvShiftDWord                           
000017c5  _SlDrvRxHdrRead                            
000019c9  _SlDrvBasicCmd                             
00001a31  _SlDrvWaitForPoolObj                       
00001c39  _SlDrvReleasePoolObj                       
00001e45  _SlDrvObjInit                              
00001ec1  _SlDrvObjDeInit                            
00001ee1  _SlRemoveFromList                          
00001f9f  _SlFindAndSetActiveObj                     
00002119  _sl_BuildAddress                           
00002169  _sl_TruncatePayloadByProtocol              
00002231  _sl_ParseAddress                           
0000228b  sl_Socket                                  
000022e1  sl_Close                                   
0000230b  sl_Bind                                    
00002393  sl_SendTo                                  
000024af  sl_RecvFrom                                
000025d1  sl_Connect                                 
00002727  _sl_HandleAsync_Connect                    
000027d9  sl_Send                                    
000028e9  sl_Listen                                  
00002929  sl_Accept                                  
00002aab  sl_Htonl                                   
00002aed  sl_Htons                                   
00002b2d  _sl_HandleAsync_Accept                     
00002bc5  sl_Recv                                    
00002c41  sl_SetSockOpt                              
00002cad  sl_GetSockOpt                              
00002d47  sl_Select                                  
00002ecd  SL_FD_SET                                  
00002eef  SL_FD_CLR                                  
00002f15  SL_FD_ISSET                                
00002f3d  SL_FD_ZERO                                 
00002f55  _sl_HandleAsync_Select                     
000030bf  G8RTOS_Scheduler                           
00003121  SysTick_Handler                            
00003121  SysTick_Handler                            
000031c7  G8RTOS_Init                                
000031ff  G8RTOS_Launch                              
000032a5  G8RTOS_AddThread                           
00003733  OS_Sleep                                   
00003769  G8RTOS_AddPeriodicEvent                    
00003841  initFIFO                                   
000038cd  readFIFO                                   
00003959  writeFIFO                                  
000039f5  G8RTOS_GetThreadId                         
00003a25  G8RTOS_KillThread                          
00003af1  G8RTOS_KillSelf                            
00003b65  G8RTOS_AddAPeriodicEvent                   
00003bb9  G8RTOS_KillOthers                          
00003c69  sl_NetAppStart                             
00003c8d  sl_NetAppStop                              
00003cb1  sl_NetAppGetServiceList                    
00003d81  sl_NetAppMDNSRegisterUnregisterService     
00003e35  sl_NetAppMDNSRegisterService               
00003e71  sl_NetAppMDNSUnRegisterService             
00003eb1  sl_NetAppDnsGetHostByService               
00003fe1  _sl_HandleAsync_DnsGetHostByService        
000040af  _sl_HandleAsync_DnsGetHostByAddr           
000040bd  sl_NetAppDnsGetHostByName                  
000041fd  _sl_HandleAsync_DnsGetHostByName           
000042c5  CopyPingResultsToReport                    
00004301  _sl_HandleAsync_PingResponse               
000043c5  sl_NetAppPingStart                         
00004535  sl_NetAppSet                               
000045a1  sl_NetAppSendTokenValue                    
00004605  sl_NetAppGet                               
00004695  _SlDrvNetAppEventHandler                   
000047a5  sl_WlanConnect                             
000049dd  sl_WlanDisconnect                          
000049e9  sl_WlanPolicySet                           
00004a51  sl_WlanPolicyGet                           
00004af5  sl_WlanProfileAdd                          
00004d65  sl_WlanProfileGet                          
00004e47  sl_WlanProfileDel                          
00004e75  sl_WlanGetNetworkList                      
00004ee7  sl_WlanRxFilterAdd                         
00004f55  sl_WlanRxFilterSet                         
00004fa9  sl_WlanRxFilterGet                         
0000501f  sl_WlanRxStatStart                         
0000502b  sl_WlanRxStatStop                          
00005037  sl_WlanRxStatGet                           
0000506d  sl_WlanSmartConfigStop                     
0000507d  sl_WlanSmartConfigStart                    
00005109  sl_WlanSetMode                             
00005139  sl_WlanSet                                 
000051ad  sl_WlanGet                                 
00005265  __TI_printfi                               
00005cb3  __aeabi_idiv0                              
00005cb3  __aeabi_ldiv0                              
00006151  initCC3100                                 
00006215  SendData                                   
00006239  ReceiveData                                
00006259  getLocalIP                                 
0000625f  SimpleLinkWlanEventHandler                 
000062b3  SimpleLinkNetAppEventHandler               
000062eb  SimpleLinkHttpServerCallback               
000062f7  SimpleLinkGeneralEventHandler              
00006301  SimpleLinkSockEventHandler                 
0000640f  LCD_DrawRectangle                          
000065a5  LCD_Text                                   
0000663f  LCD_Clear                                  
0000665b  LCD_SetPoint                               
000066bd  LCD_Init                                   
000068e7  TP_ReadXY                                  
000069dd  _sl_GetStartResponseConvert                
00006a35  sl_Task                                    
00006a3d  sl_Start                                   
00006b41  _sl_HandleAsync_InitComplete               
00006bf3  _sl_HandleAsync_Stop                       
00006c77  sl_Stop                                    
00006d9f  sl_EventMaskSet                            
00006dd9  sl_EventMaskGet                            
00006e0d  sl_DevGet                                  
00006eab  sl_DevSet                                  
00006f11  _SlDrvDeviceEventHandler                   
00006fcf  initI2C                                    
00006fed  writeI2C                                   
00007083  readI2C                                    
00007151  readBurstI2C                               
00007229  EUSCIB1_IRQHandler                         
00007229  EUSCIB1_IRQHandler                         
000072f1  registerInterruptHandler                   
00007305  CC3100_disable                             
00007311  CC3100_enable                              
0000731d  CC3100_InterruptEnable                     
00007347  CC3100_InterruptDisable                    
00007365  MaskIntHdlr                                
0000736d  UnMaskIntHdlr                              
00007375  set_rts                                    
00007381  clear_rts                                  
0000738d  initClk                                    
000073f7  stopWDT                                    
00007401  initLEDs                                   
00007453  turnLedOn                                  
00007487  turnLedOff                                 
000074bb  toggleLed                                  
000074ef  GetLEDStatus                               
00007529  initAntSelGPIO                             
0000755d  SelAntenna                                 
000075a1  PORT1_IRQHandler                           
000075a1  PORT1_IRQHandler                           
000075a3  Delay                                      
000075cb  PORT2_IRQHandler                           
000075cb  PORT2_IRQHandler                           
000075f1  EUSCIA0_IRQHandler                         
000075f1  EUSCIA0_IRQHandler                         
00007641  SystemCoreClockUpdate                      
000078b9  SystemInit                                 
00007993  BackChannelInit                            
000079af  BackChannelPrint                           
000079fb  BackChannelPrintIntVariable                
00007a19  BackChannelEventTrigger                    
00007a31  BackChannelOpt3001PrintRaw                 
00007a4d  BackupChannelTmp007PrintRaw                
00007a73  BackupChannelBmi160PrintAccel              
00007a9f  BackupChannelBmi160PrintGyro               
00007acb  BackupChannelBmi160PrintMag                
00007edd  spi_Close                                  
00007ee9  spi_Open                                   
00007fd9  spi_Write                                  
00008033  spi_Read                                   
000080ed  LP3943_LedModeSet                          
00008257  init_RGBLEDs                               
000084a1  __aeabi_dsub                               
000084ab  __aeabi_dadd                               
00008825  Joystick_Init_Without_Interrupt            
00008883  Joystick_Push_Button_Init_With_Interrupt   
000088d9  Disable_Joystick_Interrupt                 
000088ef  GetJoystickCoordinates                     
00008971  task0                                      
00008985  task1                                      
000089b1  task2                                      
000089dd  uartInit                                   
00008a01  PORT4_IRQHandler                           
00008a01  PORT4_IRQHandler                           
00008a03  main                                       
00008c0d  __aeabi_ddiv                               
00008d45  _SlNonOsSemSet                             
00008d5d  _SlNonOsSemGet                             
00008db9  _SlNonOsSpawn                              
00008e09  _SlNonOsMainLoopTask                       
00008f99  sl_NetCfgSet                               
00008fff  sl_NetCfgGet                               
000090a9  ldexp                                      
000090a9  ldexpl                                     
000090a9  scalbn                                     
000090a9  scalbnl                                    
000091b9  CS_getDCOFrequency                         
000092bd  __aeabi_dmul                               
000093b9  CS_initClockSignal                         
000096d9  G8RTOS_InitSemaphore                       
000096f7  G8RTOS_WaitSemaphore                       
0000972f  G8RTOS_SignalSemaphore                     
0000977d  PutChar                                    
00009821  CS_startHFXTWithTimeout                    
00009959  __aeabi_memcpy                             
00009959  __aeabi_memcpy4                            
00009959  __aeabi_memcpy8                            
00009959  memcpy                                     
000099f5  __aeabi_uldivmod                           
00009a8d  UART_initModule                            
00009b21  __aeabi_cdcmpeq                            
00009b21  __aeabi_cdcmple                            
00009ba7  __aeabi_cdrcmple                           
00009c2d  ClockSys_SetMaxFreq                        
00009c9b  ClockSys_GetSysFreq                        
00009cb1  _SlDrvFlowContInit                         
00009cef  _SlDrvFlowContDeinit                       
00009d31  PCM_gotoLPM3                               
00009dad  __aeabi_memclr                             
00009dad  __aeabi_memclr4                            
00009dad  __aeabi_memclr8                            
00009daf  __aeabi_memset                             
00009daf  __aeabi_memset4                            
00009daf  __aeabi_memset8                            
00009db5  memset                                     
00009f07  __TI_decompress_lzss                       
00009f71  Interrupt_disableInterrupt                 
00009fd5  Interrupt_enableInterrupt                  
0000a039  frexp                                      
0000a039  frexpl                                     
0000a0f3  __TI_ltoa                                  
0000a199  PCM_shutdownDevice                         
0000a1e9  SysCtl_getTLVInfo                          
0000a239  GPIO_setAsPeripheralModuleFunctionOutputPin
0000a2d1  atoi                                       
0000a31d  snprintf                                   
0000a36d  G8RTOS_Start                               
0000a387  PendSV_Handler                             
0000a387  PendSV_Handler                             
0000a3b1  GPIO_setAsPeripheralModuleFunctionInputPin 
0000a441  __aeabi_d2iz                               
0000a489  __TI_auto_init_nobinit_nopinit             
0000a4cd  GetASCIICode                               
0000a50d  LCD_WriteData                              
0000a54d  I2C_initMaster                             
0000a5c9  I2C_masterSendMultiByteStart               
0000a601  LCD_WriteIndex                             
0000a635  _c_int00_noargs                            
0000a669  I2C_masterSendMultiByteStop                
0000a6f9  __aeabi_i2d                                
0000a727  PCM_getCoreVoltageLevel                    
0000a753  PCM_getPowerMode                           
0000a77d  FlashCtl_setWaitState                      
0000a7a5  PCM_gotoLPM0                               
0000a7cd  SPISendRecvTPByte                          
0000a7f5  CS_clearInterruptFlag                      
0000a819  CS_setDCOCenteredFrequency                 
0000a83d  I2C_masterSendMultiByteNext                
0000a861  Interrupt_setPriority                      
0000a885  RTC_C_holdClock                            
0000a8a9  UART_transmitData                          
0000a8cd  BSP_InitBoard                              
0000a8ed  LCD_SetCursor                              
0000a90d  LCD_Write_Data_Only                        
0000a92d  SPI_transmitData                           
0000a94d  LCD_WriteReg                               
0000a969  SPISendRecvByte                            
0000a985  memccpy                                    
0000a9a1  SPI_receiveData                            
0000a9bb  copysign                                   
0000a9bb  copysignl                                  
0000a9d5  CS_getMCLK                                 
0000a9ed  CS_getSMCLK                                
0000aa05  WDT_A_clearTimer                           
0000aa1d  WDT_A_holdTimer                            
0000aa4d  strchr                                     
0000aa65  CS_setExternalClockSourceFrequency         
0000aa79  I2C_isBusBusy                              
0000aa8d  SysTick_enableInterrupt                    
0000aaa1  strcpy                                     
0000aab5  strlen                                     
0000aac9  wcslen                                     
0000aadb  I2C_masterReceiveStart                     
0000aaeb  Interrupt_enableMaster                     
0000aafb  PCM_gotoLPM4                               
0000ab0d  SysCtl_disableNMISource                    
0000ab1d  SysCtl_enableNMISource                     
0000ab2d  StartCriticalSection                       
0000ab35  EndCriticalSection                         
0000ab3b  I2C_clearInterruptFlag                     
0000ab49  I2C_disableInterrupt                       
0000ab57  __TI_decompress_none                       
0000ab65  Reset_Handler                              
0000ab71  ADC14_IRQHandler                           
0000ab71  AES256_IRQHandler                          
0000ab71  BusFault_Handler                           
0000ab71  COMP_E0_IRQHandler                         
0000ab71  COMP_E1_IRQHandler                         
0000ab71  CS_IRQHandler                              
0000ab71  DMA_ERR_IRQHandler                         
0000ab71  DMA_INT0_IRQHandler                        
0000ab71  DMA_INT1_IRQHandler                        
0000ab71  DMA_INT2_IRQHandler                        
0000ab71  DMA_INT3_IRQHandler                        
0000ab71  DebugMon_Handler                           
0000ab71  Default_Handler                            
0000ab71  EUSCIA1_IRQHandler                         
0000ab71  EUSCIA2_IRQHandler                         
0000ab71  EUSCIA3_IRQHandler                         
0000ab71  EUSCIB0_IRQHandler                         
0000ab71  EUSCIB2_IRQHandler                         
0000ab71  EUSCIB3_IRQHandler                         
0000ab71  FLCTL_IRQHandler                           
0000ab71  FPU_IRQHandler                             
0000ab71  HardFault_Handler                          
0000ab71  MemManage_Handler                          
0000ab71  NMI_Handler                                
0000ab71  PCM_IRQHandler                             
0000ab71  PORT3_IRQHandler                           
0000ab71  PORT5_IRQHandler                           
0000ab71  PORT6_IRQHandler                           
0000ab71  PSS_IRQHandler                             
0000ab71  RTC_C_IRQHandler                           
0000ab71  SVC_Handler                                
0000ab71  T32_INT1_IRQHandler                        
0000ab71  T32_INT2_IRQHandler                        
0000ab71  T32_INTC_IRQHandler                        
0000ab71  TA0_0_IRQHandler                           
0000ab71  TA0_N_IRQHandler                           
0000ab71  TA1_0_IRQHandler                           
0000ab71  TA1_N_IRQHandler                           
0000ab71  TA2_0_IRQHandler                           
0000ab71  TA2_N_IRQHandler                           
0000ab71  TA3_0_IRQHandler                           
0000ab71  TA3_N_IRQHandler                           
0000ab71  UsageFault_Handler                         
0000ab71  WDT_A_IRQHandler                           
0000ab73  CPU_cpsie                                  
0000ab7f  I2C_disableModule                          
0000ab8b  I2C_enableModule                           
0000ab99  PCM_getPowerState                          
0000aba5  SysCtl_getNMISourceStatus                  
0000abb1  UART_enableModule                          
0000abbd  __TI_zero_init                             
0000abc9  LCD_Write_Data_Start                       
0000abd3  I2C_enableInterrupt                        
0000abdb  PCM_setCoreVoltageLevel                    
0000abe3  PCM_setPowerMode                           
0000abeb  PCM_setPowerState                          
0000abf5  __aeabi_errno_addr                         
0000abfd  CS_startHFXT                               
0000ac03  EUSCI_A_SPI_receiveData                    
0000ac09  EUSCI_B_SPI_receiveData                    
0000ac0f  I2C_getEnabledInterruptStatus              
0000ac15  I2C_getInterruptStatus                     
0000ac1b  I2C_masterReceiveMultiByteNext             
0000ac21  CPU_wfi                                    
0000ac25  EUSCI_A_SPI_transmitData                   
0000ac29  EUSCI_B_SPI_transmitData                   
0000ac2d  I2C_setSlaveAddress                        
0000ac31  _system_pre_init                           
0000ac35  C$$EXIT                                    
0000ac35  abort                                      
0000b228  _ctypes_                                   
0000b46c  _SlActionLookupTable                       
0000b538  g_H2NCnysPattern                           
0000b540  g_H2NSyncPattern                           
0000b568  _SlAcceptCmdCtrl                           
0000b56c  _SlDeviceGetCmdCtrl                        
0000b570  _SlDeviceSetCmdCtrl                        
0000b574  _SlEventMaskGetCmdCtrl                     
0000b578  _SlEventMaskSetCmdCtrl                     
0000b57c  _SlGetHostByNameCtrl                       
0000b580  _SlGetHostByServiceCtrl                    
0000b584  _SlGetServiceListeCtrl                     
0000b588  _SlGetSockOptCmdCtrl                       
0000b58c  _SlListenCmdCtrl                           
0000b590  _SlNetAppGetCmdCtrl                        
0000b594  _SlNetAppSendTokenValueCmdCtrl             
0000b598  _SlNetAppSetCmdCtrl                        
0000b59c  _SlNetAppStartCtrl                         
0000b5a0  _SlNetAppStopCtrl                          
0000b5a4  _SlNetCfgGetCmdCtrl                        
0000b5a8  _SlNetCfgSetCmdCtrl                        
0000b5ac  _SlPolicyGetCmdCtrl                        
0000b5b0  _SlPolicySetCmdCtrl                        
0000b5b4  _SlProfileDelCmdCtrl                       
0000b5b8  _SlProfileGetCmdCtrl                       
0000b5bc  _SlRecvCmdCtrl                             
0000b5c0  _SlRecvfomCmdCtrl                          
0000b5c4  _SlRegisterServiceCtrl                     
0000b5c8  _SlRxFilterAddtCmdCtrl                     
0000b5cc  _SlRxFilterGetCmdCtrl                      
0000b5d0  _SlRxFilterSetCmdCtrl                      
0000b5d4  _SlSelectCmdCtrl                           
0000b5d8  _SlSendCmdCtrl                             
0000b5dc  _SlSetSockOptCmdCtrl                       
0000b5e0  _SlSmartConfigStartCmdCtrl                 
0000b5e4  _SlSockCloseCmdCtrl                        
0000b5e8  _SlSockSocketCmdCtrl                       
0000b5ec  _SlStopCmdCtrl                             
0000b5f0  _SlWlanCfgGetCmdCtrl                       
0000b5f4  _SlWlanCfgSetCmdCtrl                       
0000b5f8  _SlWlanGetNetworkListCtrl                  
0000b5fc  _SlWlanSetModeCmdCtrl                      
0000b648  __TI_Handler_Table_Base                    
0000b654  __TI_Handler_Table_Limit                   
0000b660  __TI_CINIT_Base                            
0000b670  __TI_CINIT_Limit                           
20000000  __start___llvm_prf_cnts                    
20000000  __stop___llvm_prf_cnts                     
2000bc50  g_StatMem                                  
2000c094  g__SlNonOsCB                               
2000c0cc  ButtonFunction                             
2000c0d0  CurrentlyRunningThread                     
2000c0d4  LCDMutex                                   
2000c0d8  LEDMutex                                   
2000c0dc  SystemTime                                 
2000c0e0  ballMutex                                  
2000c0e4  counter0                                   
2000c0e8  counter1                                   
2000c0ec  counter2                                   
2000c0f0  g_ui32ByteCount                            
2000c0fc  pData                                      
2000c100  sensorMutex                                
2000c104  task0_ID                                   
2000c108  task1_ID                                   
2000c10c  task2_ID                                   
2000c110  IntIsMasked                                
2000c111  ui8DummyRead                               
2000c112  ui8Status                                  
2000c144  g_Status                                   
2000c148  retVal                                     
2000c14c  receivedAlready                            
2000c150  transmitedAlready                          
2000c154  SockIDRx                                   
2000c156  SockIDTx                                   
2000c158  i2cConfig                                  
2000c16c  g_pCB                                      
2000c170  pPingCallBackFunc                          
2000c174  gFirstCmdMode                              
2000c175  burstMode                                  
2000c178  pIraEventHandler                           
2000c17c  errno                                      
2000c180  SystemCoreClock                            
2000fe00  __stack                                    
20010000  __STACK_END                                
4000480c  WDTCTL_SYM                                 
ffffffff  __TI_pprof_out_hndl                        
ffffffff  __TI_prof_data_size                        
ffffffff  __TI_prof_data_start                       
ffffffff  __binit__                                  
ffffffff  __c_args__                                 
ffffffff  binit                                      
UNDEFED   __mpu_init                                 
UNDEFED   _system_post_cinit                         

[464 symbols]
