******************************************************************************
                  TI ARM Linker PC v20.2.4                     
******************************************************************************
>> Linked Mon Apr 12 23:31:04 2021

OUTPUT FILE NAME:   <Lab5.out>
ENTRY POINT SYMBOL: "_c_int00_noargs"  address: 000167d5


MEMORY CONFIGURATION

         name            origin    length      used     unused   attr    fill
----------------------  --------  ---------  --------  --------  ----  --------
  MAIN                  00000000   00040000  000176da  00028926  R  X
  INFO                  00200000   00004000  00000000  00004000  R  X
  SRAM_CODE             01000000   00010000  0000d86c  00002794  RW X
  SRAM_DATA             20000000   00010000  0000d86c  00002794  RW  


SEGMENT ALLOCATION MAP

run origin  load origin   length   init length attrs members
----------  ----------- ---------- ----------- ----- -------
00000000    00000000    000176e0   000176e0    r-x
  00000000    00000000    000000e4   000000e4    r-- .intvecs
  000000e4    000000e4    00016d7e   00016d7e    r-x .text
  00016e64    00016e64    000007f0   000007f0    r-- .const
  00017658    00017658    00000088   00000088    r-- .cinit
20000000    20000000    0000d670   00000000    rw-
  20000000    20000000    0000d1bc   00000000    rw- .bss
  2000d1c0    2000d1c0    000004b0   00000000    rw- .data
2000fe00    2000fe00    00000200   00000000    rw-
  2000fe00    2000fe00    00000200   00000000    rw- .stack


SECTION ALLOCATION MAP

 output                                  attributes/
section   page    origin      length       input sections
--------  ----  ----------  ----------   ----------------
.intvecs   0    00000000    000000e4     
                  00000000    000000e4     startup_msp432p401r_ccs.obj (.intvecs:retain)

.text      0    000000e4    00016d7e     
                  000000e4    0000d5e0     bmi160.obj (.text)
                  0000d6c4    00001810     bme280.obj (.text)
                  0000eed4    00001644     Threads.obj (.text)
                  00010518    00000c7c     G8RTOS_Scheduler.obj (.text)
                  00011194    00000c28     bmi160_support.obj (.text)
                  00011dbc    00000a4e     rtsv7M4_T_le_v4SPD16_eabi.lib : _printfi.c.obj (.text:__TI_printfi)
                  0001280a    00000002                                   : _lock.c.obj (.text:_nop)
                  0001280c    0000064c     LCDLib.obj (.text)
                  00012e58    00000360     i2c_driver.obj (.text)
                  000131b8    00000350     board.obj (.text)
                  00013508    00000334     system_msp432p401r.obj (.text)
                  0001383c    000002f8     BackChannelUart.obj (.text)
                  00013b34    000002e0     bme280_support.obj (.text)
                  00013e14    00000270     rtsv7M4_T_le_v4SPD16_eabi.lib : _printfi.c.obj (.text:_pconv_a)
                  00014084    00000234     tmp007.obj (.text)
                  000142b8    000001e4     RGBLeds.obj (.text)
                  0001449c    000001d0     rtsv7M4_T_le_v4SPD16_eabi.lib : _printfi.c.obj (.text:_pconv_g)
                  0001466c    000001b6                                   : fd_add_t2.asm.obj (.text)
                  00014822    000001a0     msp432p4xx_driverlib.lib : pcm.o (.text:__PCM_setPowerStateAdvanced)
                  000149c2    00000002     rtsv7M4_T_le_v4SPD16_eabi.lib : div0.asm.obj (.text)
                  000149c4    000001a0     main.obj (.text)
                  00014b64    00000178     Joystick.obj (.text)
                  00014cdc    0000013c     rtsv7M4_T_le_v4SPD16_eabi.lib : _printfi.c.obj (.text:_pconv_e)
                  00014e18    00000136                                   : fd_div_t2.asm.obj (.text)
                  00014f4e    00000002     --HOLE-- [fill = 0]
                  00014f50    00000124                                   : _printfi.c.obj (.text:fcvt)
                  00015074    00000110                                   : s_scalbn.c.obj (.text:scalbn)
                  00015184    00000104     msp432p4xx_driverlib.lib : cs.o (.text:CS_getDCOFrequency)
                  00015288    000000fe     opt3001.obj (.text)
                  00015386    000000fc     rtsv7M4_T_le_v4SPD16_eabi.lib : fd_mul_t2.asm.obj (.text)
                  00015482    00000002     --HOLE-- [fill = 0]
                  00015484    000000e0     msp432p4xx_driverlib.lib : cs.o (.text:CS_initClockSignal)
                  00015564    000000dc                              : pcm.o (.text:__PCM_setPowerModeAdvanced)
                  00015640    000000b1     rtsv7M4_T_le_v4SPD16_eabi.lib : _printfi.c.obj (.text:_ltostr)
                  000156f1    00000003     --HOLE-- [fill = 0]
                  000156f4    000000b0     msp432p4xx_driverlib.lib : pcm.o (.text:__PCM_setCoreVoltageLevelAdvanced)
                  000157a4    000000a4     G8RTOS_Semaphores.obj (.text)
                  00015848    000000a4     LCDLib.obj (.text:PutChar)
                  000158ec    0000009c     msp432p4xx_driverlib.lib : cs.o (.text:CS_startHFXTWithTimeout)
                  00015988    0000009c                              : cs.o (.text:_CSComputeCLKFrequency)
                  00015a24    0000009c     rtsv7M4_T_le_v4SPD16_eabi.lib : memcpy_t2.asm.obj (.text)
                  00015ac0    00000096                                   : ull_div_t2.asm.obj (.text)
                  00015b56    00000002     --HOLE-- [fill = 0]
                  00015b58    00000094     msp432p4xx_driverlib.lib : uart.o (.text:UART_initModule)
                  00015bec    00000086     rtsv7M4_T_le_v4SPD16_eabi.lib : fd_cmp_t2.asm.obj (.text:__aeabi_cdcmple)
                  00015c72    00000086                                   : fd_cmp_t2.asm.obj (.text:__aeabi_cdrcmple)
                  00015cf8    00000084     ClockSys.obj (.text)
                  00015d7c    0000007c     msp432p4xx_driverlib.lib : pcm.o (.text:PCM_gotoLPM3)
                  00015df8    0000007a     rtsv7M4_T_le_v4SPD16_eabi.lib : memset_t2.asm.obj (.text)
                  00015e72    00000002     --HOLE-- [fill = 0]
                  00015e74    00000070     msp432p4xx_driverlib.lib : cs.o (.text:_CSGetHFXTFrequency)
                  00015ee4    0000006e     rtsv7M4_T_le_v4SPD16_eabi.lib : _printfi.c.obj (.text:_mcpy)
                  00015f52    0000006e                                   : ll_div_t2.asm.obj (.text)
                  00015fc0    00000068                                   : copy_decompress_lzss.c.obj (.text:decompress:lzss:__TI_decompress_lzss)
                  00016028    00000064     msp432p4xx_driverlib.lib : interrupt.o (.text:Interrupt_disableInterrupt)
                  0001608c    00000064                              : interrupt.o (.text:Interrupt_enableInterrupt)
                  000160f0    00000064     rtsv7M4_T_le_v4SPD16_eabi.lib : s_frexp.c.obj (.text:frexp)
                  00016154    00000056                                   : _printfi.c.obj (.text:_pconv_f)
                  000161aa    00000054                                   : _ltoa.c.obj (.text:__TI_ltoa)
                  000161fe    00000052                                   : _printfi.c.obj (.text:_ecpy)
                  00016250    00000050     msp432p4xx_driverlib.lib : pcm.o (.text:PCM_shutdownDevice)
                  000162a0    00000050                              : sysctl.o (.text:SysCtl_getTLVInfo)
                  000162f0    0000004c                              : gpio.o (.text:GPIO_setAsPeripheralModuleFunctionOutputPin)
                  0001633c    0000004c                              : cs.o (.text:_CSGetDOCFrequency)
                  00016388    0000004c     rtsv7M4_T_le_v4SPD16_eabi.lib : atoi.c.obj (.text:atoi)
                  000163d4    0000004c                                   : snprintf.c.obj (.text:snprintf)
                  00016420    00000048     G8RTOS_SchedulerASM.obj (.text)
                  00016468    00000048     msp432p4xx_driverlib.lib : gpio.o (.text:GPIO_setAsPeripheralModuleFunctionInputPin)
                  000164b0    00000048     rtsv7M4_T_le_v4SPD16_eabi.lib : hosttime.c.obj (.text:HOSTtime)
                  000164f8    00000048     msp432p4xx_driverlib.lib : cs.o (.text:_CSGetDividerValue)
                  00016540    00000048     rtsv7M4_T_le_v4SPD16_eabi.lib : fd_toi_t2.asm.obj (.text)
                  00016588    00000044                                   : autoinit.c.obj (.text:__TI_auto_init_nobinit_nopinit:__TI_auto_init_nobinit_nopinit)
                  000165cc    00000040     AsciiLib.obj (.text)
                  0001660c    00000040     LCDLib.obj (.text:LCD_WriteData)
                  0001664c    0000003e     msp432p4xx_driverlib.lib : i2c.o (.text:I2C_initMaster)
                  0001668a    0000003e     rtsv7M4_T_le_v4SPD16_eabi.lib : _printfi.c.obj (.text:_fcpy)
                  000166c8    00000038     msp432p4xx_driverlib.lib : i2c.o (.text:I2C_masterSendMultiByteStart)
                  00016700    00000038     rtsv7M4_T_le_v4SPD16_eabi.lib : trgmsg.c.obj (.text:__TI_writemsg)
                  00016738    00000034     BSP.obj (.text)
                  0001676c    00000034     LCDLib.obj (.text:LCD_WriteIndex)
                  000167a0    00000034     rtsv7M4_T_le_v4SPD16_eabi.lib : trgmsg.c.obj (.text:__TI_readmsg)
                  000167d4    00000034                                   : boot_cortex_m.c.obj (.text:_c_int00_noargs:_c_int00_noargs)
                  00016808    00000034                                   : rand.c.obj (.text:rand)
                  0001683c    00000030     msp432p4xx_driverlib.lib : i2c.o (.text:I2C_masterSendMultiByteStop)
                  0001686c    00000030     rtsv7M4_T_le_v4SPD16_eabi.lib : snprintf.c.obj (.text:_outs)
                  0001689c    00000030     msp432p4xx_driverlib.lib : spi.o (.text:is_A_Module)
                  000168cc    0000002e     rtsv7M4_T_le_v4SPD16_eabi.lib : i_tofd_t2.asm.obj (.text)
                  000168fa    0000002c     msp432p4xx_driverlib.lib : pcm.o (.text:PCM_getCoreVoltageLevel)
                  00016926    0000002a                              : pcm.o (.text:PCM_getPowerMode)
                  00016950    00000028                              : flash.o (.text:FlashCtl_setWaitState)
                  00016978    00000028                              : pcm.o (.text:PCM_gotoLPM0)
                  000169a0    00000028     LCDLib.obj (.text:SPISendRecvTPByte)
                  000169c8    00000026     demo_sysctl.obj (.text)
                  000169ee    00000002     --HOLE-- [fill = 0]
                  000169f0    00000024     msp432p4xx_driverlib.lib : cs.o (.text:CS_clearInterruptFlag)
                  00016a14    00000024                              : cs.o (.text:CS_setDCOCenteredFrequency)
                  00016a38    00000024                              : i2c.o (.text:I2C_masterSendMultiByteNext)
                  00016a5c    00000024                              : interrupt.o (.text:Interrupt_setPriority)
                  00016a80    00000024                              : rtc_c.o (.text:RTC_C_holdClock)
                  00016aa4    00000024                              : uart.o (.text:UART_transmitData)
                  00016ac8    00000024     rtsv7M4_T_le_v4SPD16_eabi.lib : rand.c.obj (.text:srand)
                  00016aec    00000020     LCDLib.obj (.text:LCD_SetCursor)
                  00016b0c    00000020     LCDLib.obj (.text:LCD_Write_Data_Only)
                  00016b2c    00000020     msp432p4xx_driverlib.lib : spi.o (.text:SPI_transmitData)
                  00016b4c    0000001c     LCDLib.obj (.text:LCD_WriteReg)
                  00016b68    0000001c     LCDLib.obj (.text:SPISendRecvByte)
                  00016b84    0000001c     rtsv7M4_T_le_v4SPD16_eabi.lib : memccpy.c.obj (.text:memccpy)
                  00016ba0    0000001a     msp432p4xx_driverlib.lib : spi.o (.text:SPI_receiveData)
                  00016bba    0000001a     rtsv7M4_T_le_v4SPD16_eabi.lib : s_copysign.c.obj (.text:copysign)
                  00016bd4    00000018     msp432p4xx_driverlib.lib : cs.o (.text:CS_getMCLK)
                  00016bec    00000018                              : cs.o (.text:CS_getSMCLK)
                  00016c04    00000018                              : wdt_a.o (.text:WDT_A_clearTimer)
                  00016c1c    00000018                              : wdt_a.o (.text:WDT_A_holdTimer)
                  00016c34    00000018     rtsv7M4_T_le_v4SPD16_eabi.lib : snprintf.c.obj (.text:_outc)
                  00016c4c    00000018                                   : ll_mul_t2.asm.obj (.text)
                  00016c64    00000016                                   : strchr.c.obj (.text:strchr)
                  00016c7a    00000002     --HOLE-- [fill = 0]
                  00016c7c    00000014     msp432p4xx_driverlib.lib : cs.o (.text:CS_setExternalClockSourceFrequency)
                  00016c90    00000014                              : i2c.o (.text:I2C_isBusBusy)
                  00016ca4    00000014                              : systick.o (.text:SysTick_enableInterrupt)
                  00016cb8    00000014     rtsv7M4_T_le_v4SPD16_eabi.lib : strcpy.c.obj (.text:strcpy)
                  00016ccc    00000014                                   : strlen.c.obj (.text:strlen)
                  00016ce0    00000012                                   : wcslen.c.obj (.text:wcslen)
                  00016cf2    00000010     msp432p4xx_driverlib.lib : i2c.o (.text:I2C_masterReceiveStart)
                  00016d02    00000010                              : interrupt.o (.text:Interrupt_enableMaster)
                  00016d12    00000010                              : pcm.o (.text:PCM_gotoLPM4)
                  00016d22    00000002     --HOLE-- [fill = 0]
                  00016d24    00000010                              : sysctl.o (.text:SysCtl_disableNMISource)
                  00016d34    00000010                              : sysctl.o (.text:SysCtl_enableNMISource)
                  00016d44    0000000e     G8RTOS_CriticalSection.obj (.text)
                  00016d52    0000000e     msp432p4xx_driverlib.lib : i2c.o (.text:I2C_clearInterruptFlag)
                  00016d60    0000000e                              : i2c.o (.text:I2C_disableInterrupt)
                  00016d6e    0000000e     rtsv7M4_T_le_v4SPD16_eabi.lib : time.c.obj (.text:__time32)
                  00016d7c    0000000e                                   : copy_decompress_none.c.obj (.text:decompress:none:__TI_decompress_none)
                  00016d8a    0000000e     startup_msp432p401r_ccs.obj (.text)
                  00016d98    0000000c     msp432p4xx_driverlib.lib : cpu.o (.text:CPU_cpsie)
                  00016da4    0000000c                              : i2c.o (.text:I2C_disableModule)
                  00016db0    0000000c                              : i2c.o (.text:I2C_enableModule)
                  00016dbc    0000000c                              : pcm.o (.text:PCM_getPowerState)
                  00016dc8    0000000c                              : sysctl.o (.text:SysCtl_getNMISourceStatus)
                  00016dd4    0000000c                              : uart.o (.text:UART_enableModule)
                  00016de0    0000000c     rtsv7M4_T_le_v4SPD16_eabi.lib : copy_zero_init.c.obj (.text:decompress:ZI:__TI_zero_init)
                  00016dec    0000000a     LCDLib.obj (.text:LCD_Write_Data_Start)
                  00016df6    00000008     msp432p4xx_driverlib.lib : i2c.o (.text:I2C_enableInterrupt)
                  00016dfe    00000008                              : pcm.o (.text:PCM_setCoreVoltageLevel)
                  00016e06    00000008                              : pcm.o (.text:PCM_setPowerMode)
                  00016e0e    00000008                              : pcm.o (.text:PCM_setPowerState)
                  00016e16    00000002     --HOLE-- [fill = 0]
                  00016e18    00000008     rtsv7M4_T_le_v4SPD16_eabi.lib : errno.c.obj (.text:__aeabi_errno_addr)
                  00016e20    00000006     msp432p4xx_driverlib.lib : cs.o (.text:CS_startHFXT)
                  00016e26    00000006                              : spi.o (.text:EUSCI_A_SPI_receiveData)
                  00016e2c    00000006                              : spi.o (.text:EUSCI_B_SPI_receiveData)
                  00016e32    00000006                              : i2c.o (.text:I2C_getEnabledInterruptStatus)
                  00016e38    00000006                              : i2c.o (.text:I2C_getInterruptStatus)
                  00016e3e    00000006                              : i2c.o (.text:I2C_masterReceiveMultiByteNext)
                  00016e44    00000006     demo_sysctl.obj (.text:SysCtlDelay)
                  00016e4a    00000004     msp432p4xx_driverlib.lib : cpu.o (.text:CPU_wfi)
                  00016e4e    00000004                              : spi.o (.text:EUSCI_A_SPI_transmitData)
                  00016e52    00000004                              : spi.o (.text:EUSCI_B_SPI_transmitData)
                  00016e56    00000004                              : i2c.o (.text:I2C_setSlaveAddress)
                  00016e5a    00000004     rtsv7M4_T_le_v4SPD16_eabi.lib : pre_init.c.obj (.text:_system_pre_init)
                  00016e5e    00000004                                   : exit.c.obj (.text:abort:abort)

.const     0    00016e64    000007f0     
                  00016e64    000005f0     AsciiLib.obj (.const:AsciiLib)
                  00017454    00000101     rtsv7M4_T_le_v4SPD16_eabi.lib : ctype.c.obj (.const:.string:_ctypes_)
                  00017555    00000003     bmi160.obj (.const:.string:INVALID_OFFSET)
                  00017558    00000050     msp432p4xx_driverlib.lib : interrupt.o (.const:g_pulRegs)
                  000175a8    00000040                              : interrupt.o (.const)
                  000175e8    00000024     main.obj (.const:Uart115200Config)
                  0001760c    00000024     BackChannelUart.obj (.const:backChannelUart115200Config)
                  00017630    0000000c     bmi160.obj (.const:yas532_version_ac_coef)
                  0001763c    00000008     bmi160.obj (.const:v_calib_data$2)
                  00017644    00000006     Threads.obj (.const:.string:$P$T0$1)
                  0001764a    00000005     bme280_support.obj (.const:.string:$P$T0$1)
                  0001764f    00000005     bmi160.obj (.const:.string:v_correct_u8$1)

.cinit     0    00017658    00000088     
                  00017658    0000005e     (.cinit..data.load) [load image, compression = lzss]
                  000176b6    00000002     --HOLE-- [fill = 0]
                  000176b8    0000000c     (__TI_handler_table)
                  000176c4    00000004     --HOLE-- [fill = 0]
                  000176c8    00000008     (.cinit..bss.load) [load image, compression = zero_init]
                  000176d0    00000010     (__TI_cinit_table)

.init_array 
*          0    00000000    00000000     UNINITIALIZED

.binit     0    00000000    00000000     

.bss       0    20000000    0000d1bc     UNINITIALIZED
                  20000000    0000b800     G8RTOS_Scheduler.obj (.bss:threadStacks)
                  2000b800    00000450     G8RTOS_Scheduler.obj (.bss:threadControlBlocks)
                  2000bc50    00000400     (.common:snakeBuffer)
                  2000c050    0000036c     (.common:accel_fifo)
                  2000c3bc    0000036c     (.common:gyro_fifo)
                  2000c728    0000036c     (.common:mag_fifo)
                  2000ca94    00000190     (.common:ballArray)
                  2000cc24    00000150     G8RTOS_Scheduler.obj (.bss:FIFOs)
                  2000cd74    00000120     rtsv7M4_T_le_v4SPD16_eabi.lib : trgmsg.c.obj (.bss:_CIOBUF_)
                  2000ce94    00000100     BackChannelUart.obj (.bss:backChannelStringBuff)
                  2000cf94    00000090     G8RTOS_Scheduler.obj (.bss:periodicEvents)
                  2000d024    00000070     bmi160.obj (.bss:yas532_data)
                  2000d094    00000040     (.common:lightData)
                  2000d0d4    0000003c     (.common:bme280)
                  2000d110    00000014     (.common:s_bmi160)
                  2000d124    00000010     bmi160.obj (.bss:mag_trim)
                  2000d134    0000000c     G8RTOS_Scheduler.obj (.bss)
                  2000d140    00000008     (.common:parmbuf)
                  2000d148    00000006     (.common:accelxyz)
                  2000d14e    00000006     (.common:gyroxyz)
                  2000d154    00000004     bme280.obj (.bss)
                  2000d158    00000004     bmi160.obj (.bss)
                  2000d15c    00000004     tmp007.obj (.bss:buf)
                  2000d160    00000004     (.common:ButtonFunction)
                  2000d164    00000004     (.common:CurrentlyRunningThread)
                  2000d168    00000004     (.common:LCDMutex)
                  2000d16c    00000004     (.common:LEDMutex)
                  2000d170    00000004     (.common:SystemTime)
                  2000d174    00000004     (.common:counter0)
                  2000d178    00000004     (.common:counter1)
                  2000d17c    00000004     (.common:counter2)
                  2000d180    00000004     (.common:g_ui32ByteCount)
                  2000d184    00000004     (.common:hfxtFreq)
                  2000d188    00000004     (.common:joystickID)
                  2000d18c    00000004     (.common:lfxtFreq)
                  2000d190    00000004     (.common:pData)
                  2000d194    00000004     (.common:sem_LED)
                  2000d198    00000004     (.common:sem_sensor)
                  2000d19c    00000004     (.common:sensorMutex)
                  2000d1a0    00000004     (.common:snakeID)
                  2000d1a4    00000004     (.common:task0_ID)
                  2000d1a8    00000004     (.common:task1_ID)
                  2000d1ac    00000004     (.common:task2_ID)
                  2000d1b0    00000003     bmi160.obj (.bss:akm_asa_data)
                  2000d1b3    00000001     (.common:IntIsMasked)
                  2000d1b4    00000002     tmp007.obj (.bss)
                  2000d1b6    00000002     (.common:joyX)
                  2000d1b8    00000002     (.common:joyY)
                  2000d1ba    00000001     (.common:ui8DummyRead)
                  2000d1bb    00000001     (.common:ui8Status)

.data      0    2000d1c0    000004b0     UNINITIALIZED
                  2000d1c0    00000400     bmi160.obj (.data:v_fifo_data_u8)
                  2000d5c0    00000030     msp432p4xx_driverlib.lib : gpio.o (.data:GPIO_PORT_TO_BASE)
                  2000d5f0    00000024     Threads.obj (.data)
                  2000d614    00000004     board.obj (.data)
                  2000d618    00000020     Threads.obj (.data:coins_counter)
                  2000d638    00000014     i2c_driver.obj (.data:i2cConfig)
                  2000d64c    00000008     rtsv7M4_T_le_v4SPD16_eabi.lib : _lock.c.obj (.data:$O1$$)
                  2000d654    00000008     bmi160.obj (.data)
                  2000d65c    00000004     Threads.obj (.data:coins)
                  2000d660    00000004     rtsv7M4_T_le_v4SPD16_eabi.lib : errno.c.obj (.data)
                  2000d664    00000004                                   : rand.c.obj (.data)
                  2000d668    00000004     system_msp432p401r.obj (.data)
                  2000d66c    00000003     Threads.obj (.data:toggle)
                  2000d66f    00000001     i2c_driver.obj (.data)

.stack     0    2000fe00    00000200     UNINITIALIZED
                  2000fe00    00000004     rtsv7M4_T_le_v4SPD16_eabi.lib : boot_cortex_m.c.obj (.stack)
                  2000fe04    000001fc     --HOLE--

__llvm_prf_cnts 
*          0    20000000    00000000     UNINITIALIZED

MODULE SUMMARY

       Module                        code    ro data   rw data
       ------                        ----    -------   -------
    .\
       LCDLib.obj                    2062    0         0      
       system_msp432p401r.obj        820     0         8      
       main.obj                      416     36        48     
       startup_msp432p401r_ccs.obj   14      228       0      
       Game.obj                      0       0         16     
    +--+-----------------------------+-------+---------+---------+
       Total:                        3312    264       72     
                                                              
    .\BoardSupportPackage\src\
       bmi160.obj                    54752   28        7590   
       bme280.obj                    6160    0         8      
       bmi160_support.obj            3112    0         64     
       AsciiLib.obj                  64      1520      0      
       BackChannelUart.obj           760     36        512    
       i2c_driver.obj                864     0         62     
       bme280_support.obj            736     5         120    
       tmp007.obj                    564     0         12     
       RGBLeds.obj                   484     0         0      
       Joystick.obj                  376     0         8      
       opt3001.obj                   254     0         0      
       ClockSys.obj                  132     0         0      
       BSP.obj                       52      0         0      
       demo_sysctl.obj               44      0         0      
    +--+-----------------------------+-------+---------+---------+
       Total:                        68354   1589      8376   
                                                              
    .\CC3100SupportPackage\board\
       board.obj                     848     0         10     
    +--+-----------------------------+-------+---------+---------+
       Total:                        848     0         10     
                                                              
    .\G8RTOS_Empty_Lab2\
       G8RTOS_Scheduler.obj          3196    0         97416  
       Threads.obj                   5700    6         3174   
       G8RTOS_Semaphores.obj         164     0         0      
       G8RTOS_SchedulerASM.obj       72      0         0      
       G8RTOS_CriticalSection.obj    14      0         0      
    +--+-----------------------------+-------+---------+---------+
       Total:                        9146    6         100590 
                                                              
    ../BoardSupportPackage/DriverLib/msp432p4xx_driverlib.lib
       cs.o                          1202    0         16     
       pcm.o                         1194    0         0      
       interrupt.o                   252     144       0      
       i2c.o                         320     0         0      
       gpio.o                        148     0         96     
       uart.o                        196     0         0      
       spi.o                         126     0         0      
       sysctl.o                      124     0         0      
       wdt_a.o                       48      0         0      
       flash.o                       40      0         0      
       rtc_c.o                       36      0         0      
       systick.o                     20      0         0      
       cpu.o                         16      0         0      
    +--+-----------------------------+-------+---------+---------+
       Total:                        3722    144       112    
                                                              
    C:\ti\ccs1011\ccs\tools\compiler\ti-cgt-arm_20.2.4.LTS\lib\rtsv7M4_T_le_v4SPD16_eabi.lib
       _printfi.c.obj                4851    0         0      
       trgmsg.c.obj                  108     0         576    
       fd_add_t2.asm.obj             438     0         0      
       fd_div_t2.asm.obj             310     0         0      
       s_scalbn.c.obj                272     0         0      
       fd_cmp_t2.asm.obj             268     0         0      
       ctype.c.obj                   0       257       0      
       fd_mul_t2.asm.obj             252     0         0      
       memcpy_t2.asm.obj             156     0         0      
       ull_div_t2.asm.obj            150     0         0      
       snprintf.c.obj                148     0         0      
       memset_t2.asm.obj             122     0         0      
       ll_div_t2.asm.obj             110     0         0      
       copy_decompress_lzss.c.obj    104     0         0      
       s_frexp.c.obj                 100     0         0      
       rand.c.obj                    88      0         8      
       _ltoa.c.obj                   84      0         0      
       atoi.c.obj                    76      0         0      
       fd_toi_t2.asm.obj             72      0         0      
       hosttime.c.obj                72      0         0      
       autoinit.c.obj                68      0         0      
       boot_cortex_m.c.obj           52      0         0      
       i_tofd_t2.asm.obj             46      0         0      
       memccpy.c.obj                 28      0         0      
       s_copysign.c.obj              26      0         0      
       ll_mul_t2.asm.obj             24      0         0      
       strchr.c.obj                  22      0         0      
       strcpy.c.obj                  20      0         0      
       strlen.c.obj                  20      0         0      
       _lock.c.obj                   2       0         16     
       wcslen.c.obj                  18      0         0      
       errno.c.obj                   8       0         8      
       hostopen.c.obj                0       0         16     
       copy_decompress_none.c.obj    14      0         0      
       time.c.obj                    14      0         0      
       copy_zero_init.c.obj          12      0         0      
       exit.c.obj                    4       0         0      
       pre_init.c.obj                4       0         0      
       div0.asm.obj                  2       0         0      
    +--+-----------------------------+-------+---------+---------+
       Total:                        8165    257       624    
                                                              
       Stack:                        0       0         1024   
       Linker Generated:             0       130       0      
    +--+-----------------------------+-------+---------+---------+
       Grand Total:                  93547   2390      110808 


LINKER GENERATED COPY TABLES

__TI_cinit_table @ 000176d0 records: 2, size/record: 8, table size: 16
	.data: load addr=00017658, load size=0000005e bytes, run addr=2000d1c0, run size=000004b0 bytes, compression=lzss
	.bss: load addr=000176c8, load size=00000008 bytes, run addr=20000000, run size=0000d1bc bytes, compression=zero_init


LINKER GENERATED HANDLER TABLE

__TI_handler_table @ 000176b8 records: 3, size/record: 4, table size: 12
	index: 0, handler: __TI_decompress_lzss
	index: 1, handler: __TI_decompress_none
	index: 2, handler: __TI_zero_init


GLOBAL SYMBOLS: SORTED ALPHABETICALLY BY Name 

address   name                                                  
-------   ----                                                  
00016d97  ADC14_IRQHandler                                      
00016d97  AES256_IRQHandler                                     
00013cd5  BME280_I2C_bus_read                                   
00013ca9  BME280_I2C_bus_write                                  
00013d01  BME280_SPI_bus_read                                   
00013d67  BME280_SPI_bus_write                                  
00013dd7  BME280_delay_msek                                     
00016739  BSP_InitBoard                                         
000138e1  BackChannelEventTrigger                               
0001385b  BackChannelInit                                       
000138f9  BackChannelOpt3001PrintRaw                            
00013877  BackChannelPrint                                      
000138c3  BackChannelPrintIntVariable                           
0000f9db  BackgroundThread0                                     
0000fa3f  BackgroundThread1                                     
0000fa95  BackgroundThread2                                     
0000faf5  BackgroundThread3                                     
0000fbbd  BackgroundThread4                                     
0001393b  BackupChannelBmi160PrintAccel                         
00013967  BackupChannelBmi160PrintGyro                          
00013993  BackupChannelBmi160PrintMag                           
00013915  BackupChannelTmp007PrintRaw                           
0000f0e5  Ball                                                  
00016d97  BusFault_Handler                                      
2000d160  ButtonFunction                                        
00016e5f  C$$EXIT                                               
0001672f  C$$IO$$                                               
0001320f  CC3100_InterruptDisable                               
000131e5  CC3100_InterruptEnable                                
000131cd  CC3100_disable                                        
000131d9  CC3100_enable                                         
00016d97  COMP_E0_IRQHandler                                    
00016d97  COMP_E1_IRQHandler                                    
00016d99  CPU_cpsie                                             
00016e4b  CPU_wfi                                               
00016d97  CS_IRQHandler                                         
000169f1  CS_clearInterruptFlag                                 
00015185  CS_getDCOFrequency                                    
00016bd5  CS_getMCLK                                            
00016bed  CS_getSMCLK                                           
00015485  CS_initClockSignal                                    
00016a15  CS_setDCOCenteredFrequency                            
00016c7d  CS_setExternalClockSourceFrequency                    
00016e21  CS_startHFXT                                          
000158ed  CS_startHFXTWithTimeout                               
00015d67  ClockSys_GetSysFreq                                   
00015cf9  ClockSys_SetMaxFreq                                   
2000d164  CurrentlyRunningThread                                
00016d97  DMA_ERR_IRQHandler                                    
00016d97  DMA_INT0_IRQHandler                                   
00016d97  DMA_INT1_IRQHandler                                   
00016d97  DMA_INT2_IRQHandler                                   
00016d97  DMA_INT3_IRQHandler                                   
00016d97  DebugMon_Handler                                      
00016d97  Default_Handler                                       
0001346b  Delay                                                 
000169c9  DelayMs                                               
00014c45  Disable_Joystick_Interrupt                            
000134b9  EUSCIA0_IRQHandler                                    
000134b9  EUSCIA0_IRQHandler                                    
00016d97  EUSCIA1_IRQHandler                                    
00016d97  EUSCIA2_IRQHandler                                    
00016d97  EUSCIA3_IRQHandler                                    
00016d97  EUSCIB0_IRQHandler                                    
000130f1  EUSCIB1_IRQHandler                                    
000130f1  EUSCIB1_IRQHandler                                    
00016d97  EUSCIB2_IRQHandler                                    
00016d97  EUSCIB3_IRQHandler                                    
00016e27  EUSCI_A_SPI_receiveData                               
00016e4f  EUSCI_A_SPI_transmitData                              
00016e2d  EUSCI_B_SPI_receiveData                               
00016e53  EUSCI_B_SPI_transmitData                              
00016d4d  EndCriticalSection                                    
00016d97  FLCTL_IRQHandler                                      
00016d97  FPU_IRQHandler                                        
00016951  FlashCtl_setWaitState                                 
00011091  G8RTOS_AddAPeriodicEvent                              
00010c95  G8RTOS_AddPeriodicEvent                               
000107d1  G8RTOS_AddThread                                      
00010f21  G8RTOS_GetThreadId                                    
000106f3  G8RTOS_Init                                           
000157a5  G8RTOS_InitSemaphore                                  
000110e5  G8RTOS_KillOthers                                     
0001101d  G8RTOS_KillSelf                                       
00010f51  G8RTOS_KillThread                                     
0001072b  G8RTOS_Launch                                         
000105eb  G8RTOS_Scheduler                                      
000157fb  G8RTOS_SignalSemaphore                                
00016425  G8RTOS_Start                                          
000157c3  G8RTOS_WaitSemaphore                                  
00016469  GPIO_setAsPeripheralModuleFunctionInputPin            
000162f1  GPIO_setAsPeripheralModuleFunctionOutputPin           
000165cd  GetASCIICode                                          
00014c5b  GetJoystickCoordinates                                
000133b7  GetLEDStatus                                          
000164b1  HOSTtime                                              
00016d97  HardFault_Handler                                     
00016d53  I2C_clearInterruptFlag                                
00016d61  I2C_disableInterrupt                                  
00016da5  I2C_disableModule                                     
00016df7  I2C_enableInterrupt                                   
00016db1  I2C_enableModule                                      
00016e33  I2C_getEnabledInterruptStatus                         
00016e39  I2C_getInterruptStatus                                
0001664d  I2C_initMaster                                        
00016c91  I2C_isBusBusy                                         
00016e3f  I2C_masterReceiveMultiByteNext                        
00016cf3  I2C_masterReceiveStart                                
00016a39  I2C_masterSendMultiByteNext                           
000166c9  I2C_masterSendMultiByteStart                          
0001683d  I2C_masterSendMultiByteStop                           
00013c77  I2C_routine                                           
00016e57  I2C_setSlaveAddress                                   
0000f0b5  Idle                                                  
2000d1b3  IntIsMasked                                           
00016029  Interrupt_disableInterrupt                            
0001608d  Interrupt_enableInterrupt                             
00016d03  Interrupt_enableMaster                                
00016a5d  Interrupt_setPriority                                 
00014b91  Joystick_Init_Without_Interrupt                       
00014bef  Joystick_Push_Button_Init_With_Interrupt              
2000d168  LCDMutex                                              
0000ef7d  LCDTap                                                
00012abb  LCD_Clear                                             
000128cf  LCD_DrawRectangle                                     
00012b39  LCD_Init                                              
00016aed  LCD_SetCursor                                         
00012ad7  LCD_SetPoint                                          
00012a21  LCD_Text                                              
0001660d  LCD_WriteData                                         
0001676d  LCD_WriteIndex                                        
00016b4d  LCD_WriteReg                                          
00016b0d  LCD_Write_Data_Only                                   
00016ded  LCD_Write_Data_Start                                  
2000d16c  LEDMutex                                              
000142b9  LP3943_LedModeSet                                     
0001322d  MaskIntHdlr                                           
00016d97  MemManage_Handler                                     
00016d97  NMI_Handler                                           
00010c5f  OS_Sleep                                              
00016d97  PCM_IRQHandler                                        
000168fb  PCM_getCoreVoltageLevel                               
00016927  PCM_getPowerMode                                      
00016dbd  PCM_getPowerState                                     
00016979  PCM_gotoLPM0                                          
00015d7d  PCM_gotoLPM3                                          
00016d13  PCM_gotoLPM4                                          
00016dff  PCM_setCoreVoltageLevel                               
00016e07  PCM_setPowerMode                                      
00016e0f  PCM_setPowerState                                     
00016251  PCM_shutdownDevice                                    
00013469  PORT1_IRQHandler                                      
00013469  PORT1_IRQHandler                                      
00013493  PORT2_IRQHandler                                      
00013493  PORT2_IRQHandler                                      
00016d97  PORT3_IRQHandler                                      
00014a55  PORT4_IRQHandler                                      
00014a55  PORT4_IRQHandler                                      
00016d97  PORT5_IRQHandler                                      
00016d97  PORT6_IRQHandler                                      
00016d97  PSS_IRQHandler                                        
0001013d  PThread_Display                                       
00010161  PThread_Enemy_Dir                                     
0001643f  PendSV_Handler                                        
0001643f  PendSV_Handler                                        
0000fce1  Pthread0                                              
0000fd29  Pthread1                                              
00015849  PutChar                                               
00016d97  RTC_C_IRQHandler                                      
00016a81  RTC_C_holdClock                                       
0000ef53  ReadAccel                                             
00016d8b  Reset_Handler                                         
00016b69  SPISendRecvByte                                       
000169a1  SPISendRecvTPByte                                     
00016ba1  SPI_receiveData                                       
00013c93  SPI_routine                                           
00016b2d  SPI_transmitData                                      
00016d97  SVC_Handler                                           
00013425  SelAntenna                                            
00016d45  StartCriticalSection                                  
00016e45  SysCtlDelay                                           
00016d25  SysCtl_disableNMISource                               
00016d35  SysCtl_enableNMISource                                
00016dc9  SysCtl_getNMISourceStatus                             
000162a1  SysCtl_getTLVInfo                                     
0001064d  SysTick_Handler                                       
0001064d  SysTick_Handler                                       
00016ca5  SysTick_enableInterrupt                               
2000d668  SystemCoreClock                                       
00013509  SystemCoreClockUpdate                                 
00013781  SystemInit                                            
2000d170  SystemTime                                            
00016d97  T32_INT1_IRQHandler                                   
00016d97  T32_INT2_IRQHandler                                   
00016d97  T32_INTC_IRQHandler                                   
00016d97  TA0_0_IRQHandler                                      
00016d97  TA0_N_IRQHandler                                      
00016d97  TA1_0_IRQHandler                                      
00016d97  TA1_N_IRQHandler                                      
00016d97  TA2_0_IRQHandler                                      
00016d97  TA2_N_IRQHandler                                      
00016d97  TA3_0_IRQHandler                                      
00016d97  TA3_N_IRQHandler                                      
00012d63  TP_ReadXY                                             
0000ffcd  Thread_Coins                                          
0000ff0d  Thread_Enemy                                          
000100bd  Thread_LEDs                                           
0000fea5  Thread_Player_Read                                    
0000fe63  Thread_Player_Write                                   
00016dd5  UART_enableModule                                     
00015b59  UART_initModule                                       
00016aa5  UART_transmitData                                     
00013235  UnMaskIntHdlr                                         
00016d97  UsageFault_Handler                                    
2000d654  V_bmm150_maual_auto_condition_u8                      
2000d658  V_fifo_time_U32                                       
4000480c  WDTCTL_SYM                                            
00016d97  WDT_A_IRQHandler                                      
00016c05  WDT_A_clearTimer                                      
00016c1d  WDT_A_holdTimer                                       
0000ef97  WaitForTap                                            
0000fcdf  YoloSwag                                              
2000cd74  __CIOBUF_                                             
20010000  __STACK_END                                           
00000200  __STACK_SIZE                                          
000176d0  __TI_CINIT_Base                                       
000176e0  __TI_CINIT_Limit                                      
000176b8  __TI_Handler_Table_Base                               
000176c4  __TI_Handler_Table_Limit                              
00016589  __TI_auto_init_nobinit_nopinit                        
00015fc1  __TI_decompress_lzss                                  
00016d7d  __TI_decompress_none                                  
000161ab  __TI_ltoa                                             
ffffffff  __TI_pprof_out_hndl                                   
00011dbd  __TI_printfi                                          
ffffffff  __TI_prof_data_size                                   
ffffffff  __TI_prof_data_start                                  
000167a1  __TI_readmsg                                          
00000000  __TI_static_base__                                    
00016701  __TI_writemsg                                         
00016de1  __TI_zero_init                                        
00015bed  __aeabi_cdcmpeq                                       
00015bed  __aeabi_cdcmple                                       
00015c73  __aeabi_cdrcmple                                      
00016541  __aeabi_d2iz                                          
00014677  __aeabi_dadd                                          
00014e19  __aeabi_ddiv                                          
00015387  __aeabi_dmul                                          
0001466d  __aeabi_dsub                                          
00016e19  __aeabi_errno_addr                                    
000168cd  __aeabi_i2d                                           
000149c3  __aeabi_idiv0                                         
000149c3  __aeabi_ldiv0                                         
00015f53  __aeabi_ldivmod                                       
00016c4d  __aeabi_lmul                                          
00015df9  __aeabi_memclr                                        
00015df9  __aeabi_memclr4                                       
00015df9  __aeabi_memclr8                                       
00015a25  __aeabi_memcpy                                        
00015a25  __aeabi_memcpy4                                       
00015a25  __aeabi_memcpy8                                       
00015dfb  __aeabi_memset                                        
00015dfb  __aeabi_memset4                                       
00015dfb  __aeabi_memset8                                       
00015ac1  __aeabi_uldivmod                                      
ffffffff  __binit__                                             
ffffffff  __c_args__                                            
UNDEFED   __mpu_init                                            
2000fe00  __stack                                               
20000000  __start___llvm_prf_cnts                               
20000000  __stop___llvm_prf_cnts                                
00016d6f  __time32                                              
000167d5  _c_int00_noargs                                       
00017454  _ctypes_                                              
2000d64c  _lock                                                 
0001280b  _nop                                                  
UNDEFED   _system_post_cinit                                    
00016e5b  _system_pre_init                                      
2000d650  _unlock                                               
00016e5f  abort                                                 
2000d5fe  accelX                                                
2000d600  accelY                                                
2000c050  accel_fifo                                            
2000d148  accelxyz                                              
00016389  atoi                                                  
2000ca94  ballArray                                             
ffffffff  binit                                                 
2000d0d4  bme280                                                
0000da03  bme280_compensate_humidity_int32                      
0000dab9  bme280_compensate_humidity_int32_sixteen_bit_output   
0000d87d  bme280_compensate_pressure_int32                      
0000ec41  bme280_compensate_pressure_int64                      
0000ee43  bme280_compensate_pressure_int64_twentyfour_bit_output
0000d77b  bme280_compensate_temperature_int32                   
0000d7f3  bme280_compensate_temperature_int32_sixteen_bit_output
0000ee5d  bme280_compute_wait_time                              
00013b35  bme280_data_readout_template                          
0000dbd3  bme280_get_calib_param                                
0000e693  bme280_get_filter                                     
0000e9f7  bme280_get_forced_uncomp_pressure_temperature_humidity
0000e0ef  bme280_get_oversamp_humidity                          
0000df37  bme280_get_oversamp_pressure                          
0000dd75  bme280_get_oversamp_temperature                       
0000e2dd  bme280_get_power_mode                                 
0000e4e5  bme280_get_spi3                                       
0000e847  bme280_get_standby_durn                               
0000d6c5  bme280_init                                           
00013c21  bme280_initialize_sensor                              
0000db73  bme280_read_pressure_temperature_humidity             
0000ebfb  bme280_read_register                                  
0000d9ad  bme280_read_uncomp_humidity                           
0000d81d  bme280_read_uncomp_pressure                           
0000dae1  bme280_read_uncomp_pressure_temperature_humidity      
0000d71b  bme280_read_uncomp_temperature                        
0000e6e3  bme280_set_filter                                     
0000e149  bme280_set_oversamp_humidity                          
0000df93  bme280_set_oversamp_pressure                          
0000ddd1  bme280_set_oversamp_temperature                       
0000e32b  bme280_set_power_mode                                 
0000e4a5  bme280_set_soft_rst                                   
0000e533  bme280_set_spi3                                       
0000e897  bme280_set_standby_durn                               
0000ebb5  bme280_write_register                                 
00007511  bmi160_accel_foc_trigger_xyz                          
0000ac11  bmi160_bmm150_mag_compensate_X                        
0000acbb  bmi160_bmm150_mag_compensate_Y                        
0000ad65  bmi160_bmm150_mag_compensate_Z                        
0000abb5  bmi160_bmm150_mag_compensate_xyz                      
0000ae05  bmi160_bmm150_mag_interface_init                      
0000b2a7  bmi160_bmm150_mag_set_power_mode                      
0000b0b1  bmi160_bmm150_mag_wakeup                              
0000c00d  bmi160_bst_akm_compensate_X                           
0000c03f  bmi160_bst_akm_compensate_Y                           
0000c071  bmi160_bst_akm_compensate_Z                           
0000c0a3  bmi160_bst_akm_compensate_xyz                         
0000bc05  bmi160_bst_akm_mag_interface_init                     
0000c0f1  bmi160_bst_akm_set_powermode                          
0000caa1  bmi160_bst_yamaha_yas532_calib_values                 
0000c47b  bmi160_bst_yamaha_yas532_mag_interface_init           
0000d4e1  bmi160_bst_yas532_acquisition_command_register        
0000c911  bmi160_bst_yas532_magnetic_measure_set_offset         
0000d069  bmi160_bst_yas532_measurement_xyz_data                
0000cef5  bmi160_bst_yas532_normal_measurement_data             
0000c7b1  bmi160_bst_yas532_set_initial_values                  
0000d5a5  bmi160_bst_yas532_set_offset                          
0000ce59  bmi160_bst_yas532_xy1y2_to_linear                     
000095c1  bmi160_clear_step_counter                             
000111d1  bmi160_config_running_mode                            
00011d81  bmi160_delay_ms                                       
00001805  bmi160_fifo_data                                      
000017a5  bmi160_fifo_length                                    
0000191d  bmi160_get_accel_bw                                   
00000e21  bmi160_get_accel_data_rdy                             
000021f7  bmi160_get_accel_fifo_filter_data                     
000086ab  bmi160_get_accel_offset_compensation_xaxis            
00008791  bmi160_get_accel_offset_compensation_yaxis            
0000887b  bmi160_get_accel_offset_compensation_zaxis            
00008edb  bmi160_get_accel_offset_enable                        
0000183f  bmi160_get_accel_output_data_rate                     
00000481  bmi160_get_accel_power_mode_stat                      
00001ad9  bmi160_get_accel_range                                
0000829d  bmi160_get_accel_selftest_amp                         
000080e7  bmi160_get_accel_selftest_axis                        
000081bf  bmi160_get_accel_selftest_sign                        
000019ff  bmi160_get_accel_under_sampling_parameter             
00000d85  bmi160_get_data_rdy_mag                               
000002b5  bmi160_get_drop_cmd_err                               
00000219  bmi160_get_err_code                                   
00000351  bmi160_get_error_status                               
000001cd  bmi160_get_fatal_err                                  
000028a5  bmi160_get_fifo_accel_enable                          
0000212f  bmi160_get_fifo_down_accel                            
00001f87  bmi160_get_fifo_down_gyro                             
00002985  bmi160_get_fifo_gyro_enable                           
000026f1  bmi160_get_fifo_header_enable                         
000027cb  bmi160_get_fifo_mag_enable                            
0000235f  bmi160_get_fifo_stop_on_full                          
000025ff  bmi160_get_fifo_tag_intr1_enable                      
00002511  bmi160_get_fifo_tag_intr2_enable                      
00002437  bmi160_get_fifo_time_enable                           
000022d1  bmi160_get_fifo_wm                                    
000070db  bmi160_get_foc_accel_x                                
00007001  bmi160_get_foc_accel_y                                
00006f3b  bmi160_get_foc_accel_z                                
0000775b  bmi160_get_foc_gyro_enable                            
00000ce5  bmi160_get_foc_rdy                                    
00001ce5  bmi160_get_gyro_bw                                    
00000dd3  bmi160_get_gyro_data_rdy                              
00002055  bmi160_get_gyro_fifo_filter_data                      
00008961  bmi160_get_gyro_offset_compensation_xaxis             
00008b31  bmi160_get_gyro_offset_compensation_yaxis             
00008d09  bmi160_get_gyro_offset_compensation_zaxis             
00008fab  bmi160_get_gyro_offset_enable                         
00001bc9  bmi160_get_gyro_output_data_rate                      
00000433  bmi160_get_gyro_power_mode_stat                       
00001dbf  bmi160_get_gyro_range                                 
00000c49  bmi160_get_gyro_selftest                              
00008377  bmi160_get_gyro_selftest_start                        
00007f33  bmi160_get_gyro_sleep_state                           
00007d7b  bmi160_get_gyro_sleep_trigger                         
0000800d  bmi160_get_gyro_wakeup_intr                           
00007e53  bmi160_get_gyro_wakeup_trigger                        
00002a5f  bmi160_get_i2c_device_addr                            
00000267  bmi160_get_i2c_fail_err                               
00007bc7  bmi160_get_i2c_wdt_enable                             
00007ae7  bmi160_get_i2c_wdt_select                             
00007ca1  bmi160_get_if_mode                                    
000041f3  bmi160_get_input_enable                               
000046ed  bmi160_get_intr_any_motion                            
00005dbf  bmi160_get_intr_any_motion_durn                       
00005f53  bmi160_get_intr_any_motion_thres                      
00005519  bmi160_get_intr_data_rdy                              
00004a31  bmi160_get_intr_double_tap                            
00003ae5  bmi160_get_intr_edge_ctrl                             
00002f23  bmi160_get_intr_enable_0                              
00003393  bmi160_get_intr_enable_1                              
000037fb  bmi160_get_intr_enable_2                              
000051fd  bmi160_get_intr_fifo_full                             
00005389  bmi160_get_intr_fifo_wm                               
00004ee1  bmi160_get_intr_flat                                  
00006d83  bmi160_get_intr_flat_hold                             
00006e63  bmi160_get_intr_flat_hyst                             
00006cab  bmi160_get_intr_flat_theta                            
00004561  bmi160_get_intr_high_g                                
00005cb3  bmi160_get_intr_high_g_durn                           
00005beb  bmi160_get_intr_high_g_hyst                           
00005d39  bmi160_get_intr_high_g_thres                          
00003c6d  bmi160_get_intr_level                                 
0000437f  bmi160_get_intr_low_g                                 
00005937  bmi160_get_intr_low_g_durn                            
00005a43  bmi160_get_intr_low_g_hyst                            
00005b11  bmi160_get_intr_low_g_mode                            
000059bd  bmi160_get_intr_low_g_thres                           
0000577f  bmi160_get_intr_low_high_source                       
0000585d  bmi160_get_intr_motion_source                         
000048a5  bmi160_get_intr_nomotion                              
00004d4f  bmi160_get_intr_orient                                
00006bd1  bmi160_get_intr_orient_axes_enable                    
00006879  bmi160_get_intr_orient_blocking                       
00006953  bmi160_get_intr_orient_hyst                           
0000679b  bmi160_get_intr_orient_mode                           
00006a1b  bmi160_get_intr_orient_theta                          
00006af3  bmi160_get_intr_orient_ud_enable                      
00003dff  bmi160_get_intr_output_type                           
0000506d  bmi160_get_intr_pmu_trig                              
000062f1  bmi160_get_intr_significant_motion_proof              
0000613d  bmi160_get_intr_significant_motion_select             
00006217  bmi160_get_intr_significant_motion_skip               
00004bc3  bmi160_get_intr_single_tap                            
00005e8b  bmi160_get_intr_slow_no_motion_durn                   
0000605f  bmi160_get_intr_slow_no_motion_select                 
00005fd9  bmi160_get_intr_slow_no_motion_thres                  
000063cb  bmi160_get_intr_tap_durn                              
000065fb  bmi160_get_intr_tap_quiet                             
00006521  bmi160_get_intr_tap_shock                             
000056a5  bmi160_get_intr_tap_source                            
000066d5  bmi160_get_intr_tap_thres                             
0000411b  bmi160_get_latch_intr                                 
00002b27  bmi160_get_mag_burst                                  
00000303  bmi160_get_mag_dada_rdy_err                           
00002cb9  bmi160_get_mag_manual_enable                          
00000c97  bmi160_get_mag_manual_operation_stat                  
00002bed  bmi160_get_mag_offset                                 
00001e97  bmi160_get_mag_output_data_rate                       
000003e1  bmi160_get_mag_power_mode_stat                        
00002d91  bmi160_get_mag_read_addr                              
00002e17  bmi160_get_mag_write_addr                             
00002e9d  bmi160_get_mag_write_data                             
000085e3  bmi160_get_nvm_counter                                
00007935  bmi160_get_nvm_prog_enable                            
00000d33  bmi160_get_nvm_rdy                                    
00003f8b  bmi160_get_output_enable                              
00009701  bmi160_get_paging_enable                              
0000d6ab  bmi160_get_ptr                                        
000097db  bmi160_get_pullup_configuration                       
00000bed  bmi160_get_sensor_time                                
00008517  bmi160_get_spare0_trim                                
00007a0f  bmi160_get_spi3                                       
00008451  bmi160_get_spi_enable                                 
00000f09  bmi160_get_stat0_any_motion_intr                      
00000fa5  bmi160_get_stat0_double_tap_intr                      
00001095  bmi160_get_stat0_flat_intr                            
00001041  bmi160_get_stat0_orient_intr                          
00000f57  bmi160_get_stat0_pmu_trigger_intr                     
00000ebb  bmi160_get_stat0_significant_intr                     
00000ff3  bmi160_get_stat0_single_tap_intr                      
00000e6f  bmi160_get_stat0_step_intr                            
0000117f  bmi160_get_stat1_data_rdy_intr                        
000011cd  bmi160_get_stat1_fifo_full_intr                       
0000121b  bmi160_get_stat1_fifo_wm_intr                         
000010e3  bmi160_get_stat1_high_g_intr                          
00001131  bmi160_get_stat1_low_g_intr                           
00001269  bmi160_get_stat1_nomotion_intr                        
000012b7  bmi160_get_stat2_any_motion_first_x                   
00001303  bmi160_get_stat2_any_motion_first_y                   
00001351  bmi160_get_stat2_any_motion_first_z                   
000013a5  bmi160_get_stat2_any_motion_sign                      
000013f3  bmi160_get_stat2_tap_first_x                          
00001441  bmi160_get_stat2_tap_first_y                          
0000148f  bmi160_get_stat2_tap_first_z                          
000014dd  bmi160_get_stat2_tap_sign                             
00001703  bmi160_get_stat3_flat                                 
0000152b  bmi160_get_stat3_high_g_first_x                       
00001577  bmi160_get_stat3_high_g_first_y                       
000015c5  bmi160_get_stat3_high_g_first_z                       
00001613  bmi160_get_stat3_high_g_sign                          
00001661  bmi160_get_stat3_orient_xy                            
000016b5  bmi160_get_stat3_orient_z                             
000090c7  bmi160_get_step_config                                
00009299  bmi160_get_step_counter_enable                        
00003a15  bmi160_get_step_detector_enable                       
00009627  bmi160_get_target_page                                
00001751  bmi160_get_temp                                       
00011ce7  bmi160_i2c_burst_read                                 
00011cbb  bmi160_i2c_bus_read                                   
00011d19  bmi160_i2c_bus_write                                  
000000e5  bmi160_init                                           
00011195  bmi160_initialize_sensor                              
00011c09  bmi160_interrupt_configuration                        
000093f1  bmi160_map_significant_motion_intr                    
000094d9  bmi160_map_step_detector_intr                         
00000a7d  bmi160_read_accel_x                                   
00000b79  bmi160_read_accel_xyz                                 
00000ad1  bmi160_read_accel_y                                   
00000b25  bmi160_read_accel_z                                   
0000b761  bmi160_read_bmm150_mag_trim                           
0000bf25  bmi160_read_bst_akm_sensitivity_data                  
000098b9  bmi160_read_fifo_header_data                          
0000a289  bmi160_read_fifo_headerless_mode                      
00000909  bmi160_read_gyro_x                                    
00000a05  bmi160_read_gyro_xyz                                  
0000095d  bmi160_read_gyro_y                                    
000009b1  bmi160_read_gyro_z                                    
000006d9  bmi160_read_mag_r                                     
000004cf  bmi160_read_mag_x                                     
00000743  bmi160_read_mag_xyz                                   
0000084d  bmi160_read_mag_xyzr                                  
0000057d  bmi160_read_mag_y                                     
0000062b  bmi160_read_mag_z                                     
00000189  bmi160_read_reg                                       
00009073  bmi160_read_step_count                                
0000196b  bmi160_set_accel_bw                                   
00002245  bmi160_set_accel_fifo_filter_data                     
000071b9  bmi160_set_accel_foc_trigger                          
000086f7  bmi160_set_accel_offset_compensation_xaxis            
000087dd  bmi160_set_accel_offset_compensation_yaxis            
000088c7  bmi160_set_accel_offset_compensation_zaxis            
00008f29  bmi160_set_accel_offset_enable                        
0000188b  bmi160_set_accel_output_data_rate                     
00001b25  bmi160_set_accel_range                                
000082eb  bmi160_set_accel_selftest_amp                         
00008133  bmi160_set_accel_selftest_axis                        
00008211  bmi160_set_accel_selftest_sign                        
00001a4d  bmi160_set_accel_under_sampling_parameter             
0000b181  bmi160_set_bmm150_mag_and_secondary_if_power_mode     
0000b405  bmi160_set_bmm150_mag_presetmode                      
0000c315  bmi160_set_bst_akm_and_secondary_if_powermode         
000095ed  bmi160_set_command_register                           
000028f3  bmi160_set_fifo_accel_enable                          
0000217d  bmi160_set_fifo_down_accel                            
00001fd3  bmi160_set_fifo_down_gyro                             
000029d3  bmi160_set_fifo_gyro_enable                           
0000273f  bmi160_set_fifo_header_enable                         
00002819  bmi160_set_fifo_mag_enable                            
000023ab  bmi160_set_fifo_stop_on_full                          
00002651  bmi160_set_fifo_tag_intr1_enable                      
0000255f  bmi160_set_fifo_tag_intr2_enable                      
00002485  bmi160_set_fifo_time_enable                           
00002325  bmi160_set_fifo_wm                                    
00007129  bmi160_set_foc_accel_x                                
0000704f  bmi160_set_foc_accel_y                                
00006f87  bmi160_set_foc_accel_z                                
000077a9  bmi160_set_foc_gyro_enable                            
00001d33  bmi160_set_gyro_bw                                    
000020a3  bmi160_set_gyro_fifo_filter_data                      
00008a15  bmi160_set_gyro_offset_compensation_xaxis             
00008bed  bmi160_set_gyro_offset_compensation_yaxis             
00008dbf  bmi160_set_gyro_offset_compensation_zaxis             
00008ff9  bmi160_set_gyro_offset_enable                         
00001c15  bmi160_set_gyro_output_data_rate                      
00001e0b  bmi160_set_gyro_range                                 
000083c5  bmi160_set_gyro_selftest_start                        
00007f81  bmi160_set_gyro_sleep_state                           
00007dc7  bmi160_set_gyro_sleep_trigger                         
0000805b  bmi160_set_gyro_wakeup_intr                           
00007ea1  bmi160_set_gyro_wakeup_trigger                        
00002aad  bmi160_set_i2c_device_addr                            
00007c15  bmi160_set_i2c_wdt_enable                             
00007b35  bmi160_set_i2c_wdt_select                             
00007cef  bmi160_set_if_mode                                    
0000428d  bmi160_set_input_enable                               
00004787  bmi160_set_intr_any_motion                            
00005e0b  bmi160_set_intr_any_motion_durn                       
00005f9f  bmi160_set_intr_any_motion_thres                      
000055b3  bmi160_set_intr_data_rdy                              
00004acb  bmi160_set_intr_double_tap                            
00003b7b  bmi160_set_intr_edge_ctrl                             
000030b9  bmi160_set_intr_enable_0                              
00003521  bmi160_set_intr_enable_1                              
000038c3  bmi160_set_intr_enable_2                              
00005297  bmi160_set_intr_fifo_full                             
00005423  bmi160_set_intr_fifo_wm                               
00004f7b  bmi160_set_intr_flat                                  
00006dd1  bmi160_set_intr_flat_hold                             
00006eaf  bmi160_set_intr_flat_hyst                             
00006cf7  bmi160_set_intr_flat_theta                            
000045fb  bmi160_set_intr_high_g                                
00005cff  bmi160_set_intr_high_g_durn                           
00005c39  bmi160_set_intr_high_g_hyst                           
00005d85  bmi160_set_intr_high_g_thres                          
00003d07  bmi160_set_intr_level                                 
00004413  bmi160_set_intr_low_g                                 
00005983  bmi160_set_intr_low_g_durn                            
00005a8f  bmi160_set_intr_low_g_hyst                            
00005b5f  bmi160_set_intr_low_g_mode                            
00005a09  bmi160_set_intr_low_g_thres                           
000057d1  bmi160_set_intr_low_high_source                       
000058ab  bmi160_set_intr_motion_source                         
0000493f  bmi160_set_intr_nomotion                              
00004de9  bmi160_set_intr_orient                                
00006c1f  bmi160_set_intr_orient_axes_enable                    
000068c7  bmi160_set_intr_orient_blocking                       
000069a1  bmi160_set_intr_orient_hyst                           
000067ed  bmi160_set_intr_orient_mode                           
00006a67  bmi160_set_intr_orient_theta                          
00006b45  bmi160_set_intr_orient_ud_enable                      
00003e99  bmi160_set_intr_output_type                           
00005103  bmi160_set_intr_pmu_trig                              
0000633f  bmi160_set_intr_significant_motion_proof              
0000618b  bmi160_set_intr_significant_motion_select             
00006265  bmi160_set_intr_significant_motion_skip               
00004c5d  bmi160_set_intr_single_tap                            
00005ed9  bmi160_set_intr_slow_no_motion_durn                   
000060ab  bmi160_set_intr_slow_no_motion_select                 
00006025  bmi160_set_intr_slow_no_motion_thres                  
00006417  bmi160_set_intr_tap_durn                              
00006649  bmi160_set_intr_tap_quiet                             
0000656f  bmi160_set_intr_tap_shock                             
000056f3  bmi160_set_intr_tap_source                            
00006721  bmi160_set_intr_tap_thres                             
00004167  bmi160_set_latch_intr                                 
00002b73  bmi160_set_mag_burst                                  
00002d07  bmi160_set_mag_manual_enable                          
00002c3b  bmi160_set_mag_offset                                 
00001ee3  bmi160_set_mag_output_data_rate                       
00002ddd  bmi160_set_mag_read_addr                              
00002e63  bmi160_set_mag_write_addr                             
00002ee9  bmi160_set_mag_write_data                             
00008631  bmi160_set_nvm_counter                                
00007983  bmi160_set_nvm_prog_enable                            
00004025  bmi160_set_output_enable                              
0000974f  bmi160_set_paging_enable                              
00009829  bmi160_set_pullup_configuration                       
00008569  bmi160_set_spare0_trim                                
00007a5b  bmi160_set_spi3                                       
0000849d  bmi160_set_spi_enable                                 
00009185  bmi160_set_step_config                                
000092e7  bmi160_set_step_counter_enable                        
00003a6b  bmi160_set_step_detector_enable                       
00009373  bmi160_set_step_mode                                  
00009675  bmi160_set_target_page                                
00011d45  bmi160_spi_bus_read                                   
00011d63  bmi160_spi_bus_write                                  
00000145  bmi160_write_reg                                      
2000d66f  burstMode                                             
2000d610  caught                                                
0000f6f1  checkDir                                              
00013249  clear_rts                                             
2000d65c  coins                                                 
2000d618  coins_counter                                         
00016bbb  copysign                                              
00016bbb  copysignl                                             
2000d174  counter0                                              
2000d178  counter1                                              
2000d17c  counter2                                              
2000d5f8  decayAve                                              
2000d608  enemy_dir                                             
2000d606  enemy_pos                                             
2000d660  errno                                                 
2000d602  flagTP                                                
000160f1  frexp                                                 
000160f1  frexpl                                                
2000d180  g_ui32ByteCount                                       
0000f4e9  genRandColor                                          
0001042d  getBLED                                               
00010383  getGLED                                               
000102a5  getRLED                                               
2000c3bc  gyro_fifo                                             
2000d14e  gyroxyz                                               
2000d638  i2cConfig                                             
00011c83  i2c_routine                                           
2000d5f0  indexOFLight                                          
000133f1  initAntSelGPIO                                        
00013255  initClk                                               
00010d6d  initFIFO                                              
00012e97  initI2C                                               
000132c9  initLEDs                                              
00014423  init_RGBLEDs                                          
00000000  interruptVectors                                      
2000d1b6  joyX                                                  
2000d1b8  joyY                                                  
2000d188  joystickID                                            
0000f9bd  joystickThread                                        
00015075  ldexp                                                 
00015075  ldexpl                                                
2000d094  lightData                                             
2000c728  mag_fifo                                              
00014a57  main                                                  
00016b85  memccpy                                               
00015a25  memcpy                                                
00015e01  memset                                                
0000f64f  moveXorY                                              
2000d190  pData                                                 
2000d614  pIraEventHandler                                      
2000d140  parmbuf                                               
2000d604  player_pos                                            
2000d60c  points                                                
00016809  rand                                                  
00013019  readBurstI2C                                          
00010df9  readFIFO                                              
00012f4b  readI2C                                               
000131b9  registerInterruptHandler                              
2000d110  s_bmi160                                              
00015075  scalbn                                                
00015075  scalbnl                                               
2000d194  sem_LED                                               
2000d198  sem_sensor                                            
2000d19c  sensorMutex                                           
00015295  sensorOpt3001Enable                                   
00015289  sensorOpt3001Init                                     
000152c1  sensorOpt3001Read                                     
00015325  sensorOpt3001Test                                     
0001408f  sensorTmp007Enable                                    
000140f9  sensorTmp007EnableInterruptConversion                 
00014085  sensorTmp007Init                                      
00014143  sensorTmp007Read                                      
00014201  sensorTmp007Test                                      
0001323d  set_rts                                               
2000d5fc  smallRMS                                              
2000bc50  snakeBuffer                                           
2000d1a0  snakeID                                               
0000f7d5  snakeThread                                           
000163d5  snprintf                                              
00011ca5  spi_routine                                           
00016ac9  srand                                                 
[...]
000134b9  EUSCIA0_IRQHandler                                    
00013509  SystemCoreClockUpdate                                 
00013781  SystemInit                                            
0001385b  BackChannelInit                                       
00013877  BackChannelPrint                                      
000138c3  BackChannelPrintIntVariable                           
000138e1  BackChannelEventTrigger                               
000138f9  BackChannelOpt3001PrintRaw                            
00013915  BackupChannelTmp007PrintRaw                           
0001393b  BackupChannelBmi160PrintAccel                         
00013967  BackupChannelBmi160PrintGyro                          
00013993  BackupChannelBmi160PrintMag                           
00013b35  bme280_data_readout_template                          
00013c21  bme280_initialize_sensor                              
00013c77  I2C_routine                                           
00013c93  SPI_routine                                           
00013ca9  BME280_I2C_bus_write                                  
00013cd5  BME280_I2C_bus_read                                   
00013d01  BME280_SPI_bus_read                                   
00013d67  BME280_SPI_bus_write                                  
00013dd7  BME280_delay_msek                                     
00014085  sensorTmp007Init                                      
0001408f  sensorTmp007Enable                                    
000140f9  sensorTmp007EnableInterruptConversion                 
00014143  sensorTmp007Read                                      
00014201  sensorTmp007Test                                      
000142b9  LP3943_LedModeSet                                     
00014423  init_RGBLEDs                                          
0001466d  __aeabi_dsub                                          
00014677  __aeabi_dadd                                          
000149c3  __aeabi_idiv0                                         
000149c3  __aeabi_ldiv0                                         
000149c5  task0                                                 
000149d9  task1                                                 
00014a05  task2                                                 
00014a31  uartInit                                              
00014a55  PORT4_IRQHandler                                      
00014a55  PORT4_IRQHandler                                      
00014a57  main                                                  
00014b91  Joystick_Init_Without_Interrupt                       
00014bef  Joystick_Push_Button_Init_With_Interrupt              
00014c45  Disable_Joystick_Interrupt                            
00014c5b  GetJoystickCoordinates                                
00014e19  __aeabi_ddiv                                          
00015075  ldexp                                                 
00015075  ldexpl                                                
00015075  scalbn                                                
00015075  scalbnl                                               
00015185  CS_getDCOFrequency                                    
00015289  sensorOpt3001Init                                     
00015295  sensorOpt3001Enable                                   
000152c1  sensorOpt3001Read                                     
00015325  sensorOpt3001Test                                     
00015387  __aeabi_dmul                                          
00015485  CS_initClockSignal                                    
000157a5  G8RTOS_InitSemaphore                                  
000157c3  G8RTOS_WaitSemaphore                                  
000157fb  G8RTOS_SignalSemaphore                                
00015849  PutChar                                               
000158ed  CS_startHFXTWithTimeout                               
00015a25  __aeabi_memcpy                                        
00015a25  __aeabi_memcpy4                                       
00015a25  __aeabi_memcpy8                                       
00015a25  memcpy                                                
00015ac1  __aeabi_uldivmod                                      
00015b59  UART_initModule                                       
00015bed  __aeabi_cdcmpeq                                       
00015bed  __aeabi_cdcmple                                       
00015c73  __aeabi_cdrcmple                                      
00015cf9  ClockSys_SetMaxFreq                                   
00015d67  ClockSys_GetSysFreq                                   
00015d7d  PCM_gotoLPM3                                          
00015df9  __aeabi_memclr                                        
00015df9  __aeabi_memclr4                                       
00015df9  __aeabi_memclr8                                       
00015dfb  __aeabi_memset                                        
00015dfb  __aeabi_memset4                                       
00015dfb  __aeabi_memset8                                       
00015e01  memset                                                
00015f53  __aeabi_ldivmod                                       
00015fc1  __TI_decompress_lzss                                  
00016029  Interrupt_disableInterrupt                            
0001608d  Interrupt_enableInterrupt                             
000160f1  frexp                                                 
000160f1  frexpl                                                
000161ab  __TI_ltoa                                             
00016251  PCM_shutdownDevice                                    
000162a1  SysCtl_getTLVInfo                                     
000162f1  GPIO_setAsPeripheralModuleFunctionOutputPin           
00016389  atoi                                                  
000163d5  snprintf                                              
00016425  G8RTOS_Start                                          
0001643f  PendSV_Handler                                        
0001643f  PendSV_Handler                                        
00016469  GPIO_setAsPeripheralModuleFunctionInputPin            
000164b1  HOSTtime                                              
00016541  __aeabi_d2iz                                          
00016589  __TI_auto_init_nobinit_nopinit                        
000165cd  GetASCIICode                                          
0001660d  LCD_WriteData                                         
0001664d  I2C_initMaster                                        
000166c9  I2C_masterSendMultiByteStart                          
00016701  __TI_writemsg                                         
0001672f  C$$IO$$                                               
00016739  BSP_InitBoard                                         
0001676d  LCD_WriteIndex                                        
000167a1  __TI_readmsg                                          
000167d5  _c_int00_noargs                                       
00016809  rand                                                  
0001683d  I2C_masterSendMultiByteStop                           
000168cd  __aeabi_i2d                                           
000168fb  PCM_getCoreVoltageLevel                               
00016927  PCM_getPowerMode                                      
00016951  FlashCtl_setWaitState                                 
00016979  PCM_gotoLPM0                                          
000169a1  SPISendRecvTPByte                                     
000169c9  DelayMs                                               
000169f1  CS_clearInterruptFlag                                 
00016a15  CS_setDCOCenteredFrequency                            
00016a39  I2C_masterSendMultiByteNext                           
00016a5d  Interrupt_setPriority                                 
00016a81  RTC_C_holdClock                                       
00016aa5  UART_transmitData                                     
00016ac9  srand                                                 
00016aed  LCD_SetCursor                                         
00016b0d  LCD_Write_Data_Only                                   
00016b2d  SPI_transmitData                                      
00016b4d  LCD_WriteReg                                          
00016b69  SPISendRecvByte                                       
00016b85  memccpy                                               
00016ba1  SPI_receiveData                                       
00016bbb  copysign                                              
00016bbb  copysignl                                             
00016bd5  CS_getMCLK                                            
00016bed  CS_getSMCLK                                           
00016c05  WDT_A_clearTimer                                      
00016c1d  WDT_A_holdTimer                                       
00016c4d  __aeabi_lmul                                          
00016c65  strchr                                                
00016c7d  CS_setExternalClockSourceFrequency                    
00016c91  I2C_isBusBusy                                         
00016ca5  SysTick_enableInterrupt                               
00016cb9  strcpy                                                
00016ccd  strlen                                                
00016ce1  wcslen                                                
00016cf3  I2C_masterReceiveStart                                
00016d03  Interrupt_enableMaster                                
00016d13  PCM_gotoLPM4                                          
00016d25  SysCtl_disableNMISource                               
00016d35  SysCtl_enableNMISource                                
00016d45  StartCriticalSection                                  
00016d4d  EndCriticalSection                                    
00016d53  I2C_clearInterruptFlag                                
00016d61  I2C_disableInterrupt                                  
00016d6f  __time32                                              
00016d6f  time                                                  
00016d7d  __TI_decompress_none                                  
00016d8b  Reset_Handler                                         
00016d97  ADC14_IRQHandler                                      
00016d97  AES256_IRQHandler                                     
00016d97  BusFault_Handler                                      
00016d97  COMP_E0_IRQHandler                                    
00016d97  COMP_E1_IRQHandler                                    
00016d97  CS_IRQHandler                                         
00016d97  DMA_ERR_IRQHandler                                    
00016d97  DMA_INT0_IRQHandler                                   
00016d97  DMA_INT1_IRQHandler                                   
00016d97  DMA_INT2_IRQHandler                                   
00016d97  DMA_INT3_IRQHandler                                   
00016d97  DebugMon_Handler                                      
00016d97  Default_Handler                                       
00016d97  EUSCIA1_IRQHandler                                    
00016d97  EUSCIA2_IRQHandler                                    
00016d97  EUSCIA3_IRQHandler                                    
00016d97  EUSCIB0_IRQHandler                                    
00016d97  EUSCIB2_IRQHandler                                    
00016d97  EUSCIB3_IRQHandler                                    
00016d97  FLCTL_IRQHandler                                      
00016d97  FPU_IRQHandler                                        
00016d97  HardFault_Handler                                     
00016d97  MemManage_Handler                                     
00016d97  NMI_Handler                                           
00016d97  PCM_IRQHandler                                        
00016d97  PORT3_IRQHandler                                      
00016d97  PORT5_IRQHandler                                      
00016d97  PORT6_IRQHandler                                      
00016d97  PSS_IRQHandler                                        
00016d97  RTC_C_IRQHandler                                      
00016d97  SVC_Handler                                           
00016d97  T32_INT1_IRQHandler                                   
00016d97  T32_INT2_IRQHandler                                   
00016d97  T32_INTC_IRQHandler                                   
00016d97  TA0_0_IRQHandler                                      
00016d97  TA0_N_IRQHandler                                      
00016d97  TA1_0_IRQHandler                                      
00016d97  TA1_N_IRQHandler                                      
00016d97  TA2_0_IRQHandler                                      
00016d97  TA2_N_IRQHandler                                      
00016d97  TA3_0_IRQHandler                                      
00016d97  TA3_N_IRQHandler                                      
00016d97  UsageFault_Handler                                    
00016d97  WDT_A_IRQHandler                                      
00016d99  CPU_cpsie                                             
00016da5  I2C_disableModule                                     
00016db1  I2C_enableModule                                      
00016dbd  PCM_getPowerState                                     
00016dc9  SysCtl_getNMISourceStatus                             
00016dd5  UART_enableModule                                     
00016de1  __TI_zero_init                                        
00016ded  LCD_Write_Data_Start                                  
00016df7  I2C_enableInterrupt                                   
00016dff  PCM_setCoreVoltageLevel                               
00016e07  PCM_setPowerMode                                      
00016e0f  PCM_setPowerState                                     
00016e19  __aeabi_errno_addr                                    
00016e21  CS_startHFXT                                          
00016e27  EUSCI_A_SPI_receiveData                               
00016e2d  EUSCI_B_SPI_receiveData                               
00016e33  I2C_getEnabledInterruptStatus                         
00016e39  I2C_getInterruptStatus                                
00016e3f  I2C_masterReceiveMultiByteNext                        
00016e45  SysCtlDelay                                           
00016e4b  CPU_wfi                                               
00016e4f  EUSCI_A_SPI_transmitData                              
00016e53  EUSCI_B_SPI_transmitData                              
00016e57  I2C_setSlaveAddress                                   
00016e5b  _system_pre_init                                      
00016e5f  C$$EXIT                                               
00016e5f  abort                                                 
00017454  _ctypes_                                              
000176b8  __TI_Handler_Table_Base                               
000176c4  __TI_Handler_Table_Limit                              
000176d0  __TI_CINIT_Base                                       
000176e0  __TI_CINIT_Limit                                      
20000000  __start___llvm_prf_cnts                               
20000000  __stop___llvm_prf_cnts                                
2000bc50  snakeBuffer                                           
2000c050  accel_fifo                                            
2000c3bc  gyro_fifo                                             
2000c728  mag_fifo                                              
2000ca94  ballArray                                             
2000cd74  __CIOBUF_                                             
2000d094  lightData                                             
2000d0d4  bme280                                                
2000d110  s_bmi160                                              
2000d140  parmbuf                                               
2000d148  accelxyz                                              
2000d14e  gyroxyz                                               
2000d160  ButtonFunction                                        
2000d164  CurrentlyRunningThread                                
2000d168  LCDMutex                                              
2000d16c  LEDMutex                                              
2000d170  SystemTime                                            
2000d174  counter0                                              
2000d178  counter1                                              
2000d17c  counter2                                              
2000d180  g_ui32ByteCount                                       
2000d188  joystickID                                            
2000d190  pData                                                 
2000d194  sem_LED                                               
2000d198  sem_sensor                                            
2000d19c  sensorMutex                                           
2000d1a0  snakeID                                               
2000d1a4  task0_ID                                              
2000d1a8  task1_ID                                              
2000d1ac  task2_ID                                              
2000d1b3  IntIsMasked                                           
2000d1b6  joyX                                                  
2000d1b8  joyY                                                  
2000d1ba  ui8DummyRead                                          
2000d1bb  ui8Status                                             
2000d1c0  v_fifo_data_u8                                        
2000d5f0  indexOFLight                                          
2000d5f4  tempData                                              
2000d5f8  decayAve                                              
2000d5fc  smallRMS                                              
2000d5fe  accelX                                                
2000d600  accelY                                                
2000d602  flagTP                                                
2000d604  player_pos                                            
2000d606  enemy_pos                                             
2000d608  enemy_dir                                             
2000d60c  points                                                
2000d610  caught                                                
2000d614  pIraEventHandler                                      
2000d618  coins_counter                                         
2000d638  i2cConfig                                             
2000d64c  _lock                                                 
2000d650  _unlock                                               
2000d654  V_bmm150_maual_auto_condition_u8                      
2000d658  V_fifo_time_U32                                       
2000d65c  coins                                                 
2000d660  errno                                                 
2000d668  SystemCoreClock                                       
2000d66c  toggle                                                
2000d66f  burstMode                                             
2000fe00  __stack                                               
20010000  __STACK_END                                           
4000480c  WDTCTL_SYM                                            
ffffffff  __TI_pprof_out_hndl                                   
ffffffff  __TI_prof_data_size                                   
ffffffff  __TI_prof_data_start                                  
ffffffff  __binit__                                             
ffffffff  __c_args__                                            
ffffffff  binit                                                 
UNDEFED   __mpu_init                                            
UNDEFED   _system_post_cinit                                    

[772 symbols]
